#1
P:11/100%	D:5/100%
P: CCCTAGCGTAACTCTCGAGGTAGTA
<- Aln:   0	0	10	14	24	0	11= ->
P:9/64.2857%	D:10/90.9091%
D: CCCTAGCGTAACTCTCGAGACGACG
<- Aln:   20	0	10	14	24	1	14S3=1X7= ->
Pattern:	1-2
#2
P:10/55.5556%	D:11/100%
D: CCCTAGCGTAACTCTCGAGACGACG
<- Aln:   0	0	10	14	24	0	11= ->
P:11/100%	D:14/63.6364%
P: CCCTAGCGTAACTCTCGAGGTAGTA
<- Aln:   0	0	10	14	24	0	11= ->
Pattern:	2-1
#3
P:11/100%	D:11/55%
P: CCCTAGCGTAACTCTCGAGGTAGTA
<- Aln:   0	0	10	14	24	0	11= ->
P:7/87.5%	D:11/100%
D: CCCTAGCGTAACTCTCGAGACGACG
<- Aln:   0	0	10	14	24	0	11= ->
Pattern:	1-2
#4
P:11/68.75%	D:11/100%
D: CCCTAGCGTAACTCTCGAGACGACG
<- Aln:   0	0	10	14	24	0	11= ->
P:11/100%	D:9/56.25%
P: CCCTAGCGTAACTCTCGAGGTAGTA
<- Aln:   0	0	10	14	24	0	11= ->
Pattern:	2-1
#5
P:15/57.6923%	D:11/100%
D: CCCTAGCGTAACTCTCGAGACGACG
<- Aln:   0	0	10	14	24	0	11= ->
P:10/100%	D:13/68.4211%
P: CCCTAGCGTAACTCTCGAGGTAGTA
<- Aln:   20	0	9	15	24	0	15S10= ->
Pattern:	2-1
#6
P:11/100%	D:12/70.5882%
P: CCCTAGCGTAACTCTCGAGGTAGTA
<- Aln:   0	0	10	14	24	0	11= ->
P:11/68.75%	D:11/100%
D: CCCTAGCGTAACTCTCGAGACGACG
<- Aln:   0	0	10	14	24	0	11= ->
Pattern:	1-2
#7
P:9/69.2308%	D:11/100%
D: CCCTAGCGTAACTCTCGAGACGACG
<- Aln:   0	0	10	14	24	0	11= ->
P:11/100%	D:16/59.2593%
P: CCCTAGCGTAACTCTCGAGGTAGTA
<- Aln:   0	0	10	14	24	0	11= ->
Pattern:	2-1
#8
P:11/100%	D:12/63.1579%
P: CCCTAGCGTAACTCTCGAGGTAGTA
<- Aln:   0	0	10	14	24	0	11= ->
P:13/59.0909%	D:11/100%
D: CCCTAGCGTAACTCTCGAGACGACG
<- Aln:   0	0	10	14	24	0	11= ->
Pattern:	1-2
#9
P:13/56.5217%	D:7/77.7778%
No hit
<- Aln:   16	1	23	2	24	10	2S1=1X2=1X4=3I1=1X2=2D1=1X2=1D3= ->
<- Aln:   12	1	9	2	10	2	2S1=1X2=1X4=14S ->
P:7/70%	D:11/100%
D: CCCTAGCGTAACTCTCGAGACGACG
<- Aln:   0	0	10	14	24	0	11= ->
Pattern:	0-2
#10
P:12/66.6667%	D:11/100%
D: CCCTAGCGTAACTCTCGAGACGACG
<- Aln:   0	0	10	14	24	0	11= ->
P:11/100%	D:11/57.8947%
P: CCCTAGCGTAACTCTCGAGGTAGTA
<- Aln:   0	0	10	14	24	0	11= ->
Pattern:	2-1
#11
P:8/42.1053%	D:11/100%
D: CCCTAGCGTAACTCTCGAGACGACG
<- Aln:   0	0	10	14	24	0	11= ->
P:11/100%	D:8/61.5385%
P: CCCTAGCGTAACTCTCGAGGTAGTA
<- Aln:   0	0	10	14	24	0	11= ->
Pattern:	2-1
#12
P:11/100%	D:12/60%
P: CCCTAGCGTAACTCTCGAGGTAGTA
<- Aln:   0	0	10	14	24	0	11= ->
P:12/57.1429%	D:11/100%
D: CCCTAGCGTAACTCTCGAGACGACG
<- Aln:   0	0	10	14	24	0	11= ->
Pattern:	1-2
#13
P:12/57.1429%	D:11/100%
D: CCCTAGCGTAACTCTCGAGACGACG
<- Aln:   0	0	10	14	24	0	11= ->
P:11/100%	D:12/66.6667%
P: CCCTAGCGTAACTCTCGAGGTAGTA
<- Aln:   0	0	10	14	24	0	11= ->
Pattern:	2-1
#14
P:11/61.1111%	D:11/100%
D: CCCTAGCGTAACTCTCGAGACGACG
<- Aln:   0	0	10	14	24	0	11= ->
P:11/100%	D:14/58.3333%
P: CCCTAGCGTAACTCTCGAGGTAGTA
<- Aln:   0	0	10	14	24	0	11= ->
Pattern:	2-1
#15
P:8/66.6667%	D:11/100%
D: CCCTAGCGTAACTCTCGAGACGACG
<- Aln:   0	0	10	14	24	0	11= ->
P:10/90.9091%	D:12/54.5455%
P: CCCTAGCGTAACTCTCGAGGTAGTA
<- Aln:   20	0	10	14	24	1	14S3=1X7= ->
Pattern:	2-1
#16
P:11/100%	D:5/100%
P: CCCTAGCGTAACTCTCGAGGTAGTA
<- Aln:   0	0	10	14	24	0	11= ->
P:13/61.9048%	D:11/100%
D: CCCTAGCGTAACTCTCGAGACGACG
<- Aln:   0	0	10	14	24	0	11= ->
Pattern:	1-2
#17
P:9/64.2857%	D:11/100%
D: CCCTAGCGTAACTCTCGAGACGACG
<- Aln:   0	0	10	14	24	0	11= ->
P:11/100%	D:8/66.6667%
P: CCCTAGCGTAACTCTCGAGGTAGTA
<- Aln:   0	0	10	14	24	0	11= ->
Pattern:	2-1
#18
P:11/100%	D:11/64.7059%
P: CCCTAGCGTAACTCTCGAGGTAGTA
<- Aln:   0	0	10	14	24	0	11= ->
P:13/54.1667%	D:11/100%
D: CCCTAGCGTAACTCTCGAGACGACG
<- Aln:   0	0	10	14	24	0	11= ->
Pattern:	1-2
#19
P:14/60.8696%	D:11/73.3333%
No hit
<- Aln:   15	8	30	0	19	9	3=1X1=2D2=1X1=3X3=1D2=1X2=5S ->
<- Aln:   14	0	14	14	24	4	14S5=2D1=2D5= ->
P:11/100%	D:11/57.8947%
P: CCCTAGCGTAACTCTCGAGGTAGTA
<- Aln:   0	0	10	14	24	0	11= ->
Pattern:	0-1
#20
P:9/69.2308%	D:11/100%
D: CCCTAGCGTAACTCTCGAGACGACG
<- Aln:   0	0	10	14	24	0	11= ->
P:11/100%	D:16/66.6667%
P: CCCTAGCGTAACTCTCGAGGTAGTA
<- Aln:   0	0	10	14	24	0	11= ->
Pattern:	2-1
#21
P:11/100%	D:5/100%
P: CCCTAGCGTAACTCTCGAGGTAGTA
<- Aln:   0	0	10	14	24	0	11= ->
P:12/60%	D:11/100%
D: CCCTAGCGTAACTCTCGAGACGACG
<- Aln:   0	0	10	14	24	0	11= ->
Pattern:	1-2
#22
P:11/100%	D:11/61.1111%
P: CCCTAGCGTAACTCTCGAGGTAGTA
<- Aln:   0	0	10	14	24	0	11= ->
P:5/100%	D:11/100%
D: CCCTAGCGTAACTCTCGAGACGACG
<- Aln:   0	0	10	14	24	0	11= ->
Pattern:	1-2
#23
P:12/54.5455%	D:11/100%
D: CCCTAGCGTAACTCTCGAGACGACG
<- Aln:   0	0	10	14	24	0	11= ->
P:11/100%	D:12/52.1739%
P: CCCTAGCGTAACTCTCGAGGTAGTA
<- Aln:   0	0	10	14	24	0	11= ->
Pattern:	2-1
#24
P:11/100%	D:15/68.1818%
P: CCCTAGCGTAACTCTCGAGGTAGTA
<- Aln:   0	0	10	14	24	0	11= ->
P:13/59.0909%	D:11/100%
D: CCCTAGCGTAACTCTCGAGACGACG
<- Aln:   0	0	10	14	24	0	11= ->
Pattern:	1-2
#25
P:11/100%	D:9/64.2857%
P: CCCTAGCGTAACTCTCGAGGTAGTA
<- Aln:   0	0	10	14	24	0	11= ->
P:7/87.5%	D:11/100%
D: CCCTAGCGTAACTCTCGAGACGACG
<- Aln:   0	0	10	14	24	0	11= ->
Pattern:	1-2
#26
P:11/100%	D:13/61.9048%
P: CCCTAGCGTAACTCTCGAGGTAGTA
<- Aln:   0	0	10	14	24	0	11= ->
P:8/80%	D:11/100%
D: CCCTAGCGTAACTCTCGAGACGACG
<- Aln:   0	0	10	14	24	0	11= ->
Pattern:	1-2
#27
P:11/100%	D:9/69.2308%
P: CCCTAGCGTAACTCTCGAGGTAGTA
<- Aln:   0	0	10	14	24	0	11= ->
P:10/55.5556%	D:10/90.9091%
D: CCCTAGCGTAACTCTCGAGACGACG
<- Aln:   20	0	10	14	24	1	14S3=1X7= ->
Pattern:	1-2
#28
P:7/70%	D:11/100%
D: CCCTAGCGTAACTCTCGAGACGACG
<- Aln:   0	0	10	14	24	0	11= ->
P:11/100%	D:12/54.5455%
P: CCCTAGCGTAACTCTCGAGGTAGTA
<- Aln:   0	0	10	14	24	0	11= ->
Pattern:	2-1
#29
P:11/100%	D:13/54.1667%
P: CCCTAGCGTAACTCTCGAGGTAGTA
<- Aln:   0	0	10	14	24	0	11= ->
P:24/96%	D:18/94.7368%
P: CCCTAGCGTAACTCTCGAGGTAGTA
<- Aln:   47	0	24	0	24	1	6=1X18= ->
Pattern:	1-1
#30
P:11/100%	D:10/55.5556%
P: CCCTAGCGTAACTCTCGAGGTAGTA
<- Aln:   0	0	10	14	24	0	11= ->
P:9/60%	D:11/100%
D: CCCTAGCGTAACTCTCGAGACGACG
<- Aln:   0	0	10	14	24	0	11= ->
Pattern:	1-2
#31
P:5/100%	D:11/100%
D: CCCTAGCGTAACTCTCGAGACGACG
<- Aln:   0	0	10	14	24	0	11= ->
P:11/100%	D:10/58.8235%
P: CCCTAGCGTAACTCTCGAGGTAGTA
<- Aln:   0	0	10	14	24	0	11= ->
Pattern:	2-1
#32
P:11/100%	D:9/56.25%
P: CCCTAGCGTAACTCTCGAGGTAGTA
<- Aln:   0	0	10	14	24	0	11= ->
P:15/60%	D:11/100%
D: CCCTAGCGTAACTCTCGAGACGACG
<- Aln:   0	0	10	14	24	0	11= ->
Pattern:	1-2
#33
P:8/80%	D:11/100%
D: CCCTAGCGTAACTCTCGAGACGACG
<- Aln:   0	0	10	14	24	0	11= ->
P:11/100%	D:13/59.0909%
P: CCCTAGCGTAACTCTCGAGGTAGTA
<- Aln:   0	0	10	14	24	0	11= ->
Pattern:	2-1
#34
P:13/59.0909%	D:11/100%
D: CCCTAGCGTAACTCTCGAGACGACG
<- Aln:   0	0	10	14	24	0	11= ->
P:11/100%	D:12/52.1739%
P: CCCTAGCGTAACTCTCGAGGTAGTA
<- Aln:   0	0	10	14	24	0	11= ->
Pattern:	2-1
#35
P:11/100%	D:10/58.8235%
P: CCCTAGCGTAACTCTCGAGGTAGTA
<- Aln:   0	0	10	14	24	0	11= ->
P:17/100%	D:23/100%
D: CCCTAGCGTAACTCTCGAGACGACG
<- Aln:   46	0	22	2	24	0	2S23= ->
Pattern:	1-2
#36
P:10/55.5556%	D:11/100%
D: CCCTAGCGTAACTCTCGAGACGACG
<- Aln:   0	0	10	14	24	0	11= ->
P:11/100%	D:12/60%
P: CCCTAGCGTAACTCTCGAGGTAGTA
<- Aln:   0	0	10	14	24	0	11= ->
Pattern:	2-1
#37
P:11/100%	D:7/77.7778%
P: CCCTAGCGTAACTCTCGAGGTAGTA
<- Aln:   0	0	10	14	24	0	11= ->
P:10/66.6667%	D:11/100%
D: CCCTAGCGTAACTCTCGAGACGACG
<- Aln:   0	0	10	14	24	0	11= ->
Pattern:	1-2
#38
P:11/100%	D:5/100%
P: CCCTAGCGTAACTCTCGAGGTAGTA
<- Aln:   0	0	10	14	24	0	11= ->
P:14/60.8696%	D:10/90.9091%
D: CCCTAGCGTAACTCTCGAGACGACG
<- Aln:   20	0	10	14	24	1	14S3=1X7= ->
Pattern:	1-2
#39
P:10/62.5%	D:11/100%
D: CCCTAGCGTAACTCTCGAGACGACG
<- Aln:   0	0	10	14	24	0	11= ->
P:11/100%	D:15/62.5%
P: CCCTAGCGTAACTCTCGAGGTAGTA
<- Aln:   0	0	10	14	24	0	11= ->
Pattern:	2-1
#40
P:8/66.6667%	D:11/100%
D: CCCTAGCGTAACTCTCGAGACGACG
<- Aln:   0	0	10	14	24	0	11= ->
P:11/100%	D:11/55%
P: CCCTAGCGTAACTCTCGAGGTAGTA
<- Aln:   0	0	10	14	24	0	11= ->
Pattern:	2-1
#41
P:9/60%	D:11/100%
D: CCCTAGCGTAACTCTCGAGACGACG
<- Aln:   0	0	10	14	24	0	11= ->
P:11/100%	D:9/75%
P: CCCTAGCGTAACTCTCGAGGTAGTA
<- Aln:   0	0	10	14	24	0	11= ->
Pattern:	2-1
#42
P:11/100%	D:11/68.75%
P: CCCTAGCGTAACTCTCGAGGTAGTA
<- Aln:   0	0	10	14	24	0	11= ->
P:15/62.5%	D:11/100%
D: CCCTAGCGTAACTCTCGAGACGACG
<- Aln:   0	0	10	14	24	0	11= ->
Pattern:	1-2
#43
P:9/90%	D:9/50%
P: CCCTAGCGTAACTCTCGAGGTAGTA
<- Aln:   17	0	9	14	24	1	14S4=1I6= ->
P:12/57.1429%	D:11/100%
D: CCCTAGCGTAACTCTCGAGACGACG
<- Aln:   0	0	10	14	24	0	11= ->
Pattern:	1-2
#44
P:13/65%	D:11/100%
D: CCCTAGCGTAACTCTCGAGACGACG
<- Aln:   0	0	10	14	24	0	11= ->
P:11/100%	D:10/58.8235%
P: CCCTAGCGTAACTCTCGAGGTAGTA
<- Aln:   0	0	10	14	24	0	11= ->
Pattern:	2-1
#45
P:11/100%	D:12/57.1429%
P: CCCTAGCGTAACTCTCGAGGTAGTA
<- Aln:   0	0	10	14	24	0	11= ->
P:11/100%	D:8/88.8889%
P: CCCTAGCGTAACTCTCGAGGTAGTA
<- Aln:   0	0	10	14	24	0	11= ->
Pattern:	1-1
#46
P:11/100%	D:13/59.0909%
P: CCCTAGCGTAACTCTCGAGGTAGTA
<- Aln:   0	0	10	14	24	0	11= ->
P:13/52%	D:11/100%
D: CCCTAGCGTAACTCTCGAGACGACG
<- Aln:   0	0	10	14	24	0	11= ->
Pattern:	1-2
#47
P:11/100%	D:12/60%
P: CCCTAGCGTAACTCTCGAGGTAGTA
<- Aln:   0	0	10	14	24	0	11= ->
P:14/58.3333%	D:11/100%
D: CCCTAGCGTAACTCTCGAGACGACG
<- Aln:   0	0	10	14	24	0	11= ->
Pattern:	1-2
#48
P:19/67.8571%	D:11/100%
D: CCCTAGCGTAACTCTCGAGACGACG
<- Aln:   0	0	10	14	24	0	11= ->
P:11/100%	D:15/55.5556%
P: CCCTAGCGTAACTCTCGAGGTAGTA
<- Aln:   0	0	10	14	24	0	11= ->
Pattern:	2-1
#49
P:25/100%	D:19/100%
P: CCCTAGCGTAACTCTCGAGGTAGTA
<- Aln:   0	0	24	0	24	0	25= ->
P:17/100%	D:23/100%
D: CCCTAGCGTAACTCTCGAGACGACG
<- Aln:   46	0	22	2	24	0	2S23= ->
Pattern:	1-2
#50
P:11/64.7059%	D:11/100%
D: CCCTAGCGTAACTCTCGAGACGACG
<- Aln:   0	0	10	14	24	0	11= ->
P:18/72%	D:16/64%
No hit
<- Aln:   25	34	58	2	24	7	2S2=1D1=1X2=2X2=1X2=1D8=1X1= ->
<- Aln:   17	34	58	2	22	9	2S2=1D1=1X2=2X2=1X2=1D4=2D1=1X2=2S ->
Pattern:	2-0
#51
P:11/100%	D:13/59.0909%
P: CCCTAGCGTAACTCTCGAGGTAGTA
<- Aln:   0	0	10	14	24	0	11= ->
P:11/57.8947%	D:11/100%
D: CCCTAGCGTAACTCTCGAGACGACG
<- Aln:   0	0	10	14	24	0	11= ->
Pattern:	1-2
#52
P:11/61.1111%	D:11/100%
D: CCCTAGCGTAACTCTCGAGACGACG
<- Aln:   0	0	10	14	24	0	11= ->
P:11/100%	D:13/65%
P: CCCTAGCGTAACTCTCGAGGTAGTA
<- Aln:   0	0	10	14	24	0	11= ->
Pattern:	2-1
#53
P:17/100%	D:23/100%
D: CCCTAGCGTAACTCTCGAGACGACG
<- Aln:   46	0	22	2	24	0	2S23= ->
P:11/100%	D:12/57.1429%
P: CCCTAGCGTAACTCTCGAGGTAGTA
<- Aln:   0	0	10	14	24	0	11= ->
Pattern:	2-1
#54
P:11/100%	D:9/75%
P: CCCTAGCGTAACTCTCGAGGTAGTA
<- Aln:   0	0	10	14	24	0	11= ->
P:13/65%	D:11/100%
D: CCCTAGCGTAACTCTCGAGACGACG
<- Aln:   0	0	10	14	24	0	11= ->
Pattern:	1-2
#55
P:11/100%	D:13/72.2222%
P: CCCTAGCGTAACTCTCGAGGTAGTA
<- Aln:   0	0	10	14	24	0	11= ->
P:18/69.2308%	D:16/69.5652%
No hit
<- Aln:   20	8	33	3	24	8	3S2=1X2=1D1=1D6=1D1X3=1X1=1D1=1X2= ->
<- Aln:   19	8	30	3	22	7	3S2=1X2=1D1=1D6=1D1X3=2X2=2S ->
Pattern:	1-0
#56
P:10/100%	D:9/47.3684%
P: CCCTAGCGTAACTCTCGAGGTAGTA
<- Aln:   20	0	9	14	23	0	14S10=1S ->
P:8/61.5385%	D:11/100%
D: CCCTAGCGTAACTCTCGAGACGACG
<- Aln:   0	0	10	14	24	0	11= ->
Pattern:	1-2
#57
P:16/59.2593%	D:11/100%
D: CCCTAGCGTAACTCTCGAGACGACG
<- Aln:   0	0	10	14	24	0	11= ->
P:11/61.1111%	D:11/100%
D: CCCTAGCGTAACTCTCGAGACGACG
<- Aln:   0	0	10	14	24	0	11= ->
Pattern:	2-2
#58
P:11/100%	D:11/61.1111%
P: CCCTAGCGTAACTCTCGAGGTAGTA
<- Aln:   0	0	10	14	24	0	11= ->
P:14/53.8462%	D:10/90.9091%
D: CCCTAGCGTAACTCTCGAGACGACG
<- Aln:   20	0	10	14	24	1	14S3=1X7= ->
Pattern:	1-2
#59
P:11/64.7059%	D:11/100%
D: CCCTAGCGTAACTCTCGAGACGACG
<- Aln:   0	0	10	14	24	0	11= ->
P:11/100%	D:9/50%
P: CCCTAGCGTAACTCTCGAGGTAGTA
<- Aln:   0	0	10	14	24	0	11= ->
Pattern:	2-1
#60
P:12/66.6667%	D:11/100%
D: CCCTAGCGTAACTCTCGAGACGACG
<- Aln:   0	0	10	14	24	0	11= ->
P:11/100%	D:5/100%
P: CCCTAGCGTAACTCTCGAGGTAGTA
<- Aln:   0	0	10	14	24	0	11= ->
Pattern:	2-1
#61
P:11/100%	D:12/60%
P: CCCTAGCGTAACTCTCGAGGTAGTA
<- Aln:   0	0	10	14	24	0	11= ->
P:8/80%	D:11/100%
D: CCCTAGCGTAACTCTCGAGACGACG
<- Aln:   0	0	10	14	24	0	11= ->
Pattern:	1-2
#62
P:11/100%	D:12/57.1429%
P: CCCTAGCGTAACTCTCGAGGTAGTA
<- Aln:   0	0	10	14	24	0	11= ->
P:13/56.5217%	D:11/100%
D: CCCTAGCGTAACTCTCGAGACGACG
<- Aln:   0	0	10	14	24	0	11= ->
Pattern:	1-2
#63
P:11/61.1111%	D:11/100%
D: CCCTAGCGTAACTCTCGAGACGACG
<- Aln:   0	0	10	14	24	0	11= ->
P:11/100%	D:9/81.8182%
P: CCCTAGCGTAACTCTCGAGGTAGTA
<- Aln:   0	0	10	14	24	0	11= ->
Pattern:	2-1
#64
P:11/100%	D:8/66.6667%
P: CCCTAGCGTAACTCTCGAGGTAGTA
<- Aln:   0	0	10	14	24	0	11= ->
P:11/55%	D:11/100%
D: CCCTAGCGTAACTCTCGAGACGACG
<- Aln:   0	0	10	14	24	0	11= ->
Pattern:	1-2
#65
P:12/60%	D:11/100%
D: CCCTAGCGTAACTCTCGAGACGACG
<- Aln:   0	0	10	14	24	0	11= ->
P:12/66.6667%	D:9/60%
No hit
<- Aln:   14	18	35	8	23	6	8S2=1X3=1D3=1D1=2X2=1X1=1S ->
<- Aln:   12	0	14	7	23	6	7S4=1I1X2=1I1X3=2X2=1S ->
Pattern:	2-0
#66
P:11/100%	D:10/83.3333%
P: CCCTAGCGTAACTCTCGAGGTAGTA
<- Aln:   0	0	10	14	24	0	11= ->
P:11/100%	D:11/61.1111%
P: CCCTAGCGTAACTCTCGAGGTAGTA
<- Aln:   0	0	10	14	24	0	11= ->
Pattern:	1-1
#67
P:13/54.1667%	D:11/100%
D: CCCTAGCGTAACTCTCGAGACGACG
<- Aln:   0	0	10	14	24	0	11= ->
P:10/100%	D:11/57.8947%
P: CCCTAGCGTAACTCTCGAGGTAGTA
<- Aln:   20	0	9	14	23	0	14S10=1S ->
Pattern:	2-1
#68
P:11/100%	D:19/65.5172%
P: CCCTAGCGTAACTCTCGAGGTAGTA
<- Aln:   0	0	10	14	24	0	11= ->
P:14/60.8696%	D:11/100%
D: CCCTAGCGTAACTCTCGAGACGACG
<- Aln:   0	0	10	14	24	0	11= ->
Pattern:	1-2
#69
P:17/100%	D:23/100%
D: CCCTAGCGTAACTCTCGAGACGACG
<- Aln:   46	0	22	2	24	0	2S23= ->
P:14/53.8462%	D:11/100%
D: CCCTAGCGTAACTCTCGAGACGACG
<- Aln:   0	0	10	14	24	0	11= ->
Pattern:	2-2
#70
P:11/100%	D:10/58.8235%
P: CCCTAGCGTAACTCTCGAGGTAGTA
<- Aln:   0	0	10	14	24	0	11= ->
P:9/60%	D:10/90.9091%
D: CCCTAGCGTAACTCTCGAGACGACG
<- Aln:   20	0	10	14	24	1	14S3=1X7= ->
Pattern:	1-2
#71
P:11/100%	D:11/55%
P: CCCTAGCGTAACTCTCGAGGTAGTA
<- Aln:   0	0	10	14	24	0	11= ->
P:14/66.6667%	D:11/100%
D: CCCTAGCGTAACTCTCGAGACGACG
<- Aln:   0	0	10	14	24	0	11= ->
Pattern:	1-2
#72
P:11/100%	D:5/100%
P: CCCTAGCGTAACTCTCGAGGTAGTA
<- Aln:   0	0	10	14	24	0	11= ->
P:9/90%	D:13/65%
P: CCCTAGCGTAACTCTCGAGGTAGTA
<- Aln:   17	0	9	14	23	1	14S8=1X1=1S ->
Pattern:	1-1
#73
P:17/58.6207%	D:11/100%
D: CCCTAGCGTAACTCTCGAGACGACG
<- Aln:   0	0	10	14	24	0	11= ->
P:11/100%	D:12/70.5882%
P: CCCTAGCGTAACTCTCGAGGTAGTA
<- Aln:   0	0	10	14	24	0	11= ->
Pattern:	2-1
#74
P:13/59.0909%	D:11/100%
D: CCCTAGCGTAACTCTCGAGACGACG
<- Aln:   0	0	10	14	24	0	11= ->
P:11/100%	D:17/62.963%
P: CCCTAGCGTAACTCTCGAGGTAGTA
<- Aln:   0	0	10	14	24	0	11= ->
Pattern:	2-1
#75
P:15/93.75%	D:21/95.4545%
D: CCCTAGCGTAACTCTCGAGACGACG
<- Aln:   41	0	21	2	24	1	2S13=1I9= ->
P:25/100%	D:19/100%
P: CCCTAGCGTAACTCTCGAGGTAGTA
<- Aln:   0	0	24	0	24	0	25= ->
Pattern:	2-1
#76
P:11/100%	D:11/68.75%
P: CCCTAGCGTAACTCTCGAGGTAGTA
<- Aln:   0	0	10	14	24	0	11= ->
P:16/59.2593%	D:11/100%
D: CCCTAGCGTAACTCTCGAGACGACG
<- Aln:   0	0	10	14	24	0	11= ->
Pattern:	1-2
#77
P:7/70%	D:11/100%
D: CCCTAGCGTAACTCTCGAGACGACG
<- Aln:   0	0	10	14	24	0	11= ->
P:10/90.9091%	D:8/72.7273%
P: CCCTAGCGTAACTCTCGAGGTAGTA
<- Aln:   20	0	10	14	24	1	14S3=1X7= ->
Pattern:	2-1
#78
P:9/60%	D:11/100%
D: CCCTAGCGTAACTCTCGAGACGACG
<- Aln:   0	0	10	14	24	0	11= ->
P:11/100%	D:8/100%
P: CCCTAGCGTAACTCTCGAGGTAGTA
<- Aln:   0	0	10	14	24	0	11= ->
Pattern:	2-1
#79
P:11/50%	D:11/100%
D: CCCTAGCGTAACTCTCGAGACGACG
<- Aln:   0	0	10	14	24	0	11= ->
P:11/100%	D:9/75%
P: CCCTAGCGTAACTCTCGAGGTAGTA
<- Aln:   0	0	10	14	24	0	11= ->
Pattern:	2-1
#80
P:11/100%	D:10/66.6667%
P: CCCTAGCGTAACTCTCGAGGTAGTA
<- Aln:   0	0	10	14	24	0	11= ->
P:17/100%	D:23/100%
D: CCCTAGCGTAACTCTCGAGACGACG
<- Aln:   46	0	22	2	24	0	2S23= ->
Pattern:	1-2
#81
P:15/65.2174%	D:11/100%
D: CCCTAGCGTAACTCTCGAGACGACG
<- Aln:   0	0	10	14	24	0	11= ->
P:11/100%	D:11/61.1111%
P: CCCTAGCGTAACTCTCGAGGTAGTA
<- Aln:   0	0	10	14	24	0	11= ->
Pattern:	2-1
#82
P:11/100%	D:10/58.8235%
P: CCCTAGCGTAACTCTCGAGGTAGTA
<- Aln:   0	0	10	14	24	0	11= ->
P:5/100%	D:11/100%
D: CCCTAGCGTAACTCTCGAGACGACG
<- Aln:   0	0	10	14	24	0	11= ->
Pattern:	1-2
#83
P:15/57.6923%	D:11/100%
D: CCCTAGCGTAACTCTCGAGACGACG
<- Aln:   0	0	10	14	24	0	11= ->
P:11/100%	D:10/66.6667%
P: CCCTAGCGTAACTCTCGAGGTAGTA
<- Aln:   0	0	10	14	24	0	11= ->
Pattern:	2-1
#84
P:11/100%	D:13/59.0909%
P: CCCTAGCGTAACTCTCGAGGTAGTA
<- Aln:   0	0	10	14	24	0	11= ->
P:10/66.6667%	D:11/100%
D: CCCTAGCGTAACTCTCGAGACGACG
<- Aln:   0	0	10	14	24	0	11= ->
Pattern:	1-2
#85
P:11/100%	D:9/75%
P: CCCTAGCGTAACTCTCGAGGTAGTA
<- Aln:   0	0	10	14	24	0	11= ->
P:8/57.1429%	D:11/100%
D: CCCTAGCGTAACTCTCGAGACGACG
<- Aln:   0	0	10	14	24	0	11= ->
Pattern:	1-2
#86
P:11/100%	D:10/66.6667%
P: CCCTAGCGTAACTCTCGAGGTAGTA
<- Aln:   0	0	10	14	24	0	11= ->
P:14/66.6667%	D:11/100%
D: CCCTAGCGTAACTCTCGAGACGACG
<- Aln:   0	0	10	14	24	0	11= ->
Pattern:	1-2
#87
P:16/61.5385%	D:11/100%
D: CCCTAGCGTAACTCTCGAGACGACG
<- Aln:   0	0	10	14	24	0	11= ->
P:11/100%	D:12/63.1579%
P: CCCTAGCGTAACTCTCGAGGTAGTA
<- Aln:   0	0	10	14	24	0	11= ->
Pattern:	2-1
#88
P:11/100%	D:9/56.25%
P: CCCTAGCGTAACTCTCGAGGTAGTA
<- Aln:   0	0	10	14	24	0	11= ->
P:10/76.9231%	D:11/100%
D: CCCTAGCGTAACTCTCGAGACGACG
<- Aln:   0	0	10	14	24	0	11= ->
Pattern:	1-2
#89
P:11/100%	D:11/57.8947%
P: CCCTAGCGTAACTCTCGAGGTAGTA
<- Aln:   0	0	10	14	24	0	11= ->
P:7/53.8462%	D:10/90.9091%
D: CCCTAGCGTAACTCTCGAGACGACG
<- Aln:   20	0	10	14	24	1	14S3=1X7= ->
Pattern:	1-2
#90
P:9/100%	D:11/73.3333%
No hit
<- Aln:   18	0	8	14	22	0	14S9=2S ->
<- Aln:   16	10	24	2	15	4	2S3=1D4=2X3=1X1=9S ->
P:10/66.6667%	D:11/100%
D: CCCTAGCGTAACTCTCGAGACGACG
<- Aln:   0	0	10	14	24	0	11= ->
Pattern:	0-2
#91
P:7/70%	D:11/100%
D: CCCTAGCGTAACTCTCGAGACGACG
<- Aln:   0	0	10	14	24	0	11= ->
P:11/100%	D:5/100%
P: CCCTAGCGTAACTCTCGAGGTAGTA
<- Aln:   0	0	10	14	24	0	11= ->
Pattern:	2-1
#92
P:11/52.381%	D:11/100%
D: CCCTAGCGTAACTCTCGAGACGACG
<- Aln:   0	0	10	14	24	0	11= ->
P:11/100%	D:11/55%
P: CCCTAGCGTAACTCTCGAGGTAGTA
<- Aln:   0	0	10	14	24	0	11= ->
Pattern:	2-1
#93
P:11/61.1111%	D:11/100%
D: CCCTAGCGTAACTCTCGAGACGACG
<- Aln:   0	0	10	14	24	0	11= ->
P:11/100%	D:13/65%
P: CCCTAGCGTAACTCTCGAGGTAGTA
<- Aln:   0	0	10	14	24	0	11= ->
Pattern:	2-1
#94
P:11/100%	D:12/60%
P: CCCTAGCGTAACTCTCGAGGTAGTA
<- Aln:   0	0	10	14	24	0	11= ->
P:12/60%	D:11/100%
D: CCCTAGCGTAACTCTCGAGACGACG
<- Aln:   0	0	10	14	24	0	11= ->
Pattern:	1-2
#95
P:14/60.8696%	D:11/100%
D: CCCTAGCGTAACTCTCGAGACGACG
<- Aln:   0	0	10	14	24	0	11= ->
P:11/100%	D:14/58.3333%
P: CCCTAGCGTAACTCTCGAGGTAGTA
<- Aln:   0	0	10	14	24	0	11= ->
Pattern:	2-1
#96
P:13/61.9048%	D:11/100%
D: CCCTAGCGTAACTCTCGAGACGACG
<- Aln:   0	0	10	14	24	0	11= ->
P:11/100%	D:11/61.1111%
P: CCCTAGCGTAACTCTCGAGGTAGTA
<- Aln:   0	0	10	14	24	0	11= ->
Pattern:	2-1
#97
P:11/100%	D:13/59.0909%
P: CCCTAGCGTAACTCTCGAGGTAGTA
<- Aln:   0	0	10	14	24	0	11= ->
P:13/72.2222%	D:11/100%
D: CCCTAGCGTAACTCTCGAGACGACG
<- Aln:   0	0	10	14	24	0	11= ->
Pattern:	1-2
#98
P:13/65%	D:11/100%
D: CCCTAGCGTAACTCTCGAGACGACG
<- Aln:   0	0	10	14	24	0	11= ->
P:11/100%	D:9/50%
P: CCCTAGCGTAACTCTCGAGGTAGTA
<- Aln:   0	0	10	14	24	0	11= ->
Pattern:	2-1
#99
P:11/100%	D:12/54.5455%
P: CCCTAGCGTAACTCTCGAGGTAGTA
<- Aln:   0	0	10	14	24	0	11= ->
P:11/61.1111%	D:11/100%
D: CCCTAGCGTAACTCTCGAGACGACG
<- Aln:   0	0	10	14	24	0	11= ->
Pattern:	1-2
#100
P:7/87.5%	D:11/100%
D: CCCTAGCGTAACTCTCGAGACGACG
<- Aln:   0	0	10	14	24	0	11= ->
P:11/100%	D:10/66.6667%
P: CCCTAGCGTAACTCTCGAGGTAGTA
<- Aln:   0	0	10	14	24	0	11= ->
Pattern:	2-1
#101
P:7/77.7778%	D:11/100%
D: CCCTAGCGTAACTCTCGAGACGACG
<- Aln:   0	0	10	14	24	0	11= ->
P:11/100%	D:11/55%
P: CCCTAGCGTAACTCTCGAGGTAGTA
<- Aln:   0	0	10	14	24	0	11= ->
Pattern:	2-1
#102
P:7/63.6364%	D:11/100%
D: CCCTAGCGTAACTCTCGAGACGACG
<- Aln:   0	0	10	14	24	0	11= ->
P:10/100%	D:14/60.8696%
P: CCCTAGCGTAACTCTCGAGGTAGTA
<- Aln:   20	0	9	14	23	0	14S10=1S ->
Pattern:	2-1
#103
P:11/100%	D:12/66.6667%
P: CCCTAGCGTAACTCTCGAGGTAGTA
<- Aln:   0	0	10	14	24	0	11= ->
P:8/72.7273%	D:11/100%
D: CCCTAGCGTAACTCTCGAGACGACG
<- Aln:   0	0	10	14	24	0	11= ->
Pattern:	1-2
#104
P:11/100%	D:11/64.7059%
P: CCCTAGCGTAACTCTCGAGGTAGTA
<- Aln:   0	0	10	14	24	0	11= ->
P:25/100%	D:19/100%
P: CCCTAGCGTAACTCTCGAGGTAGTA
<- Aln:   0	0	24	0	24	0	25= ->
Pattern:	1-1
#105
P:13/68.4211%	D:11/100%
D: CCCTAGCGTAACTCTCGAGACGACG
<- Aln:   0	0	10	14	24	0	11= ->
P:11/100%	D:14/66.6667%
P: CCCTAGCGTAACTCTCGAGGTAGTA
<- Aln:   0	0	10	14	24	0	11= ->
Pattern:	2-1
#106
P:11/55%	D:11/100%
D: CCCTAGCGTAACTCTCGAGACGACG
<- Aln:   0	0	10	14	24	0	11= ->
P:11/100%	D:13/61.9048%
P: CCCTAGCGTAACTCTCGAGGTAGTA
<- Aln:   0	0	10	14	24	0	11= ->
Pattern:	2-1
#107
P:15/60%	D:11/100%
D: CCCTAGCGTAACTCTCGAGACGACG
<- Aln:   0	0	10	14	24	0	11= ->
P:11/100%	D:11/55%
P: CCCTAGCGTAACTCTCGAGGTAGTA
<- Aln:   0	0	10	14	24	0	11= ->
Pattern:	2-1
#108
P:14/63.6364%	D:13/65%
No hit
<- Aln:   20	13	34	2	24	8	2S2=1X1=1X3=1X2=1X1=2X2=1X1=1I3= ->
<- Aln:   19	13	32	2	21	7	2S2=1X1=1X3=1X2=1X1=2X3=1X1=3S ->
P:11/52.381%	D:10/100%
D: CCCTAGCGTAACTCTCGAGACGACG
<- Aln:   20	0	9	14	23	0	14S10=1S ->
Pattern:	0-2
#109
P:10/100%	D:7/77.7778%
P: CCCTAGCGTAACTCTCGAGGTAGTA
<- Aln:   20	0	9	14	23	0	14S10=1S ->
P:11/73.3333%	D:11/100%
D: CCCTAGCGTAACTCTCGAGACGACG
<- Aln:   0	0	10	14	24	0	11= ->
Pattern:	1-2
#110
P:11/100%	D:15/65.2174%
P: CCCTAGCGTAACTCTCGAGGTAGTA
<- Aln:   0	0	10	14	24	0	11= ->
P:9/60%	D:11/100%
D: CCCTAGCGTAACTCTCGAGACGACG
<- Aln:   0	0	10	14	24	0	11= ->
Pattern:	1-2
#111
P:13/59.0909%	D:11/100%
D: CCCTAGCGTAACTCTCGAGACGACG
<- Aln:   0	0	10	14	24	0	11= ->
P:11/100%	D:11/61.1111%
P: CCCTAGCGTAACTCTCGAGGTAGTA
<- Aln:   0	0	10	14	24	0	11= ->
Pattern:	2-1
#112
P:10/71.4286%	D:11/100%
D: CCCTAGCGTAACTCTCGAGACGACG
<- Aln:   0	0	10	14	24	0	11= ->
P:12/66.6667%	D:11/100%
D: CCCTAGCGTAACTCTCGAGACGACG
<- Aln:   0	0	10	14	24	0	11= ->
Pattern:	2-2
#113
P:11/100%	D:17/65.3846%
P: CCCTAGCGTAACTCTCGAGGTAGTA
<- Aln:   0	0	10	14	24	0	11= ->
P:13/68.4211%	D:11/100%
D: CCCTAGCGTAACTCTCGAGACGACG
<- Aln:   0	0	10	14	24	0	11= ->
Pattern:	1-2
#114
P:11/100%	D:17/68%
P: CCCTAGCGTAACTCTCGAGGTAGTA
<- Aln:   0	0	10	14	24	0	11= ->
P:13/59.0909%	D:11/100%
D: CCCTAGCGTAACTCTCGAGACGACG
<- Aln:   0	0	10	14	24	0	11= ->
Pattern:	1-2
#115
P:13/56.5217%	D:11/100%
D: CCCTAGCGTAACTCTCGAGACGACG
<- Aln:   0	0	10	14	24	0	11= ->
P:10/100%	D:12/57.1429%
P: CCCTAGCGTAACTCTCGAGGTAGTA
<- Aln:   20	0	9	14	23	0	14S10=1S ->
Pattern:	2-1
#116
P:10/100%	D:9/56.25%
P: CCCTAGCGTAACTCTCGAGGTAGTA
<- Aln:   20	0	9	14	23	0	14S10=1S ->
P:13/56.5217%	D:11/100%
D: CCCTAGCGTAACTCTCGAGACGACG
<- Aln:   0	0	10	14	24	0	11= ->
Pattern:	1-2
#117
P:11/100%	D:11/61.1111%
P: CCCTAGCGTAACTCTCGAGGTAGTA
<- Aln:   0	0	10	14	24	0	11= ->
P:10/52.6316%	D:11/100%
D: CCCTAGCGTAACTCTCGAGACGACG
<- Aln:   0	0	10	14	24	0	11= ->
Pattern:	1-2
#118
P:13/68.4211%	D:11/100%
D: CCCTAGCGTAACTCTCGAGACGACG
<- Aln:   0	0	10	14	24	0	11= ->
P:11/100%	D:10/58.8235%
P: CCCTAGCGTAACTCTCGAGGTAGTA
<- Aln:   0	0	10	14	24	0	11= ->
Pattern:	2-1
#119
P:10/62.5%	D:11/100%
D: CCCTAGCGTAACTCTCGAGACGACG
<- Aln:   0	0	10	14	24	0	11= ->
P:10/58.8235%	D:11/100%
D: CCCTAGCGTAACTCTCGAGACGACG
<- Aln:   0	0	10	14	24	0	11= ->
Pattern:	2-2
#120
P:14/56%	D:11/100%
D: CCCTAGCGTAACTCTCGAGACGACG
<- Aln:   0	0	10	14	24	0	11= ->
P:11/100%	D:13/59.0909%
P: CCCTAGCGTAACTCTCGAGGTAGTA
<- Aln:   0	0	10	14	24	0	11= ->
Pattern:	2-1
#121
P:12/60%	D:11/100%
D: CCCTAGCGTAACTCTCGAGACGACG
<- Aln:   0	0	10	14	24	0	11= ->
P:25/92.5926%	D:19/100%
No hit
<- Aln:   46	0	26	0	24	2	21=2D4= ->
<- Aln:   38	0	18	0	18	0	19=6S ->
Pattern:	2-0
#122
P:11/100%	D:13/61.9048%
P: CCCTAGCGTAACTCTCGAGGTAGTA
<- Aln:   0	0	10	14	24	0	11= ->
P:13/54.1667%	D:11/100%
D: CCCTAGCGTAACTCTCGAGACGACG
<- Aln:   0	0	10	14	24	0	11= ->
Pattern:	1-2
#123
P:11/100%	D:9/64.2857%
P: CCCTAGCGTAACTCTCGAGGTAGTA
<- Aln:   0	0	10	14	24	0	11= ->
P:11/57.8947%	D:11/100%
D: CCCTAGCGTAACTCTCGAGACGACG
<- Aln:   0	0	10	14	24	0	11= ->
Pattern:	1-2
#124
P:11/100%	D:13/59.0909%
P: CCCTAGCGTAACTCTCGAGGTAGTA
<- Aln:   0	0	10	14	24	0	11= ->
P:7/70%	D:11/100%
D: CCCTAGCGTAACTCTCGAGACGACG
<- Aln:   0	0	10	14	24	0	11= ->
Pattern:	1-2
#125
P:11/100%	D:10/58.8235%
P: CCCTAGCGTAACTCTCGAGGTAGTA
<- Aln:   0	0	10	14	24	0	11= ->
P:13/61.9048%	D:11/100%
D: CCCTAGCGTAACTCTCGAGACGACG
<- Aln:   0	0	10	14	24	0	11= ->
Pattern:	1-2
#126
P:11/100%	D:15/57.6923%
P: CCCTAGCGTAACTCTCGAGGTAGTA
<- Aln:   0	0	10	14	24	0	11= ->
P:11/57.8947%	D:11/100%
D: CCCTAGCGTAACTCTCGAGACGACG
<- Aln:   0	0	10	14	24	0	11= ->
Pattern:	1-2
#127
P:10/55.5556%	D:11/100%
D: CCCTAGCGTAACTCTCGAGACGACG
<- Aln:   0	0	10	14	24	0	11= ->
P:11/100%	D:10/62.5%
P: CCCTAGCGTAACTCTCGAGGTAGTA
<- Aln:   0	0	10	14	24	0	11= ->
Pattern:	2-1
#128
P:11/100%	D:10/55.5556%
P: CCCTAGCGTAACTCTCGAGGTAGTA
<- Aln:   0	0	10	14	24	0	11= ->
P:9/90%	D:11/100%
D: CCCTAGCGTAACTCTCGAGACGACG
<- Aln:   0	0	10	14	24	0	11= ->
Pattern:	1-2
#129
P:12/63.1579%	D:11/100%
D: CCCTAGCGTAACTCTCGAGACGACG
<- Aln:   0	0	10	14	24	0	11= ->
P:11/100%	D:12/60%
P: CCCTAGCGTAACTCTCGAGGTAGTA
<- Aln:   0	0	10	14	24	0	11= ->
Pattern:	2-1
#130
P:8/72.7273%	D:11/100%
D: CCCTAGCGTAACTCTCGAGACGACG
<- Aln:   0	0	10	14	24	0	11= ->
P:11/100%	D:13/59.0909%
P: CCCTAGCGTAACTCTCGAGGTAGTA
<- Aln:   0	0	10	14	24	0	11= ->
Pattern:	2-1
#131
P:12/54.5455%	D:11/100%
D: CCCTAGCGTAACTCTCGAGACGACG
<- Aln:   0	0	10	14	24	0	11= ->
P:11/100%	D:10/58.8235%
P: CCCTAGCGTAACTCTCGAGGTAGTA
<- Aln:   0	0	10	14	24	0	11= ->
Pattern:	2-1
#132
P:11/100%	D:12/66.6667%
P: CCCTAGCGTAACTCTCGAGGTAGTA
<- Aln:   0	0	10	14	24	0	11= ->
P:17/100%	D:23/100%
D: CCCTAGCGTAACTCTCGAGACGACG
<- Aln:   46	0	22	2	24	0	2S23= ->
Pattern:	1-2
#133
P:23/85.1852%	D:25/100%
D: CCCTAGCGTAACTCTCGAGACGACG
<- Aln:   0	0	24	0	24	0	25= ->
P:11/100%	D:12/60%
P: CCCTAGCGTAACTCTCGAGGTAGTA
<- Aln:   0	0	10	14	24	0	11= ->
Pattern:	2-1
#134
P:9/75%	D:10/100%
D: CCCTAGCGTAACTCTCGAGACGACG
<- Aln:   20	0	9	14	23	0	14S10=1S ->
P:11/100%	D:10/62.5%
P: CCCTAGCGTAACTCTCGAGGTAGTA
<- Aln:   0	0	10	14	24	0	11= ->
Pattern:	2-1
#135
P:12/60%	D:11/100%
D: CCCTAGCGTAACTCTCGAGACGACG
<- Aln:   0	0	10	14	24	0	11= ->
P:11/100%	D:8/61.5385%
P: CCCTAGCGTAACTCTCGAGGTAGTA
<- Aln:   0	0	10	14	24	0	11= ->
Pattern:	2-1
#136
P:10/55.5556%	D:11/100%
D: CCCTAGCGTAACTCTCGAGACGACG
<- Aln:   0	0	10	14	24	0	11= ->
P:11/100%	D:11/57.8947%
P: CCCTAGCGTAACTCTCGAGGTAGTA
<- Aln:   0	0	10	14	24	0	11= ->
Pattern:	2-1
#137
P:11/100%	D:13/59.0909%
P: CCCTAGCGTAACTCTCGAGGTAGTA
<- Aln:   0	0	10	14	24	0	11= ->
P:17/100%	D:23/100%
D: CCCTAGCGTAACTCTCGAGACGACG
<- Aln:   46	0	22	2	24	0	2S23= ->
Pattern:	1-2
#138
P:11/100%	D:16/64%
P: CCCTAGCGTAACTCTCGAGGTAGTA
<- Aln:   0	0	10	14	24	0	11= ->
P:11/52.381%	D:11/100%
D: CCCTAGCGTAACTCTCGAGACGACG
<- Aln:   0	0	10	14	24	0	11= ->
Pattern:	1-2
#139
P:11/100%	D:12/63.1579%
P: CCCTAGCGTAACTCTCGAGGTAGTA
<- Aln:   0	0	10	14	24	0	11= ->
P:7/77.7778%	D:11/100%
D: CCCTAGCGTAACTCTCGAGACGACG
<- Aln:   0	0	10	14	24	0	11= ->
Pattern:	1-2
#140
P:11/100%	D:14/63.6364%
P: CCCTAGCGTAACTCTCGAGGTAGTA
<- Aln:   0	0	10	14	24	0	11= ->
P:8/66.6667%	D:11/100%
D: CCCTAGCGTAACTCTCGAGACGACG
<- Aln:   0	0	10	14	24	0	11= ->
Pattern:	1-2
#141
P:11/100%	D:10/58.8235%
P: CCCTAGCGTAACTCTCGAGGTAGTA
<- Aln:   0	0	10	14	24	0	11= ->
P:11/64.7059%	D:11/100%
D: CCCTAGCGTAACTCTCGAGACGACG
<- Aln:   0	0	10	14	24	0	11= ->
Pattern:	1-2
#142
P:11/100%	D:10/71.4286%
P: CCCTAGCGTAACTCTCGAGGTAGTA
<- Aln:   0	0	10	14	24	0	11= ->
P:12/54.5455%	D:11/100%
D: CCCTAGCGTAACTCTCGAGACGACG
<- Aln:   0	0	10	14	24	0	11= ->
Pattern:	1-2
#143
P:12/57.1429%	D:11/100%
D: CCCTAGCGTAACTCTCGAGACGACG
<- Aln:   0	0	10	14	24	0	11= ->
P:10/100%	D:12/60%
P: CCCTAGCGTAACTCTCGAGGTAGTA
<- Aln:   20	0	9	14	23	0	14S10=1S ->
Pattern:	2-1
#144
P:10/62.5%	D:11/100%
D: CCCTAGCGTAACTCTCGAGACGACG
<- Aln:   0	0	10	14	24	0	11= ->
P:11/100%	D:9/56.25%
P: CCCTAGCGTAACTCTCGAGGTAGTA
<- Aln:   0	0	10	14	24	0	11= ->
Pattern:	2-1
#145
P:8/72.7273%	D:11/100%
D: CCCTAGCGTAACTCTCGAGACGACG
<- Aln:   0	0	10	14	24	0	11= ->
P:7/87.5%	D:10/90.9091%
D: CCCTAGCGTAACTCTCGAGACGACG
<- Aln:   20	0	10	14	24	1	14S3=1X7= ->
Pattern:	2-2
#146
P:9/64.2857%	D:11/100%
D: CCCTAGCGTAACTCTCGAGACGACG
<- Aln:   0	0	10	14	24	0	11= ->
P:11/100%	D:12/75%
P: CCCTAGCGTAACTCTCGAGGTAGTA
<- Aln:   0	0	10	14	24	0	11= ->
Pattern:	2-1
#147
P:11/100%	D:9/39.1304%
P: CCCTAGCGTAACTCTCGAGGTAGTA
<- Aln:   0	0	10	14	24	0	11= ->
P:11/64.7059%	D:11/100%
D: CCCTAGCGTAACTCTCGAGACGACG
<- Aln:   0	0	10	14	24	0	11= ->
Pattern:	1-2
#148
P:11/100%	D:8/61.5385%
P: CCCTAGCGTAACTCTCGAGGTAGTA
<- Aln:   0	0	10	14	24	0	11= ->
P:13/54.1667%	D:11/100%
D: CCCTAGCGTAACTCTCGAGACGACG
<- Aln:   0	0	10	14	24	0	11= ->
Pattern:	1-2
#149
P:17/100%	D:23/100%
D: CCCTAGCGTAACTCTCGAGACGACG
<- Aln:   46	0	22	2	24	0	2S23= ->
P:21/95.4545%	D:20/95.2381%
No hit
<- Aln:   41	0	21	0	21	1	20=1X1=3S ->
<- Aln:   39	0	20	0	20	1	19=1X1=4S ->
Pattern:	2-0
#150
P:23/95.8333%	D:19/100%
P: CCCTAGCGTAACTCTCGAGGTAGTA
<- Aln:   45	0	23	0	24	1	22=1I2= ->
P:9/69.2308%	D:11/100%
D: CCCTAGCGTAACTCTCGAGACGACG
<- Aln:   0	0	10	14	24	0	11= ->
Pattern:	1-2
#151
P:11/100%	D:16/69.5652%
P: CCCTAGCGTAACTCTCGAGGTAGTA
<- Aln:   0	0	10	14	24	0	11= ->
P:10/66.6667%	D:11/100%
D: CCCTAGCGTAACTCTCGAGACGACG
<- Aln:   0	0	10	14	24	0	11= ->
Pattern:	1-2
#152
P:13/68.4211%	D:11/100%
D: CCCTAGCGTAACTCTCGAGACGACG
<- Aln:   0	0	10	14	24	0	11= ->
P:11/100%	D:10/58.8235%
P: CCCTAGCGTAACTCTCGAGGTAGTA
<- Aln:   0	0	10	14	24	0	11= ->
Pattern:	2-1
#153
P:11/100%	D:11/78.5714%
P: CCCTAGCGTAACTCTCGAGGTAGTA
<- Aln:   0	0	10	14	24	0	11= ->
P:13/65%	D:11/100%
D: CCCTAGCGTAACTCTCGAGACGACG
<- Aln:   0	0	10	14	24	0	11= ->
Pattern:	1-2
#154
P:11/100%	D:13/56.5217%
P: CCCTAGCGTAACTCTCGAGGTAGTA
<- Aln:   0	0	10	14	24	0	11= ->
P:10/66.6667%	D:11/100%
D: CCCTAGCGTAACTCTCGAGACGACG
<- Aln:   0	0	10	14	24	0	11= ->
Pattern:	1-2
#155
P:11/100%	D:10/58.8235%
P: CCCTAGCGTAACTCTCGAGGTAGTA
<- Aln:   0	0	10	14	24	0	11= ->
P:14/63.6364%	D:10/90.9091%
D: CCCTAGCGTAACTCTCGAGACGACG
<- Aln:   20	0	10	14	24	1	14S3=1X7= ->
Pattern:	1-2
#156
P:11/100%	D:5/100%
P: CCCTAGCGTAACTCTCGAGGTAGTA
<- Aln:   0	0	10	14	24	0	11= ->
P:15/55.5556%	D:11/100%
D: CCCTAGCGTAACTCTCGAGACGACG
<- Aln:   0	0	10	14	24	0	11= ->
Pattern:	1-2
#157
P:11/100%	D:9/60%
P: CCCTAGCGTAACTCTCGAGGTAGTA
<- Aln:   0	0	10	14	24	0	11= ->
P:9/60%	D:11/100%
D: CCCTAGCGTAACTCTCGAGACGACG
<- Aln:   0	0	10	14	24	0	11= ->
Pattern:	1-2
#158
P:13/59.0909%	D:11/100%
D: CCCTAGCGTAACTCTCGAGACGACG
<- Aln:   0	0	10	14	24	0	11= ->
P:17/100%	D:23/100%
D: CCCTAGCGTAACTCTCGAGACGACG
<- Aln:   46	0	22	2	24	0	2S23= ->
Pattern:	2-2
#159
P:11/100%	D:12/57.1429%
P: CCCTAGCGTAACTCTCGAGGTAGTA
<- Aln:   0	0	10	14	24	0	11= ->
P:24/88.8889%	D:19/100%
No hit
<- Aln:   43	0	26	0	24	3	20=2D3=1X1= ->
<- Aln:   38	0	18	0	18	0	19=6S ->
Pattern:	1-0
#160
P:11/100%	D:12/60%
P: CCCTAGCGTAACTCTCGAGGTAGTA
<- Aln:   0	0	10	14	24	0	11= ->
P:14/60.8696%	D:11/100%
D: CCCTAGCGTAACTCTCGAGACGACG
<- Aln:   0	0	10	14	24	0	11= ->
Pattern:	1-2
#161
P:8/50%	D:11/100%
D: CCCTAGCGTAACTCTCGAGACGACG
<- Aln:   0	0	10	14	24	0	11= ->
P:11/100%	D:9/69.2308%
P: CCCTAGCGTAACTCTCGAGGTAGTA
<- Aln:   0	0	10	14	24	0	11= ->
Pattern:	2-1
#162
P:10/58.8235%	D:11/100%
D: CCCTAGCGTAACTCTCGAGACGACG
<- Aln:   0	0	10	14	24	0	11= ->
P:11/100%	D:11/52.381%
P: CCCTAGCGTAACTCTCGAGGTAGTA
<- Aln:   0	0	10	14	24	0	11= ->
Pattern:	2-1
#163
P:11/100%	D:5/100%
P: CCCTAGCGTAACTCTCGAGGTAGTA
<- Aln:   0	0	10	14	24	0	11= ->
P:10/58.8235%	D:11/100%
D: CCCTAGCGTAACTCTCGAGACGACG
<- Aln:   0	0	10	14	24	0	11= ->
Pattern:	1-2
#164
P:11/100%	D:5/100%
P: CCCTAGCGTAACTCTCGAGGTAGTA
<- Aln:   0	0	10	14	24	0	11= ->
P:11/100%	D:12/75%
P: CCCTAGCGTAACTCTCGAGGTAGTA
<- Aln:   0	0	10	14	24	0	11= ->
Pattern:	1-1
#165
P:11/100%	D:10/66.6667%
P: CCCTAGCGTAACTCTCGAGGTAGTA
<- Aln:   0	0	10	14	24	0	11= ->
P:10/62.5%	D:11/100%
D: CCCTAGCGTAACTCTCGAGACGACG
<- Aln:   0	0	10	14	24	0	11= ->
Pattern:	1-2
#166
P:11/100%	D:11/68.75%
P: CCCTAGCGTAACTCTCGAGGTAGTA
<- Aln:   0	0	10	14	24	0	11= ->
P:11/68.75%	D:11/91.6667%
D: CCCTAGCGTAACTCTCGAGACGACG
<- Aln:   19	0	11	14	24	1	14S6=1D5= ->
Pattern:	1-2
#167
P:12/57.1429%	D:11/100%
D: CCCTAGCGTAACTCTCGAGACGACG
<- Aln:   0	0	10	14	24	0	11= ->
P:11/100%	D:12/63.1579%
P: CCCTAGCGTAACTCTCGAGGTAGTA
<- Aln:   0	0	10	14	24	0	11= ->
Pattern:	2-1
#168
P:11/100%	D:9/69.2308%
P: CCCTAGCGTAACTCTCGAGGTAGTA
<- Aln:   0	0	10	14	24	0	11= ->
P:11/100%	D:12/70.5882%
P: CCCTAGCGTAACTCTCGAGGTAGTA
<- Aln:   0	0	10	14	24	0	11= ->
Pattern:	1-1
#169
P:13/61.9048%	D:11/100%
D: CCCTAGCGTAACTCTCGAGACGACG
<- Aln:   0	0	10	14	24	0	11= ->
P:11/100%	D:15/53.5714%
P: CCCTAGCGTAACTCTCGAGGTAGTA
<- Aln:   0	0	10	14	24	0	11= ->
Pattern:	2-1
#170
P:7/77.7778%	D:11/100%
D: CCCTAGCGTAACTCTCGAGACGACG
<- Aln:   0	0	10	14	24	0	11= ->
P:11/100%	D:12/63.1579%
P: CCCTAGCGTAACTCTCGAGGTAGTA
<- Aln:   0	0	10	14	24	0	11= ->
Pattern:	2-1
#171
P:11/100%	D:11/57.8947%
P: CCCTAGCGTAACTCTCGAGGTAGTA
<- Aln:   0	0	10	14	24	0	11= ->
P:14/56%	D:11/100%
D: CCCTAGCGTAACTCTCGAGACGACG
<- Aln:   0	0	10	14	24	0	11= ->
Pattern:	1-2
#172
P:16/64%	D:11/100%
D: CCCTAGCGTAACTCTCGAGACGACG
<- Aln:   0	0	10	14	24	0	11= ->
P:11/100%	D:12/66.6667%
P: CCCTAGCGTAACTCTCGAGGTAGTA
<- Aln:   0	0	10	14	24	0	11= ->
Pattern:	2-1
#173
P:10/76.9231%	D:11/100%
D: CCCTAGCGTAACTCTCGAGACGACG
<- Aln:   0	0	10	14	24	0	11= ->
P:10/90.9091%	D:11/64.7059%
P: CCCTAGCGTAACTCTCGAGGTAGTA
<- Aln:   20	0	10	14	24	1	14S3=1X7= ->
Pattern:	2-1
#174
P:9/100%	D:9/69.2308%
No hit
<- Aln:   18	0	8	14	22	0	14S9=2S ->
<- Aln:   12	1	13	2	14	4	2S1=1X2=1I3=1D3=1X1=10S ->
P:13/65%	D:11/100%
D: CCCTAGCGTAACTCTCGAGACGACG
<- Aln:   0	0	10	14	24	0	11= ->
Pattern:	0-2
#175
P:5/100%	D:11/100%
D: CCCTAGCGTAACTCTCGAGACGACG
<- Aln:   0	0	10	14	24	0	11= ->
P:11/100%	D:13/54.1667%
P: CCCTAGCGTAACTCTCGAGGTAGTA
<- Aln:   0	0	10	14	24	0	11= ->
Pattern:	2-1
#176
P:21/84%	D:23/100%
D: CCCTAGCGTAACTCTCGAGACGACG
<- Aln:   46	0	22	2	24	0	2S23= ->
P:24/100%	D:19/100%
P: CCCTAGCGTAACTCTCGAGGTAGTA
<- Aln:   48	0	23	0	23	0	24=1S ->
Pattern:	2-1
#177
P:14/56%	D:11/100%
D: CCCTAGCGTAACTCTCGAGACGACG
<- Aln:   0	0	10	14	24	0	11= ->
P:11/100%	D:10/58.8235%
P: CCCTAGCGTAACTCTCGAGGTAGTA
<- Aln:   0	0	10	14	24	0	11= ->
Pattern:	2-1
#178
P:10/52.6316%	D:7/100%
No hit
<- Aln:   11	22	40	4	23	9	4S1=1X1=1X1=1X1=1I2=2X1=1X2=1X1=1X1=1S ->
<- Aln:   14	0	6	14	20	0	14S7=4S ->
P:11/100%	D:14/63.6364%
P: CCCTAGCGTAACTCTCGAGGTAGTA
<- Aln:   0	0	10	14	24	0	11= ->
Pattern:	0-1
#179
P:11/100%	D:11/50%
P: CCCTAGCGTAACTCTCGAGGTAGTA
<- Aln:   0	0	10	14	24	0	11= ->
P:9/69.2308%	D:11/100%
D: CCCTAGCGTAACTCTCGAGACGACG
<- Aln:   0	0	10	14	24	0	11= ->
Pattern:	1-2
#180
P:11/100%	D:15/60%
P: CCCTAGCGTAACTCTCGAGGTAGTA
<- Aln:   0	0	10	14	24	0	11= ->
P:12/60%	D:11/100%
D: CCCTAGCGTAACTCTCGAGACGACG
<- Aln:   0	0	10	14	24	0	11= ->
Pattern:	1-2
#181
P:11/100%	D:12/57.1429%
P: CCCTAGCGTAACTCTCGAGGTAGTA
<- Aln:   0	0	10	14	24	0	11= ->
P:16/61.5385%	D:11/100%
D: CCCTAGCGTAACTCTCGAGACGACG
<- Aln:   0	0	10	14	24	0	11= ->
Pattern:	1-2
#182
P:11/100%	D:11/84.6154%
P: CCCTAGCGTAACTCTCGAGGTAGTA
<- Aln:   0	0	10	14	24	0	11= ->
P:11/57.8947%	D:11/100%
D: CCCTAGCGTAACTCTCGAGACGACG
<- Aln:   0	0	10	14	24	0	11= ->
Pattern:	1-2
#183
P:7/87.5%	D:11/100%
D: CCCTAGCGTAACTCTCGAGACGACG
<- Aln:   0	0	10	14	24	0	11= ->
P:11/100%	D:7/87.5%
P: CCCTAGCGTAACTCTCGAGGTAGTA
<- Aln:   0	0	10	14	24	0	11= ->
Pattern:	2-1
#184
P:11/61.1111%	D:11/100%
D: CCCTAGCGTAACTCTCGAGACGACG
<- Aln:   0	0	10	14	24	0	11= ->
P:10/100%	D:10/52.6316%
P: CCCTAGCGTAACTCTCGAGGTAGTA
<- Aln:   20	0	9	14	23	0	14S10=1S ->
Pattern:	2-1
#185
P:11/100%	D:8/61.5385%
P: CCCTAGCGTAACTCTCGAGGTAGTA
<- Aln:   0	0	10	14	24	0	11= ->
P:17/94.4444%	D:21/91.3043%
No hit
<- Aln:   34	0	17	2	19	1	2S3=1X14=5S ->
<- Aln:   41	0	22	2	24	2	2S3=1X13=1X5= ->
Pattern:	1-0
#186
P:7/70%	D:11/100%
D: CCCTAGCGTAACTCTCGAGACGACG
<- Aln:   0	0	10	14	24	0	11= ->
P:10/90.9091%	D:8/72.7273%
P: CCCTAGCGTAACTCTCGAGGTAGTA
<- Aln:   20	0	10	14	24	1	14S3=1X7= ->
Pattern:	2-1
#187
P:11/100%	D:5/100%
P: CCCTAGCGTAACTCTCGAGGTAGTA
<- Aln:   0	0	10	14	24	0	11= ->
P:10/66.6667%	D:11/100%
D: CCCTAGCGTAACTCTCGAGACGACG
<- Aln:   0	0	10	14	24	0	11= ->
Pattern:	1-2
#188
P:11/100%	D:10/66.6667%
P: CCCTAGCGTAACTCTCGAGGTAGTA
<- Aln:   0	0	10	14	24	0	11= ->
P:13/61.9048%	D:11/100%
D: CCCTAGCGTAACTCTCGAGACGACG
<- Aln:   0	0	10	14	24	0	11= ->
Pattern:	1-2
#189
P:11/64.7059%	D:11/100%
D: CCCTAGCGTAACTCTCGAGACGACG
<- Aln:   0	0	10	14	24	0	11= ->
P:11/100%	D:14/70%
P: CCCTAGCGTAACTCTCGAGGTAGTA
<- Aln:   0	0	10	14	24	0	11= ->
Pattern:	2-1
#190
P:11/100%	D:10/66.6667%
P: CCCTAGCGTAACTCTCGAGGTAGTA
<- Aln:   0	0	10	14	24	0	11= ->
P:12/63.1579%	D:11/100%
D: CCCTAGCGTAACTCTCGAGACGACG
<- Aln:   0	0	10	14	24	0	11= ->
Pattern:	1-2
#191
P:25/100%	D:19/100%
P: CCCTAGCGTAACTCTCGAGGTAGTA
<- Aln:   0	0	24	0	24	0	25= ->
P:17/100%	D:23/100%
D: CCCTAGCGTAACTCTCGAGACGACG
<- Aln:   46	0	22	2	24	0	2S23= ->
Pattern:	1-2
#192
P:10/100%	D:8/72.7273%
P: CCCTAGCGTAACTCTCGAGGTAGTA
<- Aln:   20	0	9	14	23	0	14S10=1S ->
P:16/64%	D:11/100%
D: CCCTAGCGTAACTCTCGAGACGACG
<- Aln:   0	0	10	14	24	0	11= ->
Pattern:	1-2
#193
P:11/100%	D:9/60%
P: CCCTAGCGTAACTCTCGAGGTAGTA
<- Aln:   0	0	10	14	24	0	11= ->
P:10/66.6667%	D:11/100%
D: CCCTAGCGTAACTCTCGAGACGACG
<- Aln:   0	0	10	14	24	0	11= ->
Pattern:	1-2
#194
P:11/100%	D:12/57.1429%
P: CCCTAGCGTAACTCTCGAGGTAGTA
<- Aln:   0	0	10	14	24	0	11= ->
P:8/88.8889%	D:11/100%
D: CCCTAGCGTAACTCTCGAGACGACG
<- Aln:   0	0	10	14	24	0	11= ->
Pattern:	1-2
#195
P:10/100%	D:12/63.1579%
P: CCCTAGCGTAACTCTCGAGGTAGTA
<- Aln:   20	0	9	14	23	0	14S10=1S ->
P:15/53.5714%	D:11/100%
D: CCCTAGCGTAACTCTCGAGACGACG
<- Aln:   0	0	10	14	24	0	11= ->
Pattern:	1-2
#196
P:11/68.75%	D:11/100%
D: CCCTAGCGTAACTCTCGAGACGACG
<- Aln:   0	0	10	14	24	0	11= ->
P:11/100%	D:14/58.3333%
P: CCCTAGCGTAACTCTCGAGGTAGTA
<- Aln:   0	0	10	14	24	0	11= ->
Pattern:	2-1
#197
P:11/100%	D:19/54.2857%
P: CCCTAGCGTAACTCTCGAGGTAGTA
<- Aln:   0	0	10	14	24	0	11= ->
P:15/57.6923%	D:11/100%
D: CCCTAGCGTAACTCTCGAGACGACG
<- Aln:   0	0	10	14	24	0	11= ->
Pattern:	1-2
#198
P:12/60%	D:11/100%
D: CCCTAGCGTAACTCTCGAGACGACG
<- Aln:   0	0	10	14	24	0	11= ->
P:11/100%	D:14/58.3333%
P: CCCTAGCGTAACTCTCGAGGTAGTA
<- Aln:   0	0	10	14	24	0	11= ->
Pattern:	2-1
#199
P:16/59.2593%	D:11/100%
D: CCCTAGCGTAACTCTCGAGACGACG
<- Aln:   0	0	10	14	24	0	11= ->
P:11/100%	D:8/53.3333%
P: CCCTAGCGTAACTCTCGAGGTAGTA
<- Aln:   0	0	10	14	24	0	11= ->
Pattern:	2-1
#200
P:11/100%	D:7/36.8421%
P: CCCTAGCGTAACTCTCGAGGTAGTA
<- Aln:   0	0	10	14	24	0	11= ->
P:9/64.2857%	D:11/100%
D: CCCTAGCGTAACTCTCGAGACGACG
<- Aln:   0	0	10	14	24	0	11= ->
Pattern:	1-2
#201
P:11/100%	D:16/61.5385%
P: CCCTAGCGTAACTCTCGAGGTAGTA
<- Aln:   0	0	10	14	24	0	11= ->
P:13/54.1667%	D:11/100%
D: CCCTAGCGTAACTCTCGAGACGACG
<- Aln:   0	0	10	14	24	0	11= ->
Pattern:	1-2
#202
P:16/59.2593%	D:11/100%
D: CCCTAGCGTAACTCTCGAGACGACG
<- Aln:   0	0	10	14	24	0	11= ->
P:11/100%	D:13/61.9048%
P: CCCTAGCGTAACTCTCGAGGTAGTA
<- Aln:   0	0	10	14	24	0	11= ->
Pattern:	2-1
#203
P:11/100%	D:12/60%
P: CCCTAGCGTAACTCTCGAGGTAGTA
<- Aln:   0	0	10	14	24	0	11= ->
P:12/60%	D:11/100%
D: CCCTAGCGTAACTCTCGAGACGACG
<- Aln:   0	0	10	14	24	0	11= ->
Pattern:	1-2
#204
P:11/73.3333%	D:11/100%
D: CCCTAGCGTAACTCTCGAGACGACG
<- Aln:   0	0	10	14	24	0	11= ->
P:11/100%	D:13/56.5217%
P: CCCTAGCGTAACTCTCGAGGTAGTA
<- Aln:   0	0	10	14	24	0	11= ->
Pattern:	2-1
#205
P:12/57.1429%	D:11/100%
D: CCCTAGCGTAACTCTCGAGACGACG
<- Aln:   0	0	10	14	24	0	11= ->
P:11/100%	D:13/52%
P: CCCTAGCGTAACTCTCGAGGTAGTA
<- Aln:   0	0	10	14	24	0	11= ->
Pattern:	2-1
#206
P:25/100%	D:19/100%
P: CCCTAGCGTAACTCTCGAGGTAGTA
<- Aln:   0	0	24	0	24	0	25= ->
P:8/72.7273%	D:11/100%
D: CCCTAGCGTAACTCTCGAGACGACG
<- Aln:   0	0	10	14	24	0	11= ->
Pattern:	1-2
#207
P:9/81.8182%	D:11/100%
D: CCCTAGCGTAACTCTCGAGACGACG
<- Aln:   0	0	10	14	24	0	11= ->
P:10/90.9091%	D:8/53.3333%
P: CCCTAGCGTAACTCTCGAGGTAGTA
<- Aln:   20	0	10	14	24	1	14S3=1X7= ->
Pattern:	2-1
#208
P:11/100%	D:6/100%
P: CCCTAGCGTAACTCTCGAGGTAGTA
<- Aln:   0	0	10	14	24	0	11= ->
P:5/100%	D:11/100%
D: CCCTAGCGTAACTCTCGAGACGACG
<- Aln:   0	0	10	14	24	0	11= ->
Pattern:	1-2
#209
P:10/52.6316%	D:11/100%
D: CCCTAGCGTAACTCTCGAGACGACG
<- Aln:   0	0	10	14	24	0	11= ->
P:11/100%	D:11/73.3333%
P: CCCTAGCGTAACTCTCGAGGTAGTA
<- Aln:   0	0	10	14	24	0	11= ->
Pattern:	2-1
#210
P:11/100%	D:8/61.5385%
P: CCCTAGCGTAACTCTCGAGGTAGTA
<- Aln:   0	0	10	14	24	0	11= ->
P:16/61.5385%	D:11/100%
D: CCCTAGCGTAACTCTCGAGACGACG
<- Aln:   0	0	10	14	24	0	11= ->
Pattern:	1-2
#211
P:11/100%	D:8/88.8889%
P: CCCTAGCGTAACTCTCGAGGTAGTA
<- Aln:   0	0	10	14	24	0	11= ->
P:11/61.1111%	D:11/100%
D: CCCTAGCGTAACTCTCGAGACGACG
<- Aln:   0	0	10	14	24	0	11= ->
Pattern:	1-2
#212
P:11/100%	D:11/55%
P: CCCTAGCGTAACTCTCGAGGTAGTA
<- Aln:   0	0	10	14	24	0	11= ->
P:9/81.8182%	D:11/100%
D: CCCTAGCGTAACTCTCGAGACGACG
<- Aln:   0	0	10	14	24	0	11= ->
Pattern:	1-2
#213
P:11/100%	D:10/62.5%
P: CCCTAGCGTAACTCTCGAGGTAGTA
<- Aln:   0	0	10	14	24	0	11= ->
P:9/69.2308%	D:11/100%
D: CCCTAGCGTAACTCTCGAGACGACG
<- Aln:   0	0	10	14	24	0	11= ->
Pattern:	1-2
#214
P:11/100%	D:8/66.6667%
P: CCCTAGCGTAACTCTCGAGGTAGTA
<- Aln:   0	0	10	14	24	0	11= ->
P:11/100%	D:13/59.0909%
P: CCCTAGCGTAACTCTCGAGGTAGTA
<- Aln:   0	0	10	14	24	0	11= ->
Pattern:	1-1
#215
P:14/56%	D:11/100%
D: CCCTAGCGTAACTCTCGAGACGACG
<- Aln:   0	0	10	14	24	0	11= ->
P:11/100%	D:7/58.3333%
P: CCCTAGCGTAACTCTCGAGGTAGTA
<- Aln:   0	0	10	14	24	0	11= ->
Pattern:	2-1
#216
P:11/61.1111%	D:11/100%
D: CCCTAGCGTAACTCTCGAGACGACG
<- Aln:   0	0	10	14	24	0	11= ->
P:11/100%	D:13/61.9048%
P: CCCTAGCGTAACTCTCGAGGTAGTA
<- Aln:   0	0	10	14	24	0	11= ->
Pattern:	2-1
#217
P:7/87.5%	D:11/100%
D: CCCTAGCGTAACTCTCGAGACGACG
<- Aln:   0	0	10	14	24	0	11= ->
P:11/100%	D:12/57.1429%
P: CCCTAGCGTAACTCTCGAGGTAGTA
<- Aln:   0	0	10	14	24	0	11= ->
Pattern:	2-1
#218
P:11/100%	D:10/52.6316%
P: CCCTAGCGTAACTCTCGAGGTAGTA
<- Aln:   0	0	10	14	24	0	11= ->
P:12/60%	D:11/100%
D: CCCTAGCGTAACTCTCGAGACGACG
<- Aln:   0	0	10	14	24	0	11= ->
Pattern:	1-2
#219
P:8/100%	D:13/59.0909%
No hit
<- Aln:   16	0	7	14	21	0	14S8=3S ->
<- Aln:   15	6	27	3	23	9	3S2=1X1=2X3=2D1=1X1=1X3=1I1X3=1S ->
P:12/54.5455%	D:11/100%
D: CCCTAGCGTAACTCTCGAGACGACG
<- Aln:   0	0	10	14	24	0	11= ->
Pattern:	0-2
#220
P:11/100%	D:10/71.4286%
P: CCCTAGCGTAACTCTCGAGGTAGTA
<- Aln:   0	0	10	14	24	0	11= ->
P:5/100%	D:11/100%
D: CCCTAGCGTAACTCTCGAGACGACG
<- Aln:   0	0	10	14	24	0	11= ->
Pattern:	1-2
#221
P:15/78.9474%	D:11/100%
D: CCCTAGCGTAACTCTCGAGACGACG
<- Aln:   0	0	10	14	24	0	11= ->
P:7/77.7778%	D:7/63.6364%
No hit
<- Aln:   12	52	60	11	19	2	11S3=1X2=1X2=5S ->
<- Aln:   10	26	36	12	22	4	12S1=1X1=1X1=1X2=1X2=2S ->
Pattern:	2-0
#222
P:14/60.8696%	D:11/100%
D: CCCTAGCGTAACTCTCGAGACGACG
<- Aln:   0	0	10	14	24	0	11= ->
P:10/90.9091%	D:9/69.2308%
P: CCCTAGCGTAACTCTCGAGGTAGTA
<- Aln:   19	0	10	14	24	1	14S8=1X2= ->
Pattern:	2-1
#223
P:11/100%	D:10/58.8235%
P: CCCTAGCGTAACTCTCGAGGTAGTA
<- Aln:   0	0	10	14	24	0	11= ->
P:10/90.9091%	D:7/70%
P: CCCTAGCGTAACTCTCGAGGTAGTA
<- Aln:   20	0	10	14	24	1	14S3=1X7= ->
Pattern:	1-1
#224
P:11/100%	D:13/68.4211%
P: CCCTAGCGTAACTCTCGAGGTAGTA
<- Aln:   0	0	10	14	24	0	11= ->
P:13/54.1667%	D:10/90.9091%
D: CCCTAGCGTAACTCTCGAGACGACG
<- Aln:   20	0	10	14	24	1	14S3=1X7= ->
Pattern:	1-2
#225
P:11/100%	D:12/63.1579%
P: CCCTAGCGTAACTCTCGAGGTAGTA
<- Aln:   0	0	10	14	24	0	11= ->
P:13/59.0909%	D:11/100%
D: CCCTAGCGTAACTCTCGAGACGACG
<- Aln:   0	0	10	14	24	0	11= ->
Pattern:	1-2
#226
P:12/60%	D:11/100%
D: CCCTAGCGTAACTCTCGAGACGACG
<- Aln:   0	0	10	14	24	0	11= ->
P:10/90.9091%	D:12/63.1579%
P: CCCTAGCGTAACTCTCGAGGTAGTA
<- Aln:   19	0	10	14	24	1	14S6=1X4= ->
Pattern:	2-1
#227
P:13/56.5217%	D:11/100%
D: CCCTAGCGTAACTCTCGAGACGACG
<- Aln:   0	0	10	14	24	0	11= ->
P:10/100%	D:12/60%
P: CCCTAGCGTAACTCTCGAGGTAGTA
<- Aln:   20	0	9	14	23	0	14S10=1S ->
Pattern:	2-1
#228
P:16/59.2593%	D:7/100%
No hit
<- Aln:   15	31	57	4	24	11	4S2=2X5=2D1=3D2=3X2=1D4= ->
<- Aln:   14	0	6	14	20	0	14S7=4S ->
P:11/61.1111%	D:11/100%
D: CCCTAGCGTAACTCTCGAGACGACG
<- Aln:   0	0	10	14	24	0	11= ->
Pattern:	0-2
#229
P:8/88.8889%	D:12/63.1579%
No hit
<- Aln:   15	0	8	14	23	1	14S6=1I3=1S ->
<- Aln:   15	20	38	2	20	7	2S2=1X1=1I1=1X3=1D1=3X5=4S ->
P:8/53.3333%	D:11/100%
D: CCCTAGCGTAACTCTCGAGACGACG
<- Aln:   0	0	10	14	24	0	11= ->
Pattern:	0-2
#230
P:11/100%	D:11/55%
P: CCCTAGCGTAACTCTCGAGGTAGTA
<- Aln:   0	0	10	14	24	0	11= ->
P:9/56.25%	D:11/100%
D: CCCTAGCGTAACTCTCGAGACGACG
<- Aln:   0	0	10	14	24	0	11= ->
Pattern:	1-2
#231
P:11/100%	D:16/64%
P: CCCTAGCGTAACTCTCGAGGTAGTA
<- Aln:   0	0	10	14	24	0	11= ->
P:14/58.3333%	D:11/100%
D: CCCTAGCGTAACTCTCGAGACGACG
<- Aln:   0	0	10	14	24	0	11= ->
Pattern:	1-2
#232
P:5/100%	D:11/100%
D: CCCTAGCGTAACTCTCGAGACGACG
<- Aln:   0	0	10	14	24	0	11= ->
P:10/90.9091%	D:9/56.25%
P: CCCTAGCGTAACTCTCGAGGTAGTA
<- Aln:   20	0	10	14	24	1	14S3=1X7= ->
Pattern:	2-1
#233
P:11/100%	D:10/66.6667%
P: CCCTAGCGTAACTCTCGAGGTAGTA
<- Aln:   0	0	10	14	24	0	11= ->
P:10/55.5556%	D:10/90.9091%
D: CCCTAGCGTAACTCTCGAGACGACG
<- Aln:   20	0	10	14	24	1	14S3=1X7= ->
Pattern:	1-2
#234
P:8/72.7273%	D:11/100%
D: CCCTAGCGTAACTCTCGAGACGACG
<- Aln:   0	0	10	14	24	0	11= ->
P:10/90.9091%	D:14/58.3333%
P: CCCTAGCGTAACTCTCGAGGTAGTA
<- Aln:   20	0	10	14	24	1	14S3=1X7= ->
Pattern:	2-1
#235
P:11/100%	D:11/78.5714%
P: CCCTAGCGTAACTCTCGAGGTAGTA
<- Aln:   0	0	10	14	24	0	11= ->
P:13/56.5217%	D:11/100%
D: CCCTAGCGTAACTCTCGAGACGACG
<- Aln:   0	0	10	14	24	0	11= ->
Pattern:	1-2
#236
P:11/100%	D:11/73.3333%
P: CCCTAGCGTAACTCTCGAGGTAGTA
<- Aln:   0	0	10	14	24	0	11= ->
P:11/57.8947%	D:11/100%
D: CCCTAGCGTAACTCTCGAGACGACG
<- Aln:   0	0	10	14	24	0	11= ->
Pattern:	1-2
#237
P:11/100%	D:12/57.1429%
P: CCCTAGCGTAACTCTCGAGGTAGTA
<- Aln:   0	0	10	14	24	0	11= ->
P:11/100%	D:14/70%
P: CCCTAGCGTAACTCTCGAGGTAGTA
<- Aln:   0	0	10	14	24	0	11= ->
Pattern:	1-1
#238
P:10/66.6667%	D:11/100%
D: CCCTAGCGTAACTCTCGAGACGACG
<- Aln:   0	0	10	14	24	0	11= ->
P:11/100%	D:8/72.7273%
P: CCCTAGCGTAACTCTCGAGGTAGTA
<- Aln:   0	0	10	14	24	0	11= ->
Pattern:	2-1
#239
P:11/100%	D:16/66.6667%
P: CCCTAGCGTAACTCTCGAGGTAGTA
<- Aln:   0	0	10	14	24	0	11= ->
P:10/52.6316%	D:11/100%
D: CCCTAGCGTAACTCTCGAGACGACG
<- Aln:   0	0	10	14	24	0	11= ->
Pattern:	1-2
#240
P:11/100%	D:14/56%
P: CCCTAGCGTAACTCTCGAGGTAGTA
<- Aln:   0	0	10	14	24	0	11= ->
P:9/81.8182%	D:11/100%
D: CCCTAGCGTAACTCTCGAGACGACG
<- Aln:   0	0	10	14	24	0	11= ->
Pattern:	1-2
#241
P:7/87.5%	D:11/100%
D: CCCTAGCGTAACTCTCGAGACGACG
<- Aln:   0	0	10	14	24	0	11= ->
P:11/100%	D:11/61.1111%
P: CCCTAGCGTAACTCTCGAGGTAGTA
<- Aln:   0	0	10	14	24	0	11= ->
Pattern:	2-1
#242
P:16/64%	D:11/100%
D: CCCTAGCGTAACTCTCGAGACGACG
<- Aln:   0	0	10	14	24	0	11= ->
P:11/61.1111%	D:11/55%
No hit
<- Aln:   19	22	39	1	22	7	1S5=1I2=1X1=3I1=1X3=1X3=2S ->
<- Aln:   15	22	41	1	23	9	1S5=1I2=1X1=3I1=1X3=1D2X3=1S ->
Pattern:	2-0
#243
P:11/100%	D:12/60%
P: CCCTAGCGTAACTCTCGAGGTAGTA
<- Aln:   0	0	10	14	24	0	11= ->
P:13/68.4211%	D:11/100%
D: CCCTAGCGTAACTCTCGAGACGACG
<- Aln:   0	0	10	14	24	0	11= ->
Pattern:	1-2
#244
P:17/100%	D:23/100%
D: CCCTAGCGTAACTCTCGAGACGACG
<- Aln:   46	0	22	2	24	0	2S23= ->
P:11/100%	D:7/87.5%
P: CCCTAGCGTAACTCTCGAGGTAGTA
<- Aln:   0	0	10	14	24	0	11= ->
Pattern:	2-1
#245
P:11/100%	D:7/77.7778%
P: CCCTAGCGTAACTCTCGAGGTAGTA
<- Aln:   0	0	10	14	24	0	11= ->
P:14/53.8462%	D:11/100%
D: CCCTAGCGTAACTCTCGAGACGACG
<- Aln:   0	0	10	14	24	0	11= ->
Pattern:	1-2
#246
P:11/100%	D:10/66.6667%
P: CCCTAGCGTAACTCTCGAGGTAGTA
<- Aln:   0	0	10	14	24	0	11= ->
P:15/60%	D:11/100%
D: CCCTAGCGTAACTCTCGAGACGACG
<- Aln:   0	0	10	14	24	0	11= ->
Pattern:	1-2
#247
P:11/100%	D:12/70.5882%
P: CCCTAGCGTAACTCTCGAGGTAGTA
<- Aln:   0	0	10	14	24	0	11= ->
P:10/66.6667%	D:11/100%
D: CCCTAGCGTAACTCTCGAGACGACG
<- Aln:   0	0	10	14	24	0	11= ->
Pattern:	1-2
#248
P:11/100%	D:9/64.2857%
P: CCCTAGCGTAACTCTCGAGGTAGTA
<- Aln:   0	0	10	14	24	0	11= ->
P:9/60%	D:11/100%
D: CCCTAGCGTAACTCTCGAGACGACG
<- Aln:   0	0	10	14	24	0	11= ->
Pattern:	1-2
#249
P:9/69.2308%	D:11/100%
D: CCCTAGCGTAACTCTCGAGACGACG
<- Aln:   0	0	10	14	24	0	11= ->
P:10/90.9091%	D:9/75%
P: CCCTAGCGTAACTCTCGAGGTAGTA
<- Aln:   20	0	10	14	24	1	14S3=1X7= ->
Pattern:	2-1
#250
P:11/100%	D:14/63.6364%
P: CCCTAGCGTAACTCTCGAGGTAGTA
<- Aln:   0	0	10	14	24	0	11= ->
P:7/50%	D:10/90.9091%
D: CCCTAGCGTAACTCTCGAGACGACG
<- Aln:   20	0	10	14	24	1	14S3=1X7= ->
Pattern:	1-2
#251
P:11/73.3333%	D:11/100%
D: CCCTAGCGTAACTCTCGAGACGACG
<- Aln:   0	0	10	14	24	0	11= ->
P:11/100%	D:14/60.8696%
P: CCCTAGCGTAACTCTCGAGGTAGTA
<- Aln:   0	0	10	14	24	0	11= ->
Pattern:	2-1
#252
P:8/72.7273%	D:11/100%
D: CCCTAGCGTAACTCTCGAGACGACG
<- Aln:   0	0	10	14	24	0	11= ->
P:11/100%	D:11/57.8947%
P: CCCTAGCGTAACTCTCGAGGTAGTA
<- Aln:   0	0	10	14	24	0	11= ->
Pattern:	2-1
#253
P:11/100%	D:7/31.8182%
P: CCCTAGCGTAACTCTCGAGGTAGTA
<- Aln:   0	0	10	14	24	0	11= ->
P:11/55%	D:11/100%
D: CCCTAGCGTAACTCTCGAGACGACG
<- Aln:   0	0	10	14	24	0	11= ->
Pattern:	1-2
#254
P:11/100%	D:10/66.6667%
P: CCCTAGCGTAACTCTCGAGGTAGTA
<- Aln:   0	0	10	14	24	0	11= ->
P:10/62.5%	D:11/100%
D: CCCTAGCGTAACTCTCGAGACGACG
<- Aln:   0	0	10	14	24	0	11= ->
Pattern:	1-2
#255
P:15/62.5%	D:10/90.9091%
D: CCCTAGCGTAACTCTCGAGACGACG
<- Aln:   19	0	10	14	24	1	14S9=1X1= ->
P:10/100%	D:9/69.2308%
P: CCCTAGCGTAACTCTCGAGGTAGTA
<- Aln:   20	0	9	14	23	0	14S10=1S ->
Pattern:	2-1
#256
P:10/100%	D:13/72.2222%
P: CCCTAGCGTAACTCTCGAGGTAGTA
<- Aln:   20	0	9	14	23	0	14S10=1S ->
P:13/56.5217%	D:11/100%
D: CCCTAGCGTAACTCTCGAGACGACG
<- Aln:   0	0	10	14	24	0	11= ->
Pattern:	1-2
#257
P:11/57.8947%	D:11/100%
D: CCCTAGCGTAACTCTCGAGACGACG
<- Aln:   0	0	10	14	24	0	11= ->
P:11/100%	D:11/55%
P: CCCTAGCGTAACTCTCGAGGTAGTA
<- Aln:   0	0	10	14	24	0	11= ->
Pattern:	2-1
#258
P:11/68.75%	D:11/100%
D: CCCTAGCGTAACTCTCGAGACGACG
<- Aln:   0	0	10	14	24	0	11= ->
P:11/100%	D:14/60.8696%
P: CCCTAGCGTAACTCTCGAGGTAGTA
<- Aln:   0	0	10	14	24	0	11= ->
Pattern:	2-1
#259
P:17/100%	D:23/100%
D: CCCTAGCGTAACTCTCGAGACGACG
<- Aln:   46	0	22	2	24	0	2S23= ->
P:11/100%	D:12/66.6667%
P: CCCTAGCGTAACTCTCGAGGTAGTA
<- Aln:   0	0	10	14	24	0	11= ->
Pattern:	2-1
#260
P:11/100%	D:9/52.9412%
P: CCCTAGCGTAACTCTCGAGGTAGTA
<- Aln:   0	0	10	14	24	0	11= ->
P:11/100%	D:11/57.8947%
P: CCCTAGCGTAACTCTCGAGGTAGTA
<- Aln:   0	0	10	14	24	0	11= ->
Pattern:	1-1
#261
P:11/100%	D:5/100%
P: CCCTAGCGTAACTCTCGAGGTAGTA
<- Aln:   0	0	10	14	24	0	11= ->
P:11/61.1111%	D:10/90.9091%
D: CCCTAGCGTAACTCTCGAGACGACG
<- Aln:   20	0	10	14	24	1	14S3=1X7= ->
Pattern:	1-2
#262
P:13/48.1481%	D:11/100%
D: CCCTAGCGTAACTCTCGAGACGACG
<- Aln:   0	0	10	14	24	0	11= ->
P:11/100%	D:9/60%
P: CCCTAGCGTAACTCTCGAGGTAGTA
<- Aln:   0	0	10	14	24	0	11= ->
Pattern:	2-1
#263
P:11/100%	D:15/62.5%
P: CCCTAGCGTAACTCTCGAGGTAGTA
<- Aln:   0	0	10	14	24	0	11= ->
P:12/57.1429%	D:11/100%
D: CCCTAGCGTAACTCTCGAGACGACG
<- Aln:   0	0	10	14	24	0	11= ->
Pattern:	1-2
#264
P:15/65.2174%	D:11/100%
D: CCCTAGCGTAACTCTCGAGACGACG
<- Aln:   0	0	10	14	24	0	11= ->
P:11/100%	D:10/52.6316%
P: CCCTAGCGTAACTCTCGAGGTAGTA
<- Aln:   0	0	10	14	24	0	11= ->
Pattern:	2-1
#265
P:11/100%	D:9/64.2857%
P: CCCTAGCGTAACTCTCGAGGTAGTA
<- Aln:   0	0	10	14	24	0	11= ->
P:13/61.9048%	D:11/100%
D: CCCTAGCGTAACTCTCGAGACGACG
<- Aln:   0	0	10	14	24	0	11= ->
Pattern:	1-2
#266
P:25/100%	D:19/100%
P: CCCTAGCGTAACTCTCGAGGTAGTA
<- Aln:   0	0	24	0	24	0	25= ->
P:17/100%	D:23/100%
D: CCCTAGCGTAACTCTCGAGACGACG
<- Aln:   46	0	22	2	24	0	2S23= ->
Pattern:	1-2
#267
P:11/55%	D:11/100%
D: CCCTAGCGTAACTCTCGAGACGACG
<- Aln:   0	0	10	14	24	0	11= ->
P:11/100%	D:13/65%
P: CCCTAGCGTAACTCTCGAGGTAGTA
<- Aln:   0	0	10	14	24	0	11= ->
Pattern:	2-1
#268
P:11/61.1111%	D:11/100%
D: CCCTAGCGTAACTCTCGAGACGACG
<- Aln:   0	0	10	14	24	0	11= ->
P:11/100%	D:10/71.4286%
P: CCCTAGCGTAACTCTCGAGGTAGTA
<- Aln:   0	0	10	14	24	0	11= ->
Pattern:	2-1
#269
P:7/70%	D:11/100%
D: CCCTAGCGTAACTCTCGAGACGACG
<- Aln:   0	0	10	14	24	0	11= ->
P:11/100%	D:8/61.5385%
P: CCCTAGCGTAACTCTCGAGGTAGTA
<- Aln:   0	0	10	14	24	0	11= ->
Pattern:	2-1
#270
P:11/100%	D:7/77.7778%
P: CCCTAGCGTAACTCTCGAGGTAGTA
<- Aln:   0	0	10	14	24	0	11= ->
P:11/100%	D:14/63.6364%
P: CCCTAGCGTAACTCTCGAGGTAGTA
<- Aln:   0	0	10	14	24	0	11= ->
Pattern:	1-1
#271
P:11/100%	D:5/100%
P: CCCTAGCGTAACTCTCGAGGTAGTA
<- Aln:   0	0	10	14	24	0	11= ->
P:14/63.6364%	D:10/90.9091%
D: CCCTAGCGTAACTCTCGAGACGACG
<- Aln:   20	0	10	14	24	1	14S3=1X7= ->
Pattern:	1-2
#272
P:7/70%	D:11/100%
D: CCCTAGCGTAACTCTCGAGACGACG
<- Aln:   0	0	10	14	24	0	11= ->
P:9/90%	D:9/64.2857%
P: CCCTAGCGTAACTCTCGAGGTAGTA
<- Aln:   18	0	9	14	23	1	14S3=1X6=1S ->
Pattern:	2-1
#273
P:7/46.6667%	D:11/100%
D: CCCTAGCGTAACTCTCGAGACGACG
<- Aln:   0	0	10	14	24	0	11= ->
P:11/100%	D:11/55%
P: CCCTAGCGTAACTCTCGAGGTAGTA
<- Aln:   0	0	10	14	24	0	11= ->
Pattern:	2-1
#274
P:16/61.5385%	D:11/100%
D: CCCTAGCGTAACTCTCGAGACGACG
<- Aln:   0	0	10	14	24	0	11= ->
P:11/100%	D:11/61.1111%
P: CCCTAGCGTAACTCTCGAGGTAGTA
<- Aln:   0	0	10	14	24	0	11= ->
Pattern:	2-1
#275
P:11/100%	D:14/73.6842%
P: CCCTAGCGTAACTCTCGAGGTAGTA
<- Aln:   0	0	10	14	24	0	11= ->
P:9/69.2308%	D:11/100%
D: CCCTAGCGTAACTCTCGAGACGACG
<- Aln:   0	0	10	14	24	0	11= ->
Pattern:	1-2
#276
P:11/61.1111%	D:11/100%
D: CCCTAGCGTAACTCTCGAGACGACG
<- Aln:   0	0	10	14	24	0	11= ->
P:11/100%	D:13/59.0909%
P: CCCTAGCGTAACTCTCGAGGTAGTA
<- Aln:   0	0	10	14	24	0	11= ->
Pattern:	2-1
#277
P:11/100%	D:13/65%
P: CCCTAGCGTAACTCTCGAGGTAGTA
<- Aln:   0	0	10	14	24	0	11= ->
P:11/64.7059%	D:11/100%
D: CCCTAGCGTAACTCTCGAGACGACG
<- Aln:   0	0	10	14	24	0	11= ->
Pattern:	1-2
#278
P:11/100%	D:8/66.6667%
P: CCCTAGCGTAACTCTCGAGGTAGTA
<- Aln:   0	0	10	14	24	0	11= ->
P:10/66.6667%	D:11/100%
D: CCCTAGCGTAACTCTCGAGACGACG
<- Aln:   0	0	10	14	24	0	11= ->
Pattern:	1-2
#279
P:11/100%	D:5/100%
P: CCCTAGCGTAACTCTCGAGGTAGTA
<- Aln:   0	0	10	14	24	0	11= ->
P:10/76.9231%	D:10/90.9091%
D: CCCTAGCGTAACTCTCGAGACGACG
<- Aln:   20	0	10	14	24	1	14S3=1X7= ->
Pattern:	1-2
#280
P:11/100%	D:5/100%
P: CCCTAGCGTAACTCTCGAGGTAGTA
<- Aln:   0	0	10	14	24	0	11= ->
P:17/100%	D:23/100%
D: CCCTAGCGTAACTCTCGAGACGACG
<- Aln:   46	0	22	2	24	0	2S23= ->
Pattern:	1-2
#281
P:11/100%	D:14/63.6364%
P: CCCTAGCGTAACTCTCGAGGTAGTA
<- Aln:   0	0	10	14	24	0	11= ->
P:14/56%	D:11/100%
D: CCCTAGCGTAACTCTCGAGACGACG
<- Aln:   0	0	10	14	24	0	11= ->
Pattern:	1-2
#282
P:12/63.1579%	D:11/100%
D: CCCTAGCGTAACTCTCGAGACGACG
<- Aln:   0	0	10	14	24	0	11= ->
P:13/59.0909%	D:13/68.4211%
No hit
<- Aln:   17	33	54	0	24	9	1=1X3=1I1X2=1I2=1X3=1I2=1X1=2X2= ->
<- Aln:   16	42	60	0	15	6	4=1D2=2D1=1X2=1X3=1X1=9S ->
Pattern:	2-0
#283
P:11/100%	D:13/59.0909%
P: CCCTAGCGTAACTCTCGAGGTAGTA
<- Aln:   0	0	10	14	24	0	11= ->
P:11/100%	D:14/60.8696%
P: CCCTAGCGTAACTCTCGAGGTAGTA
<- Aln:   0	0	10	14	24	0	11= ->
Pattern:	1-1
#284
P:25/100%	D:19/100%
P: CCCTAGCGTAACTCTCGAGGTAGTA
<- Aln:   0	0	24	0	24	0	25= ->
P:17/94.4444%	D:23/95.8333%
D: CCCTAGCGTAACTCTCGAGACGACG
<- Aln:   43	0	23	2	24	1	2S14=1D9= ->
Pattern:	1-2
#285
P:13/61.9048%	D:11/100%
D: CCCTAGCGTAACTCTCGAGACGACG
<- Aln:   0	0	10	14	24	0	11= ->
P:25/100%	D:19/100%
P: CCCTAGCGTAACTCTCGAGGTAGTA
<- Aln:   0	0	24	0	24	0	25= ->
Pattern:	2-1
#286
P:11/100%	D:9/56.25%
P: CCCTAGCGTAACTCTCGAGGTAGTA
<- Aln:   0	0	10	14	24	0	11= ->
P:5/100%	D:11/100%
D: CCCTAGCGTAACTCTCGAGACGACG
<- Aln:   0	0	10	14	24	0	11= ->
Pattern:	1-2
#287
P:13/56.5217%	D:11/100%
D: CCCTAGCGTAACTCTCGAGACGACG
<- Aln:   0	0	10	14	24	0	11= ->
P:11/100%	D:15/65.2174%
P: CCCTAGCGTAACTCTCGAGGTAGTA
<- Aln:   0	0	10	14	24	0	11= ->
Pattern:	2-1
#288
P:8/88.8889%	D:10/62.5%
No hit
<- Aln:   15	0	8	14	23	1	14S7=1I2=1S ->
<- Aln:   12	9	24	3	19	6	3S1=1X2=1D2=1X1=1I1X1=1I5=5S ->
P:10/62.5%	D:10/90.9091%
D: CCCTAGCGTAACTCTCGAGACGACG
<- Aln:   20	0	10	14	24	1	14S3=1X7= ->
Pattern:	0-2
#289
P:7/46.6667%	D:11/100%
D: CCCTAGCGTAACTCTCGAGACGACG
<- Aln:   0	0	10	14	24	0	11= ->
P:10/90.9091%	D:12/70.5882%
P: CCCTAGCGTAACTCTCGAGGTAGTA
<- Aln:   20	0	10	14	24	1	14S3=1X7= ->
Pattern:	2-1
#290
P:11/100%	D:9/56.25%
P: CCCTAGCGTAACTCTCGAGGTAGTA
<- Aln:   0	0	10	14	24	0	11= ->
P:7/87.5%	D:11/100%
D: CCCTAGCGTAACTCTCGAGACGACG
<- Aln:   0	0	10	14	24	0	11= ->
Pattern:	1-2
#291
P:10/62.5%	D:11/100%
D: CCCTAGCGTAACTCTCGAGACGACG
<- Aln:   0	0	10	14	24	0	11= ->
P:11/100%	D:14/56%
P: CCCTAGCGTAACTCTCGAGGTAGTA
<- Aln:   0	0	10	14	24	0	11= ->
Pattern:	2-1
#292
P:11/100%	D:18/60%
P: CCCTAGCGTAACTCTCGAGGTAGTA
<- Aln:   0	0	10	14	24	0	11= ->
P:11/68.75%	D:11/100%
D: CCCTAGCGTAACTCTCGAGACGACG
<- Aln:   0	0	10	14	24	0	11= ->
Pattern:	1-2
#293
P:10/50%	D:11/100%
D: CCCTAGCGTAACTCTCGAGACGACG
<- Aln:   0	0	10	14	24	0	11= ->
P:11/100%	D:11/57.8947%
P: CCCTAGCGTAACTCTCGAGGTAGTA
<- Aln:   0	0	10	14	24	0	11= ->
Pattern:	2-1
#294
P:11/100%	D:13/61.9048%
P: CCCTAGCGTAACTCTCGAGGTAGTA
<- Aln:   0	0	10	14	24	0	11= ->
P:7/50%	D:11/100%
D: CCCTAGCGTAACTCTCGAGACGACG
<- Aln:   0	0	10	14	24	0	11= ->
Pattern:	1-2
#295
P:13/61.9048%	D:11/100%
D: CCCTAGCGTAACTCTCGAGACGACG
<- Aln:   0	0	10	14	24	0	11= ->
P:11/100%	D:5/100%
P: CCCTAGCGTAACTCTCGAGGTAGTA
<- Aln:   0	0	10	14	24	0	11= ->
Pattern:	2-1
#296
P:11/100%	D:14/56%
P: CCCTAGCGTAACTCTCGAGGTAGTA
<- Aln:   0	0	10	14	24	0	11= ->
P:5/100%	D:11/100%
D: CCCTAGCGTAACTCTCGAGACGACG
<- Aln:   0	0	10	14	24	0	11= ->
Pattern:	1-2
#297
P:9/60%	D:11/100%
D: CCCTAGCGTAACTCTCGAGACGACG
<- Aln:   0	0	10	14	24	0	11= ->
P:11/100%	D:12/60%
P: CCCTAGCGTAACTCTCGAGGTAGTA
<- Aln:   0	0	10	14	24	0	11= ->
Pattern:	2-1
#298
P:15/62.5%	D:11/100%
D: CCCTAGCGTAACTCTCGAGACGACG
<- Aln:   0	0	10	14	24	0	11= ->
P:11/100%	D:12/63.1579%
P: CCCTAGCGTAACTCTCGAGGTAGTA
<- Aln:   0	0	10	14	24	0	11= ->
Pattern:	2-1
#299
P:11/100%	D:11/73.3333%
P: CCCTAGCGTAACTCTCGAGGTAGTA
<- Aln:   0	0	10	14	24	0	11= ->
P:11/64.7059%	D:11/100%
D: CCCTAGCGTAACTCTCGAGACGACG
<- Aln:   0	0	10	14	24	0	11= ->
Pattern:	1-2
#300
P:11/100%	D:12/60%
P: CCCTAGCGTAACTCTCGAGGTAGTA
<- Aln:   0	0	10	14	24	0	11= ->
P:9/60%	D:11/100%
D: CCCTAGCGTAACTCTCGAGACGACG
<- Aln:   0	0	10	14	24	0	11= ->
Pattern:	1-2
#301
P:5/100%	D:11/100%
D: CCCTAGCGTAACTCTCGAGACGACG
<- Aln:   0	0	10	14	24	0	11= ->
P:10/90.9091%	D:15/65.2174%
P: CCCTAGCGTAACTCTCGAGGTAGTA
<- Aln:   20	0	10	14	24	1	14S3=1X7= ->
Pattern:	2-1
#302
P:24/96%	D:19/100%
P: CCCTAGCGTAACTCTCGAGGTAGTA
<- Aln:   47	0	24	0	24	1	20=1X4= ->
P:11/100%	D:11/61.1111%
P: CCCTAGCGTAACTCTCGAGGTAGTA
<- Aln:   0	0	10	14	24	0	11= ->
Pattern:	1-1
#303
P:8/66.6667%	D:8/66.6667%
No hit
<- Aln:   12	6	17	3	14	4	3S2=2X1=1X2=1X3=10S ->
<- Aln:   12	6	17	3	14	4	3S2=2X1=1X2=1X3=10S ->
P:11/100%	D:15/55.5556%
P: CCCTAGCGTAACTCTCGAGGTAGTA
<- Aln:   0	0	10	14	24	0	11= ->
Pattern:	0-1
#304
P:9/56.25%	D:11/100%
D: CCCTAGCGTAACTCTCGAGACGACG
<- Aln:   0	0	10	14	24	0	11= ->
P:9/90%	D:14/60.8696%
P: CCCTAGCGTAACTCTCGAGGTAGTA
<- Aln:   17	0	9	14	24	1	14S4=1I6= ->
Pattern:	2-1
#305
P:11/100%	D:12/70.5882%
P: CCCTAGCGTAACTCTCGAGGTAGTA
<- Aln:   0	0	10	14	24	0	11= ->
P:12/57.1429%	D:12/60%
No hit
<- Aln:   13	29	49	0	20	9	2=1X2=1D1=1X3=2X1=1I1=1X1=1X1=1X1=4S ->
<- Aln:   14	29	48	0	19	8	2=1X2=1D1=1X3=2X1=1I1=1X1=1X2=5S ->
Pattern:	1-0
#306
P:14/63.6364%	D:11/100%
D: CCCTAGCGTAACTCTCGAGACGACG
<- Aln:   0	0	10	14	24	0	11= ->
P:25/100%	D:19/100%
P: CCCTAGCGTAACTCTCGAGGTAGTA
<- Aln:   0	0	24	0	24	0	25= ->
Pattern:	2-1
#307
P:16/64%	D:11/100%
D: CCCTAGCGTAACTCTCGAGACGACG
<- Aln:   0	0	10	14	24	0	11= ->
P:11/100%	D:12/60%
P: CCCTAGCGTAACTCTCGAGGTAGTA
<- Aln:   0	0	10	14	24	0	11= ->
Pattern:	2-1
#308
P:11/100%	D:13/56.5217%
P: CCCTAGCGTAACTCTCGAGGTAGTA
<- Aln:   0	0	10	14	24	0	11= ->
P:9/64.2857%	D:9/100%
No hit
<- Aln:   11	23	36	2	14	5	2S3=2X1=1X1=1X1=1D3=10S ->
<- Aln:   18	0	8	14	22	0	14S9=2S ->
Pattern:	1-0
#309
P:11/100%	D:11/52.381%
P: CCCTAGCGTAACTCTCGAGGTAGTA
<- Aln:   0	0	10	14	24	0	11= ->
P:7/77.7778%	D:11/100%
D: CCCTAGCGTAACTCTCGAGACGACG
<- Aln:   0	0	10	14	24	0	11= ->
Pattern:	1-2
#310
P:11/100%	D:11/61.1111%
P: CCCTAGCGTAACTCTCGAGGTAGTA
<- Aln:   0	0	10	14	24	0	11= ->
P:12/60%	D:11/100%
D: CCCTAGCGTAACTCTCGAGACGACG
<- Aln:   0	0	10	14	24	0	11= ->
Pattern:	1-2
#311
P:12/52.1739%	D:11/100%
D: CCCTAGCGTAACTCTCGAGACGACG
<- Aln:   0	0	10	14	24	0	11= ->
P:10/90.9091%	D:12/54.5455%
P: CCCTAGCGTAACTCTCGAGGTAGTA
<- Aln:   20	0	10	14	24	1	14S3=1X7= ->
Pattern:	2-1
#312
P:9/60%	D:11/100%
D: CCCTAGCGTAACTCTCGAGACGACG
<- Aln:   0	0	10	14	24	0	11= ->
P:10/100%	D:8/61.5385%
P: CCCTAGCGTAACTCTCGAGGTAGTA
<- Aln:   20	0	9	14	23	0	14S10=1S ->
Pattern:	2-1
#313
P:17/100%	D:23/100%
D: CCCTAGCGTAACTCTCGAGACGACG
<- Aln:   46	0	22	2	24	0	2S23= ->
P:25/100%	D:19/100%
P: CCCTAGCGTAACTCTCGAGGTAGTA
<- Aln:   0	0	24	0	24	0	25= ->
Pattern:	2-1
#314
P:11/100%	D:9/56.25%
P: CCCTAGCGTAACTCTCGAGGTAGTA
<- Aln:   0	0	10	14	24	0	11= ->
P:10/71.4286%	D:9/100%
No hit
<- Aln:   14	1	14	2	15	4	2S1=1X2=1D2=1I4=1X2=9S ->
<- Aln:   18	0	8	14	22	0	14S9=2S ->
Pattern:	1-0
#315
P:17/100%	D:23/100%
D: CCCTAGCGTAACTCTCGAGACGACG
<- Aln:   46	0	22	2	24	0	2S23= ->
P:11/100%	D:12/57.1429%
P: CCCTAGCGTAACTCTCGAGGTAGTA
<- Aln:   0	0	10	14	24	0	11= ->
Pattern:	2-1
#316
P:11/100%	D:12/54.5455%
P: CCCTAGCGTAACTCTCGAGGTAGTA
<- Aln:   0	0	10	14	24	0	11= ->
P:11/50%	D:11/100%
D: CCCTAGCGTAACTCTCGAGACGACG
<- Aln:   0	0	10	14	24	0	11= ->
Pattern:	1-2
#317
P:11/50%	D:6/85.7143%
No hit
<- Aln:   13	29	50	1	23	11	1S3=3D3=3I3=1I2=3X3=1X1=1S ->
<- Aln:   11	0	6	14	20	1	14S5=1X1=4S ->
P:11/100%	D:15/57.6923%
P: CCCTAGCGTAACTCTCGAGGTAGTA
<- Aln:   0	0	10	14	24	0	11= ->
Pattern:	0-1
#318
P:11/100%	D:10/55.5556%
P: CCCTAGCGTAACTCTCGAGGTAGTA
<- Aln:   0	0	10	14	24	0	11= ->
P:10/66.6667%	D:11/100%
D: CCCTAGCGTAACTCTCGAGACGACG
<- Aln:   0	0	10	14	24	0	11= ->
Pattern:	1-2
#319
P:11/57.8947%	D:11/100%
D: CCCTAGCGTAACTCTCGAGACGACG
<- Aln:   0	0	10	14	24	0	11= ->
P:11/100%	D:12/66.6667%
P: CCCTAGCGTAACTCTCGAGGTAGTA
<- Aln:   0	0	10	14	24	0	11= ->
Pattern:	2-1
#320
P:11/100%	D:9/64.2857%
P: CCCTAGCGTAACTCTCGAGGTAGTA
<- Aln:   0	0	10	14	24	0	11= ->
P:17/100%	D:22/100%
D: CCCTAGCGTAACTCTCGAGACGACG
<- Aln:   44	0	21	2	23	0	2S22=1S ->
Pattern:	1-2
#321
P:9/69.2308%	D:11/100%
D: CCCTAGCGTAACTCTCGAGACGACG
<- Aln:   0	0	10	14	24	0	11= ->
P:11/100%	D:13/54.1667%
P: CCCTAGCGTAACTCTCGAGGTAGTA
<- Aln:   0	0	10	14	24	0	11= ->
Pattern:	2-1
#322
P:11/100%	D:14/60.8696%
P: CCCTAGCGTAACTCTCGAGGTAGTA
<- Aln:   0	0	10	14	24	0	11= ->
P:13/59.0909%	D:11/100%
D: CCCTAGCGTAACTCTCGAGACGACG
<- Aln:   0	0	10	14	24	0	11= ->
Pattern:	1-2
#323
P:8/80%	D:11/100%
D: CCCTAGCGTAACTCTCGAGACGACG
<- Aln:   0	0	10	14	24	0	11= ->
P:10/90.9091%	D:11/68.75%
P: CCCTAGCGTAACTCTCGAGGTAGTA
<- Aln:   20	0	10	14	24	1	14S3=1X7= ->
Pattern:	2-1
#324
P:11/100%	D:11/64.7059%
P: CCCTAGCGTAACTCTCGAGGTAGTA
<- Aln:   0	0	10	14	24	0	11= ->
P:9/56.25%	D:11/100%
D: CCCTAGCGTAACTCTCGAGACGACG
<- Aln:   0	0	10	14	24	0	11= ->
Pattern:	1-2
#325
P:13/48.1481%	D:11/100%
D: CCCTAGCGTAACTCTCGAGACGACG
<- Aln:   0	0	10	14	24	0	11= ->
P:11/100%	D:13/56.5217%
P: CCCTAGCGTAACTCTCGAGGTAGTA
<- Aln:   0	0	10	14	24	0	11= ->
Pattern:	2-1
#326
P:11/100%	D:10/43.4783%
P: CCCTAGCGTAACTCTCGAGGTAGTA
<- Aln:   0	0	10	14	24	0	11= ->
P:6/100%	D:11/100%
D: CCCTAGCGTAACTCTCGAGACGACG
<- Aln:   0	0	10	14	24	0	11= ->
Pattern:	1-2
#327
P:15/62.5%	D:11/100%
D: CCCTAGCGTAACTCTCGAGACGACG
<- Aln:   0	0	10	14	24	0	11= ->
P:11/100%	D:8/61.5385%
P: CCCTAGCGTAACTCTCGAGGTAGTA
<- Aln:   0	0	10	14	24	0	11= ->
Pattern:	2-1
#328
P:11/100%	D:8/100%
P: CCCTAGCGTAACTCTCGAGGTAGTA
<- Aln:   0	0	10	14	24	0	11= ->
P:10/66.6667%	D:11/100%
D: CCCTAGCGTAACTCTCGAGACGACG
<- Aln:   0	0	10	14	24	0	11= ->
Pattern:	1-2
#329
P:11/73.3333%	D:11/100%
D: CCCTAGCGTAACTCTCGAGACGACG
<- Aln:   0	0	10	14	24	0	11= ->
P:11/100%	D:11/68.75%
P: CCCTAGCGTAACTCTCGAGGTAGTA
<- Aln:   0	0	10	14	24	0	11= ->
Pattern:	2-1
#330
P:11/100%	D:11/73.3333%
P: CCCTAGCGTAACTCTCGAGGTAGTA
<- Aln:   0	0	10	14	24	0	11= ->
P:11/64.7059%	D:11/100%
D: CCCTAGCGTAACTCTCGAGACGACG
<- Aln:   0	0	10	14	24	0	11= ->
Pattern:	1-2
#331
P:11/64.7059%	D:11/100%
D: CCCTAGCGTAACTCTCGAGACGACG
<- Aln:   0	0	10	14	24	0	11= ->
P:11/100%	D:11/68.75%
P: CCCTAGCGTAACTCTCGAGGTAGTA
<- Aln:   0	0	10	14	24	0	11= ->
Pattern:	2-1
#332
P:11/100%	D:12/63.1579%
P: CCCTAGCGTAACTCTCGAGGTAGTA
<- Aln:   0	0	10	14	24	0	11= ->
P:10/58.8235%	D:10/90.9091%
D: CCCTAGCGTAACTCTCGAGACGACG
<- Aln:   20	0	10	14	24	1	14S3=1X7= ->
Pattern:	1-2
#333
P:9/60%	D:11/100%
D: CCCTAGCGTAACTCTCGAGACGACG
<- Aln:   0	0	10	14	24	0	11= ->
P:14/70%	D:11/100%
D: CCCTAGCGTAACTCTCGAGACGACG
<- Aln:   0	0	10	14	24	0	11= ->
Pattern:	2-2
#334
P:11/100%	D:9/81.8182%
P: CCCTAGCGTAACTCTCGAGGTAGTA
<- Aln:   0	0	10	14	24	0	11= ->
P:9/60%	D:11/100%
D: CCCTAGCGTAACTCTCGAGACGACG
<- Aln:   0	0	10	14	24	0	11= ->
Pattern:	1-2
#335
P:14/58.3333%	D:11/100%
D: CCCTAGCGTAACTCTCGAGACGACG
<- Aln:   0	0	10	14	24	0	11= ->
P:11/100%	D:14/53.8462%
P: CCCTAGCGTAACTCTCGAGGTAGTA
<- Aln:   0	0	10	14	24	0	11= ->
Pattern:	2-1
#336
P:10/62.5%	D:11/100%
D: CCCTAGCGTAACTCTCGAGACGACG
<- Aln:   0	0	10	14	24	0	11= ->
P:11/100%	D:9/69.2308%
P: CCCTAGCGTAACTCTCGAGGTAGTA
<- Aln:   0	0	10	14	24	0	11= ->
Pattern:	2-1
#337
P:11/100%	D:11/78.5714%
P: CCCTAGCGTAACTCTCGAGGTAGTA
<- Aln:   0	0	10	14	24	0	11= ->
P:15/93.75%	D:21/95.4545%
D: CCCTAGCGTAACTCTCGAGACGACG
<- Aln:   41	0	21	2	24	1	2S11=1I11= ->
Pattern:	1-2
#338
P:11/57.8947%	D:11/100%
D: CCCTAGCGTAACTCTCGAGACGACG
<- Aln:   0	0	10	14	24	0	11= ->
P:11/100%	D:10/58.8235%
P: CCCTAGCGTAACTCTCGAGGTAGTA
<- Aln:   0	0	10	14	24	0	11= ->
Pattern:	2-1
#339
P:11/100%	D:10/58.8235%
P: CCCTAGCGTAACTCTCGAGGTAGTA
<- Aln:   0	0	10	14	24	0	11= ->
P:17/100%	D:23/100%
D: CCCTAGCGTAACTCTCGAGACGACG
<- Aln:   46	0	22	2	24	0	2S23= ->
Pattern:	1-2
#340
P:11/100%	D:14/56%
P: CCCTAGCGTAACTCTCGAGGTAGTA
<- Aln:   0	0	10	14	24	0	11= ->
P:16/55.1724%	D:11/100%
D: CCCTAGCGTAACTCTCGAGACGACG
<- Aln:   0	0	10	14	24	0	11= ->
Pattern:	1-2
#341
P:11/100%	D:11/52.381%
P: CCCTAGCGTAACTCTCGAGGTAGTA
<- Aln:   0	0	10	14	24	0	11= ->
P:16/64%	D:10/90.9091%
D: CCCTAGCGTAACTCTCGAGACGACG
<- Aln:   19	0	10	14	24	1	14S8=1X2= ->
Pattern:	1-2
#342
P:11/55%	D:11/100%
D: CCCTAGCGTAACTCTCGAGACGACG
<- Aln:   0	0	10	14	24	0	11= ->
P:25/100%	D:19/100%
P: CCCTAGCGTAACTCTCGAGGTAGTA
<- Aln:   0	0	24	0	24	0	25= ->
Pattern:	2-1
#343
P:17/100%	D:23/100%
D: CCCTAGCGTAACTCTCGAGACGACG
<- Aln:   46	0	22	2	24	0	2S23= ->
P:25/100%	D:19/100%
P: CCCTAGCGTAACTCTCGAGGTAGTA
<- Aln:   0	0	24	0	24	0	25= ->
Pattern:	2-1
#344
P:11/47.8261%	D:11/100%
D: CCCTAGCGTAACTCTCGAGACGACG
<- Aln:   0	0	10	14	24	0	11= ->
P:11/100%	D:14/63.6364%
P: CCCTAGCGTAACTCTCGAGGTAGTA
<- Aln:   0	0	10	14	24	0	11= ->
Pattern:	2-1
#345
P:11/100%	D:14/70%
P: CCCTAGCGTAACTCTCGAGGTAGTA
<- Aln:   0	0	10	14	24	0	11= ->
P:13/68.4211%	D:11/100%
D: CCCTAGCGTAACTCTCGAGACGACG
<- Aln:   0	0	10	14	24	0	11= ->
Pattern:	1-2
#346
P:10/50%	D:11/100%
D: CCCTAGCGTAACTCTCGAGACGACG
<- Aln:   0	0	10	14	24	0	11= ->
P:11/100%	D:10/66.6667%
P: CCCTAGCGTAACTCTCGAGGTAGTA
<- Aln:   0	0	10	14	24	0	11= ->
Pattern:	2-1
#347
P:11/100%	D:11/64.7059%
P: CCCTAGCGTAACTCTCGAGGTAGTA
<- Aln:   0	0	10	14	24	0	11= ->
P:11/61.1111%	D:11/100%
D: CCCTAGCGTAACTCTCGAGACGACG
<- Aln:   0	0	10	14	24	0	11= ->
Pattern:	1-2
#348
P:9/100%	D:14/58.3333%
No hit
<- Aln:   18	0	8	14	22	0	14S9=2S ->
<- Aln:   16	29	52	0	24	10	3=1X3=1I1=1I1=1X1=3X3=1X1=1D2=1X1= ->
P:16/57.1429%	D:11/100%
D: CCCTAGCGTAACTCTCGAGACGACG
<- Aln:   0	0	10	14	24	0	11= ->
Pattern:	0-2
#349
P:25/100%	D:19/100%
P: CCCTAGCGTAACTCTCGAGGTAGTA
<- Aln:   0	0	24	0	24	0	25= ->
P:17/100%	D:23/100%
D: CCCTAGCGTAACTCTCGAGACGACG
<- Aln:   46	0	22	2	24	0	2S23= ->
Pattern:	1-2
#350
P:17/100%	D:23/100%
D: CCCTAGCGTAACTCTCGAGACGACG
<- Aln:   46	0	22	2	24	0	2S23= ->
P:11/52.381%	D:10/90.9091%
D: CCCTAGCGTAACTCTCGAGACGACG
<- Aln:   20	0	10	14	24	1	14S3=1X7= ->
Pattern:	2-2
#351
P:7/70%	D:11/100%
D: CCCTAGCGTAACTCTCGAGACGACG
<- Aln:   0	0	10	14	24	0	11= ->
P:11/100%	D:16/57.1429%
P: CCCTAGCGTAACTCTCGAGGTAGTA
<- Aln:   0	0	10	14	24	0	11= ->
Pattern:	2-1
#352
P:9/69.2308%	D:11/100%
D: CCCTAGCGTAACTCTCGAGACGACG
<- Aln:   0	0	10	14	24	0	11= ->
P:11/100%	D:11/57.8947%
P: CCCTAGCGTAACTCTCGAGGTAGTA
<- Aln:   0	0	10	14	24	0	11= ->
Pattern:	2-1
#353
P:21/84%	D:23/100%
D: CCCTAGCGTAACTCTCGAGACGACG
<- Aln:   46	0	22	2	24	0	2S23= ->
P:14/58.3333%	D:11/100%
D: CCCTAGCGTAACTCTCGAGACGACG
<- Aln:   0	0	10	14	24	0	11= ->
Pattern:	2-2
#354
P:11/100%	D:11/64.7059%
P: CCCTAGCGTAACTCTCGAGGTAGTA
<- Aln:   0	0	10	14	24	0	11= ->
P:13/68.4211%	D:11/100%
D: CCCTAGCGTAACTCTCGAGACGACG
<- Aln:   0	0	10	14	24	0	11= ->
Pattern:	1-2
#355
P:11/100%	D:13/56.5217%
P: CCCTAGCGTAACTCTCGAGGTAGTA
<- Aln:   0	0	10	14	24	0	11= ->
P:13/68.4211%	D:11/100%
D: CCCTAGCGTAACTCTCGAGACGACG
<- Aln:   0	0	10	14	24	0	11= ->
Pattern:	1-2
#356
P:11/100%	D:9/60%
P: CCCTAGCGTAACTCTCGAGGTAGTA
<- Aln:   0	0	10	14	24	0	11= ->
P:13/72.2222%	D:11/100%
D: CCCTAGCGTAACTCTCGAGACGACG
<- Aln:   0	0	10	14	24	0	11= ->
Pattern:	1-2
#357
P:8/53.3333%	D:10/90.9091%
D: CCCTAGCGTAACTCTCGAGACGACG
<- Aln:   19	0	10	14	24	1	14S9=1X1= ->
P:8/80%	D:13/59.0909%
No hit
<- Aln:   14	0	9	14	23	2	14S5=1X1=1X2=1S ->
<- Aln:   17	5	26	2	24	9	2S2=1X1=2X1=3X5=1I3=1X1=1X1= ->
Pattern:	2-0
#358
P:11/100%	D:7/77.7778%
P: CCCTAGCGTAACTCTCGAGGTAGTA
<- Aln:   0	0	10	14	24	0	11= ->
P:12/52.1739%	D:10/90.9091%
D: CCCTAGCGTAACTCTCGAGACGACG
<- Aln:   20	0	10	14	24	1	14S3=1X7= ->
Pattern:	1-2
#359
P:10/62.5%	D:11/100%
D: CCCTAGCGTAACTCTCGAGACGACG
<- Aln:   0	0	10	14	24	0	11= ->
P:13/65%	D:11/73.3333%
No hit
<- Aln:   19	9	28	3	24	7	3S4=1I3=1X1=2X1=1X1=1X1=1I4= ->
<- Aln:   16	46	60	6	19	4	6S1=1X3=1D5=1X1=1X1=5S ->
Pattern:	2-0
#360
P:10/52.6316%	D:11/100%
D: CCCTAGCGTAACTCTCGAGACGACG
<- Aln:   0	0	10	14	24	0	11= ->
P:11/100%	D:10/66.6667%
P: CCCTAGCGTAACTCTCGAGGTAGTA
<- Aln:   0	0	10	14	24	0	11= ->
Pattern:	2-1
#361
P:7/30.4348%	D:11/100%
D: CCCTAGCGTAACTCTCGAGACGACG
<- Aln:   0	0	10	14	24	0	11= ->
P:11/100%	D:9/69.2308%
P: CCCTAGCGTAACTCTCGAGGTAGTA
<- Aln:   0	0	10	14	24	0	11= ->
Pattern:	2-1
#362
P:10/83.3333%	D:11/100%
D: CCCTAGCGTAACTCTCGAGACGACG
<- Aln:   0	0	10	14	24	0	11= ->
P:11/100%	D:10/62.5%
P: CCCTAGCGTAACTCTCGAGGTAGTA
<- Aln:   0	0	10	14	24	0	11= ->
Pattern:	2-1
#363
P:11/61.1111%	D:11/100%
D: CCCTAGCGTAACTCTCGAGACGACG
<- Aln:   0	0	10	14	24	0	11= ->
P:11/100%	D:12/54.5455%
P: CCCTAGCGTAACTCTCGAGGTAGTA
<- Aln:   0	0	10	14	24	0	11= ->
Pattern:	2-1
#364
P:15/65.2174%	D:11/100%
D: CCCTAGCGTAACTCTCGAGACGACG
<- Aln:   0	0	10	14	24	0	11= ->
P:8/66.6667%	D:11/100%
D: CCCTAGCGTAACTCTCGAGACGACG
<- Aln:   0	0	10	14	24	0	11= ->
Pattern:	2-2
#365
P:17/100%	D:23/100%
D: CCCTAGCGTAACTCTCGAGACGACG
<- Aln:   46	0	22	2	24	0	2S23= ->
P:11/100%	D:12/66.6667%
P: CCCTAGCGTAACTCTCGAGGTAGTA
<- Aln:   0	0	10	14	24	0	11= ->
Pattern:	2-1
#366
P:14/60.8696%	D:11/100%
D: CCCTAGCGTAACTCTCGAGACGACG
<- Aln:   0	0	10	14	24	0	11= ->
P:25/100%	D:19/100%
P: CCCTAGCGTAACTCTCGAGGTAGTA
<- Aln:   0	0	24	0	24	0	25= ->
Pattern:	2-1
#367
P:11/61.1111%	D:11/100%
D: CCCTAGCGTAACTCTCGAGACGACG
<- Aln:   0	0	10	14	24	0	11= ->
P:11/100%	D:12/54.5455%
P: CCCTAGCGTAACTCTCGAGGTAGTA
<- Aln:   0	0	10	14	24	0	11= ->
Pattern:	2-1
#368
P:24/96%	D:19/100%
P: CCCTAGCGTAACTCTCGAGGTAGTA
<- Aln:   47	0	24	0	24	1	20=1X4= ->
P:11/55%	D:11/100%
D: CCCTAGCGTAACTCTCGAGACGACG
<- Aln:   0	0	10	14	24	0	11= ->
Pattern:	1-2
#369
P:11/100%	D:13/56.5217%
P: CCCTAGCGTAACTCTCGAGGTAGTA
<- Aln:   0	0	10	14	24	0	11= ->
P:12/60%	D:11/100%
D: CCCTAGCGTAACTCTCGAGACGACG
<- Aln:   0	0	10	14	24	0	11= ->
Pattern:	1-2
#370
P:11/100%	D:13/76.4706%
P: CCCTAGCGTAACTCTCGAGGTAGTA
<- Aln:   0	0	10	14	24	0	11= ->
P:10/71.4286%	D:10/90.9091%
D: CCCTAGCGTAACTCTCGAGACGACG
<- Aln:   20	0	10	14	24	1	14S3=1X7= ->
Pattern:	1-2
#371
P:7/77.7778%	D:11/100%
D: CCCTAGCGTAACTCTCGAGACGACG
<- Aln:   0	0	10	14	24	0	11= ->
P:11/100%	D:11/61.1111%
P: CCCTAGCGTAACTCTCGAGGTAGTA
<- Aln:   0	0	10	14	24	0	11= ->
Pattern:	2-1
#372
P:11/100%	D:5/100%
P: CCCTAGCGTAACTCTCGAGGTAGTA
<- Aln:   0	0	10	14	24	0	11= ->
P:11/55%	D:11/100%
D: CCCTAGCGTAACTCTCGAGACGACG
<- Aln:   0	0	10	14	24	0	11= ->
Pattern:	1-2
#373
P:13/61.9048%	D:11/100%
D: CCCTAGCGTAACTCTCGAGACGACG
<- Aln:   0	0	10	14	24	0	11= ->
P:10/100%	D:13/56.5217%
P: CCCTAGCGTAACTCTCGAGGTAGTA
<- Aln:   20	0	9	14	23	0	14S10=1S ->
Pattern:	2-1
#374
P:11/55%	D:11/100%
D: CCCTAGCGTAACTCTCGAGACGACG
<- Aln:   0	0	10	14	24	0	11= ->
P:11/100%	D:13/59.0909%
P: CCCTAGCGTAACTCTCGAGGTAGTA
<- Aln:   0	0	10	14	24	0	11= ->
Pattern:	2-1
#375
P:11/100%	D:10/66.6667%
P: CCCTAGCGTAACTCTCGAGGTAGTA
<- Aln:   0	0	10	14	24	0	11= ->
P:11/57.8947%	D:11/100%
D: CCCTAGCGTAACTCTCGAGACGACG
<- Aln:   0	0	10	14	24	0	11= ->
Pattern:	1-2
#376
P:9/81.8182%	D:11/100%
D: CCCTAGCGTAACTCTCGAGACGACG
<- Aln:   0	0	10	14	24	0	11= ->
P:11/100%	D:10/66.6667%
P: CCCTAGCGTAACTCTCGAGGTAGTA
<- Aln:   0	0	10	14	24	0	11= ->
Pattern:	2-1
#377
P:15/53.5714%	D:10/90.9091%
D: CCCTAGCGTAACTCTCGAGACGACG
<- Aln:   19	0	10	14	24	1	14S9=1X1= ->
P:11/100%	D:7/87.5%
P: CCCTAGCGTAACTCTCGAGGTAGTA
<- Aln:   0	0	10	14	24	0	11= ->
Pattern:	2-1
#378
P:11/100%	D:7/87.5%
P: CCCTAGCGTAACTCTCGAGGTAGTA
<- Aln:   0	0	10	14	24	0	11= ->
P:11/52.381%	D:11/100%
D: CCCTAGCGTAACTCTCGAGACGACG
<- Aln:   0	0	10	14	24	0	11= ->
Pattern:	1-2
#379
P:11/100%	D:14/60.8696%
P: CCCTAGCGTAACTCTCGAGGTAGTA
<- Aln:   0	0	10	14	24	0	11= ->
P:11/52.381%	D:11/100%
D: CCCTAGCGTAACTCTCGAGACGACG
<- Aln:   0	0	10	14	24	0	11= ->
Pattern:	1-2
#380
P:11/100%	D:13/59.0909%
P: CCCTAGCGTAACTCTCGAGGTAGTA
<- Aln:   0	0	10	14	24	0	11= ->
P:13/65%	D:11/100%
D: CCCTAGCGTAACTCTCGAGACGACG
<- Aln:   0	0	10	14	24	0	11= ->
Pattern:	1-2
#381
P:11/100%	D:6/40%
P: CCCTAGCGTAACTCTCGAGGTAGTA
<- Aln:   0	0	10	14	24	0	11= ->
P:13/56.5217%	D:11/100%
D: CCCTAGCGTAACTCTCGAGACGACG
<- Aln:   0	0	10	14	24	0	11= ->
Pattern:	1-2
#382
P:11/100%	D:12/66.6667%
P: CCCTAGCGTAACTCTCGAGGTAGTA
<- Aln:   0	0	10	14	24	0	11= ->
P:11/55%	D:11/100%
D: CCCTAGCGTAACTCTCGAGACGACG
<- Aln:   0	0	10	14	24	0	11= ->
Pattern:	1-2
#383
P:8/61.5385%	D:11/100%
D: CCCTAGCGTAACTCTCGAGACGACG
<- Aln:   0	0	10	14	24	0	11= ->
P:11/100%	D:11/73.3333%
P: CCCTAGCGTAACTCTCGAGGTAGTA
<- Aln:   0	0	10	14	24	0	11= ->
Pattern:	2-1
#384
P:11/100%	D:7/53.8462%
P: CCCTAGCGTAACTCTCGAGGTAGTA
<- Aln:   0	0	10	14	24	0	11= ->
P:10/58.8235%	D:11/100%
D: CCCTAGCGTAACTCTCGAGACGACG
<- Aln:   0	0	10	14	24	0	11= ->
Pattern:	1-2
#385
P:11/57.8947%	D:11/100%
D: CCCTAGCGTAACTCTCGAGACGACG
<- Aln:   0	0	10	14	24	0	11= ->
P:11/100%	D:9/60%
P: CCCTAGCGTAACTCTCGAGGTAGTA
<- Aln:   0	0	10	14	24	0	11= ->
Pattern:	2-1
#386
P:11/100%	D:10/71.4286%
P: CCCTAGCGTAACTCTCGAGGTAGTA
<- Aln:   0	0	10	14	24	0	11= ->
P:15/57.6923%	D:11/100%
D: CCCTAGCGTAACTCTCGAGACGACG
<- Aln:   0	0	10	14	24	0	11= ->
Pattern:	1-2
#387
P:9/64.2857%	D:11/100%
D: CCCTAGCGTAACTCTCGAGACGACG
<- Aln:   0	0	10	14	24	0	11= ->
P:11/100%	D:11/64.7059%
P: CCCTAGCGTAACTCTCGAGGTAGTA
<- Aln:   0	0	10	14	24	0	11= ->
Pattern:	2-1
#388
P:12/66.6667%	D:11/100%
D: CCCTAGCGTAACTCTCGAGACGACG
<- Aln:   0	0	10	14	24	0	11= ->
P:11/55%	D:11/100%
D: CCCTAGCGTAACTCTCGAGACGACG
<- Aln:   0	0	10	14	24	0	11= ->
Pattern:	2-2
#389
P:15/62.5%	D:11/100%
D: CCCTAGCGTAACTCTCGAGACGACG
<- Aln:   0	0	10	14	24	0	11= ->
P:11/100%	D:14/60.8696%
P: CCCTAGCGTAACTCTCGAGGTAGTA
<- Aln:   0	0	10	14	24	0	11= ->
Pattern:	2-1
#390
P:9/69.2308%	D:11/100%
D: CCCTAGCGTAACTCTCGAGACGACG
<- Aln:   0	0	10	14	24	0	11= ->
P:10/90.9091%	D:13/65%
P: CCCTAGCGTAACTCTCGAGGTAGTA
<- Aln:   20	0	10	14	24	1	14S3=1X7= ->
Pattern:	2-1
#391
P:15/93.75%	D:21/95.4545%
D: CCCTAGCGTAACTCTCGAGACGACG
<- Aln:   41	0	21	2	24	1	2S12=1I10= ->
P:11/100%	D:15/60%
P: CCCTAGCGTAACTCTCGAGGTAGTA
<- Aln:   0	0	10	14	24	0	11= ->
Pattern:	2-1
#392
P:11/100%	D:11/61.1111%
P: CCCTAGCGTAACTCTCGAGGTAGTA
<- Aln:   0	0	10	14	24	0	11= ->
P:11/68.75%	D:11/100%
D: CCCTAGCGTAACTCTCGAGACGACG
<- Aln:   0	0	10	14	24	0	11= ->
Pattern:	1-2
#393
P:10/62.5%	D:11/100%
D: CCCTAGCGTAACTCTCGAGACGACG
<- Aln:   0	0	10	14	24	0	11= ->
P:11/100%	D:16/59.2593%
P: CCCTAGCGTAACTCTCGAGGTAGTA
<- Aln:   0	0	10	14	24	0	11= ->
Pattern:	2-1
#394
P:11/100%	D:11/55%
P: CCCTAGCGTAACTCTCGAGGTAGTA
<- Aln:   0	0	10	14	24	0	11= ->
P:5/100%	D:11/100%
D: CCCTAGCGTAACTCTCGAGACGACG
<- Aln:   0	0	10	14	24	0	11= ->
Pattern:	1-2
#395
P:12/57.1429%	D:11/100%
D: CCCTAGCGTAACTCTCGAGACGACG
<- Aln:   0	0	10	14	24	0	11= ->
P:11/100%	D:12/63.1579%
P: CCCTAGCGTAACTCTCGAGGTAGTA
<- Aln:   0	0	10	14	24	0	11= ->
Pattern:	2-1
#396
P:10/62.5%	D:11/100%
D: CCCTAGCGTAACTCTCGAGACGACG
<- Aln:   0	0	10	14	24	0	11= ->
P:11/100%	D:11/61.1111%
P: CCCTAGCGTAACTCTCGAGGTAGTA
<- Aln:   0	0	10	14	24	0	11= ->
Pattern:	2-1
#397
P:15/60%	D:11/100%
D: CCCTAGCGTAACTCTCGAGACGACG
<- Aln:   0	0	10	14	24	0	11= ->
P:11/100%	D:11/57.8947%
P: CCCTAGCGTAACTCTCGAGGTAGTA
<- Aln:   0	0	10	14	24	0	11= ->
Pattern:	2-1
#398
P:8/80%	D:11/100%
D: CCCTAGCGTAACTCTCGAGACGACG
<- Aln:   0	0	10	14	24	0	11= ->
P:11/100%	D:12/63.1579%
P: CCCTAGCGTAACTCTCGAGGTAGTA
<- Aln:   0	0	10	14	24	0	11= ->
Pattern:	2-1
#399
P:11/100%	D:13/56.5217%
P: CCCTAGCGTAACTCTCGAGGTAGTA
<- Aln:   0	0	10	14	24	0	11= ->
P:9/69.2308%	D:11/100%
D: CCCTAGCGTAACTCTCGAGACGACG
<- Aln:   0	0	10	14	24	0	11= ->
Pattern:	1-2
#400
P:11/100%	D:9/64.2857%
P: CCCTAGCGTAACTCTCGAGGTAGTA
<- Aln:   0	0	10	14	24	0	11= ->
P:14/73.6842%	D:11/100%
D: CCCTAGCGTAACTCTCGAGACGACG
<- Aln:   0	0	10	14	24	0	11= ->
Pattern:	1-2
#401
P:11/57.8947%	D:11/100%
D: CCCTAGCGTAACTCTCGAGACGACG
<- Aln:   0	0	10	14	24	0	11= ->
P:16/64%	D:13/61.9048%
No hit
<- Aln:   19	14	38	1	21	9	1S5=3D1=1D3=2X1=1X2=1X1=1X3=3S ->
<- Aln:   14	14	34	1	17	8	1S5=3D1=1D3=2X1=1X2=1X1=7S ->
Pattern:	2-0
#402
P:7/87.5%	D:11/100%
D: CCCTAGCGTAACTCTCGAGACGACG
<- Aln:   0	0	10	14	24	0	11= ->
P:7/87.5%	D:11/100%
D: CCCTAGCGTAACTCTCGAGACGACG
<- Aln:   0	0	10	14	24	0	11= ->
Pattern:	2-2
#403
P:11/52.381%	D:11/100%
D: CCCTAGCGTAACTCTCGAGACGACG
<- Aln:   0	0	10	14	24	0	11= ->
P:11/100%	D:16/64%
P: CCCTAGCGTAACTCTCGAGGTAGTA
<- Aln:   0	0	10	14	24	0	11= ->
Pattern:	2-1
#404
P:11/100%	D:12/63.1579%
P: CCCTAGCGTAACTCTCGAGGTAGTA
<- Aln:   0	0	10	14	24	0	11= ->
P:14/60.8696%	D:11/100%
D: CCCTAGCGTAACTCTCGAGACGACG
<- Aln:   0	0	10	14	24	0	11= ->
Pattern:	1-2
#405
P:12/63.1579%	D:11/100%
D: CCCTAGCGTAACTCTCGAGACGACG
<- Aln:   0	0	10	14	24	0	11= ->
P:11/100%	D:8/88.8889%
P: CCCTAGCGTAACTCTCGAGGTAGTA
<- Aln:   0	0	10	14	24	0	11= ->
Pattern:	2-1
#406
P:23/95.8333%	D:17/94.4444%
P: CCCTAGCGTAACTCTCGAGGTAGTA
<- Aln:   45	0	23	0	24	1	11=1I13= ->
P:13/56.5217%	D:11/100%
D: CCCTAGCGTAACTCTCGAGACGACG
<- Aln:   0	0	10	14	24	0	11= ->
Pattern:	1-2
#407
P:12/54.5455%	D:11/100%
D: CCCTAGCGTAACTCTCGAGACGACG
<- Aln:   0	0	10	14	24	0	11= ->
P:11/100%	D:11/57.8947%
P: CCCTAGCGTAACTCTCGAGGTAGTA
<- Aln:   0	0	10	14	24	0	11= ->
Pattern:	2-1
#408
P:11/100%	D:10/62.5%
P: CCCTAGCGTAACTCTCGAGGTAGTA
<- Aln:   0	0	10	14	24	0	11= ->
P:11/61.1111%	D:11/100%
D: CCCTAGCGTAACTCTCGAGACGACG
<- Aln:   0	0	10	14	24	0	11= ->
Pattern:	1-2
#409
P:8/72.7273%	D:11/100%
D: CCCTAGCGTAACTCTCGAGACGACG
<- Aln:   0	0	10	14	24	0	11= ->
P:11/100%	D:8/61.5385%
P: CCCTAGCGTAACTCTCGAGGTAGTA
<- Aln:   0	0	10	14	24	0	11= ->
Pattern:	2-1
#410
P:8/80%	D:11/100%
D: CCCTAGCGTAACTCTCGAGACGACG
<- Aln:   0	0	10	14	24	0	11= ->
P:11/100%	D:9/56.25%
P: CCCTAGCGTAACTCTCGAGGTAGTA
<- Aln:   0	0	10	14	24	0	11= ->
Pattern:	2-1
#411
P:11/100%	D:13/61.9048%
P: CCCTAGCGTAACTCTCGAGGTAGTA
<- Aln:   0	0	10	14	24	0	11= ->
P:13/56.5217%	D:11/100%
D: CCCTAGCGTAACTCTCGAGACGACG
<- Aln:   0	0	10	14	24	0	11= ->
Pattern:	1-2
#412
P:14/63.6364%	D:11/100%
D: CCCTAGCGTAACTCTCGAGACGACG
<- Aln:   0	0	10	14	24	0	11= ->
P:11/100%	D:11/68.75%
P: CCCTAGCGTAACTCTCGAGGTAGTA
<- Aln:   0	0	10	14	24	0	11= ->
Pattern:	2-1
#413
P:11/100%	D:5/100%
P: CCCTAGCGTAACTCTCGAGGTAGTA
<- Aln:   0	0	10	14	24	0	11= ->
P:15/53.5714%	D:11/100%
D: CCCTAGCGTAACTCTCGAGACGACG
<- Aln:   0	0	10	14	24	0	11= ->
Pattern:	1-2
#414
P:11/100%	D:14/58.3333%
P: CCCTAGCGTAACTCTCGAGGTAGTA
<- Aln:   0	0	10	14	24	0	11= ->
P:9/56.25%	D:11/100%
D: CCCTAGCGTAACTCTCGAGACGACG
<- Aln:   0	0	10	14	24	0	11= ->
Pattern:	1-2
#415
P:11/100%	D:17/60.7143%
P: CCCTAGCGTAACTCTCGAGGTAGTA
<- Aln:   0	0	10	14	24	0	11= ->
P:11/73.3333%	D:11/100%
D: CCCTAGCGTAACTCTCGAGACGACG
<- Aln:   0	0	10	14	24	0	11= ->
Pattern:	1-2
#416
P:11/55%	D:11/100%
D: CCCTAGCGTAACTCTCGAGACGACG
<- Aln:   0	0	10	14	24	0	11= ->
P:11/100%	D:9/64.2857%
P: CCCTAGCGTAACTCTCGAGGTAGTA
<- Aln:   0	0	10	14	24	0	11= ->
Pattern:	2-1
#417
P:10/71.4286%	D:11/100%
D: CCCTAGCGTAACTCTCGAGACGACG
<- Aln:   0	0	10	14	24	0	11= ->
P:11/100%	D:10/58.8235%
P: CCCTAGCGTAACTCTCGAGGTAGTA
<- Aln:   0	0	10	14	24	0	11= ->
Pattern:	2-1
#418
P:25/100%	D:19/100%
P: CCCTAGCGTAACTCTCGAGGTAGTA
<- Aln:   0	0	24	0	24	0	25= ->
P:13/65%	D:10/90.9091%
D: CCCTAGCGTAACTCTCGAGACGACG
<- Aln:   20	0	10	14	24	1	14S3=1X7= ->
Pattern:	1-2
#419
P:11/68.75%	D:11/100%
D: CCCTAGCGTAACTCTCGAGACGACG
<- Aln:   0	0	10	14	24	0	11= ->
P:11/100%	D:10/58.8235%
P: CCCTAGCGTAACTCTCGAGGTAGTA
<- Aln:   0	0	10	14	24	0	11= ->
Pattern:	2-1
#420
P:11/100%	D:5/100%
P: CCCTAGCGTAACTCTCGAGGTAGTA
<- Aln:   0	0	10	14	24	0	11= ->
P:8/88.8889%	D:11/91.6667%
D: CCCTAGCGTAACTCTCGAGACGACG
<- Aln:   19	0	11	14	24	1	14S4=1D7= ->
Pattern:	1-2
#421
P:11/100%	D:13/61.9048%
P: CCCTAGCGTAACTCTCGAGGTAGTA
<- Aln:   0	0	10	14	24	0	11= ->
P:10/62.5%	D:11/100%
D: CCCTAGCGTAACTCTCGAGACGACG
<- Aln:   0	0	10	14	24	0	11= ->
Pattern:	1-2
#422
P:14/60.8696%	D:10/100%
D: CCCTAGCGTAACTCTCGAGACGACG
<- Aln:   20	0	9	14	23	0	14S10=1S ->
P:11/100%	D:12/63.1579%
P: CCCTAGCGTAACTCTCGAGGTAGTA
<- Aln:   0	0	10	14	24	0	11= ->
Pattern:	2-1
#423
P:11/100%	D:12/63.1579%
P: CCCTAGCGTAACTCTCGAGGTAGTA
<- Aln:   0	0	10	14	24	0	11= ->
P:10/62.5%	D:11/100%
D: CCCTAGCGTAACTCTCGAGACGACG
<- Aln:   0	0	10	14	24	0	11= ->
Pattern:	1-2
#424
P:8/72.7273%	D:11/100%
D: CCCTAGCGTAACTCTCGAGACGACG
<- Aln:   0	0	10	14	24	0	11= ->
P:11/100%	D:8/57.1429%
P: CCCTAGCGTAACTCTCGAGGTAGTA
<- Aln:   0	0	10	14	24	0	11= ->
Pattern:	2-1
#425
P:11/100%	D:5/100%
P: CCCTAGCGTAACTCTCGAGGTAGTA
<- Aln:   0	0	10	14	24	0	11= ->
P:13/59.0909%	D:10/90.9091%
D: CCCTAGCGTAACTCTCGAGACGACG
<- Aln:   20	0	10	14	24	1	14S3=1X7= ->
Pattern:	1-2
#426
P:10/66.6667%	D:11/100%
D: CCCTAGCGTAACTCTCGAGACGACG
<- Aln:   0	0	10	14	24	0	11= ->
P:11/100%	D:14/58.3333%
P: CCCTAGCGTAACTCTCGAGGTAGTA
<- Aln:   0	0	10	14	24	0	11= ->
Pattern:	2-1
#427
P:11/100%	D:11/55%
P: CCCTAGCGTAACTCTCGAGGTAGTA
<- Aln:   0	0	10	14	24	0	11= ->
P:11/100%	D:13/72.2222%
P: CCCTAGCGTAACTCTCGAGGTAGTA
<- Aln:   0	0	10	14	24	0	11= ->
Pattern:	1-1
#428
P:11/100%	D:9/60%
P: CCCTAGCGTAACTCTCGAGGTAGTA
<- Aln:   0	0	10	14	24	0	11= ->
P:10/62.5%	D:11/100%
D: CCCTAGCGTAACTCTCGAGACGACG
<- Aln:   0	0	10	14	24	0	11= ->
Pattern:	1-2
#429
P:15/93.75%	D:21/95.4545%
D: CCCTAGCGTAACTCTCGAGACGACG
<- Aln:   41	0	21	2	24	1	2S12=1I10= ->
P:11/100%	D:11/73.3333%
P: CCCTAGCGTAACTCTCGAGGTAGTA
<- Aln:   0	0	10	14	24	0	11= ->
Pattern:	2-1
#430
P:11/52.381%	D:11/100%
D: CCCTAGCGTAACTCTCGAGACGACG
<- Aln:   0	0	10	14	24	0	11= ->
P:11/100%	D:12/66.6667%
P: CCCTAGCGTAACTCTCGAGGTAGTA
<- Aln:   0	0	10	14	24	0	11= ->
Pattern:	2-1
#431
P:11/100%	D:15/62.5%
P: CCCTAGCGTAACTCTCGAGGTAGTA
<- Aln:   0	0	10	14	24	0	11= ->
P:12/54.5455%	D:11/100%
D: CCCTAGCGTAACTCTCGAGACGACG
<- Aln:   0	0	10	14	24	0	11= ->
Pattern:	1-2
#432
P:9/60%	D:11/100%
D: CCCTAGCGTAACTCTCGAGACGACG
<- Aln:   0	0	10	14	24	0	11= ->
P:11/100%	D:14/63.6364%
P: CCCTAGCGTAACTCTCGAGGTAGTA
<- Aln:   0	0	10	14	24	0	11= ->
Pattern:	2-1
#433
P:11/100%	D:9/69.2308%
P: CCCTAGCGTAACTCTCGAGGTAGTA
<- Aln:   0	0	10	14	24	0	11= ->
P:14/51.8519%	D:11/100%
D: CCCTAGCGTAACTCTCGAGACGACG
<- Aln:   0	0	10	14	24	0	11= ->
Pattern:	1-2
#434
P:15/60%	D:11/100%
D: CCCTAGCGTAACTCTCGAGACGACG
<- Aln:   0	0	10	14	24	0	11= ->
P:11/100%	D:13/59.0909%
P: CCCTAGCGTAACTCTCGAGGTAGTA
<- Aln:   0	0	10	14	24	0	11= ->
Pattern:	2-1
#435
P:11/100%	D:13/65%
P: CCCTAGCGTAACTCTCGAGGTAGTA
<- Aln:   0	0	10	14	24	0	11= ->
P:13/59.0909%	D:11/100%
D: CCCTAGCGTAACTCTCGAGACGACG
<- Aln:   0	0	10	14	24	0	11= ->
Pattern:	1-2
#436
P:11/78.5714%	D:11/100%
D: CCCTAGCGTAACTCTCGAGACGACG
<- Aln:   0	0	10	14	24	0	11= ->
P:11/100%	D:9/75%
P: CCCTAGCGTAACTCTCGAGGTAGTA
<- Aln:   0	0	10	14	24	0	11= ->
Pattern:	2-1
#437
P:15/57.6923%	D:11/100%
D: CCCTAGCGTAACTCTCGAGACGACG
<- Aln:   0	0	10	14	24	0	11= ->
P:11/100%	D:14/63.6364%
P: CCCTAGCGTAACTCTCGAGGTAGTA
<- Aln:   0	0	10	14	24	0	11= ->
Pattern:	2-1
#438
P:12/54.5455%	D:11/100%
D: CCCTAGCGTAACTCTCGAGACGACG
<- Aln:   0	0	10	14	24	0	11= ->
P:11/100%	D:13/68.4211%
P: CCCTAGCGTAACTCTCGAGGTAGTA
<- Aln:   0	0	10	14	24	0	11= ->
Pattern:	2-1
#439
P:11/100%	D:16/61.5385%
P: CCCTAGCGTAACTCTCGAGGTAGTA
<- Aln:   0	0	10	14	24	0	11= ->
P:9/75%	D:11/100%
D: CCCTAGCGTAACTCTCGAGACGACG
<- Aln:   0	0	10	14	24	0	11= ->
Pattern:	1-2
#440
P:10/66.6667%	D:11/100%
D: CCCTAGCGTAACTCTCGAGACGACG
<- Aln:   0	0	10	14	24	0	11= ->
P:10/83.3333%	D:13/54.1667%
No hit
<- Aln:   16	0	11	14	24	2	14S7=1D2=1X1= ->
<- Aln:   15	14	37	0	24	11	3=1X3=1I1X2=4X2=2X1=2X3= ->
Pattern:	2-0
#441
P:11/100%	D:8/61.5385%
P: CCCTAGCGTAACTCTCGAGGTAGTA
<- Aln:   0	0	10	14	24	0	11= ->
P:10/58.8235%	D:10/90.9091%
D: CCCTAGCGTAACTCTCGAGACGACG
<- Aln:   20	0	10	14	24	1	14S3=1X7= ->
Pattern:	1-2
#442
P:8/80%	D:11/100%
D: CCCTAGCGTAACTCTCGAGACGACG
<- Aln:   0	0	10	14	24	0	11= ->
P:10/100%	D:10/66.6667%
P: CCCTAGCGTAACTCTCGAGGTAGTA
<- Aln:   20	0	9	15	24	0	15S10= ->
Pattern:	2-1
#443
P:11/100%	D:10/55.5556%
P: CCCTAGCGTAACTCTCGAGGTAGTA
<- Aln:   0	0	10	14	24	0	11= ->
P:11/52.381%	D:11/100%
D: CCCTAGCGTAACTCTCGAGACGACG
<- Aln:   0	0	10	14	24	0	11= ->
Pattern:	1-2
#444
P:11/100%	D:11/64.7059%
P: CCCTAGCGTAACTCTCGAGGTAGTA
<- Aln:   0	0	10	14	24	0	11= ->
P:10/71.4286%	D:11/100%
D: CCCTAGCGTAACTCTCGAGACGACG
<- Aln:   0	0	10	14	24	0	11= ->
Pattern:	1-2
#445
P:14/56%	D:11/100%
D: CCCTAGCGTAACTCTCGAGACGACG
<- Aln:   0	0	10	14	24	0	11= ->
P:11/100%	D:15/57.6923%
P: CCCTAGCGTAACTCTCGAGGTAGTA
<- Aln:   0	0	10	14	24	0	11= ->
Pattern:	2-1
#446
P:11/100%	D:7/63.6364%
P: CCCTAGCGTAACTCTCGAGGTAGTA
<- Aln:   0	0	10	14	24	0	11= ->
P:14/63.6364%	D:11/100%
D: CCCTAGCGTAACTCTCGAGACGACG
<- Aln:   0	0	10	14	24	0	11= ->
Pattern:	1-2
#447
P:13/65%	D:11/100%
D: CCCTAGCGTAACTCTCGAGACGACG
<- Aln:   0	0	10	14	24	0	11= ->
P:11/100%	D:17/62.963%
P: CCCTAGCGTAACTCTCGAGGTAGTA
<- Aln:   0	0	10	14	24	0	11= ->
Pattern:	2-1
#448
P:9/69.2308%	D:11/100%
D: CCCTAGCGTAACTCTCGAGACGACG
<- Aln:   0	0	10	14	24	0	11= ->
P:11/100%	D:15/68.1818%
P: CCCTAGCGTAACTCTCGAGGTAGTA
<- Aln:   0	0	10	14	24	0	11= ->
Pattern:	2-1
#449
P:9/64.2857%	D:11/100%
D: CCCTAGCGTAACTCTCGAGACGACG
<- Aln:   0	0	10	14	24	0	11= ->
P:10/100%	D:11/57.8947%
P: CCCTAGCGTAACTCTCGAGGTAGTA
<- Aln:   20	0	9	14	23	0	14S10=1S ->
Pattern:	2-1
#450
P:10/76.9231%	D:11/100%
D: CCCTAGCGTAACTCTCGAGACGACG
<- Aln:   0	0	10	14	24	0	11= ->
P:11/100%	D:8/66.6667%
P: CCCTAGCGTAACTCTCGAGGTAGTA
<- Aln:   0	0	10	14	24	0	11= ->
Pattern:	2-1
#451
P:11/100%	D:8/66.6667%
P: CCCTAGCGTAACTCTCGAGGTAGTA
<- Aln:   0	0	10	14	24	0	11= ->
P:14/60.8696%	D:10/90.9091%
D: CCCTAGCGTAACTCTCGAGACGACG
<- Aln:   20	0	10	14	24	1	14S3=1X7= ->
Pattern:	1-2
#452
P:11/100%	D:9/64.2857%
P: CCCTAGCGTAACTCTCGAGGTAGTA
<- Aln:   0	0	10	14	24	0	11= ->
P:9/69.2308%	D:11/100%
D: CCCTAGCGTAACTCTCGAGACGACG
<- Aln:   0	0	10	14	24	0	11= ->
Pattern:	1-2
#453
P:12/63.1579%	D:11/100%
D: CCCTAGCGTAACTCTCGAGACGACG
<- Aln:   0	0	10	14	24	0	11= ->
P:11/55%	D:9/60%
No hit
<- Aln:   13	16	35	3	23	9	3S4=1I1=1X2=3X1=1X1=2X2=1X1=1S ->
<- Aln:   12	16	30	8	23	6	8S2=1X3=1X1=1I1=2X1=1X2=1S ->
Pattern:	2-0
#454
P:11/100%	D:9/75%
P: CCCTAGCGTAACTCTCGAGGTAGTA
<- Aln:   0	0	10	14	24	0	11= ->
P:10/58.8235%	D:10/90.9091%
D: CCCTAGCGTAACTCTCGAGACGACG
<- Aln:   19	0	10	14	24	1	14S6=1X4= ->
Pattern:	1-2
#455
P:19/100%	D:25/100%
D: CCCTAGCGTAACTCTCGAGACGACG
<- Aln:   0	0	24	0	24	0	25= ->
P:11/100%	D:13/65%
P: CCCTAGCGTAACTCTCGAGGTAGTA
<- Aln:   0	0	10	14	24	0	11= ->
Pattern:	2-1
#456
P:9/69.2308%	D:11/100%
D: CCCTAGCGTAACTCTCGAGACGACG
<- Aln:   0	0	10	14	24	0	11= ->
P:11/100%	D:12/57.1429%
P: CCCTAGCGTAACTCTCGAGGTAGTA
<- Aln:   0	0	10	14	24	0	11= ->
Pattern:	2-1
#457
P:11/100%	D:13/61.9048%
P: CCCTAGCGTAACTCTCGAGGTAGTA
<- Aln:   0	0	10	14	24	0	11= ->
P:11/100%	D:8/88.8889%
P: CCCTAGCGTAACTCTCGAGGTAGTA
<- Aln:   0	0	10	14	24	0	11= ->
Pattern:	1-1
#458
P:11/100%	D:9/52.9412%
P: CCCTAGCGTAACTCTCGAGGTAGTA
<- Aln:   0	0	10	14	24	0	11= ->
P:12/57.1429%	D:11/100%
D: CCCTAGCGTAACTCTCGAGACGACG
<- Aln:   0	0	10	14	24	0	11= ->
Pattern:	1-2
#459
P:13/76.4706%	D:11/100%
D: CCCTAGCGTAACTCTCGAGACGACG
<- Aln:   0	0	10	14	24	0	11= ->
P:11/100%	D:15/68.1818%
P: CCCTAGCGTAACTCTCGAGGTAGTA
<- Aln:   0	0	10	14	24	0	11= ->
Pattern:	2-1
#460
P:13/59.0909%	D:11/100%
D: CCCTAGCGTAACTCTCGAGACGACG
<- Aln:   0	0	10	14	24	0	11= ->
P:11/100%	D:9/60%
P: CCCTAGCGTAACTCTCGAGGTAGTA
<- Aln:   0	0	10	14	24	0	11= ->
Pattern:	2-1
#461
P:12/57.1429%	D:11/100%
D: CCCTAGCGTAACTCTCGAGACGACG
<- Aln:   0	0	10	14	24	0	11= ->
P:10/100%	D:10/50%
P: CCCTAGCGTAACTCTCGAGGTAGTA
<- Aln:   20	0	9	14	23	0	14S10=1S ->
Pattern:	2-1
#462
P:17/100%	D:23/100%
D: CCCTAGCGTAACTCTCGAGACGACG
<- Aln:   46	0	22	2	24	0	2S23= ->
P:11/100%	D:12/57.1429%
P: CCCTAGCGTAACTCTCGAGGTAGTA
<- Aln:   0	0	10	14	24	0	11= ->
Pattern:	2-1
#463
P:11/100%	D:14/73.6842%
P: CCCTAGCGTAACTCTCGAGGTAGTA
<- Aln:   0	0	10	14	24	0	11= ->
P:12/63.1579%	D:11/100%
D: CCCTAGCGTAACTCTCGAGACGACG
<- Aln:   0	0	10	14	24	0	11= ->
Pattern:	1-2
#464
P:11/100%	D:5/100%
P: CCCTAGCGTAACTCTCGAGGTAGTA
<- Aln:   0	0	10	14	24	0	11= ->
P:12/60%	D:11/100%
D: CCCTAGCGTAACTCTCGAGACGACG
<- Aln:   0	0	10	14	24	0	11= ->
Pattern:	1-2
#465
P:11/100%	D:12/66.6667%
P: CCCTAGCGTAACTCTCGAGGTAGTA
<- Aln:   0	0	10	14	24	0	11= ->
P:11/61.1111%	D:11/100%
D: CCCTAGCGTAACTCTCGAGACGACG
<- Aln:   0	0	10	14	24	0	11= ->
Pattern:	1-2
#466
P:10/90.9091%	D:6/85.7143%
P: CCCTAGCGTAACTCTCGAGGTAGTA
<- Aln:   19	0	10	14	24	1	14S6=1X4= ->
P:12/63.1579%	D:11/100%
D: CCCTAGCGTAACTCTCGAGACGACG
<- Aln:   0	0	10	14	24	0	11= ->
Pattern:	1-2
#467
P:10/71.4286%	D:11/100%
D: CCCTAGCGTAACTCTCGAGACGACG
<- Aln:   0	0	10	14	24	0	11= ->
P:11/100%	D:10/62.5%
P: CCCTAGCGTAACTCTCGAGGTAGTA
<- Aln:   0	0	10	14	24	0	11= ->
Pattern:	2-1
#468
P:11/61.1111%	D:11/100%
D: CCCTAGCGTAACTCTCGAGACGACG
<- Aln:   0	0	10	14	24	0	11= ->
P:10/100%	D:9/64.2857%
P: CCCTAGCGTAACTCTCGAGGTAGTA
<- Aln:   20	0	9	14	23	0	14S10=1S ->
Pattern:	2-1
#469
P:13/56.5217%	D:11/100%
D: CCCTAGCGTAACTCTCGAGACGACG
<- Aln:   0	0	10	14	24	0	11= ->
P:11/100%	D:9/75%
P: CCCTAGCGTAACTCTCGAGGTAGTA
<- Aln:   0	0	10	14	24	0	11= ->
Pattern:	2-1
#470
P:14/56%	D:11/100%
D: CCCTAGCGTAACTCTCGAGACGACG
<- Aln:   0	0	10	14	24	0	11= ->
P:11/100%	D:14/53.8462%
P: CCCTAGCGTAACTCTCGAGGTAGTA
<- Aln:   0	0	10	14	24	0	11= ->
Pattern:	2-1
#471
P:12/57.1429%	D:11/100%
D: CCCTAGCGTAACTCTCGAGACGACG
<- Aln:   0	0	10	14	24	0	11= ->
P:11/100%	D:8/72.7273%
P: CCCTAGCGTAACTCTCGAGGTAGTA
<- Aln:   0	0	10	14	24	0	11= ->
Pattern:	2-1
#472
P:8/80%	D:11/100%
D: CCCTAGCGTAACTCTCGAGACGACG
<- Aln:   0	0	10	14	24	0	11= ->
P:11/100%	D:15/71.4286%
P: CCCTAGCGTAACTCTCGAGGTAGTA
<- Aln:   0	0	10	14	24	0	11= ->
Pattern:	2-1
#473
P:11/100%	D:10/66.6667%
P: CCCTAGCGTAACTCTCGAGGTAGTA
<- Aln:   0	0	10	14	24	0	11= ->
P:9/56.25%	D:11/100%
D: CCCTAGCGTAACTCTCGAGACGACG
<- Aln:   0	0	10	14	24	0	11= ->
Pattern:	1-2
#474
P:11/100%	D:8/36.3636%
P: CCCTAGCGTAACTCTCGAGGTAGTA
<- Aln:   0	0	10	14	24	0	11= ->
P:9/64.2857%	D:11/100%
D: CCCTAGCGTAACTCTCGAGACGACG
<- Aln:   0	0	10	14	24	0	11= ->
Pattern:	1-2
#475
P:12/60%	D:11/100%
D: CCCTAGCGTAACTCTCGAGACGACG
<- Aln:   0	0	10	14	24	0	11= ->
P:11/100%	D:10/62.5%
P: CCCTAGCGTAACTCTCGAGGTAGTA
<- Aln:   0	0	10	14	24	0	11= ->
Pattern:	2-1
#476
P:11/100%	D:15/62.5%
P: CCCTAGCGTAACTCTCGAGGTAGTA
<- Aln:   0	0	10	14	24	0	11= ->
P:10/66.6667%	D:11/100%
D: CCCTAGCGTAACTCTCGAGACGACG
<- Aln:   0	0	10	14	24	0	11= ->
Pattern:	1-2
#477
P:13/65%	D:11/100%
D: CCCTAGCGTAACTCTCGAGACGACG
<- Aln:   0	0	10	14	24	0	11= ->
P:11/100%	D:15/65.2174%
P: CCCTAGCGTAACTCTCGAGGTAGTA
<- Aln:   0	0	10	14	24	0	11= ->
Pattern:	2-1
#478
P:9/56.25%	D:11/100%
D: CCCTAGCGTAACTCTCGAGACGACG
<- Aln:   0	0	10	14	24	0	11= ->
P:25/100%	D:19/100%
P: CCCTAGCGTAACTCTCGAGGTAGTA
<- Aln:   0	0	24	0	24	0	25= ->
Pattern:	2-1
#479
P:11/100%	D:7/77.7778%
P: CCCTAGCGTAACTCTCGAGGTAGTA
<- Aln:   0	0	10	14	24	0	11= ->
P:11/52.381%	D:11/100%
D: CCCTAGCGTAACTCTCGAGACGACG
<- Aln:   0	0	10	14	24	0	11= ->
Pattern:	1-2
#480
P:10/52.6316%	D:11/100%
D: CCCTAGCGTAACTCTCGAGACGACG
<- Aln:   0	0	10	14	24	0	11= ->
P:11/100%	D:14/58.3333%
P: CCCTAGCGTAACTCTCGAGGTAGTA
<- Aln:   0	0	10	14	24	0	11= ->
Pattern:	2-1
#481
P:9/60%	D:11/100%
D: CCCTAGCGTAACTCTCGAGACGACG
<- Aln:   0	0	10	14	24	0	11= ->
P:11/100%	D:14/63.6364%
P: CCCTAGCGTAACTCTCGAGGTAGTA
<- Aln:   0	0	10	14	24	0	11= ->
Pattern:	2-1
#482
P:11/100%	D:15/65.2174%
P: CCCTAGCGTAACTCTCGAGGTAGTA
<- Aln:   0	0	10	14	24	0	11= ->
P:9/47.3684%	D:11/100%
D: CCCTAGCGTAACTCTCGAGACGACG
<- Aln:   0	0	10	14	24	0	11= ->
Pattern:	1-2
#483
P:8/80%	D:11/100%
D: CCCTAGCGTAACTCTCGAGACGACG
<- Aln:   0	0	10	14	24	0	11= ->
P:11/100%	D:11/52.381%
P: CCCTAGCGTAACTCTCGAGGTAGTA
<- Aln:   0	0	10	14	24	0	11= ->
Pattern:	2-1
#484
P:9/64.2857%	D:11/100%
D: CCCTAGCGTAACTCTCGAGACGACG
<- Aln:   0	0	10	14	24	0	11= ->
P:10/90.9091%	D:4/80%
P: CCCTAGCGTAACTCTCGAGGTAGTA
<- Aln:   20	0	10	14	24	1	14S3=1X7= ->
Pattern:	2-1
#485
P:14/63.6364%	D:11/100%
D: CCCTAGCGTAACTCTCGAGACGACG
<- Aln:   0	0	10	14	24	0	11= ->
P:10/90.9091%	D:14/58.3333%
P: CCCTAGCGTAACTCTCGAGGTAGTA
<- Aln:   20	0	10	14	24	1	14S3=1X7= ->
Pattern:	2-1
#486
P:11/100%	D:12/63.1579%
P: CCCTAGCGTAACTCTCGAGGTAGTA
<- Aln:   0	0	10	14	24	0	11= ->
P:11/57.8947%	D:11/100%
D: CCCTAGCGTAACTCTCGAGACGACG
<- Aln:   0	0	10	14	24	0	11= ->
Pattern:	1-2
#487
P:10/58.8235%	D:11/100%
D: CCCTAGCGTAACTCTCGAGACGACG
<- Aln:   0	0	10	14	24	0	11= ->
P:11/100%	D:14/66.6667%
P: CCCTAGCGTAACTCTCGAGGTAGTA
<- Aln:   0	0	10	14	24	0	11= ->
Pattern:	2-1
#488
P:11/100%	D:13/61.9048%
P: CCCTAGCGTAACTCTCGAGGTAGTA
<- Aln:   0	0	10	14	24	0	11= ->
P:12/57.1429%	D:12/57.1429%
No hit
<- Aln:   13	40	60	1	20	9	1S2=1X1=4X1=1X2=1X1=1X2=1D3=4S ->
<- Aln:   15	10	30	1	22	9	1S3=1X1=2X3=1I3X1=1X4=1X1=2S ->
Pattern:	1-0
#489
P:16/64%	D:11/100%
D: CCCTAGCGTAACTCTCGAGACGACG
<- Aln:   0	0	10	14	24	0	11= ->
P:11/100%	D:11/64.7059%
P: CCCTAGCGTAACTCTCGAGGTAGTA
<- Aln:   0	0	10	14	24	0	11= ->
Pattern:	2-1
#490
P:12/50%	D:11/100%
D: CCCTAGCGTAACTCTCGAGACGACG
<- Aln:   0	0	10	14	24	0	11= ->
P:11/100%	D:10/76.9231%
P: CCCTAGCGTAACTCTCGAGGTAGTA
<- Aln:   0	0	10	14	24	0	11= ->
Pattern:	2-1
#491
P:11/100%	D:10/58.8235%
P: CCCTAGCGTAACTCTCGAGGTAGTA
<- Aln:   0	0	10	14	24	0	11= ->
P:15/93.75%	D:21/95.4545%
D: CCCTAGCGTAACTCTCGAGACGACG
<- Aln:   41	0	21	2	24	1	2S12=1I10= ->
Pattern:	1-2
#492
P:10/90.9091%	D:6/85.7143%
P: CCCTAGCGTAACTCTCGAGGTAGTA
<- Aln:   19	0	10	14	24	1	14S6=1X4= ->
P:12/60%	D:11/100%
D: CCCTAGCGTAACTCTCGAGACGACG
<- Aln:   0	0	10	14	24	0	11= ->
Pattern:	1-2
#493
P:11/100%	D:13/61.9048%
P: CCCTAGCGTAACTCTCGAGGTAGTA
<- Aln:   0	0	10	14	24	0	11= ->
P:13/68.4211%	D:10/100%
D: CCCTAGCGTAACTCTCGAGACGACG
<- Aln:   20	0	9	15	24	0	15S10= ->
Pattern:	1-2
#494
P:8/66.6667%	D:11/100%
D: CCCTAGCGTAACTCTCGAGACGACG
<- Aln:   0	0	10	14	24	0	11= ->
P:11/100%	D:8/72.7273%
P: CCCTAGCGTAACTCTCGAGGTAGTA
<- Aln:   0	0	10	14	24	0	11= ->
Pattern:	2-1
#495
P:14/70%	D:11/100%
D: CCCTAGCGTAACTCTCGAGACGACG
<- Aln:   0	0	10	14	24	0	11= ->
P:11/100%	D:10/58.8235%
P: CCCTAGCGTAACTCTCGAGGTAGTA
<- Aln:   0	0	10	14	24	0	11= ->
Pattern:	2-1
#496
P:14/60.8696%	D:11/100%
D: CCCTAGCGTAACTCTCGAGACGACG
<- Aln:   0	0	10	14	24	0	11= ->
P:11/100%	D:12/63.1579%
P: CCCTAGCGTAACTCTCGAGGTAGTA
<- Aln:   0	0	10	14	24	0	11= ->
Pattern:	2-1
#497
P:11/100%	D:11/57.8947%
P: CCCTAGCGTAACTCTCGAGGTAGTA
<- Aln:   0	0	10	14	24	0	11= ->
P:15/65.2174%	D:11/100%
D: CCCTAGCGTAACTCTCGAGACGACG
<- Aln:   0	0	10	14	24	0	11= ->
Pattern:	1-2
#498
P:9/75%	D:11/100%
D: CCCTAGCGTAACTCTCGAGACGACG
<- Aln:   0	0	10	14	24	0	11= ->
P:11/100%	D:13/56.5217%
P: CCCTAGCGTAACTCTCGAGGTAGTA
<- Aln:   0	0	10	14	24	0	11= ->
Pattern:	2-1
#499
P:11/100%	D:11/61.1111%
P: CCCTAGCGTAACTCTCGAGGTAGTA
<- Aln:   0	0	10	14	24	0	11= ->
P:8/50%	D:11/100%
D: CCCTAGCGTAACTCTCGAGACGACG
<- Aln:   0	0	10	14	24	0	11= ->
Pattern:	1-2
#500
P:11/100%	D:13/61.9048%
P: CCCTAGCGTAACTCTCGAGGTAGTA
<- Aln:   0	0	10	14	24	0	11= ->
P:10/55.5556%	D:11/100%
D: CCCTAGCGTAACTCTCGAGACGACG
<- Aln:   0	0	10	14	24	0	11= ->
Pattern:	1-2
#501
P:11/100%	D:11/57.8947%
P: CCCTAGCGTAACTCTCGAGGTAGTA
<- Aln:   0	0	10	14	24	0	11= ->
P:10/66.6667%	D:11/100%
D: CCCTAGCGTAACTCTCGAGACGACG
<- Aln:   0	0	10	14	24	0	11= ->
Pattern:	1-2
#502
P:10/100%	D:14/56%
P: CCCTAGCGTAACTCTCGAGGTAGTA
<- Aln:   20	0	9	14	23	0	14S10=1S ->
P:12/60%	D:11/100%
D: CCCTAGCGTAACTCTCGAGACGACG
<- Aln:   0	0	10	14	24	0	11= ->
Pattern:	1-2
#503
P:11/100%	D:9/75%
P: CCCTAGCGTAACTCTCGAGGTAGTA
<- Aln:   0	0	10	14	24	0	11= ->
P:11/61.1111%	D:11/100%
D: CCCTAGCGTAACTCTCGAGACGACG
<- Aln:   0	0	10	14	24	0	11= ->
Pattern:	1-2
#504
P:11/100%	D:12/57.1429%
P: CCCTAGCGTAACTCTCGAGGTAGTA
<- Aln:   0	0	10	14	24	0	11= ->
P:8/66.6667%	D:11/100%
D: CCCTAGCGTAACTCTCGAGACGACG
<- Aln:   0	0	10	14	24	0	11= ->
Pattern:	1-2
#505
P:9/69.2308%	D:11/100%
D: CCCTAGCGTAACTCTCGAGACGACG
<- Aln:   0	0	10	14	24	0	11= ->
P:11/100%	D:11/61.1111%
P: CCCTAGCGTAACTCTCGAGGTAGTA
<- Aln:   0	0	10	14	24	0	11= ->
Pattern:	2-1
#506
P:11/61.1111%	D:11/100%
D: CCCTAGCGTAACTCTCGAGACGACG
<- Aln:   0	0	10	14	24	0	11= ->
P:11/100%	D:7/70%
P: CCCTAGCGTAACTCTCGAGGTAGTA
<- Aln:   0	0	10	14	24	0	11= ->
Pattern:	2-1
#507
P:11/100%	D:13/68.4211%
P: CCCTAGCGTAACTCTCGAGGTAGTA
<- Aln:   0	0	10	14	24	0	11= ->
P:11/61.1111%	D:11/100%
D: CCCTAGCGTAACTCTCGAGACGACG
<- Aln:   0	0	10	14	24	0	11= ->
Pattern:	1-2
#508
P:10/71.4286%	D:11/100%
D: CCCTAGCGTAACTCTCGAGACGACG
<- Aln:   0	0	10	14	24	0	11= ->
P:11/100%	D:14/66.6667%
P: CCCTAGCGTAACTCTCGAGGTAGTA
<- Aln:   0	0	10	14	24	0	11= ->
Pattern:	2-1
#509
P:10/62.5%	D:11/100%
D: CCCTAGCGTAACTCTCGAGACGACG
<- Aln:   0	0	10	14	24	0	11= ->
P:14/51.8519%	D:12/60%
No hit
<- Aln:   11	0	26	3	24	13	3S3=1X1=2X1=1X2=4D1=1X2=1D1X1=1X2=1X1= ->
<- Aln:   12	36	55	7	23	8	7S1=1X3=2D1=1X2=1D1=2X1=1X3=1S ->
Pattern:	2-0
#510
P:11/100%	D:13/54.1667%
P: CCCTAGCGTAACTCTCGAGGTAGTA
<- Aln:   0	0	10	14	24	0	11= ->
P:11/100%	D:9/75%
P: CCCTAGCGTAACTCTCGAGGTAGTA
<- Aln:   0	0	10	14	24	0	11= ->
Pattern:	1-1
#511
P:11/100%	D:11/55%
P: CCCTAGCGTAACTCTCGAGGTAGTA
<- Aln:   0	0	10	14	24	0	11= ->
P:10/62.5%	D:10/90.9091%
D: CCCTAGCGTAACTCTCGAGACGACG
<- Aln:   20	0	10	14	24	1	14S3=1X7= ->
Pattern:	1-2
#512
P:17/100%	D:23/100%
D: CCCTAGCGTAACTCTCGAGACGACG
<- Aln:   46	0	22	2	24	0	2S23= ->
P:25/100%	D:19/100%
P: CCCTAGCGTAACTCTCGAGGTAGTA
<- Aln:   0	0	24	0	24	0	25= ->
Pattern:	2-1
#513
P:8/72.7273%	D:11/100%
D: CCCTAGCGTAACTCTCGAGACGACG
<- Aln:   0	0	10	14	24	0	11= ->
P:11/100%	D:9/69.2308%
P: CCCTAGCGTAACTCTCGAGGTAGTA
<- Aln:   0	0	10	14	24	0	11= ->
Pattern:	2-1
#514
P:10/62.5%	D:15/62.5%
No hit
<- Aln:   14	1	16	2	17	6	2S1=1X2=1X2=1X1=2X2=1X2=7S ->
<- Aln:   19	1	24	2	23	9	2S1=1X2=1X2=1X1=2X2=1X2=1X2=2D3=1S ->
P:11/100%	D:12/63.1579%
P: CCCTAGCGTAACTCTCGAGGTAGTA
<- Aln:   0	0	10	14	24	0	11= ->
Pattern:	0-1
#515
P:13/54.1667%	D:11/100%
D: CCCTAGCGTAACTCTCGAGACGACG
<- Aln:   0	0	10	14	24	0	11= ->
P:10/100%	D:8/66.6667%
P: CCCTAGCGTAACTCTCGAGGTAGTA
<- Aln:   20	0	9	14	23	0	14S10=1S ->
Pattern:	2-1
#516
P:11/100%	D:13/54.1667%
P: CCCTAGCGTAACTCTCGAGGTAGTA
<- Aln:   0	0	10	14	24	0	11= ->
P:13/59.0909%	D:11/100%
D: CCCTAGCGTAACTCTCGAGACGACG
<- Aln:   0	0	10	14	24	0	11= ->
Pattern:	1-2
#517
P:11/100%	D:10/55.5556%
P: CCCTAGCGTAACTCTCGAGGTAGTA
<- Aln:   0	0	10	14	24	0	11= ->
P:11/100%	D:15/65.2174%
P: CCCTAGCGTAACTCTCGAGGTAGTA
<- Aln:   0	0	10	14	24	0	11= ->
Pattern:	1-1
#518
P:15/57.6923%	D:11/100%
D: CCCTAGCGTAACTCTCGAGACGACG
<- Aln:   0	0	10	14	24	0	11= ->
P:11/100%	D:11/73.3333%
P: CCCTAGCGTAACTCTCGAGGTAGTA
<- Aln:   0	0	10	14	24	0	11= ->
Pattern:	2-1
#519
P:17/100%	D:23/100%
D: CCCTAGCGTAACTCTCGAGACGACG
<- Aln:   46	0	22	2	24	0	2S23= ->
P:11/100%	D:11/57.8947%
P: CCCTAGCGTAACTCTCGAGGTAGTA
<- Aln:   0	0	10	14	24	0	11= ->
Pattern:	2-1
#520
P:11/55%	D:11/100%
D: CCCTAGCGTAACTCTCGAGACGACG
<- Aln:   0	0	10	14	24	0	11= ->
P:13/59.0909%	D:10/90.9091%
D: CCCTAGCGTAACTCTCGAGACGACG
<- Aln:   20	0	10	14	24	1	14S3=1X7= ->
Pattern:	2-2
#521
P:8/66.6667%	D:11/100%
D: CCCTAGCGTAACTCTCGAGACGACG
<- Aln:   0	0	10	14	24	0	11= ->
P:11/100%	D:13/61.9048%
P: CCCTAGCGTAACTCTCGAGGTAGTA
<- Aln:   0	0	10	14	24	0	11= ->
Pattern:	2-1
#522
P:11/100%	D:9/75%
P: CCCTAGCGTAACTCTCGAGGTAGTA
<- Aln:   0	0	10	14	24	0	11= ->
P:13/56.5217%	D:11/100%
D: CCCTAGCGTAACTCTCGAGACGACG
<- Aln:   0	0	10	14	24	0	11= ->
Pattern:	1-2
#523
P:11/100%	D:11/64.7059%
P: CCCTAGCGTAACTCTCGAGGTAGTA
<- Aln:   0	0	10	14	24	0	11= ->
P:13/59.0909%	D:11/100%
D: CCCTAGCGTAACTCTCGAGACGACG
<- Aln:   0	0	10	14	24	0	11= ->
Pattern:	1-2
#524
P:12/70.5882%	D:11/100%
D: CCCTAGCGTAACTCTCGAGACGACG
<- Aln:   0	0	10	14	24	0	11= ->
P:11/100%	D:12/63.1579%
P: CCCTAGCGTAACTCTCGAGGTAGTA
<- Aln:   0	0	10	14	24	0	11= ->
Pattern:	2-1
#525
P:7/77.7778%	D:11/100%
D: CCCTAGCGTAACTCTCGAGACGACG
<- Aln:   0	0	10	14	24	0	11= ->
P:11/100%	D:7/58.3333%
P: CCCTAGCGTAACTCTCGAGGTAGTA
<- Aln:   0	0	10	14	24	0	11= ->
Pattern:	2-1
#526
P:11/64.7059%	D:11/100%
D: CCCTAGCGTAACTCTCGAGACGACG
<- Aln:   0	0	10	14	24	0	11= ->
P:11/100%	D:12/63.1579%
P: CCCTAGCGTAACTCTCGAGGTAGTA
<- Aln:   0	0	10	14	24	0	11= ->
Pattern:	2-1
#527
P:19/79.1667%	D:21/95.4545%
D: CCCTAGCGTAACTCTCGAGACGACG
<- Aln:   41	0	21	2	24	1	2S15=1I7= ->
P:11/100%	D:9/56.25%
P: CCCTAGCGTAACTCTCGAGGTAGTA
<- Aln:   0	0	10	14	24	0	11= ->
Pattern:	2-1
#528
P:9/60%	D:11/100%
D: CCCTAGCGTAACTCTCGAGACGACG
<- Aln:   0	0	10	14	24	0	11= ->
P:25/100%	D:19/100%
P: CCCTAGCGTAACTCTCGAGGTAGTA
<- Aln:   0	0	24	0	24	0	25= ->
Pattern:	2-1
#529
P:11/100%	D:5/100%
P: CCCTAGCGTAACTCTCGAGGTAGTA
<- Aln:   0	0	10	14	24	0	11= ->
P:9/69.2308%	D:10/90.9091%
D: CCCTAGCGTAACTCTCGAGACGACG
<- Aln:   20	0	10	14	24	1	14S3=1X7= ->
Pattern:	1-2
#530
P:8/61.5385%	D:11/100%
D: CCCTAGCGTAACTCTCGAGACGACG
<- Aln:   0	0	10	14	24	0	11= ->
P:10/90.9091%	D:10/66.6667%
P: CCCTAGCGTAACTCTCGAGGTAGTA
<- Aln:   20	0	10	14	24	1	14S3=1X7= ->
Pattern:	2-1
#531
P:11/100%	D:11/64.7059%
P: CCCTAGCGTAACTCTCGAGGTAGTA
<- Aln:   0	0	10	14	24	0	11= ->
P:13/59.0909%	D:11/100%
D: CCCTAGCGTAACTCTCGAGACGACG
<- Aln:   0	0	10	14	24	0	11= ->
Pattern:	1-2
#532
P:11/100%	D:12/60%
P: CCCTAGCGTAACTCTCGAGGTAGTA
<- Aln:   0	0	10	14	24	0	11= ->
P:10/100%	D:11/57.8947%
P: CCCTAGCGTAACTCTCGAGGTAGTA
<- Aln:   20	0	9	14	23	0	14S10=1S ->
Pattern:	1-1
#533
P:11/100%	D:16/69.5652%
P: CCCTAGCGTAACTCTCGAGGTAGTA
<- Aln:   0	0	10	14	24	0	11= ->
P:14/73.6842%	D:11/100%
D: CCCTAGCGTAACTCTCGAGACGACG
<- Aln:   0	0	10	14	24	0	11= ->
Pattern:	1-2
#534
P:8/66.6667%	D:11/100%
D: CCCTAGCGTAACTCTCGAGACGACG
<- Aln:   0	0	10	14	24	0	11= ->
P:8/100%	D:10/66.6667%
No hit
<- Aln:   16	0	7	14	21	0	14S8=3S ->
<- Aln:   13	17	31	6	20	5	6S2=1I1=1X3=1D1=1X3=1X1=4S ->
Pattern:	2-0
#535
P:15/93.75%	D:21/95.4545%
D: CCCTAGCGTAACTCTCGAGACGACG
<- Aln:   41	0	21	2	24	1	2S10=1I12= ->
P:24/96%	D:18/94.7368%
P: CCCTAGCGTAACTCTCGAGGTAGTA
<- Aln:   47	0	24	0	24	1	10=1X14= ->
Pattern:	2-1
#536
P:11/100%	D:14/60.8696%
P: CCCTAGCGTAACTCTCGAGGTAGTA
<- Aln:   0	0	10	14	24	0	11= ->
P:14/58.3333%	D:11/100%
D: CCCTAGCGTAACTCTCGAGACGACG
<- Aln:   0	0	10	14	24	0	11= ->
Pattern:	1-2
#537
P:11/100%	D:8/80%
P: CCCTAGCGTAACTCTCGAGGTAGTA
<- Aln:   0	0	10	14	24	0	11= ->
P:11/64.7059%	D:11/100%
D: CCCTAGCGTAACTCTCGAGACGACG
<- Aln:   0	0	10	14	24	0	11= ->
Pattern:	1-2
#538
P:11/100%	D:10/76.9231%
P: CCCTAGCGTAACTCTCGAGGTAGTA
<- Aln:   0	0	10	14	24	0	11= ->
P:10/50%	D:11/100%
D: CCCTAGCGTAACTCTCGAGACGACG
<- Aln:   0	0	10	14	24	0	11= ->
Pattern:	1-2
#539
P:16/53.3333%	D:11/100%
D: CCCTAGCGTAACTCTCGAGACGACG
<- Aln:   0	0	10	14	24	0	11= ->
P:11/100%	D:11/57.8947%
P: CCCTAGCGTAACTCTCGAGGTAGTA
<- Aln:   0	0	10	14	24	0	11= ->
Pattern:	2-1
#540
P:11/100%	D:11/68.75%
P: CCCTAGCGTAACTCTCGAGGTAGTA
<- Aln:   0	0	10	14	24	0	11= ->
P:8/80%	D:12/63.1579%
No hit
<- Aln:   14	0	9	14	24	2	14S6=1X1=1I2= ->
<- Aln:   15	8	26	3	20	7	3S2=1D3=3X5=2X1=1X1=4S ->
Pattern:	1-0
#541
P:5/100%	D:11/100%
D: CCCTAGCGTAACTCTCGAGACGACG
<- Aln:   0	0	10	14	24	0	11= ->
P:10/90.9091%	D:11/68.75%
P: CCCTAGCGTAACTCTCGAGGTAGTA
<- Aln:   20	0	10	14	24	1	14S3=1X7= ->
Pattern:	2-1
#542
P:11/100%	D:9/75%
P: CCCTAGCGTAACTCTCGAGGTAGTA
<- Aln:   0	0	10	14	24	0	11= ->
P:12/54.5455%	D:11/100%
D: CCCTAGCGTAACTCTCGAGACGACG
<- Aln:   0	0	10	14	24	0	11= ->
Pattern:	1-2
#543
P:8/80%	D:11/100%
D: CCCTAGCGTAACTCTCGAGACGACG
<- Aln:   0	0	10	14	24	0	11= ->
P:11/100%	D:9/75%
P: CCCTAGCGTAACTCTCGAGGTAGTA
<- Aln:   0	0	10	14	24	0	11= ->
Pattern:	2-1
#544
P:12/54.5455%	D:11/100%
D: CCCTAGCGTAACTCTCGAGACGACG
<- Aln:   0	0	10	14	24	0	11= ->
P:11/100%	D:13/65%
P: CCCTAGCGTAACTCTCGAGGTAGTA
<- Aln:   0	0	10	14	24	0	11= ->
Pattern:	2-1
#545
P:11/100%	D:7/77.7778%
P: CCCTAGCGTAACTCTCGAGGTAGTA
<- Aln:   0	0	10	14	24	0	11= ->
P:9/47.3684%	D:11/100%
D: CCCTAGCGTAACTCTCGAGACGACG
<- Aln:   0	0	10	14	24	0	11= ->
Pattern:	1-2
#546
P:15/93.75%	D:21/95.4545%
D: CCCTAGCGTAACTCTCGAGACGACG
<- Aln:   41	0	21	2	24	1	2S12=1I10= ->
P:11/100%	D:11/68.75%
P: CCCTAGCGTAACTCTCGAGGTAGTA
<- Aln:   0	0	10	14	24	0	11= ->
Pattern:	2-1
#547
P:11/57.8947%	D:11/100%
D: CCCTAGCGTAACTCTCGAGACGACG
<- Aln:   0	0	10	14	24	0	11= ->
P:11/100%	D:15/62.5%
P: CCCTAGCGTAACTCTCGAGGTAGTA
<- Aln:   0	0	10	14	24	0	11= ->
Pattern:	2-1
#548
P:12/57.1429%	D:11/100%
D: CCCTAGCGTAACTCTCGAGACGACG
<- Aln:   0	0	10	14	24	0	11= ->
P:11/100%	D:19/61.2903%
P: CCCTAGCGTAACTCTCGAGGTAGTA
<- Aln:   0	0	10	14	24	0	11= ->
Pattern:	2-1
#549
P:7/70%	D:11/100%
D: CCCTAGCGTAACTCTCGAGACGACG
<- Aln:   0	0	10	14	24	0	11= ->
P:11/100%	D:8/72.7273%
P: CCCTAGCGTAACTCTCGAGGTAGTA
<- Aln:   0	0	10	14	24	0	11= ->
Pattern:	2-1
#550
P:11/100%	D:15/68.1818%
P: CCCTAGCGTAACTCTCGAGGTAGTA
<- Aln:   0	0	10	14	24	0	11= ->
P:14/63.6364%	D:11/100%
D: CCCTAGCGTAACTCTCGAGACGACG
<- Aln:   0	0	10	14	24	0	11= ->
Pattern:	1-2
#551
P:12/60%	D:11/100%
D: CCCTAGCGTAACTCTCGAGACGACG
<- Aln:   0	0	10	14	24	0	11= ->
P:11/100%	D:10/52.6316%
P: CCCTAGCGTAACTCTCGAGGTAGTA
<- Aln:   0	0	10	14	24	0	11= ->
Pattern:	2-1
#552
P:11/100%	D:12/70.5882%
P: CCCTAGCGTAACTCTCGAGGTAGTA
<- Aln:   0	0	10	14	24	0	11= ->
P:11/68.75%	D:11/100%
D: CCCTAGCGTAACTCTCGAGACGACG
<- Aln:   0	0	10	14	24	0	11= ->
Pattern:	1-2
#553
P:11/64.7059%	D:11/100%
D: CCCTAGCGTAACTCTCGAGACGACG
<- Aln:   0	0	10	14	24	0	11= ->
P:10/90.9091%	D:11/64.7059%
P: CCCTAGCGTAACTCTCGAGGTAGTA
<- Aln:   20	0	10	14	24	1	14S3=1X7= ->
Pattern:	2-1
#554
P:17/100%	D:23/100%
D: CCCTAGCGTAACTCTCGAGACGACG
<- Aln:   46	0	22	2	24	0	2S23= ->
P:11/100%	D:8/66.6667%
P: CCCTAGCGTAACTCTCGAGGTAGTA
<- Aln:   0	0	10	14	24	0	11= ->
Pattern:	2-1
#555
P:11/61.1111%	D:11/100%
D: CCCTAGCGTAACTCTCGAGACGACG
<- Aln:   0	0	10	14	24	0	11= ->
P:11/100%	D:12/57.1429%
P: CCCTAGCGTAACTCTCGAGGTAGTA
<- Aln:   0	0	10	14	24	0	11= ->
Pattern:	2-1
#556
P:11/57.8947%	D:11/100%
D: CCCTAGCGTAACTCTCGAGACGACG
<- Aln:   0	0	10	14	24	0	11= ->
P:11/100%	D:10/71.4286%
P: CCCTAGCGTAACTCTCGAGGTAGTA
<- Aln:   0	0	10	14	24	0	11= ->
Pattern:	2-1
#557
P:11/100%	D:10/55.5556%
P: CCCTAGCGTAACTCTCGAGGTAGTA
<- Aln:   0	0	10	14	24	0	11= ->
P:13/59.0909%	D:11/100%
D: CCCTAGCGTAACTCTCGAGACGACG
<- Aln:   0	0	10	14	24	0	11= ->
Pattern:	1-2
#558
P:11/100%	D:13/65%
P: CCCTAGCGTAACTCTCGAGGTAGTA
<- Aln:   0	0	10	14	24	0	11= ->
P:17/100%	D:23/100%
D: CCCTAGCGTAACTCTCGAGACGACG
<- Aln:   46	0	22	2	24	0	2S23= ->
Pattern:	1-2
#559
P:9/60%	D:11/100%
D: CCCTAGCGTAACTCTCGAGACGACG
<- Aln:   0	0	10	14	24	0	11= ->
P:11/100%	D:11/68.75%
P: CCCTAGCGTAACTCTCGAGGTAGTA
<- Aln:   0	0	10	14	24	0	11= ->
Pattern:	2-1
#560
P:11/57.8947%	D:11/91.6667%
D: CCCTAGCGTAACTCTCGAGACGACG
<- Aln:   19	0	11	14	24	1	14S5=1D6= ->
P:11/100%	D:11/55%
P: CCCTAGCGTAACTCTCGAGGTAGTA
<- Aln:   0	0	10	14	24	0	11= ->
Pattern:	2-1
#561
P:11/100%	D:11/68.75%
P: CCCTAGCGTAACTCTCGAGGTAGTA
<- Aln:   0	0	10	14	24	0	11= ->
P:12/52.1739%	D:11/100%
D: CCCTAGCGTAACTCTCGAGACGACG
<- Aln:   0	0	10	14	24	0	11= ->
Pattern:	1-2
#562
P:11/100%	D:7/77.7778%
P: CCCTAGCGTAACTCTCGAGGTAGTA
<- Aln:   0	0	10	14	24	0	11= ->
P:10/62.5%	D:11/100%
D: CCCTAGCGTAACTCTCGAGACGACG
<- Aln:   0	0	10	14	24	0	11= ->
Pattern:	1-2
#563
P:11/100%	D:10/58.8235%
P: CCCTAGCGTAACTCTCGAGGTAGTA
<- Aln:   0	0	10	14	24	0	11= ->
P:12/66.6667%	D:11/100%
D: CCCTAGCGTAACTCTCGAGACGACG
<- Aln:   0	0	10	14	24	0	11= ->
Pattern:	1-2
#564
P:25/100%	D:19/100%
P: CCCTAGCGTAACTCTCGAGGTAGTA
<- Aln:   0	0	24	0	24	0	25= ->
P:11/57.8947%	D:11/100%
D: CCCTAGCGTAACTCTCGAGACGACG
<- Aln:   0	0	10	14	24	0	11= ->
Pattern:	1-2
#565
P:10/62.5%	D:14/53.8462%
No hit
<- Aln:   12	0	15	8	23	6	8S2=1D2=2X2=1I1=1X2=1X2=1S ->
<- Aln:   12	4	29	2	23	12	2S1=1X1=1X1=1X1=2X1=1D3=2X1=1X2=3D3=1S ->
P:10/58.8235%	D:11/100%
D: CCCTAGCGTAACTCTCGAGACGACG
<- Aln:   0	0	10	14	24	0	11= ->
Pattern:	0-2
#566
P:8/66.6667%	D:11/100%
D: CCCTAGCGTAACTCTCGAGACGACG
<- Aln:   0	0	10	14	24	0	11= ->
P:11/100%	D:14/58.3333%
P: CCCTAGCGTAACTCTCGAGGTAGTA
<- Aln:   0	0	10	14	24	0	11= ->
Pattern:	2-1
#567
P:17/100%	D:23/100%
D: CCCTAGCGTAACTCTCGAGACGACG
<- Aln:   46	0	22	2	24	0	2S23= ->
P:11/100%	D:13/56.5217%
P: CCCTAGCGTAACTCTCGAGGTAGTA
<- Aln:   0	0	10	14	24	0	11= ->
Pattern:	2-1
#568
P:12/54.5455%	D:11/100%
D: CCCTAGCGTAACTCTCGAGACGACG
<- Aln:   0	0	10	14	24	0	11= ->
P:11/100%	D:8/61.5385%
P: CCCTAGCGTAACTCTCGAGGTAGTA
<- Aln:   0	0	10	14	24	0	11= ->
Pattern:	2-1
#569
P:10/100%	D:10/62.5%
P: CCCTAGCGTAACTCTCGAGGTAGTA
<- Aln:   20	0	9	14	23	0	14S10=1S ->
P:6/60%	D:11/100%
D: CCCTAGCGTAACTCTCGAGACGACG
<- Aln:   0	0	10	14	24	0	11= ->
Pattern:	1-2
#570
P:11/100%	D:10/76.9231%
P: CCCTAGCGTAACTCTCGAGGTAGTA
<- Aln:   0	0	10	14	24	0	11= ->
P:10/66.6667%	D:11/100%
D: CCCTAGCGTAACTCTCGAGACGACG
<- Aln:   0	0	10	14	24	0	11= ->
Pattern:	1-2
#571
P:11/100%	D:6/85.7143%
P: CCCTAGCGTAACTCTCGAGGTAGTA
<- Aln:   0	0	10	14	24	0	11= ->
P:13/54.1667%	D:11/100%
D: CCCTAGCGTAACTCTCGAGACGACG
<- Aln:   0	0	10	14	24	0	11= ->
Pattern:	1-2
#572
P:11/100%	D:10/47.619%
P: CCCTAGCGTAACTCTCGAGGTAGTA
<- Aln:   0	0	10	14	24	0	11= ->
P:9/64.2857%	D:11/100%
D: CCCTAGCGTAACTCTCGAGACGACG
<- Aln:   0	0	10	14	24	0	11= ->
Pattern:	1-2
#573
P:11/100%	D:9/64.2857%
P: CCCTAGCGTAACTCTCGAGGTAGTA
<- Aln:   0	0	10	14	24	0	11= ->
P:14/73.6842%	D:11/100%
D: CCCTAGCGTAACTCTCGAGACGACG
<- Aln:   0	0	10	14	24	0	11= ->
Pattern:	1-2
#574
P:11/100%	D:10/62.5%
P: CCCTAGCGTAACTCTCGAGGTAGTA
<- Aln:   0	0	10	14	24	0	11= ->
P:12/70.5882%	D:11/100%
D: CCCTAGCGTAACTCTCGAGACGACG
<- Aln:   0	0	10	14	24	0	11= ->
Pattern:	1-2
#575
P:10/71.4286%	D:11/100%
D: CCCTAGCGTAACTCTCGAGACGACG
<- Aln:   0	0	10	14	24	0	11= ->
P:11/100%	D:13/61.9048%
P: CCCTAGCGTAACTCTCGAGGTAGTA
<- Aln:   0	0	10	14	24	0	11= ->
Pattern:	2-1
#576
P:14/63.6364%	D:11/100%
D: CCCTAGCGTAACTCTCGAGACGACG
<- Aln:   0	0	10	14	24	0	11= ->
P:11/100%	D:14/60.8696%
P: CCCTAGCGTAACTCTCGAGGTAGTA
<- Aln:   0	0	10	14	24	0	11= ->
Pattern:	2-1
#577
P:11/100%	D:9/56.25%
P: CCCTAGCGTAACTCTCGAGGTAGTA
<- Aln:   0	0	10	14	24	0	11= ->
P:12/63.1579%	D:10/90.9091%
D: CCCTAGCGTAACTCTCGAGACGACG
<- Aln:   20	0	10	14	24	1	14S3=1X7= ->
Pattern:	1-2
#578
P:10/62.5%	D:11/100%
D: CCCTAGCGTAACTCTCGAGACGACG
<- Aln:   0	0	10	14	24	0	11= ->
P:10/90.9091%	D:10/55.5556%
P: CCCTAGCGTAACTCTCGAGGTAGTA
<- Aln:   20	0	10	14	24	1	14S3=1X7= ->
Pattern:	2-1
#579
P:11/100%	D:12/80%
P: CCCTAGCGTAACTCTCGAGGTAGTA
<- Aln:   0	0	10	14	24	0	11= ->
P:10/71.4286%	D:11/100%
D: CCCTAGCGTAACTCTCGAGACGACG
<- Aln:   0	0	10	14	24	0	11= ->
Pattern:	1-2
#580
P:11/100%	D:9/69.2308%
P: CCCTAGCGTAACTCTCGAGGTAGTA
<- Aln:   0	0	10	14	24	0	11= ->
P:9/69.2308%	D:11/100%
D: CCCTAGCGTAACTCTCGAGACGACG
<- Aln:   0	0	10	14	24	0	11= ->
Pattern:	1-2
#581
P:10/55.5556%	D:11/100%
D: CCCTAGCGTAACTCTCGAGACGACG
<- Aln:   0	0	10	14	24	0	11= ->
P:11/100%	D:8/72.7273%
P: CCCTAGCGTAACTCTCGAGGTAGTA
<- Aln:   0	0	10	14	24	0	11= ->
Pattern:	2-1
#582
P:13/61.9048%	D:11/100%
D: CCCTAGCGTAACTCTCGAGACGACG
<- Aln:   0	0	10	14	24	0	11= ->
P:25/100%	D:19/100%
P: CCCTAGCGTAACTCTCGAGGTAGTA
<- Aln:   0	0	24	0	24	0	25= ->
Pattern:	2-1
#583
P:12/57.1429%	D:11/100%
D: CCCTAGCGTAACTCTCGAGACGACG
<- Aln:   0	0	10	14	24	0	11= ->
P:11/100%	D:11/68.75%
P: CCCTAGCGTAACTCTCGAGGTAGTA
<- Aln:   0	0	10	14	24	0	11= ->
Pattern:	2-1
#584
P:13/54.1667%	D:11/100%
D: CCCTAGCGTAACTCTCGAGACGACG
<- Aln:   0	0	10	14	24	0	11= ->
P:11/100%	D:10/83.3333%
P: CCCTAGCGTAACTCTCGAGGTAGTA
<- Aln:   0	0	10	14	24	0	11= ->
Pattern:	2-1
#585
P:12/57.1429%	D:11/100%
D: CCCTAGCGTAACTCTCGAGACGACG
<- Aln:   0	0	10	14	24	0	11= ->
P:11/100%	D:14/58.3333%
P: CCCTAGCGTAACTCTCGAGGTAGTA
<- Aln:   0	0	10	14	24	0	11= ->
Pattern:	2-1
#586
P:10/55.5556%	D:11/100%
D: CCCTAGCGTAACTCTCGAGACGACG
<- Aln:   0	0	10	14	24	0	11= ->
P:11/100%	D:9/52.9412%
P: CCCTAGCGTAACTCTCGAGGTAGTA
<- Aln:   0	0	10	14	24	0	11= ->
Pattern:	2-1
#587
P:11/57.8947%	D:11/100%
D: CCCTAGCGTAACTCTCGAGACGACG
<- Aln:   0	0	10	14	24	0	11= ->
P:11/100%	D:18/72%
P: CCCTAGCGTAACTCTCGAGGTAGTA
<- Aln:   0	0	10	14	24	0	11= ->
Pattern:	2-1
#588
P:11/100%	D:5/100%
P: CCCTAGCGTAACTCTCGAGGTAGTA
<- Aln:   0	0	10	14	24	0	11= ->
P:9/69.2308%	D:11/100%
D: CCCTAGCGTAACTCTCGAGACGACG
<- Aln:   0	0	10	14	24	0	11= ->
Pattern:	1-2
#589
P:12/57.1429%	D:11/100%
D: CCCTAGCGTAACTCTCGAGACGACG
<- Aln:   0	0	10	14	24	0	11= ->
P:11/100%	D:10/62.5%
P: CCCTAGCGTAACTCTCGAGGTAGTA
<- Aln:   0	0	10	14	24	0	11= ->
Pattern:	2-1
#590
P:11/100%	D:9/75%
P: CCCTAGCGTAACTCTCGAGGTAGTA
<- Aln:   0	0	10	14	24	0	11= ->
P:12/57.1429%	D:11/100%
D: CCCTAGCGTAACTCTCGAGACGACG
<- Aln:   0	0	10	14	24	0	11= ->
Pattern:	1-2
#591
P:11/100%	D:11/73.3333%
P: CCCTAGCGTAACTCTCGAGGTAGTA
<- Aln:   0	0	10	14	24	0	11= ->
P:5/100%	D:11/100%
D: CCCTAGCGTAACTCTCGAGACGACG
<- Aln:   0	0	10	14	24	0	11= ->
Pattern:	1-2
#592
P:11/100%	D:7/70%
P: CCCTAGCGTAACTCTCGAGGTAGTA
<- Aln:   0	0	10	14	24	0	11= ->
P:9/75%	D:11/100%
D: CCCTAGCGTAACTCTCGAGACGACG
<- Aln:   0	0	10	14	24	0	11= ->
Pattern:	1-2
#593
P:13/61.9048%	D:10/100%
D: CCCTAGCGTAACTCTCGAGACGACG
<- Aln:   20	1	10	15	24	0	15S10= ->
P:14/63.6364%	D:11/100%
D: CCCTAGCGTAACTCTCGAGACGACG
<- Aln:   0	0	10	14	24	0	11= ->
Pattern:	2-2
#594
P:15/57.6923%	D:10/52.6316%
No hit
<- Aln:   15	35	60	1	24	11	1S2=2X2=1I3=1X1=1X1=1X1=1D1=2D2X5= ->
<- Aln:   13	0	18	3	24	9	3S1=1X1=1X3=2I1X2=1X2=1I1=2X3= ->
P:11/100%	D:11/64.7059%
P: CCCTAGCGTAACTCTCGAGGTAGTA
<- Aln:   0	0	10	14	24	0	11= ->
Pattern:	0-1
#595
P:11/73.3333%	D:11/100%
D: CCCTAGCGTAACTCTCGAGACGACG
<- Aln:   0	0	10	14	24	0	11= ->
P:11/100%	D:11/64.7059%
P: CCCTAGCGTAACTCTCGAGGTAGTA
<- Aln:   0	0	10	14	24	0	11= ->
Pattern:	2-1
#596
P:14/53.8462%	D:11/100%
D: CCCTAGCGTAACTCTCGAGACGACG
<- Aln:   0	0	10	14	24	0	11= ->
P:11/100%	D:14/63.6364%
P: CCCTAGCGTAACTCTCGAGGTAGTA
<- Aln:   0	0	10	14	24	0	11= ->
Pattern:	2-1
#597
P:14/66.6667%	D:13/56.5217%
No hit
<- Aln:   21	1	21	2	23	7	2S1=1X2=1X1=1I1=1X4=2X1=1X5=1S ->
<- Aln:   16	25	47	0	23	10	2=1X1=2X1=1X1=2X5=3X2=1I2=1S ->
P:8/53.3333%	D:11/100%
D: CCCTAGCGTAACTCTCGAGACGACG
<- Aln:   0	0	10	14	24	0	11= ->
Pattern:	0-2
#598
P:7/70%	D:11/100%
D: CCCTAGCGTAACTCTCGAGACGACG
<- Aln:   0	0	10	14	24	0	11= ->
P:11/100%	D:17/60.7143%
P: CCCTAGCGTAACTCTCGAGGTAGTA
<- Aln:   0	0	10	14	24	0	11= ->
Pattern:	2-1
#599
P:15/60%	D:11/100%
D: CCCTAGCGTAACTCTCGAGACGACG
<- Aln:   0	0	10	14	24	0	11= ->
P:11/100%	D:14/56%
P: CCCTAGCGTAACTCTCGAGGTAGTA
<- Aln:   0	0	10	14	24	0	11= ->
Pattern:	2-1
#600
P:17/100%	D:23/100%
D: CCCTAGCGTAACTCTCGAGACGACG
<- Aln:   46	0	22	2	24	0	2S23= ->
P:10/90.9091%	D:9/69.2308%
P: CCCTAGCGTAACTCTCGAGGTAGTA
<- Aln:   20	0	10	14	24	1	14S3=1X7= ->
Pattern:	2-1
#601
P:11/100%	D:12/60%
P: CCCTAGCGTAACTCTCGAGGTAGTA
<- Aln:   0	0	10	14	24	0	11= ->
P:13/65%	D:11/100%
D: CCCTAGCGTAACTCTCGAGACGACG
<- Aln:   0	0	10	14	24	0	11= ->
Pattern:	1-2
#602
P:13/61.9048%	D:11/100%
D: CCCTAGCGTAACTCTCGAGACGACG
<- Aln:   0	0	10	14	24	0	11= ->
P:14/63.6364%	D:11/100%
D: CCCTAGCGTAACTCTCGAGACGACG
<- Aln:   0	0	10	14	24	0	11= ->
Pattern:	2-2
#603
P:11/100%	D:11/57.8947%
P: CCCTAGCGTAACTCTCGAGGTAGTA
<- Aln:   0	0	10	14	24	0	11= ->
P:9/64.2857%	D:11/100%
D: CCCTAGCGTAACTCTCGAGACGACG
<- Aln:   0	0	10	14	24	0	11= ->
Pattern:	1-2
#604
P:11/100%	D:18/60%
P: CCCTAGCGTAACTCTCGAGGTAGTA
<- Aln:   0	0	10	14	24	0	11= ->
P:12/66.6667%	D:11/100%
D: CCCTAGCGTAACTCTCGAGACGACG
<- Aln:   0	0	10	14	24	0	11= ->
Pattern:	1-2
#605
P:11/57.8947%	D:11/100%
D: CCCTAGCGTAACTCTCGAGACGACG
<- Aln:   0	0	10	14	24	0	11= ->
P:11/100%	D:11/55%
P: CCCTAGCGTAACTCTCGAGGTAGTA
<- Aln:   0	0	10	14	24	0	11= ->
Pattern:	2-1
#606
P:17/70.8333%	D:11/100%
D: CCCTAGCGTAACTCTCGAGACGACG
<- Aln:   0	0	10	14	24	0	11= ->
P:11/100%	D:11/73.3333%
P: CCCTAGCGTAACTCTCGAGGTAGTA
<- Aln:   0	0	10	14	24	0	11= ->
Pattern:	2-1
#607
P:11/100%	D:12/63.1579%
P: CCCTAGCGTAACTCTCGAGGTAGTA
<- Aln:   0	0	10	14	24	0	11= ->
P:9/60%	D:11/100%
D: CCCTAGCGTAACTCTCGAGACGACG
<- Aln:   0	0	10	14	24	0	11= ->
Pattern:	1-2
#608
P:14/58.3333%	D:11/100%
D: CCCTAGCGTAACTCTCGAGACGACG
<- Aln:   0	0	10	14	24	0	11= ->
P:11/100%	D:13/65%
P: CCCTAGCGTAACTCTCGAGGTAGTA
<- Aln:   0	0	10	14	24	0	11= ->
Pattern:	2-1
#609
P:9/90%	D:10/62.5%
P: CCCTAGCGTAACTCTCGAGGTAGTA
<- Aln:   17	0	9	14	24	1	14S6=1I4= ->
P:10/62.5%	D:14/63.6364%
No hit
<- Aln:   14	20	35	5	22	6	5S2=2X2=2X3=1I3=1I2=2S ->
<- Aln:   18	20	41	5	24	8	5S2=2X2=2D3=2X3=1X3=1X1= ->
Pattern:	1-0
#610
P:10/100%	D:7/70%
P: CCCTAGCGTAACTCTCGAGGTAGTA
<- Aln:   20	0	9	14	23	0	14S10=1S ->
P:14/60.8696%	D:11/100%
D: CCCTAGCGTAACTCTCGAGACGACG
<- Aln:   0	0	10	14	24	0	11= ->
Pattern:	1-2
#611
P:13/54.1667%	D:11/100%
D: CCCTAGCGTAACTCTCGAGACGACG
<- Aln:   0	0	10	14	24	0	11= ->
P:11/100%	D:12/75%
P: CCCTAGCGTAACTCTCGAGGTAGTA
<- Aln:   0	0	10	14	24	0	11= ->
Pattern:	2-1
#612
P:25/100%	D:19/100%
P: CCCTAGCGTAACTCTCGAGGTAGTA
<- Aln:   0	0	24	0	24	0	25= ->
P:17/100%	D:23/100%
D: CCCTAGCGTAACTCTCGAGACGACG
<- Aln:   46	0	22	2	24	0	2S23= ->
Pattern:	1-2
#613
P:9/69.2308%	D:11/100%
D: CCCTAGCGTAACTCTCGAGACGACG
<- Aln:   0	0	10	14	24	0	11= ->
P:11/100%	D:11/52.381%
P: CCCTAGCGTAACTCTCGAGGTAGTA
<- Aln:   0	0	10	14	24	0	11= ->
Pattern:	2-1
#614
P:11/100%	D:12/52.1739%
P: CCCTAGCGTAACTCTCGAGGTAGTA
<- Aln:   0	0	10	14	24	0	11= ->
P:8/80%	D:11/100%
D: CCCTAGCGTAACTCTCGAGACGACG
<- Aln:   0	0	10	14	24	0	11= ->
Pattern:	1-2
#615
P:15/62.5%	D:11/100%
D: CCCTAGCGTAACTCTCGAGACGACG
<- Aln:   0	0	10	14	24	0	11= ->
P:11/100%	D:5/100%
P: CCCTAGCGTAACTCTCGAGGTAGTA
<- Aln:   0	0	10	14	24	0	11= ->
Pattern:	2-1
#616
P:11/100%	D:9/60%
P: CCCTAGCGTAACTCTCGAGGTAGTA
<- Aln:   0	0	10	14	24	0	11= ->
P:17/100%	D:23/100%
D: CCCTAGCGTAACTCTCGAGACGACG
<- Aln:   46	0	22	2	24	0	2S23= ->
Pattern:	1-2
#617
P:12/60%	D:11/100%
D: CCCTAGCGTAACTCTCGAGACGACG
<- Aln:   0	0	10	14	24	0	11= ->
P:11/100%	D:11/64.7059%
P: CCCTAGCGTAACTCTCGAGGTAGTA
<- Aln:   0	0	10	14	24	0	11= ->
Pattern:	2-1
#618
P:11/100%	D:7/50%
P: CCCTAGCGTAACTCTCGAGGTAGTA
<- Aln:   0	0	10	14	24	0	11= ->
P:6/50%	D:10/90.9091%
D: CCCTAGCGTAACTCTCGAGACGACG
<- Aln:   20	0	10	14	24	1	14S3=1X7= ->
Pattern:	1-2
#619
P:11/100%	D:8/72.7273%
P: CCCTAGCGTAACTCTCGAGGTAGTA
<- Aln:   0	0	10	14	24	0	11= ->
P:10/58.8235%	D:11/100%
D: CCCTAGCGTAACTCTCGAGACGACG
<- Aln:   0	0	10	14	24	0	11= ->
Pattern:	1-2
#620
P:11/100%	D:10/55.5556%
P: CCCTAGCGTAACTCTCGAGGTAGTA
<- Aln:   0	0	10	14	24	0	11= ->
P:5/100%	D:11/100%
D: CCCTAGCGTAACTCTCGAGACGACG
<- Aln:   0	0	10	14	24	0	11= ->
Pattern:	1-2
#621
P:8/44.4444%	D:11/100%
D: CCCTAGCGTAACTCTCGAGACGACG
<- Aln:   0	0	10	14	24	0	11= ->
P:16/59.2593%	D:11/100%
D: CCCTAGCGTAACTCTCGAGACGACG
<- Aln:   0	0	10	14	24	0	11= ->
Pattern:	2-2
#622
P:11/100%	D:8/80%
P: CCCTAGCGTAACTCTCGAGGTAGTA
<- Aln:   0	0	10	14	24	0	11= ->
P:14/58.3333%	D:11/100%
D: CCCTAGCGTAACTCTCGAGACGACG
<- Aln:   0	0	10	14	24	0	11= ->
Pattern:	1-2
#623
P:15/57.6923%	D:11/100%
D: CCCTAGCGTAACTCTCGAGACGACG
<- Aln:   0	0	10	14	24	0	11= ->
P:10/100%	D:13/65%
P: CCCTAGCGTAACTCTCGAGGTAGTA
<- Aln:   20	0	9	14	23	0	14S10=1S ->
Pattern:	2-1
#624
P:25/100%	D:19/100%
P: CCCTAGCGTAACTCTCGAGGTAGTA
<- Aln:   0	0	24	0	24	0	25= ->
P:14/58.3333%	D:11/100%
D: CCCTAGCGTAACTCTCGAGACGACG
<- Aln:   0	0	10	14	24	0	11= ->
Pattern:	1-2
#625
P:11/55%	D:11/100%
D: CCCTAGCGTAACTCTCGAGACGACG
<- Aln:   0	0	10	14	24	0	11= ->
P:14/60.8696%	D:11/100%
D: CCCTAGCGTAACTCTCGAGACGACG
<- Aln:   0	0	10	14	24	0	11= ->
Pattern:	2-2
#626
P:11/100%	D:14/60.8696%
P: CCCTAGCGTAACTCTCGAGGTAGTA
<- Aln:   0	0	10	14	24	0	11= ->
P:10/50%	D:11/100%
D: CCCTAGCGTAACTCTCGAGACGACG
<- Aln:   0	0	10	14	24	0	11= ->
Pattern:	1-2
#627
P:11/100%	D:12/63.1579%
P: CCCTAGCGTAACTCTCGAGGTAGTA
<- Aln:   0	0	10	14	24	0	11= ->
P:8/80%	D:11/100%
D: CCCTAGCGTAACTCTCGAGACGACG
<- Aln:   0	0	10	14	24	0	11= ->
Pattern:	1-2
#628
P:11/55%	D:10/100%
D: CCCTAGCGTAACTCTCGAGACGACG
<- Aln:   20	0	9	14	23	0	14S10=1S ->
P:11/100%	D:7/70%
P: CCCTAGCGTAACTCTCGAGGTAGTA
<- Aln:   0	0	10	14	24	0	11= ->
Pattern:	2-1
#629
P:11/100%	D:11/55%
P: CCCTAGCGTAACTCTCGAGGTAGTA
<- Aln:   0	0	10	14	24	0	11= ->
P:12/54.5455%	D:11/100%
D: CCCTAGCGTAACTCTCGAGACGACG
<- Aln:   0	0	10	14	24	0	11= ->
Pattern:	1-2
#630
P:11/50%	D:11/100%
D: CCCTAGCGTAACTCTCGAGACGACG
<- Aln:   0	0	10	14	24	0	11= ->
P:11/100%	D:11/57.8947%
P: CCCTAGCGTAACTCTCGAGGTAGTA
<- Aln:   0	0	10	14	24	0	11= ->
Pattern:	2-1
#631
P:11/100%	D:13/59.0909%
P: CCCTAGCGTAACTCTCGAGGTAGTA
<- Aln:   0	0	10	14	24	0	11= ->
P:12/63.1579%	D:11/100%
D: CCCTAGCGTAACTCTCGAGACGACG
<- Aln:   0	0	10	14	24	0	11= ->
Pattern:	1-2
#632
P:17/100%	D:23/100%
D: CCCTAGCGTAACTCTCGAGACGACG
<- Aln:   46	0	22	2	24	0	2S23= ->
P:11/100%	D:12/75%
P: CCCTAGCGTAACTCTCGAGGTAGTA
<- Aln:   0	0	10	14	24	0	11= ->
Pattern:	2-1
#633
P:11/100%	D:10/66.6667%
P: CCCTAGCGTAACTCTCGAGGTAGTA
<- Aln:   0	0	10	14	24	0	11= ->
P:10/58.8235%	D:11/100%
D: CCCTAGCGTAACTCTCGAGACGACG
<- Aln:   0	0	10	14	24	0	11= ->
Pattern:	1-2
#634
P:11/100%	D:14/60.8696%
P: CCCTAGCGTAACTCTCGAGGTAGTA
<- Aln:   0	0	10	14	24	0	11= ->
P:13/59.0909%	D:11/100%
D: CCCTAGCGTAACTCTCGAGACGACG
<- Aln:   0	0	10	14	24	0	11= ->
Pattern:	1-2
#635
P:11/100%	D:10/66.6667%
P: CCCTAGCGTAACTCTCGAGGTAGTA
<- Aln:   0	0	10	14	24	0	11= ->
P:10/62.5%	D:11/100%
D: CCCTAGCGTAACTCTCGAGACGACG
<- Aln:   0	0	10	14	24	0	11= ->
Pattern:	1-2
#636
P:10/66.6667%	D:10/66.6667%
No hit
<- Aln:   13	44	58	1	14	5	1S3=1D1=3X4=1X2=10S ->
<- Aln:   13	44	58	1	14	5	1S3=1D1=3X4=1X2=10S ->
P:9/69.2308%	D:11/100%
D: CCCTAGCGTAACTCTCGAGACGACG
<- Aln:   0	0	10	14	24	0	11= ->
Pattern:	0-2
#637
P:17/100%	D:23/100%
D: CCCTAGCGTAACTCTCGAGACGACG
<- Aln:   46	0	22	2	24	0	2S23= ->
P:25/100%	D:19/100%
P: CCCTAGCGTAACTCTCGAGGTAGTA
<- Aln:   0	0	24	0	24	0	25= ->
Pattern:	2-1
#638
P:11/100%	D:8/61.5385%
P: CCCTAGCGTAACTCTCGAGGTAGTA
<- Aln:   0	0	10	14	24	0	11= ->
P:16/61.5385%	D:11/100%
D: CCCTAGCGTAACTCTCGAGACGACG
<- Aln:   0	0	10	14	24	0	11= ->
Pattern:	1-2
#639
P:11/100%	D:11/68.75%
P: CCCTAGCGTAACTCTCGAGGTAGTA
<- Aln:   0	0	10	14	24	0	11= ->
P:11/100%	D:11/68.75%
P: CCCTAGCGTAACTCTCGAGGTAGTA
<- Aln:   0	0	10	14	24	0	11= ->
Pattern:	1-1
#640
P:11/100%	D:10/66.6667%
P: CCCTAGCGTAACTCTCGAGGTAGTA
<- Aln:   0	0	10	14	24	0	11= ->
P:11/100%	D:10/58.8235%
P: CCCTAGCGTAACTCTCGAGGTAGTA
<- Aln:   0	0	10	14	24	0	11= ->
Pattern:	1-1
#641
P:11/100%	D:12/63.1579%
P: CCCTAGCGTAACTCTCGAGGTAGTA
<- Aln:   0	0	10	14	24	0	11= ->
P:13/61.9048%	D:11/100%
D: CCCTAGCGTAACTCTCGAGACGACG
<- Aln:   0	0	10	14	24	0	11= ->
Pattern:	1-2
#642
P:16/59.2593%	D:11/100%
D: CCCTAGCGTAACTCTCGAGACGACG
<- Aln:   0	0	10	14	24	0	11= ->
P:11/100%	D:18/64.2857%
P: CCCTAGCGTAACTCTCGAGGTAGTA
<- Aln:   0	0	10	14	24	0	11= ->
Pattern:	2-1
#643
P:11/100%	D:14/58.3333%
P: CCCTAGCGTAACTCTCGAGGTAGTA
<- Aln:   0	0	10	14	24	0	11= ->
P:13/56.5217%	D:11/100%
D: CCCTAGCGTAACTCTCGAGACGACG
<- Aln:   0	0	10	14	24	0	11= ->
Pattern:	1-2
#644
P:8/100%	D:15/62.5%
No hit
<- Aln:   16	0	7	14	21	0	14S8=3S ->
<- Aln:   17	1	24	2	23	9	2S1=1X2=1I3=1X1=1D1=1X2=2D1X3=1X3=1S ->
P:10/62.5%	D:11/100%
D: CCCTAGCGTAACTCTCGAGACGACG
<- Aln:   0	0	10	14	24	0	11= ->
Pattern:	0-2
#645
P:13/68.4211%	D:11/100%
D: CCCTAGCGTAACTCTCGAGACGACG
<- Aln:   0	0	10	14	24	0	11= ->
P:11/100%	D:13/52%
P: CCCTAGCGTAACTCTCGAGGTAGTA
<- Aln:   0	0	10	14	24	0	11= ->
Pattern:	2-1
#646
P:10/62.5%	D:11/100%
D: CCCTAGCGTAACTCTCGAGACGACG
<- Aln:   0	0	10	14	24	0	11= ->
P:11/100%	D:13/56.5217%
P: CCCTAGCGTAACTCTCGAGGTAGTA
<- Aln:   0	0	10	14	24	0	11= ->
Pattern:	2-1
#647
P:17/100%	D:23/100%
D: CCCTAGCGTAACTCTCGAGACGACG
<- Aln:   46	0	22	2	24	0	2S23= ->
P:11/57.8947%	D:11/100%
D: CCCTAGCGTAACTCTCGAGACGACG
<- Aln:   0	0	10	14	24	0	11= ->
Pattern:	2-2
#648
P:9/90%	D:11/100%
D: CCCTAGCGTAACTCTCGAGACGACG
<- Aln:   0	0	10	14	24	0	11= ->
P:10/100%	D:11/52.381%
P: CCCTAGCGTAACTCTCGAGGTAGTA
<- Aln:   20	0	9	14	23	0	14S10=1S ->
Pattern:	2-1
#649
P:8/66.6667%	D:11/100%
D: CCCTAGCGTAACTCTCGAGACGACG
<- Aln:   0	0	10	14	24	0	11= ->
P:11/100%	D:9/64.2857%
P: CCCTAGCGTAACTCTCGAGGTAGTA
<- Aln:   0	0	10	14	24	0	11= ->
Pattern:	2-1
#650
P:8/72.7273%	D:11/100%
D: CCCTAGCGTAACTCTCGAGACGACG
<- Aln:   0	0	10	14	24	0	11= ->
P:10/90.9091%	D:6/60%
P: CCCTAGCGTAACTCTCGAGGTAGTA
<- Aln:   20	0	10	14	24	1	14S3=1X7= ->
Pattern:	2-1
#651
P:11/100%	D:10/66.6667%
P: CCCTAGCGTAACTCTCGAGGTAGTA
<- Aln:   0	0	10	14	24	0	11= ->
P:10/90.9091%	D:8/72.7273%
P: CCCTAGCGTAACTCTCGAGGTAGTA
<- Aln:   20	0	10	14	24	1	14S3=1X7= ->
Pattern:	1-1
#652
P:10/76.9231%	D:11/100%
D: CCCTAGCGTAACTCTCGAGACGACG
<- Aln:   0	0	10	14	24	0	11= ->
P:11/100%	D:14/56%
P: CCCTAGCGTAACTCTCGAGGTAGTA
<- Aln:   0	0	10	14	24	0	11= ->
Pattern:	2-1
#653
P:9/100%	D:13/59.0909%
No hit
<- Aln:   18	0	8	14	22	0	14S9=2S ->
<- Aln:   13	21	42	4	22	9	4S2=1I4=1X1=1D1=3D2=1X1=1X2=1X1=2S ->
P:10/52.6316%	D:11/100%
D: CCCTAGCGTAACTCTCGAGACGACG
<- Aln:   0	0	10	14	24	0	11= ->
Pattern:	0-2
#654
P:5/100%	D:11/100%
D: CCCTAGCGTAACTCTCGAGACGACG
<- Aln:   0	0	10	14	24	0	11= ->
P:11/100%	D:13/61.9048%
P: CCCTAGCGTAACTCTCGAGGTAGTA
<- Aln:   0	0	10	14	24	0	11= ->
Pattern:	2-1
#655
P:11/100%	D:12/60%
P: CCCTAGCGTAACTCTCGAGGTAGTA
<- Aln:   0	0	10	14	24	0	11= ->
P:13/59.0909%	D:11/100%
D: CCCTAGCGTAACTCTCGAGACGACG
<- Aln:   0	0	10	14	24	0	11= ->
Pattern:	1-2
#656
P:11/100%	D:16/64%
P: CCCTAGCGTAACTCTCGAGGTAGTA
<- Aln:   0	0	10	14	24	0	11= ->
P:14/60.8696%	D:11/100%
D: CCCTAGCGTAACTCTCGAGACGACG
<- Aln:   0	0	10	14	24	0	11= ->
Pattern:	1-2
#657
P:10/62.5%	D:11/100%
D: CCCTAGCGTAACTCTCGAGACGACG
<- Aln:   0	0	10	14	24	0	11= ->
P:11/57.8947%	D:10/90.9091%
D: CCCTAGCGTAACTCTCGAGACGACG
<- Aln:   19	0	10	14	24	1	14S8=1X2= ->
Pattern:	2-2
#658
P:14/70%	D:11/100%
D: CCCTAGCGTAACTCTCGAGACGACG
<- Aln:   0	0	10	14	24	0	11= ->
P:10/100%	D:14/60.8696%
P: CCCTAGCGTAACTCTCGAGGTAGTA
<- Aln:   20	0	9	14	23	0	14S10=1S ->
Pattern:	2-1
#659
P:11/100%	D:10/62.5%
P: CCCTAGCGTAACTCTCGAGGTAGTA
<- Aln:   0	0	10	14	24	0	11= ->
P:9/60%	D:11/100%
D: CCCTAGCGTAACTCTCGAGACGACG
<- Aln:   0	0	10	14	24	0	11= ->
Pattern:	1-2
#660
P:11/100%	D:8/61.5385%
P: CCCTAGCGTAACTCTCGAGGTAGTA
<- Aln:   0	0	10	14	24	0	11= ->
P:13/61.9048%	D:11/100%
D: CCCTAGCGTAACTCTCGAGACGACG
<- Aln:   0	0	10	14	24	0	11= ->
Pattern:	1-2
#661
P:11/100%	D:8/66.6667%
P: CCCTAGCGTAACTCTCGAGGTAGTA
<- Aln:   0	0	10	14	24	0	11= ->
P:10/66.6667%	D:11/100%
D: CCCTAGCGTAACTCTCGAGACGACG
<- Aln:   0	0	10	14	24	0	11= ->
Pattern:	1-2
#662
P:11/100%	D:11/68.75%
P: CCCTAGCGTAACTCTCGAGGTAGTA
<- Aln:   0	0	10	14	24	0	11= ->
P:16/57.1429%	D:11/100%
D: CCCTAGCGTAACTCTCGAGACGACG
<- Aln:   0	0	10	14	24	0	11= ->
Pattern:	1-2
#663
P:11/100%	D:13/59.0909%
P: CCCTAGCGTAACTCTCGAGGTAGTA
<- Aln:   0	0	10	14	24	0	11= ->
P:6/66.6667%	D:11/100%
D: CCCTAGCGTAACTCTCGAGACGACG
<- Aln:   0	0	10	14	24	0	11= ->
Pattern:	1-2
#664
P:11/100%	D:13/65%
P: CCCTAGCGTAACTCTCGAGGTAGTA
<- Aln:   0	0	10	14	24	0	11= ->
P:9/60%	D:11/100%
D: CCCTAGCGTAACTCTCGAGACGACG
<- Aln:   0	0	10	14	24	0	11= ->
Pattern:	1-2
#665
P:10/58.8235%	D:11/100%
D: CCCTAGCGTAACTCTCGAGACGACG
<- Aln:   0	0	10	14	24	0	11= ->
P:11/100%	D:10/66.6667%
P: CCCTAGCGTAACTCTCGAGGTAGTA
<- Aln:   0	0	10	14	24	0	11= ->
Pattern:	2-1
#666
P:14/66.6667%	D:11/100%
D: CCCTAGCGTAACTCTCGAGACGACG
<- Aln:   0	0	10	14	24	0	11= ->
P:10/50%	D:13/56.5217%
No hit
<- Aln:   16	9	28	1	24	10	1S3=1X1=1X1=1X2=4I1X4=1X2=1X1= ->
<- Aln:   16	1	23	2	24	10	2S1=1X2=1X1=1X1=1X2=3X2=1X1=1X2=1X1= ->
Pattern:	2-0
#667
P:11/100%	D:10/71.4286%
P: CCCTAGCGTAACTCTCGAGGTAGTA
<- Aln:   0	0	10	14	24	0	11= ->
P:13/65%	D:15/65.2174%
No hit
<- Aln:   19	8	27	1	23	7	1S3=1X2=1X3=1I1X1=1I1=1X3=1I3=1S ->
<- Aln:   20	8	30	1	22	8	1S3=1X2=1X3=1D1=1X1=2X3=2X2=2S ->
Pattern:	1-0
#668
P:11/100%	D:13/68.4211%
P: CCCTAGCGTAACTCTCGAGGTAGTA
<- Aln:   0	0	10	14	24	0	11= ->
P:10/55.5556%	D:11/100%
D: CCCTAGCGTAACTCTCGAGACGACG
<- Aln:   0	0	10	14	24	0	11= ->
Pattern:	1-2
#669
P:11/55%	D:11/100%
D: CCCTAGCGTAACTCTCGAGACGACG
<- Aln:   0	0	10	14	24	0	11= ->
P:11/100%	D:10/76.9231%
P: CCCTAGCGTAACTCTCGAGGTAGTA
<- Aln:   0	0	10	14	24	0	11= ->
Pattern:	2-1
#670
P:5/100%	D:11/100%
D: CCCTAGCGTAACTCTCGAGACGACG
<- Aln:   0	0	10	14	24	0	11= ->
P:15/60%	D:12/54.5455%
No hit
<- Aln:   20	15	39	1	24	10	1S3=3I2=1X2=3D3=1X4=1D3=1X1= ->
<- Aln:   16	15	36	1	22	10	1S3=3I2=1X2=3D3=1X3=1X1=1X1=2S ->
Pattern:	2-0
#671
P:9/69.2308%	D:11/100%
D: CCCTAGCGTAACTCTCGAGACGACG
<- Aln:   0	0	10	14	24	0	11= ->
P:11/100%	D:8/80%
P: CCCTAGCGTAACTCTCGAGGTAGTA
<- Aln:   0	0	10	14	24	0	11= ->
Pattern:	2-1
#672
P:12/54.5455%	D:11/100%
D: CCCTAGCGTAACTCTCGAGACGACG
<- Aln:   0	0	10	14	24	0	11= ->
P:11/100%	D:11/64.7059%
P: CCCTAGCGTAACTCTCGAGGTAGTA
<- Aln:   0	0	10	14	24	0	11= ->
Pattern:	2-1
#673
P:10/58.8235%	D:11/100%
D: CCCTAGCGTAACTCTCGAGACGACG
<- Aln:   0	0	10	14	24	0	11= ->
P:11/100%	D:11/61.1111%
P: CCCTAGCGTAACTCTCGAGGTAGTA
<- Aln:   0	0	10	14	24	0	11= ->
Pattern:	2-1
#674
P:11/100%	D:12/57.1429%
P: CCCTAGCGTAACTCTCGAGGTAGTA
<- Aln:   0	0	10	14	24	0	11= ->
P:9/47.3684%	D:10/66.6667%
No hit
<- Aln:   16	32	50	0	23	10	3=1X1=3X1=1X5=5I4=1S ->
<- Aln:   15	32	46	0	14	5	3=1X1=3X1=1X5=10S ->
Pattern:	1-0
#675
P:11/100%	D:11/55%
P: CCCTAGCGTAACTCTCGAGGTAGTA
<- Aln:   0	0	10	14	24	0	11= ->
P:8/72.7273%	D:11/100%
D: CCCTAGCGTAACTCTCGAGACGACG
<- Aln:   0	0	10	14	24	0	11= ->
Pattern:	1-2
#676
P:10/100%	D:13/59.0909%
P: CCCTAGCGTAACTCTCGAGGTAGTA
<- Aln:   20	0	9	14	23	0	14S10=1S ->
P:12/63.1579%	D:11/55%
No hit
<- Aln:   17	5	23	5	23	7	5S2=2X2=3X2=1X4=1X2=1S ->
<- Aln:   13	33	52	1	20	9	1S1=1X3=1X3=2X1=4X2=1X1=4S ->
Pattern:	1-0
#677
P:13/68.4211%	D:11/100%
D: CCCTAGCGTAACTCTCGAGACGACG
<- Aln:   0	0	10	14	24	0	11= ->
P:11/100%	D:12/54.5455%
P: CCCTAGCGTAACTCTCGAGGTAGTA
<- Aln:   0	0	10	14	24	0	11= ->
Pattern:	2-1
#678
P:13/61.9048%	D:11/100%
D: CCCTAGCGTAACTCTCGAGACGACG
<- Aln:   0	0	10	14	24	0	11= ->
P:11/100%	D:11/55%
P: CCCTAGCGTAACTCTCGAGGTAGTA
<- Aln:   0	0	10	14	24	0	11= ->
Pattern:	2-1
#679
P:11/100%	D:16/64%
P: CCCTAGCGTAACTCTCGAGGTAGTA
<- Aln:   0	0	10	14	24	0	11= ->
P:12/70.5882%	D:11/100%
D: CCCTAGCGTAACTCTCGAGACGACG
<- Aln:   0	0	10	14	24	0	11= ->
Pattern:	1-2
#680
P:11/100%	D:19/65.5172%
P: CCCTAGCGTAACTCTCGAGGTAGTA
<- Aln:   0	0	10	14	24	0	11= ->
P:10/71.4286%	D:11/100%
D: CCCTAGCGTAACTCTCGAGACGACG
<- Aln:   0	0	10	14	24	0	11= ->
Pattern:	1-2
#681
P:11/100%	D:13/56.5217%
P: CCCTAGCGTAACTCTCGAGGTAGTA
<- Aln:   0	0	10	14	24	0	11= ->
P:17/100%	D:23/100%
D: CCCTAGCGTAACTCTCGAGACGACG
<- Aln:   46	0	22	2	24	0	2S23= ->
Pattern:	1-2
#682
P:11/100%	D:9/81.8182%
P: CCCTAGCGTAACTCTCGAGGTAGTA
<- Aln:   0	0	10	14	24	0	11= ->
P:12/57.1429%	D:11/100%
D: CCCTAGCGTAACTCTCGAGACGACG
<- Aln:   0	0	10	14	24	0	11= ->
Pattern:	1-2
#683
P:10/58.8235%	D:11/100%
D: CCCTAGCGTAACTCTCGAGACGACG
<- Aln:   0	0	10	14	24	0	11= ->
P:11/100%	D:9/56.25%
P: CCCTAGCGTAACTCTCGAGGTAGTA
<- Aln:   0	0	10	14	24	0	11= ->
Pattern:	2-1
#684
P:5/100%	D:10/100%
D: CCCTAGCGTAACTCTCGAGACGACG
<- Aln:   20	0	9	14	23	0	14S10=1S ->
P:11/100%	D:12/52.1739%
P: CCCTAGCGTAACTCTCGAGGTAGTA
<- Aln:   0	0	10	14	24	0	11= ->
Pattern:	2-1
#685
P:12/57.1429%	D:13/59.0909%
No hit
<- Aln:   15	15	35	2	19	9	2S1=1X2=1X2=1X2=3D3=1X1=2X1=5S ->
<- Aln:   17	15	36	2	22	9	2S1=1X2=1X2=1X2=1X1=1D2=2X1=2X2=2S ->
P:11/100%	D:14/51.8519%
P: CCCTAGCGTAACTCTCGAGGTAGTA
<- Aln:   0	0	10	14	24	0	11= ->
Pattern:	0-1
#686
P:14/63.6364%	D:11/100%
D: CCCTAGCGTAACTCTCGAGACGACG
<- Aln:   0	0	10	14	24	0	11= ->
P:11/100%	D:10/62.5%
P: CCCTAGCGTAACTCTCGAGGTAGTA
<- Aln:   0	0	10	14	24	0	11= ->
Pattern:	2-1
#687
P:14/58.3333%	D:11/100%
D: CCCTAGCGTAACTCTCGAGACGACG
<- Aln:   0	0	10	14	24	0	11= ->
P:10/100%	D:13/59.0909%
P: CCCTAGCGTAACTCTCGAGGTAGTA
<- Aln:   20	0	9	14	23	0	14S10=1S ->
Pattern:	2-1
#688
P:9/50%	D:11/100%
D: CCCTAGCGTAACTCTCGAGACGACG
<- Aln:   0	0	10	14	24	0	11= ->
P:11/100%	D:9/69.2308%
P: CCCTAGCGTAACTCTCGAGGTAGTA
<- Aln:   0	0	10	14	24	0	11= ->
Pattern:	2-1
#689
P:11/100%	D:17/60.7143%
P: CCCTAGCGTAACTCTCGAGGTAGTA
<- Aln:   0	0	10	14	24	0	11= ->
P:11/100%	D:13/56.5217%
P: CCCTAGCGTAACTCTCGAGGTAGTA
<- Aln:   0	0	10	14	24	0	11= ->
Pattern:	1-1
#690
P:11/100%	D:8/66.6667%
P: CCCTAGCGTAACTCTCGAGGTAGTA
<- Aln:   0	0	10	14	24	0	11= ->
P:11/100%	D:16/66.6667%
P: CCCTAGCGTAACTCTCGAGGTAGTA
<- Aln:   0	0	10	14	24	0	11= ->
Pattern:	1-1
#691
P:11/100%	D:11/57.8947%
P: CCCTAGCGTAACTCTCGAGGTAGTA
<- Aln:   0	0	10	14	24	0	11= ->
P:11/100%	D:12/57.1429%
P: CCCTAGCGTAACTCTCGAGGTAGTA
<- Aln:   0	0	10	14	24	0	11= ->
Pattern:	1-1
#692
P:12/60%	D:11/100%
D: CCCTAGCGTAACTCTCGAGACGACG
<- Aln:   0	0	10	14	24	0	11= ->
P:11/100%	D:8/61.5385%
P: CCCTAGCGTAACTCTCGAGGTAGTA
<- Aln:   0	0	10	14	24	0	11= ->
Pattern:	2-1
#693
P:17/100%	D:23/100%
D: CCCTAGCGTAACTCTCGAGACGACG
<- Aln:   46	0	22	2	24	0	2S23= ->
P:25/100%	D:19/100%
P: CCCTAGCGTAACTCTCGAGGTAGTA
<- Aln:   0	0	24	0	24	0	25= ->
Pattern:	2-1
#694
P:11/64.7059%	D:11/100%
D: CCCTAGCGTAACTCTCGAGACGACG
<- Aln:   0	0	10	14	24	0	11= ->
P:11/100%	D:15/65.2174%
P: CCCTAGCGTAACTCTCGAGGTAGTA
<- Aln:   0	0	10	14	24	0	11= ->
Pattern:	2-1
#695
P:11/100%	D:17/60.7143%
P: CCCTAGCGTAACTCTCGAGGTAGTA
<- Aln:   0	0	10	14	24	0	11= ->
P:11/68.75%	D:11/100%
D: CCCTAGCGTAACTCTCGAGACGACG
<- Aln:   0	0	10	14	24	0	11= ->
Pattern:	1-2
#696
P:11/100%	D:11/57.8947%
P: CCCTAGCGTAACTCTCGAGGTAGTA
<- Aln:   0	0	10	14	24	0	11= ->
P:12/60%	D:11/100%
D: CCCTAGCGTAACTCTCGAGACGACG
<- Aln:   0	0	10	14	24	0	11= ->
Pattern:	1-2
#697
P:10/100%	D:10/58.8235%
P: CCCTAGCGTAACTCTCGAGGTAGTA
<- Aln:   20	0	9	14	23	0	14S10=1S ->
P:11/57.8947%	D:10/90.9091%
D: CCCTAGCGTAACTCTCGAGACGACG
<- Aln:   20	0	10	14	24	1	14S3=1X7= ->
Pattern:	1-2
#698
P:11/100%	D:7/77.7778%
P: CCCTAGCGTAACTCTCGAGGTAGTA
<- Aln:   0	0	10	14	24	0	11= ->
P:10/62.5%	D:10/90.9091%
D: CCCTAGCGTAACTCTCGAGACGACG
<- Aln:   20	0	10	14	24	1	14S3=1X7= ->
Pattern:	1-2
#699
P:11/100%	D:11/52.381%
P: CCCTAGCGTAACTCTCGAGGTAGTA
<- Aln:   0	0	10	14	24	0	11= ->
P:14/60.8696%	D:11/100%
D: CCCTAGCGTAACTCTCGAGACGACG
<- Aln:   0	0	10	14	24	0	11= ->
Pattern:	1-2
#700
P:11/55%	D:11/91.6667%
D: CCCTAGCGTAACTCTCGAGACGACG
<- Aln:   19	0	11	14	24	1	14S5=1D6= ->
P:10/100%	D:15/57.6923%
P: CCCTAGCGTAACTCTCGAGGTAGTA
<- Aln:   20	0	9	14	23	0	14S10=1S ->
Pattern:	2-1
#701
P:15/60%	D:11/100%
D: CCCTAGCGTAACTCTCGAGACGACG
<- Aln:   0	0	10	14	24	0	11= ->
P:11/100%	D:11/55%
P: CCCTAGCGTAACTCTCGAGGTAGTA
<- Aln:   0	0	10	14	24	0	11= ->
Pattern:	2-1
#702
P:11/100%	D:10/58.8235%
P: CCCTAGCGTAACTCTCGAGGTAGTA
<- Aln:   0	0	10	14	24	0	11= ->
P:9/64.2857%	D:11/100%
D: CCCTAGCGTAACTCTCGAGACGACG
<- Aln:   0	0	10	14	24	0	11= ->
Pattern:	1-2
#703
P:11/100%	D:12/57.1429%
P: CCCTAGCGTAACTCTCGAGGTAGTA
<- Aln:   0	0	10	14	24	0	11= ->
P:7/87.5%	D:11/100%
D: CCCTAGCGTAACTCTCGAGACGACG
<- Aln:   0	0	10	14	24	0	11= ->
Pattern:	1-2
#704
P:10/58.8235%	D:11/100%
D: CCCTAGCGTAACTCTCGAGACGACG
<- Aln:   0	0	10	14	24	0	11= ->
P:11/100%	D:12/54.5455%
P: CCCTAGCGTAACTCTCGAGGTAGTA
<- Aln:   0	0	10	14	24	0	11= ->
Pattern:	2-1
#705
P:11/100%	D:12/54.5455%
P: CCCTAGCGTAACTCTCGAGGTAGTA
<- Aln:   0	0	10	14	24	0	11= ->
P:11/100%	D:11/78.5714%
P: CCCTAGCGTAACTCTCGAGGTAGTA
<- Aln:   0	0	10	14	24	0	11= ->
Pattern:	1-1
#706
P:10/100%	D:11/61.1111%
P: CCCTAGCGTAACTCTCGAGGTAGTA
<- Aln:   20	0	9	14	23	0	14S10=1S ->
P:12/60%	D:11/100%
D: CCCTAGCGTAACTCTCGAGACGACG
<- Aln:   0	0	10	14	24	0	11= ->
Pattern:	1-2
#707
P:11/100%	D:13/65%
P: CCCTAGCGTAACTCTCGAGGTAGTA
<- Aln:   0	0	10	14	24	0	11= ->
P:12/66.6667%	D:11/68.75%
No hit
<- Aln:   18	8	25	6	24	6	6S2=2X5=2I3=1X2=1D2= ->
<- Aln:   17	8	23	6	22	5	6S2=2X5=1X1=1I2=1X2=2S ->
Pattern:	1-0
#708
P:14/53.8462%	D:11/100%
D: CCCTAGCGTAACTCTCGAGACGACG
<- Aln:   0	0	10	14	24	0	11= ->
P:11/100%	D:15/62.5%
P: CCCTAGCGTAACTCTCGAGGTAGTA
<- Aln:   0	0	10	14	24	0	11= ->
Pattern:	2-1
#709
P:11/100%	D:10/71.4286%
P: CCCTAGCGTAACTCTCGAGGTAGTA
<- Aln:   0	0	10	14	24	0	11= ->
P:14/63.6364%	D:11/100%
D: CCCTAGCGTAACTCTCGAGACGACG
<- Aln:   0	0	10	14	24	0	11= ->
Pattern:	1-2
#710
P:10/90.9091%	D:5/100%
P: CCCTAGCGTAACTCTCGAGGTAGTA
<- Aln:   19	0	10	14	24	1	14S8=1X2= ->
P:21/84%	D:23/100%
D: CCCTAGCGTAACTCTCGAGACGACG
<- Aln:   46	0	22	2	24	0	2S23= ->
Pattern:	1-2
#711
P:11/100%	D:6/37.5%
P: CCCTAGCGTAACTCTCGAGGTAGTA
<- Aln:   0	0	10	14	24	0	11= ->
P:15/57.6923%	D:11/100%
D: CCCTAGCGTAACTCTCGAGACGACG
<- Aln:   0	0	10	14	24	0	11= ->
Pattern:	1-2
#712
P:10/100%	D:9/47.3684%
P: CCCTAGCGTAACTCTCGAGGTAGTA
<- Aln:   20	0	9	14	23	0	14S10=1S ->
P:16/64%	D:11/100%
D: CCCTAGCGTAACTCTCGAGACGACG
<- Aln:   0	0	10	14	24	0	11= ->
Pattern:	1-2
#713
P:11/100%	D:15/55.5556%
P: CCCTAGCGTAACTCTCGAGGTAGTA
<- Aln:   0	0	10	14	24	0	11= ->
P:11/55%	D:11/100%
D: CCCTAGCGTAACTCTCGAGACGACG
<- Aln:   0	0	10	14	24	0	11= ->
Pattern:	1-2
#714
P:11/100%	D:13/59.0909%
P: CCCTAGCGTAACTCTCGAGGTAGTA
<- Aln:   0	0	10	14	24	0	11= ->
P:15/68.1818%	D:11/100%
D: CCCTAGCGTAACTCTCGAGACGACG
<- Aln:   0	0	10	14	24	0	11= ->
Pattern:	1-2
#715
P:14/56%	D:11/100%
D: CCCTAGCGTAACTCTCGAGACGACG
<- Aln:   0	0	10	14	24	0	11= ->
P:9/81.8182%	D:12/54.5455%
No hit
<- Aln:   15	0	10	14	23	2	14S3=1X2=1D4=1S ->
<- Aln:   13	1	22	2	22	10	2S1=2X1=2X2=2X1=1X1=1X3=1D1=1X2=2S ->
Pattern:	2-0
#716
P:5/100%	D:11/100%
D: CCCTAGCGTAACTCTCGAGACGACG
<- Aln:   0	0	10	14	24	0	11= ->
P:10/90.9091%	D:10/62.5%
P: CCCTAGCGTAACTCTCGAGGTAGTA
<- Aln:   20	0	10	14	24	1	14S3=1X7= ->
Pattern:	2-1
#717
P:11/100%	D:8/61.5385%
P: CCCTAGCGTAACTCTCGAGGTAGTA
<- Aln:   0	0	10	14	24	0	11= ->
P:12/57.1429%	D:11/100%
D: CCCTAGCGTAACTCTCGAGACGACG
<- Aln:   0	0	10	14	24	0	11= ->
Pattern:	1-2
#718
P:11/100%	D:15/57.6923%
P: CCCTAGCGTAACTCTCGAGGTAGTA
<- Aln:   0	0	10	14	24	0	11= ->
P:16/61.5385%	D:11/100%
D: CCCTAGCGTAACTCTCGAGACGACG
<- Aln:   0	0	10	14	24	0	11= ->
Pattern:	1-2
#719
P:11/57.8947%	D:11/100%
D: CCCTAGCGTAACTCTCGAGACGACG
<- Aln:   0	0	10	14	24	0	11= ->
P:11/100%	D:11/64.7059%
P: CCCTAGCGTAACTCTCGAGGTAGTA
<- Aln:   0	0	10	14	24	0	11= ->
Pattern:	2-1
#720
P:11/100%	D:8/61.5385%
P: CCCTAGCGTAACTCTCGAGGTAGTA
<- Aln:   0	0	10	14	24	0	11= ->
P:11/61.1111%	D:11/100%
D: CCCTAGCGTAACTCTCGAGACGACG
<- Aln:   0	0	10	14	24	0	11= ->
Pattern:	1-2
#721
P:11/100%	D:14/70%
P: CCCTAGCGTAACTCTCGAGGTAGTA
<- Aln:   0	0	10	14	24	0	11= ->
P:12/63.1579%	D:11/100%
D: CCCTAGCGTAACTCTCGAGACGACG
<- Aln:   0	0	10	14	24	0	11= ->
Pattern:	1-2
#722
P:25/100%	D:19/100%
P: CCCTAGCGTAACTCTCGAGGTAGTA
<- Aln:   0	0	24	0	24	0	25= ->
P:11/64.7059%	D:11/100%
D: CCCTAGCGTAACTCTCGAGACGACG
<- Aln:   0	0	10	14	24	0	11= ->
Pattern:	1-2
#723
P:11/100%	D:10/55.5556%
P: CCCTAGCGTAACTCTCGAGGTAGTA
<- Aln:   0	0	10	14	24	0	11= ->
P:9/90%	D:10/52.6316%
P: CCCTAGCGTAACTCTCGAGGTAGTA
<- Aln:   17	0	9	14	24	1	14S8=1I2= ->
Pattern:	1-1
#724
P:11/100%	D:5/100%
P: CCCTAGCGTAACTCTCGAGGTAGTA
<- Aln:   0	0	10	14	24	0	11= ->
P:14/60.8696%	D:10/90.9091%
D: CCCTAGCGTAACTCTCGAGACGACG
<- Aln:   20	0	10	14	24	1	14S3=1X7= ->
Pattern:	1-2
#725
P:9/64.2857%	D:11/100%
D: CCCTAGCGTAACTCTCGAGACGACG
<- Aln:   0	0	10	14	24	0	11= ->
P:11/100%	D:9/64.2857%
P: CCCTAGCGTAACTCTCGAGGTAGTA
<- Aln:   0	0	10	14	24	0	11= ->
Pattern:	2-1
#726
P:8/100%	D:13/61.9048%
No hit
<- Aln:   16	0	7	14	21	0	14S8=3S ->
<- Aln:   16	6	26	3	22	8	3S2=1D2=1X1=2X2=1X1=2X4=1X1=2S ->
P:12/70.5882%	D:11/100%
D: CCCTAGCGTAACTCTCGAGACGACG
<- Aln:   0	0	10	14	24	0	11= ->
Pattern:	0-2
#727
P:12/66.6667%	D:11/100%
D: CCCTAGCGTAACTCTCGAGACGACG
<- Aln:   0	0	10	14	24	0	11= ->
P:11/100%	D:13/59.0909%
P: CCCTAGCGTAACTCTCGAGGTAGTA
<- Aln:   0	0	10	14	24	0	11= ->
Pattern:	2-1
#728
P:11/100%	D:17/62.963%
P: CCCTAGCGTAACTCTCGAGGTAGTA
<- Aln:   0	0	10	14	24	0	11= ->
P:15/60%	D:11/100%
D: CCCTAGCGTAACTCTCGAGACGACG
<- Aln:   0	0	10	14	24	0	11= ->
Pattern:	1-2
#729
P:12/70.5882%	D:11/100%
D: CCCTAGCGTAACTCTCGAGACGACG
<- Aln:   0	0	10	14	24	0	11= ->
P:16/66.6667%	D:13/65%
No hit
<- Aln:   20	18	41	1	22	8	1S1=1X3=2D1=1D1=1X5=1I1X5=1X1=2S ->
<- Aln:   15	18	37	1	18	7	1S1=1X3=2D1=1D1=1X5=1I1X3=6S ->
Pattern:	2-0
#730
P:13/61.9048%	D:11/100%
D: CCCTAGCGTAACTCTCGAGACGACG
<- Aln:   0	0	10	14	24	0	11= ->
P:11/100%	D:11/61.1111%
P: CCCTAGCGTAACTCTCGAGGTAGTA
<- Aln:   0	0	10	14	24	0	11= ->
Pattern:	2-1
#731
P:12/60%	D:11/100%
D: CCCTAGCGTAACTCTCGAGACGACG
<- Aln:   0	0	10	14	24	0	11= ->
P:11/100%	D:10/58.8235%
P: CCCTAGCGTAACTCTCGAGGTAGTA
<- Aln:   0	0	10	14	24	0	11= ->
Pattern:	2-1
#732
P:11/100%	D:16/61.5385%
P: CCCTAGCGTAACTCTCGAGGTAGTA
<- Aln:   0	0	10	14	24	0	11= ->
P:13/56.5217%	D:11/100%
D: CCCTAGCGTAACTCTCGAGACGACG
<- Aln:   0	0	10	14	24	0	11= ->
Pattern:	1-2
#733
P:11/100%	D:9/64.2857%
P: CCCTAGCGTAACTCTCGAGGTAGTA
<- Aln:   0	0	10	14	24	0	11= ->
P:11/57.8947%	D:11/100%
D: CCCTAGCGTAACTCTCGAGACGACG
<- Aln:   0	0	10	14	24	0	11= ->
Pattern:	1-2
#734
P:11/100%	D:11/64.7059%
P: CCCTAGCGTAACTCTCGAGGTAGTA
<- Aln:   0	0	10	14	24	0	11= ->
P:10/58.8235%	D:11/100%
D: CCCTAGCGTAACTCTCGAGACGACG
<- Aln:   0	0	10	14	24	0	11= ->
Pattern:	1-2
#735
P:10/58.8235%	D:11/100%
D: CCCTAGCGTAACTCTCGAGACGACG
<- Aln:   0	0	10	14	24	0	11= ->
P:10/90.9091%	D:11/57.8947%
P: CCCTAGCGTAACTCTCGAGGTAGTA
<- Aln:   20	0	10	14	24	1	14S3=1X7= ->
Pattern:	2-1
#736
P:12/57.1429%	D:11/100%
D: CCCTAGCGTAACTCTCGAGACGACG
<- Aln:   0	0	10	14	24	0	11= ->
P:11/100%	D:12/57.1429%
P: CCCTAGCGTAACTCTCGAGGTAGTA
<- Aln:   0	0	10	14	24	0	11= ->
Pattern:	2-1
#737
P:7/77.7778%	D:11/100%
D: CCCTAGCGTAACTCTCGAGACGACG
<- Aln:   0	0	10	14	24	0	11= ->
P:11/100%	D:14/60.8696%
P: CCCTAGCGTAACTCTCGAGGTAGTA
<- Aln:   0	0	10	14	24	0	11= ->
Pattern:	2-1
#738
P:11/100%	D:9/64.2857%
P: CCCTAGCGTAACTCTCGAGGTAGTA
<- Aln:   0	0	10	14	24	0	11= ->
P:8/61.5385%	D:11/100%
D: CCCTAGCGTAACTCTCGAGACGACG
<- Aln:   0	0	10	14	24	0	11= ->
Pattern:	1-2
#739
P:11/100%	D:11/73.3333%
P: CCCTAGCGTAACTCTCGAGGTAGTA
<- Aln:   0	0	10	14	24	0	11= ->
P:11/61.1111%	D:11/100%
D: CCCTAGCGTAACTCTCGAGACGACG
<- Aln:   0	0	10	14	24	0	11= ->
Pattern:	1-2
#740
P:11/100%	D:9/64.2857%
P: CCCTAGCGTAACTCTCGAGGTAGTA
<- Aln:   0	0	10	14	24	0	11= ->
P:15/57.6923%	D:11/100%
D: CCCTAGCGTAACTCTCGAGACGACG
<- Aln:   0	0	10	14	24	0	11= ->
Pattern:	1-2
#741
P:10/58.8235%	D:11/100%
D: CCCTAGCGTAACTCTCGAGACGACG
<- Aln:   0	0	10	14	24	0	11= ->
P:25/100%	D:19/100%
P: CCCTAGCGTAACTCTCGAGGTAGTA
<- Aln:   0	0	24	0	24	0	25= ->
Pattern:	2-1
#742
P:11/100%	D:15/62.5%
P: CCCTAGCGTAACTCTCGAGGTAGTA
<- Aln:   0	0	10	14	24	0	11= ->
P:11/100%	D:10/58.8235%
P: CCCTAGCGTAACTCTCGAGGTAGTA
<- Aln:   0	0	10	14	24	0	11= ->
Pattern:	1-1
#743
P:11/100%	D:7/87.5%
P: CCCTAGCGTAACTCTCGAGGTAGTA
<- Aln:   0	0	10	14	24	0	11= ->
P:12/54.5455%	D:11/100%
D: CCCTAGCGTAACTCTCGAGACGACG
<- Aln:   0	0	10	14	24	0	11= ->
Pattern:	1-2
#744
P:11/100%	D:6/85.7143%
P: CCCTAGCGTAACTCTCGAGGTAGTA
<- Aln:   0	0	10	14	24	0	11= ->
P:12/63.1579%	D:11/100%
D: CCCTAGCGTAACTCTCGAGACGACG
<- Aln:   0	0	10	14	24	0	11= ->
Pattern:	1-2
#745
P:11/100%	D:7/87.5%
P: CCCTAGCGTAACTCTCGAGGTAGTA
<- Aln:   0	0	10	14	24	0	11= ->
P:12/54.5455%	D:11/100%
D: CCCTAGCGTAACTCTCGAGACGACG
<- Aln:   0	0	10	14	24	0	11= ->
Pattern:	1-2
#746
P:11/100%	D:14/66.6667%
P: CCCTAGCGTAACTCTCGAGGTAGTA
<- Aln:   0	0	10	14	24	0	11= ->
P:10/62.5%	D:11/100%
D: CCCTAGCGTAACTCTCGAGACGACG
<- Aln:   0	0	10	14	24	0	11= ->
Pattern:	1-2
#747
P:11/50%	D:11/100%
D: CCCTAGCGTAACTCTCGAGACGACG
<- Aln:   0	0	10	14	24	0	11= ->
P:11/100%	D:9/56.25%
P: CCCTAGCGTAACTCTCGAGGTAGTA
<- Aln:   0	0	10	14	24	0	11= ->
Pattern:	2-1
#748
P:11/100%	D:14/58.3333%
P: CCCTAGCGTAACTCTCGAGGTAGTA
<- Aln:   0	0	10	14	24	0	11= ->
P:12/57.1429%	D:11/100%
D: CCCTAGCGTAACTCTCGAGACGACG
<- Aln:   0	0	10	14	24	0	11= ->
Pattern:	1-2
#749
P:10/55.5556%	D:11/100%
D: CCCTAGCGTAACTCTCGAGACGACG
<- Aln:   0	0	10	14	24	0	11= ->
P:11/100%	D:15/65.2174%
P: CCCTAGCGTAACTCTCGAGGTAGTA
<- Aln:   0	0	10	14	24	0	11= ->
Pattern:	2-1
#750
P:11/100%	D:11/61.1111%
P: CCCTAGCGTAACTCTCGAGGTAGTA
<- Aln:   0	0	10	14	24	0	11= ->
P:11/68.75%	D:10/90.9091%
D: CCCTAGCGTAACTCTCGAGACGACG
<- Aln:   19	0	10	14	24	1	14S8=1X2= ->
Pattern:	1-2
#751
P:11/55%	D:11/100%
D: CCCTAGCGTAACTCTCGAGACGACG
<- Aln:   0	0	10	14	24	0	11= ->
P:10/90.9091%	D:11/68.75%
P: CCCTAGCGTAACTCTCGAGGTAGTA
<- Aln:   20	0	10	14	24	1	14S3=1X7= ->
Pattern:	2-1
#752
P:11/100%	D:9/81.8182%
P: CCCTAGCGTAACTCTCGAGGTAGTA
<- Aln:   0	0	10	14	24	0	11= ->
P:9/60%	D:8/80%
No hit
<- Aln:   11	44	58	9	22	6	9S4=3X2=2X1=1D2=2S ->
<- Aln:   16	1	10	15	24	2	15S2=1X4=1X2= ->
Pattern:	1-0
#753
P:10/100%	D:12/70.5882%
P: CCCTAGCGTAACTCTCGAGGTAGTA
<- Aln:   20	0	9	14	23	0	14S10=1S ->
P:15/68.1818%	D:11/100%
D: CCCTAGCGTAACTCTCGAGACGACG
<- Aln:   0	0	10	14	24	0	11= ->
Pattern:	1-2
#754
P:13/61.9048%	D:11/100%
D: CCCTAGCGTAACTCTCGAGACGACG
<- Aln:   0	0	10	14	24	0	11= ->
P:11/100%	D:11/61.1111%
P: CCCTAGCGTAACTCTCGAGGTAGTA
<- Aln:   0	0	10	14	24	0	11= ->
Pattern:	2-1
#755
P:25/100%	D:19/100%
P: CCCTAGCGTAACTCTCGAGGTAGTA
<- Aln:   0	0	24	0	24	0	25= ->
P:7/77.7778%	D:10/90.9091%
D: CCCTAGCGTAACTCTCGAGACGACG
<- Aln:   19	0	10	14	24	1	14S9=1X1= ->
Pattern:	1-2
#756
P:11/100%	D:11/55%
P: CCCTAGCGTAACTCTCGAGGTAGTA
<- Aln:   0	0	10	14	24	0	11= ->
P:7/77.7778%	D:8/80%
No hit
<- Aln:   13	6	14	15	23	2	15S2=2X5=1S ->
<- Aln:   16	1	10	15	24	2	15S2=1X4=1X2= ->
Pattern:	1-0
#757
P:11/100%	D:10/58.8235%
P: CCCTAGCGTAACTCTCGAGGTAGTA
<- Aln:   0	0	10	14	24	0	11= ->
P:14/56%	D:11/100%
D: CCCTAGCGTAACTCTCGAGACGACG
<- Aln:   0	0	10	14	24	0	11= ->
Pattern:	1-2
#758
P:11/57.8947%	D:11/100%
D: CCCTAGCGTAACTCTCGAGACGACG
<- Aln:   0	0	10	14	24	0	11= ->
P:11/100%	D:11/57.8947%
P: CCCTAGCGTAACTCTCGAGGTAGTA
<- Aln:   0	0	10	14	24	0	11= ->
Pattern:	2-1
#759
P:11/61.1111%	D:11/100%
D: CCCTAGCGTAACTCTCGAGACGACG
<- Aln:   0	0	10	14	24	0	11= ->
P:11/100%	D:13/61.9048%
P: CCCTAGCGTAACTCTCGAGGTAGTA
<- Aln:   0	0	10	14	24	0	11= ->
Pattern:	2-1
#760
P:8/80%	D:11/100%
D: CCCTAGCGTAACTCTCGAGACGACG
<- Aln:   0	0	10	14	24	0	11= ->
P:10/58.8235%	D:8/50%
No hit
<- Aln:   16	12	28	2	22	7	2S5=2I1X2=1X1=1I1X4=1I2=2S ->
<- Aln:   15	12	27	2	22	8	2S5=4I1=1X1=1X2=1I2=1X2=2S ->
Pattern:	2-0
#761
P:11/100%	D:10/58.8235%
P: CCCTAGCGTAACTCTCGAGGTAGTA
<- Aln:   0	0	10	14	24	0	11= ->
P:10/100%	D:13/65%
P: CCCTAGCGTAACTCTCGAGGTAGTA
<- Aln:   20	0	9	14	23	0	14S10=1S ->
Pattern:	1-1
#762
P:11/100%	D:9/56.25%
P: CCCTAGCGTAACTCTCGAGGTAGTA
<- Aln:   0	0	10	14	24	0	11= ->
P:10/52.6316%	D:9/40.9091%
No hit
<- Aln:   11	9	27	6	22	9	6S2=1X1=2X2=1D1X1=1X1D1=2X3=2S ->
<- Aln:   12	19	40	2	23	13	2S1=1X1=3X2=3X1=3X1=1X1=1X1=1X1=1S ->
Pattern:	1-0
#763
P:12/50%	D:11/100%
D: CCCTAGCGTAACTCTCGAGACGACG
<- Aln:   0	0	10	14	24	0	11= ->
P:6/66.6667%	D:11/47.8261%
No hit
<- Aln:   12	2	10	16	24	3	16S1=2X3=1X2= ->
<- Aln:   9	15	37	1	22	12	1S3=1I1X1=1X1=3X1=1X1=1D1X1=1X1=1D1=1X2=2S ->
Pattern:	2-0
#764
P:13/61.9048%	D:11/100%
D: CCCTAGCGTAACTCTCGAGACGACG
<- Aln:   0	0	10	14	24	0	11= ->
P:13/48.1481%	D:9/47.3684%
No hit
<- Aln:   15	23	49	0	24	14	1=1X2=3X1=3X1=1D2X1=1X3=1D1X3=1X1= ->
<- Aln:   13	16	34	1	20	10	1S1=1X2=1I2X1=2X2=3X3=1X1=4S ->
Pattern:	2-0
#765
P:11/100%	D:10/55.5556%
P: CCCTAGCGTAACTCTCGAGGTAGTA
<- Aln:   0	0	10	14	24	0	11= ->
P:10/58.8235%	D:11/100%
D: CCCTAGCGTAACTCTCGAGACGACG
<- Aln:   0	0	10	14	24	0	11= ->
Pattern:	1-2
#766
P:11/100%	D:11/64.7059%
P: CCCTAGCGTAACTCTCGAGGTAGTA
<- Aln:   0	0	10	14	24	0	11= ->
P:12/54.5455%	D:11/100%
D: CCCTAGCGTAACTCTCGAGACGACG
<- Aln:   0	0	10	14	24	0	11= ->
Pattern:	1-2
#767
P:10/52.6316%	D:11/100%
D: CCCTAGCGTAACTCTCGAGACGACG
<- Aln:   0	0	10	14	24	0	11= ->
P:9/100%	D:13/59.0909%
No hit
<- Aln:   18	0	8	14	22	0	14S9=2S ->
<- Aln:   15	19	40	4	22	9	4S7=3D1X3=4X1=1X2=2S ->
Pattern:	2-0
#768
P:17/62.963%	D:11/68.75%
No hit
<- Aln:   18	9	35	1	23	10	1S4=1D2=1D2X4=1X1=2D1=1X2=1X2=1X1=1S ->
<- Aln:   17	27	42	2	20	5	2S1=1X3=1I1=1I4=1I1X5=4S ->
P:11/100%	D:15/57.6923%
P: CCCTAGCGTAACTCTCGAGGTAGTA
<- Aln:   0	0	10	14	24	0	11= ->
Pattern:	0-1
#769
P:11/100%	D:14/58.3333%
P: CCCTAGCGTAACTCTCGAGGTAGTA
<- Aln:   0	0	10	14	24	0	11= ->
P:15/62.5%	D:11/100%
D: CCCTAGCGTAACTCTCGAGACGACG
<- Aln:   0	0	10	14	24	0	11= ->
Pattern:	1-2
#770
P:17/100%	D:23/100%
D: CCCTAGCGTAACTCTCGAGACGACG
<- Aln:   46	0	22	2	24	0	2S23= ->
P:11/100%	D:13/54.1667%
P: CCCTAGCGTAACTCTCGAGGTAGTA
<- Aln:   0	0	10	14	24	0	11= ->
Pattern:	2-1
#771
P:11/100%	D:15/65.2174%
P: CCCTAGCGTAACTCTCGAGGTAGTA
<- Aln:   0	0	10	14	24	0	11= ->
P:14/58.3333%	D:11/100%
D: CCCTAGCGTAACTCTCGAGACGACG
<- Aln:   0	0	10	14	24	0	11= ->
Pattern:	1-2
#772
P:12/60%	D:11/100%
D: CCCTAGCGTAACTCTCGAGACGACG
<- Aln:   0	0	10	14	24	0	11= ->
P:11/100%	D:10/71.4286%
P: CCCTAGCGTAACTCTCGAGGTAGTA
<- Aln:   0	0	10	14	24	0	11= ->
Pattern:	2-1
#773
P:17/100%	D:23/100%
D: CCCTAGCGTAACTCTCGAGACGACG
<- Aln:   46	0	22	2	24	0	2S23= ->
P:11/100%	D:10/62.5%
P: CCCTAGCGTAACTCTCGAGGTAGTA
<- Aln:   0	0	10	14	24	0	11= ->
Pattern:	2-1
#774
P:12/54.5455%	D:11/100%
D: CCCTAGCGTAACTCTCGAGACGACG
<- Aln:   0	0	10	14	24	0	11= ->
P:11/100%	D:12/66.6667%
P: CCCTAGCGTAACTCTCGAGGTAGTA
<- Aln:   0	0	10	14	24	0	11= ->
Pattern:	2-1
#775
P:13/68.4211%	D:11/100%
D: CCCTAGCGTAACTCTCGAGACGACG
<- Aln:   0	0	10	14	24	0	11= ->
P:10/100%	D:12/66.6667%
P: CCCTAGCGTAACTCTCGAGGTAGTA
<- Aln:   20	0	9	14	23	0	14S10=1S ->
Pattern:	2-1
#776
P:9/50%	D:11/100%
D: CCCTAGCGTAACTCTCGAGACGACG
<- Aln:   0	0	10	14	24	0	11= ->
P:11/100%	D:12/60%
P: CCCTAGCGTAACTCTCGAGGTAGTA
<- Aln:   0	0	10	14	24	0	11= ->
Pattern:	2-1
#777
P:11/100%	D:9/81.8182%
P: CCCTAGCGTAACTCTCGAGGTAGTA
<- Aln:   0	0	10	14	24	0	11= ->
P:10/55.5556%	D:11/100%
D: CCCTAGCGTAACTCTCGAGACGACG
<- Aln:   0	0	10	14	24	0	11= ->
Pattern:	1-2
#778
P:11/100%	D:15/62.5%
P: CCCTAGCGTAACTCTCGAGGTAGTA
<- Aln:   0	0	10	14	24	0	11= ->
P:11/61.1111%	D:11/100%
D: CCCTAGCGTAACTCTCGAGACGACG
<- Aln:   0	0	10	14	24	0	11= ->
Pattern:	1-2
#779
P:10/62.5%	D:11/100%
D: CCCTAGCGTAACTCTCGAGACGACG
<- Aln:   0	0	10	14	24	0	11= ->
P:11/100%	D:10/58.8235%
P: CCCTAGCGTAACTCTCGAGGTAGTA
<- Aln:   0	0	10	14	24	0	11= ->
Pattern:	2-1
#780
P:11/100%	D:11/73.3333%
P: CCCTAGCGTAACTCTCGAGGTAGTA
<- Aln:   0	0	10	14	24	0	11= ->
P:11/100%	D:10/58.8235%
P: CCCTAGCGTAACTCTCGAGGTAGTA
<- Aln:   0	0	10	14	24	0	11= ->
Pattern:	1-1
#781
P:13/61.9048%	D:11/100%
D: CCCTAGCGTAACTCTCGAGACGACG
<- Aln:   0	0	10	14	24	0	11= ->
P:11/100%	D:13/59.0909%
P: CCCTAGCGTAACTCTCGAGGTAGTA
<- Aln:   0	0	10	14	24	0	11= ->
Pattern:	2-1
#782
P:13/65%	D:9/64.2857%
No hit
<- Aln:   19	4	23	4	24	7	4S3=1I3=1X1=1X1=2X2=1X2=1X2= ->
<- Aln:   13	4	17	4	18	5	4S3=1I3=1X1=1X1=2X2=6S ->
P:8/44.4444%	D:11/100%
D: CCCTAGCGTAACTCTCGAGACGACG
<- Aln:   0	0	10	14	24	0	11= ->
Pattern:	0-2
#783
P:9/75%	D:11/100%
D: CCCTAGCGTAACTCTCGAGACGACG
<- Aln:   0	0	10	14	24	0	11= ->
P:11/100%	D:8/72.7273%
P: CCCTAGCGTAACTCTCGAGGTAGTA
<- Aln:   0	0	10	14	24	0	11= ->
Pattern:	2-1
#784
P:10/100%	D:16/66.6667%
P: CCCTAGCGTAACTCTCGAGGTAGTA
<- Aln:   20	0	9	14	23	0	14S10=1S ->
P:10/55.5556%	D:11/100%
D: CCCTAGCGTAACTCTCGAGACGACG
<- Aln:   0	0	10	14	24	0	11= ->
Pattern:	1-2
#785
P:16/59.2593%	D:11/100%
D: CCCTAGCGTAACTCTCGAGACGACG
<- Aln:   0	0	10	14	24	0	11= ->
P:11/100%	D:10/58.8235%
P: CCCTAGCGTAACTCTCGAGGTAGTA
<- Aln:   0	0	10	14	24	0	11= ->
Pattern:	2-1
#786
P:25/100%	D:19/100%
P: CCCTAGCGTAACTCTCGAGGTAGTA
<- Aln:   0	0	24	0	24	0	25= ->
P:8/61.5385%	D:11/100%
D: CCCTAGCGTAACTCTCGAGACGACG
<- Aln:   0	0	10	14	24	0	11= ->
Pattern:	1-2
#787
P:11/100%	D:11/61.1111%
P: CCCTAGCGTAACTCTCGAGGTAGTA
<- Aln:   0	0	10	14	24	0	11= ->
P:15/65.2174%	D:11/100%
D: CCCTAGCGTAACTCTCGAGACGACG
<- Aln:   0	0	10	14	24	0	11= ->
Pattern:	1-2
#788
P:11/100%	D:12/70.5882%
P: CCCTAGCGTAACTCTCGAGGTAGTA
<- Aln:   0	0	10	14	24	0	11= ->
P:5/100%	D:11/100%
D: CCCTAGCGTAACTCTCGAGACGACG
<- Aln:   0	0	10	14	24	0	11= ->
Pattern:	1-2
#789
P:11/100%	D:7/70%
P: CCCTAGCGTAACTCTCGAGGTAGTA
<- Aln:   0	0	10	14	24	0	11= ->
P:11/52.381%	D:11/100%
D: CCCTAGCGTAACTCTCGAGACGACG
<- Aln:   0	0	10	14	24	0	11= ->
Pattern:	1-2
#790
P:11/100%	D:13/61.9048%
P: CCCTAGCGTAACTCTCGAGGTAGTA
<- Aln:   0	0	10	14	24	0	11= ->
P:12/66.6667%	D:11/100%
D: CCCTAGCGTAACTCTCGAGACGACG
<- Aln:   0	0	10	14	24	0	11= ->
Pattern:	1-2
#791
P:10/71.4286%	D:11/100%
D: CCCTAGCGTAACTCTCGAGACGACG
<- Aln:   0	0	10	14	24	0	11= ->
P:11/100%	D:10/83.3333%
P: CCCTAGCGTAACTCTCGAGGTAGTA
<- Aln:   0	0	10	14	24	0	11= ->
Pattern:	2-1
#792
P:9/75%	D:11/100%
D: CCCTAGCGTAACTCTCGAGACGACG
<- Aln:   0	0	10	14	24	0	11= ->
P:11/100%	D:14/70%
P: CCCTAGCGTAACTCTCGAGGTAGTA
<- Aln:   0	0	10	14	24	0	11= ->
Pattern:	2-1
#793
P:11/100%	D:12/54.5455%
P: CCCTAGCGTAACTCTCGAGGTAGTA
<- Aln:   0	0	10	14	24	0	11= ->
P:11/55%	D:11/100%
D: CCCTAGCGTAACTCTCGAGACGACG
<- Aln:   0	0	10	14	24	0	11= ->
Pattern:	1-2
#794
P:15/60%	D:11/100%
D: CCCTAGCGTAACTCTCGAGACGACG
<- Aln:   0	0	10	14	24	0	11= ->
P:11/100%	D:14/70%
P: CCCTAGCGTAACTCTCGAGGTAGTA
<- Aln:   0	0	10	14	24	0	11= ->
Pattern:	2-1
#795
P:14/56%	D:11/100%
D: CCCTAGCGTAACTCTCGAGACGACG
<- Aln:   0	0	10	14	24	0	11= ->
P:11/100%	D:12/57.1429%
P: CCCTAGCGTAACTCTCGAGGTAGTA
<- Aln:   0	0	10	14	24	0	11= ->
Pattern:	2-1
#796
P:11/100%	D:12/60%
P: CCCTAGCGTAACTCTCGAGGTAGTA
<- Aln:   0	0	10	14	24	0	11= ->
P:6/75%	D:6/100%
No hit
<- Aln:   12	0	7	14	23	2	14S5=2I3=1S ->
<- Aln:   12	0	5	14	19	0	14S6=5S ->
Pattern:	1-0
#797
P:11/100%	D:13/61.9048%
P: CCCTAGCGTAACTCTCGAGGTAGTA
<- Aln:   0	0	10	14	24	0	11= ->
P:12/50%	D:11/100%
D: CCCTAGCGTAACTCTCGAGACGACG
<- Aln:   0	0	10	14	24	0	11= ->
Pattern:	1-2
#798
P:11/100%	D:12/70.5882%
P: CCCTAGCGTAACTCTCGAGGTAGTA
<- Aln:   0	0	10	14	24	0	11= ->
P:13/56.5217%	D:10/66.6667%
No hit
<- Aln:   16	35	57	1	24	10	1S3=1X2=1I3=1X1=1X1=1X1=3X1=2X2= ->
<- Aln:   15	35	49	1	16	5	1S3=1X2=1I3=1X1=1X1=1X1=8S ->
Pattern:	1-0
#799
P:13/76.4706%	D:11/100%
D: CCCTAGCGTAACTCTCGAGACGACG
<- Aln:   0	0	10	14	24	0	11= ->
P:11/100%	D:11/61.1111%
P: CCCTAGCGTAACTCTCGAGGTAGTA
<- Aln:   0	0	10	14	24	0	11= ->
Pattern:	2-1
#800
P:10/58.8235%	D:11/100%
D: CCCTAGCGTAACTCTCGAGACGACG
<- Aln:   0	0	10	14	24	0	11= ->
P:11/100%	D:13/56.5217%
P: CCCTAGCGTAACTCTCGAGGTAGTA
<- Aln:   0	0	10	14	24	0	11= ->
Pattern:	2-1
#801
P:11/100%	D:8/66.6667%
P: CCCTAGCGTAACTCTCGAGGTAGTA
<- Aln:   0	0	10	14	24	0	11= ->
P:12/57.1429%	D:11/100%
D: CCCTAGCGTAACTCTCGAGACGACG
<- Aln:   0	0	10	14	24	0	11= ->
Pattern:	1-2
#802
P:11/57.8947%	D:11/100%
D: CCCTAGCGTAACTCTCGAGACGACG
<- Aln:   0	0	10	14	24	0	11= ->
P:11/100%	D:12/60%
P: CCCTAGCGTAACTCTCGAGGTAGTA
<- Aln:   0	0	10	14	24	0	11= ->
Pattern:	2-1
#803
P:10/62.5%	D:11/100%
D: CCCTAGCGTAACTCTCGAGACGACG
<- Aln:   0	0	10	14	24	0	11= ->
P:11/100%	D:14/60.8696%
P: CCCTAGCGTAACTCTCGAGGTAGTA
<- Aln:   0	0	10	14	24	0	11= ->
Pattern:	2-1
#804
P:25/100%	D:19/100%
P: CCCTAGCGTAACTCTCGAGGTAGTA
<- Aln:   0	0	24	0	24	0	25= ->
P:10/62.5%	D:11/100%
D: CCCTAGCGTAACTCTCGAGACGACG
<- Aln:   0	0	10	14	24	0	11= ->
Pattern:	1-2
#805
P:11/100%	D:10/62.5%
P: CCCTAGCGTAACTCTCGAGGTAGTA
<- Aln:   0	0	10	14	24	0	11= ->
P:10/66.6667%	D:11/100%
D: CCCTAGCGTAACTCTCGAGACGACG
<- Aln:   0	0	10	14	24	0	11= ->
Pattern:	1-2
#806
P:11/100%	D:12/54.5455%
P: CCCTAGCGTAACTCTCGAGGTAGTA
<- Aln:   0	0	10	14	24	0	11= ->
P:15/53.5714%	D:11/100%
D: CCCTAGCGTAACTCTCGAGACGACG
<- Aln:   0	0	10	14	24	0	11= ->
Pattern:	1-2
#807
P:10/52.6316%	D:11/100%
D: CCCTAGCGTAACTCTCGAGACGACG
<- Aln:   0	0	10	14	24	0	11= ->
P:11/100%	D:10/76.9231%
P: CCCTAGCGTAACTCTCGAGGTAGTA
<- Aln:   0	0	10	14	24	0	11= ->
Pattern:	2-1
#808
P:11/100%	D:9/75%
P: CCCTAGCGTAACTCTCGAGGTAGTA
<- Aln:   0	0	10	14	24	0	11= ->
P:13/59.0909%	D:11/100%
D: CCCTAGCGTAACTCTCGAGACGACG
<- Aln:   0	0	10	14	24	0	11= ->
Pattern:	1-2
#809
P:11/100%	D:13/56.5217%
P: CCCTAGCGTAACTCTCGAGGTAGTA
<- Aln:   0	0	10	14	24	0	11= ->
P:10/83.3333%	D:11/100%
D: CCCTAGCGTAACTCTCGAGACGACG
<- Aln:   0	0	10	14	24	0	11= ->
Pattern:	1-2
#810
P:11/100%	D:10/66.6667%
P: CCCTAGCGTAACTCTCGAGGTAGTA
<- Aln:   0	0	10	14	24	0	11= ->
P:10/66.6667%	D:10/100%
D: CCCTAGCGTAACTCTCGAGACGACG
<- Aln:   20	0	9	14	23	0	14S10=1S ->
Pattern:	1-2
#811
P:25/100%	D:19/100%
P: CCCTAGCGTAACTCTCGAGGTAGTA
<- Aln:   0	0	24	0	24	0	25= ->
P:14/56%	D:11/100%
D: CCCTAGCGTAACTCTCGAGACGACG
<- Aln:   0	0	10	14	24	0	11= ->
Pattern:	1-2
#812
P:11/100%	D:13/68.4211%
P: CCCTAGCGTAACTCTCGAGGTAGTA
<- Aln:   0	0	10	14	24	0	11= ->
P:12/63.1579%	D:11/100%
D: CCCTAGCGTAACTCTCGAGACGACG
<- Aln:   0	0	10	14	24	0	11= ->
Pattern:	1-2
#813
P:11/100%	D:11/55%
P: CCCTAGCGTAACTCTCGAGGTAGTA
<- Aln:   0	0	10	14	24	0	11= ->
P:14/56%	D:11/100%
D: CCCTAGCGTAACTCTCGAGACGACG
<- Aln:   0	0	10	14	24	0	11= ->
Pattern:	1-2
#814
P:11/100%	D:10/62.5%
P: CCCTAGCGTAACTCTCGAGGTAGTA
<- Aln:   0	0	10	14	24	0	11= ->
P:9/50%	D:11/100%
D: CCCTAGCGTAACTCTCGAGACGACG
<- Aln:   0	0	10	14	24	0	11= ->
Pattern:	1-2
#815
P:10/58.8235%	D:11/100%
D: CCCTAGCGTAACTCTCGAGACGACG
<- Aln:   0	0	10	14	24	0	11= ->
P:11/100%	D:13/68.4211%
P: CCCTAGCGTAACTCTCGAGGTAGTA
<- Aln:   0	0	10	14	24	0	11= ->
Pattern:	2-1
#816
P:11/100%	D:9/75%
P: CCCTAGCGTAACTCTCGAGGTAGTA
<- Aln:   0	0	10	14	24	0	11= ->
P:16/57.1429%	D:11/100%
D: CCCTAGCGTAACTCTCGAGACGACG
<- Aln:   0	0	10	14	24	0	11= ->
Pattern:	1-2
#817
P:11/100%	D:8/72.7273%
P: CCCTAGCGTAACTCTCGAGGTAGTA
<- Aln:   0	0	10	14	24	0	11= ->
P:11/100%	D:9/56.25%
P: CCCTAGCGTAACTCTCGAGGTAGTA
<- Aln:   0	0	10	14	24	0	11= ->
Pattern:	1-1
#818
P:14/63.6364%	D:11/100%
D: CCCTAGCGTAACTCTCGAGACGACG
<- Aln:   0	0	10	14	24	0	11= ->
P:11/100%	D:12/66.6667%
P: CCCTAGCGTAACTCTCGAGGTAGTA
<- Aln:   0	0	10	14	24	0	11= ->
Pattern:	2-1
#819
P:11/61.1111%	D:11/100%
D: CCCTAGCGTAACTCTCGAGACGACG
<- Aln:   0	0	10	14	24	0	11= ->
P:11/100%	D:15/57.6923%
P: CCCTAGCGTAACTCTCGAGGTAGTA
<- Aln:   0	0	10	14	24	0	11= ->
Pattern:	2-1
#820
P:10/62.5%	D:11/100%
D: CCCTAGCGTAACTCTCGAGACGACG
<- Aln:   0	0	10	14	24	0	11= ->
P:11/100%	D:10/58.8235%
P: CCCTAGCGTAACTCTCGAGGTAGTA
<- Aln:   0	0	10	14	24	0	11= ->
Pattern:	2-1
#821
P:11/55%	D:11/100%
D: CCCTAGCGTAACTCTCGAGACGACG
<- Aln:   0	0	10	14	24	0	11= ->
P:11/100%	D:10/55.5556%
P: CCCTAGCGTAACTCTCGAGGTAGTA
<- Aln:   0	0	10	14	24	0	11= ->
Pattern:	2-1
#822
P:11/100%	D:17/60.7143%
P: CCCTAGCGTAACTCTCGAGGTAGTA
<- Aln:   0	0	10	14	24	0	11= ->
P:11/57.8947%	D:11/100%
D: CCCTAGCGTAACTCTCGAGACGACG
<- Aln:   0	0	10	14	24	0	11= ->
Pattern:	1-2
#823
P:10/90.9091%	D:12/66.6667%
P: CCCTAGCGTAACTCTCGAGGTAGTA
<- Aln:   19	0	10	14	24	1	14S6=1X4= ->
P:7/77.7778%	D:11/100%
D: CCCTAGCGTAACTCTCGAGACGACG
<- Aln:   0	0	10	14	24	0	11= ->
Pattern:	1-2
#824
P:8/80%	D:11/100%
D: CCCTAGCGTAACTCTCGAGACGACG
<- Aln:   0	0	10	14	24	0	11= ->
P:10/90.9091%	D:14/63.6364%
P: CCCTAGCGTAACTCTCGAGGTAGTA
<- Aln:   19	0	10	14	24	1	14S6=1X4= ->
Pattern:	2-1
#825
P:11/100%	D:13/65%
P: CCCTAGCGTAACTCTCGAGGTAGTA
<- Aln:   0	0	10	14	24	0	11= ->
P:11/68.75%	D:11/100%
D: CCCTAGCGTAACTCTCGAGACGACG
<- Aln:   0	0	10	14	24	0	11= ->
Pattern:	1-2
#826
P:12/57.1429%	D:11/100%
D: CCCTAGCGTAACTCTCGAGACGACG
<- Aln:   0	0	10	14	24	0	11= ->
P:11/100%	D:12/75%
P: CCCTAGCGTAACTCTCGAGGTAGTA
<- Aln:   0	0	10	14	24	0	11= ->
Pattern:	2-1
#827
P:11/100%	D:12/63.1579%
P: CCCTAGCGTAACTCTCGAGGTAGTA
<- Aln:   0	0	10	14	24	0	11= ->
P:17/100%	D:23/100%
D: CCCTAGCGTAACTCTCGAGACGACG
<- Aln:   46	0	22	2	24	0	2S23= ->
Pattern:	1-2
#828
P:8/72.7273%	D:11/100%
D: CCCTAGCGTAACTCTCGAGACGACG
<- Aln:   0	0	10	14	24	0	11= ->
P:18/69.2308%	D:14/60.8696%
No hit
<- Aln:   20	33	58	1	22	8	1S3=1D3=1D1=1X1=1D1=2X1=1X1=1D7=2S ->
<- Aln:   15	33	55	1	21	9	1S3=1D3=1D1=1X1=2X1=2X1=1X3=1X1=3S ->
Pattern:	2-0
#829
P:11/55%	D:11/100%
D: CCCTAGCGTAACTCTCGAGACGACG
<- Aln:   0	0	10	14	24	0	11= ->
P:10/100%	D:13/54.1667%
P: CCCTAGCGTAACTCTCGAGGTAGTA
<- Aln:   20	0	9	14	23	0	14S10=1S ->
Pattern:	2-1
#830
P:11/100%	D:12/57.1429%
P: CCCTAGCGTAACTCTCGAGGTAGTA
<- Aln:   0	0	10	14	24	0	11= ->
P:11/100%	D:12/63.1579%
P: CCCTAGCGTAACTCTCGAGGTAGTA
<- Aln:   0	0	10	14	24	0	11= ->
Pattern:	1-1
#831
P:11/100%	D:18/72%
P: CCCTAGCGTAACTCTCGAGGTAGTA
<- Aln:   0	0	10	14	24	0	11= ->
P:6/54.5455%	D:11/100%
D: CCCTAGCGTAACTCTCGAGACGACG
<- Aln:   0	0	10	14	24	0	11= ->
Pattern:	1-2
#832
P:13/65%	D:11/100%
D: CCCTAGCGTAACTCTCGAGACGACG
<- Aln:   0	0	10	14	24	0	11= ->
P:11/100%	D:8/72.7273%
P: CCCTAGCGTAACTCTCGAGGTAGTA
<- Aln:   0	0	10	14	24	0	11= ->
Pattern:	2-1
#833
P:14/56%	D:11/100%
D: CCCTAGCGTAACTCTCGAGACGACG
<- Aln:   0	0	10	14	24	0	11= ->
P:11/100%	D:15/62.5%
P: CCCTAGCGTAACTCTCGAGGTAGTA
<- Aln:   0	0	10	14	24	0	11= ->
Pattern:	2-1
#834
P:5/100%	D:11/100%
D: CCCTAGCGTAACTCTCGAGACGACG
<- Aln:   0	0	10	14	24	0	11= ->
P:11/100%	D:12/57.1429%
P: CCCTAGCGTAACTCTCGAGGTAGTA
<- Aln:   0	0	10	14	24	0	11= ->
Pattern:	2-1
#835
P:12/57.1429%	D:11/100%
D: CCCTAGCGTAACTCTCGAGACGACG
<- Aln:   0	0	10	14	24	0	11= ->
P:11/100%	D:12/70.5882%
P: CCCTAGCGTAACTCTCGAGGTAGTA
<- Aln:   0	0	10	14	24	0	11= ->
Pattern:	2-1
#836
P:9/69.2308%	D:11/100%
D: CCCTAGCGTAACTCTCGAGACGACG
<- Aln:   0	0	10	14	24	0	11= ->
P:14/66.6667%	D:11/100%
D: CCCTAGCGTAACTCTCGAGACGACG
<- Aln:   0	0	10	14	24	0	11= ->
Pattern:	2-2
#837
P:11/100%	D:11/64.7059%
P: CCCTAGCGTAACTCTCGAGGTAGTA
<- Aln:   0	0	10	14	24	0	11= ->
P:13/59.0909%	D:11/100%
D: CCCTAGCGTAACTCTCGAGACGACG
<- Aln:   0	0	10	14	24	0	11= ->
Pattern:	1-2
#838
P:11/100%	D:9/56.25%
P: CCCTAGCGTAACTCTCGAGGTAGTA
<- Aln:   0	0	10	14	24	0	11= ->
P:9/69.2308%	D:11/100%
D: CCCTAGCGTAACTCTCGAGACGACG
<- Aln:   0	0	10	14	24	0	11= ->
Pattern:	1-2
#839
P:11/57.8947%	D:11/100%
D: CCCTAGCGTAACTCTCGAGACGACG
<- Aln:   0	0	10	14	24	0	11= ->
P:11/100%	D:13/59.0909%
P: CCCTAGCGTAACTCTCGAGGTAGTA
<- Aln:   0	0	10	14	24	0	11= ->
Pattern:	2-1
#840
P:10/66.6667%	D:11/100%
D: CCCTAGCGTAACTCTCGAGACGACG
<- Aln:   0	0	10	14	24	0	11= ->
P:11/100%	D:10/58.8235%
P: CCCTAGCGTAACTCTCGAGGTAGTA
<- Aln:   0	0	10	14	24	0	11= ->
Pattern:	2-1
#841
P:15/65.2174%	D:11/100%
D: CCCTAGCGTAACTCTCGAGACGACG
<- Aln:   0	0	10	14	24	0	11= ->
P:11/100%	D:9/56.25%
P: CCCTAGCGTAACTCTCGAGGTAGTA
<- Aln:   0	0	10	14	24	0	11= ->
Pattern:	2-1
#842
P:11/100%	D:9/64.2857%
P: CCCTAGCGTAACTCTCGAGGTAGTA
<- Aln:   0	0	10	14	24	0	11= ->
P:8/57.1429%	D:11/100%
D: CCCTAGCGTAACTCTCGAGACGACG
<- Aln:   0	0	10	14	24	0	11= ->
Pattern:	1-2
#843
P:11/100%	D:12/63.1579%
P: CCCTAGCGTAACTCTCGAGGTAGTA
<- Aln:   0	0	10	14	24	0	11= ->
P:11/61.1111%	D:11/100%
D: CCCTAGCGTAACTCTCGAGACGACG
<- Aln:   0	0	10	14	24	0	11= ->
Pattern:	1-2
#844
P:12/70.5882%	D:11/100%
D: CCCTAGCGTAACTCTCGAGACGACG
<- Aln:   0	0	10	14	24	0	11= ->
P:11/100%	D:10/58.8235%
P: CCCTAGCGTAACTCTCGAGGTAGTA
<- Aln:   0	0	10	14	24	0	11= ->
Pattern:	2-1
#845
P:11/100%	D:9/69.2308%
P: CCCTAGCGTAACTCTCGAGGTAGTA
<- Aln:   0	0	10	14	24	0	11= ->
P:9/69.2308%	D:11/100%
D: CCCTAGCGTAACTCTCGAGACGACG
<- Aln:   0	0	10	14	24	0	11= ->
Pattern:	1-2
#846
P:11/100%	D:5/100%
P: CCCTAGCGTAACTCTCGAGGTAGTA
<- Aln:   0	0	10	14	24	0	11= ->
P:10/58.8235%	D:11/100%
D: CCCTAGCGTAACTCTCGAGACGACG
<- Aln:   0	0	10	14	24	0	11= ->
Pattern:	1-2
#847
P:12/63.1579%	D:11/100%
D: CCCTAGCGTAACTCTCGAGACGACG
<- Aln:   0	0	10	14	24	0	11= ->
P:11/100%	D:10/62.5%
P: CCCTAGCGTAACTCTCGAGGTAGTA
<- Aln:   0	0	10	14	24	0	11= ->
Pattern:	2-1
#848
P:13/59.0909%	D:11/100%
D: CCCTAGCGTAACTCTCGAGACGACG
<- Aln:   0	0	10	14	24	0	11= ->
P:11/100%	D:11/68.75%
P: CCCTAGCGTAACTCTCGAGGTAGTA
<- Aln:   0	0	10	14	24	0	11= ->
Pattern:	2-1
#849
P:11/100%	D:12/60%
P: CCCTAGCGTAACTCTCGAGGTAGTA
<- Aln:   0	0	10	14	24	0	11= ->
P:15/57.6923%	D:10/90.9091%
D: CCCTAGCGTAACTCTCGAGACGACG
<- Aln:   19	0	10	14	24	1	14S4=1X6= ->
Pattern:	1-2
#850
P:9/50%	D:11/100%
D: CCCTAGCGTAACTCTCGAGACGACG
<- Aln:   0	0	10	14	24	0	11= ->
P:11/100%	D:11/57.8947%
P: CCCTAGCGTAACTCTCGAGGTAGTA
<- Aln:   0	0	10	14	24	0	11= ->
Pattern:	2-1
#851
P:11/100%	D:10/66.6667%
P: CCCTAGCGTAACTCTCGAGGTAGTA
<- Aln:   0	0	10	14	24	0	11= ->
P:22/53.6585%	D:11/100%
D: CCCTAGCGTAACTCTCGAGACGACG
<- Aln:   0	0	10	14	24	0	11= ->
Pattern:	1-2
#852
P:10/50%	D:11/100%
D: CCCTAGCGTAACTCTCGAGACGACG
<- Aln:   0	0	10	14	24	0	11= ->
P:11/100%	D:13/68.4211%
P: CCCTAGCGTAACTCTCGAGGTAGTA
<- Aln:   0	0	10	14	24	0	11= ->
Pattern:	2-1
#853
P:11/73.3333%	D:11/100%
D: CCCTAGCGTAACTCTCGAGACGACG
<- Aln:   0	0	10	14	24	0	11= ->
P:11/100%	D:13/56.5217%
P: CCCTAGCGTAACTCTCGAGGTAGTA
<- Aln:   0	0	10	14	24	0	11= ->
Pattern:	2-1
#854
P:11/100%	D:9/69.2308%
P: CCCTAGCGTAACTCTCGAGGTAGTA
<- Aln:   0	0	10	14	24	0	11= ->
P:13/56.5217%	D:11/100%
D: CCCTAGCGTAACTCTCGAGACGACG
<- Aln:   0	0	10	14	24	0	11= ->
Pattern:	1-2
#855
P:15/68.1818%	D:11/100%
D: CCCTAGCGTAACTCTCGAGACGACG
<- Aln:   0	0	10	14	24	0	11= ->
P:11/100%	D:13/61.9048%
P: CCCTAGCGTAACTCTCGAGGTAGTA
<- Aln:   0	0	10	14	24	0	11= ->
Pattern:	2-1
#856
P:11/100%	D:15/62.5%
P: CCCTAGCGTAACTCTCGAGGTAGTA
<- Aln:   0	0	10	14	24	0	11= ->
P:13/65%	D:11/100%
D: CCCTAGCGTAACTCTCGAGACGACG
<- Aln:   0	0	10	14	24	0	11= ->
Pattern:	1-2
#857
P:11/100%	D:13/68.4211%
P: CCCTAGCGTAACTCTCGAGGTAGTA
<- Aln:   0	0	10	14	24	0	11= ->
P:13/54.1667%	D:11/100%
D: CCCTAGCGTAACTCTCGAGACGACG
<- Aln:   0	0	10	14	24	0	11= ->
Pattern:	1-2
#858
P:11/100%	D:10/62.5%
P: CCCTAGCGTAACTCTCGAGGTAGTA
<- Aln:   0	0	10	14	24	0	11= ->
P:10/66.6667%	D:11/100%
D: CCCTAGCGTAACTCTCGAGACGACG
<- Aln:   0	0	10	14	24	0	11= ->
Pattern:	1-2
#859
P:10/62.5%	D:11/100%
D: CCCTAGCGTAACTCTCGAGACGACG
<- Aln:   0	0	10	14	24	0	11= ->
P:11/100%	D:10/76.9231%
P: CCCTAGCGTAACTCTCGAGGTAGTA
<- Aln:   0	0	10	14	24	0	11= ->
Pattern:	2-1
#860
P:12/66.6667%	D:11/100%
D: CCCTAGCGTAACTCTCGAGACGACG
<- Aln:   0	0	10	14	24	0	11= ->
P:17/62.963%	D:16/64%
No hit
<- Aln:   18	26	52	1	23	10	1S3=1X1=1X2=2X1=1D1=1X2=2D3=1D1=1X3=1S ->
<- Aln:   19	26	50	1	22	9	1S3=1X1=1X2=2X1=1D1=1X2=2D4=1X2=2S ->
Pattern:	2-0
#861
P:14/60.8696%	D:11/100%
D: CCCTAGCGTAACTCTCGAGACGACG
<- Aln:   0	0	10	14	24	0	11= ->
P:11/100%	D:9/64.2857%
P: CCCTAGCGTAACTCTCGAGGTAGTA
<- Aln:   0	0	10	14	24	0	11= ->
Pattern:	2-1
#862
P:25/100%	D:19/100%
P: CCCTAGCGTAACTCTCGAGGTAGTA
<- Aln:   0	0	24	0	24	0	25= ->
P:11/57.8947%	D:11/100%
D: CCCTAGCGTAACTCTCGAGACGACG
<- Aln:   0	0	10	14	24	0	11= ->
Pattern:	1-2
#863
P:11/64.7059%	D:11/100%
D: CCCTAGCGTAACTCTCGAGACGACG
<- Aln:   0	0	10	14	24	0	11= ->
P:11/100%	D:8/61.5385%
P: CCCTAGCGTAACTCTCGAGGTAGTA
<- Aln:   0	0	10	14	24	0	11= ->
Pattern:	2-1
#864
P:14/66.6667%	D:11/100%
D: CCCTAGCGTAACTCTCGAGACGACG
<- Aln:   0	0	10	14	24	0	11= ->
P:11/100%	D:14/53.8462%
P: CCCTAGCGTAACTCTCGAGGTAGTA
<- Aln:   0	0	10	14	24	0	11= ->
Pattern:	2-1
#865
P:12/66.6667%	D:11/100%
D: CCCTAGCGTAACTCTCGAGACGACG
<- Aln:   0	0	10	14	24	0	11= ->
P:11/100%	D:11/55%
P: CCCTAGCGTAACTCTCGAGGTAGTA
<- Aln:   0	0	10	14	24	0	11= ->
Pattern:	2-1
#866
P:10/58.8235%	D:11/100%
D: CCCTAGCGTAACTCTCGAGACGACG
<- Aln:   0	0	10	14	24	0	11= ->
P:11/100%	D:8/88.8889%
P: CCCTAGCGTAACTCTCGAGGTAGTA
<- Aln:   0	0	10	14	24	0	11= ->
Pattern:	2-1
#867
P:11/100%	D:14/60.8696%
P: CCCTAGCGTAACTCTCGAGGTAGTA
<- Aln:   0	0	10	14	24	0	11= ->
P:12/57.1429%	D:11/100%
D: CCCTAGCGTAACTCTCGAGACGACG
<- Aln:   0	0	10	14	24	0	11= ->
Pattern:	1-2
#868
P:11/100%	D:8/80%
P: CCCTAGCGTAACTCTCGAGGTAGTA
<- Aln:   0	0	10	14	24	0	11= ->
P:13/56.5217%	D:11/100%
D: CCCTAGCGTAACTCTCGAGACGACG
<- Aln:   0	0	10	14	24	0	11= ->
Pattern:	1-2
#869
P:11/100%	D:9/64.2857%
P: CCCTAGCGTAACTCTCGAGGTAGTA
<- Aln:   0	0	10	14	24	0	11= ->
P:23/85.1852%	D:25/100%
D: CCCTAGCGTAACTCTCGAGACGACG
<- Aln:   0	0	24	0	24	0	25= ->
Pattern:	1-2
#870
P:11/100%	D:11/61.1111%
P: CCCTAGCGTAACTCTCGAGGTAGTA
<- Aln:   0	0	10	14	24	0	11= ->
P:16/66.6667%	D:11/100%
D: CCCTAGCGTAACTCTCGAGACGACG
<- Aln:   0	0	10	14	24	0	11= ->
Pattern:	1-2
#871
P:13/76.4706%	D:11/100%
D: CCCTAGCGTAACTCTCGAGACGACG
<- Aln:   0	0	10	14	24	0	11= ->
P:11/100%	D:12/66.6667%
P: CCCTAGCGTAACTCTCGAGGTAGTA
<- Aln:   0	0	10	14	24	0	11= ->
Pattern:	2-1
#872
P:11/100%	D:12/57.1429%
P: CCCTAGCGTAACTCTCGAGGTAGTA
<- Aln:   0	0	10	14	24	0	11= ->
P:12/60%	D:11/100%
D: CCCTAGCGTAACTCTCGAGACGACG
<- Aln:   0	0	10	14	24	0	11= ->
Pattern:	1-2
#873
P:11/100%	D:10/71.4286%
P: CCCTAGCGTAACTCTCGAGGTAGTA
<- Aln:   0	0	10	14	24	0	11= ->
P:10/52.6316%	D:11/100%
D: CCCTAGCGTAACTCTCGAGACGACG
<- Aln:   0	0	10	14	24	0	11= ->
Pattern:	1-2
#874
P:9/90%	D:11/100%
D: CCCTAGCGTAACTCTCGAGACGACG
<- Aln:   0	0	10	14	24	0	11= ->
P:11/100%	D:11/57.8947%
P: CCCTAGCGTAACTCTCGAGGTAGTA
<- Aln:   0	0	10	14	24	0	11= ->
Pattern:	2-1
#875
P:11/100%	D:11/64.7059%
P: CCCTAGCGTAACTCTCGAGGTAGTA
<- Aln:   0	0	10	14	24	0	11= ->
P:9/75%	D:10/100%
D: CCCTAGCGTAACTCTCGAGACGACG
<- Aln:   20	0	9	14	23	0	14S10=1S ->
Pattern:	1-2
#876
P:9/64.2857%	D:11/100%
D: CCCTAGCGTAACTCTCGAGACGACG
<- Aln:   0	0	10	14	24	0	11= ->
P:11/100%	D:11/57.8947%
P: CCCTAGCGTAACTCTCGAGGTAGTA
<- Aln:   0	0	10	14	24	0	11= ->
Pattern:	2-1
#877
P:11/100%	D:15/55.5556%
P: CCCTAGCGTAACTCTCGAGGTAGTA
<- Aln:   0	0	10	14	24	0	11= ->
P:14/58.3333%	D:11/100%
D: CCCTAGCGTAACTCTCGAGACGACG
<- Aln:   0	0	10	14	24	0	11= ->
Pattern:	1-2
#878
P:11/100%	D:13/59.0909%
P: CCCTAGCGTAACTCTCGAGGTAGTA
<- Aln:   0	0	10	14	24	0	11= ->
P:13/65%	D:11/100%
D: CCCTAGCGTAACTCTCGAGACGACG
<- Aln:   0	0	10	14	24	0	11= ->
Pattern:	1-2
#879
P:11/100%	D:13/61.9048%
P: CCCTAGCGTAACTCTCGAGGTAGTA
<- Aln:   0	0	10	14	24	0	11= ->
P:12/54.5455%	D:11/100%
D: CCCTAGCGTAACTCTCGAGACGACG
<- Aln:   0	0	10	14	24	0	11= ->
Pattern:	1-2
#880
P:12/60%	D:11/100%
D: CCCTAGCGTAACTCTCGAGACGACG
<- Aln:   0	0	10	14	24	0	11= ->
P:11/100%	D:12/54.5455%
P: CCCTAGCGTAACTCTCGAGGTAGTA
<- Aln:   0	0	10	14	24	0	11= ->
Pattern:	2-1
#881
P:11/100%	D:14/66.6667%
P: CCCTAGCGTAACTCTCGAGGTAGTA
<- Aln:   0	0	10	14	24	0	11= ->
P:17/100%	D:23/100%
D: CCCTAGCGTAACTCTCGAGACGACG
<- Aln:   46	0	22	2	24	0	2S23= ->
Pattern:	1-2
#882
P:15/62.5%	D:11/100%
D: CCCTAGCGTAACTCTCGAGACGACG
<- Aln:   0	0	10	14	24	0	11= ->
P:11/100%	D:11/55%
P: CCCTAGCGTAACTCTCGAGGTAGTA
<- Aln:   0	0	10	14	24	0	11= ->
Pattern:	2-1
#883
P:14/63.6364%	D:11/100%
D: CCCTAGCGTAACTCTCGAGACGACG
<- Aln:   0	0	10	14	24	0	11= ->
P:11/100%	D:11/64.7059%
P: CCCTAGCGTAACTCTCGAGGTAGTA
<- Aln:   0	0	10	14	24	0	11= ->
Pattern:	2-1
#884
P:11/100%	D:10/58.8235%
P: CCCTAGCGTAACTCTCGAGGTAGTA
<- Aln:   0	0	10	14	24	0	11= ->
P:12/70.5882%	D:11/100%
D: CCCTAGCGTAACTCTCGAGACGACG
<- Aln:   0	0	10	14	24	0	11= ->
Pattern:	1-2
#885
P:11/100%	D:12/60%
P: CCCTAGCGTAACTCTCGAGGTAGTA
<- Aln:   0	0	10	14	24	0	11= ->
P:15/68.1818%	D:11/100%
D: CCCTAGCGTAACTCTCGAGACGACG
<- Aln:   0	0	10	14	24	0	11= ->
Pattern:	1-2
#886
P:11/100%	D:11/68.75%
P: CCCTAGCGTAACTCTCGAGGTAGTA
<- Aln:   0	0	10	14	24	0	11= ->
P:13/61.9048%	D:10/100%
D: CCCTAGCGTAACTCTCGAGACGACG
<- Aln:   20	0	9	14	23	0	14S10=1S ->
Pattern:	1-2
#887
P:11/100%	D:11/64.7059%
P: CCCTAGCGTAACTCTCGAGGTAGTA
<- Aln:   0	0	10	14	24	0	11= ->
P:7/58.3333%	D:11/100%
D: CCCTAGCGTAACTCTCGAGACGACG
<- Aln:   0	0	10	14	24	0	11= ->
Pattern:	1-2
#888
P:12/63.1579%	D:11/100%
D: CCCTAGCGTAACTCTCGAGACGACG
<- Aln:   0	0	10	14	24	0	11= ->
P:11/100%	D:10/58.8235%
P: CCCTAGCGTAACTCTCGAGGTAGTA
<- Aln:   0	0	10	14	24	0	11= ->
Pattern:	2-1
#889
P:12/66.6667%	D:11/100%
D: CCCTAGCGTAACTCTCGAGACGACG
<- Aln:   0	0	10	14	24	0	11= ->
P:11/100%	D:11/57.8947%
P: CCCTAGCGTAACTCTCGAGGTAGTA
<- Aln:   0	0	10	14	24	0	11= ->
Pattern:	2-1
#890
P:10/100%	D:12/60%
P: CCCTAGCGTAACTCTCGAGGTAGTA
<- Aln:   20	0	9	14	23	0	14S10=1S ->
P:10/62.5%	D:11/100%
D: CCCTAGCGTAACTCTCGAGACGACG
<- Aln:   0	0	10	14	24	0	11= ->
Pattern:	1-2
#891
P:11/100%	D:10/71.4286%
P: CCCTAGCGTAACTCTCGAGGTAGTA
<- Aln:   0	0	10	14	24	0	11= ->
P:9/64.2857%	D:11/100%
D: CCCTAGCGTAACTCTCGAGACGACG
<- Aln:   0	0	10	14	24	0	11= ->
Pattern:	1-2
#892
P:11/100%	D:10/62.5%
P: CCCTAGCGTAACTCTCGAGGTAGTA
<- Aln:   0	0	10	14	24	0	11= ->
P:14/56%	D:11/100%
D: CCCTAGCGTAACTCTCGAGACGACG
<- Aln:   0	0	10	14	24	0	11= ->
Pattern:	1-2
#893
P:10/55.5556%	D:11/100%
D: CCCTAGCGTAACTCTCGAGACGACG
<- Aln:   0	0	10	14	24	0	11= ->
P:11/100%	D:13/65%
P: CCCTAGCGTAACTCTCGAGGTAGTA
<- Aln:   0	0	10	14	24	0	11= ->
Pattern:	2-1
#894
P:12/57.1429%	D:11/100%
D: CCCTAGCGTAACTCTCGAGACGACG
<- Aln:   0	0	10	14	24	0	11= ->
P:11/100%	D:12/60%
P: CCCTAGCGTAACTCTCGAGGTAGTA
<- Aln:   0	0	10	14	24	0	11= ->
Pattern:	2-1
#895
P:11/100%	D:14/63.6364%
P: CCCTAGCGTAACTCTCGAGGTAGTA
<- Aln:   0	0	10	14	24	0	11= ->
P:13/59.0909%	D:11/100%
D: CCCTAGCGTAACTCTCGAGACGACG
<- Aln:   0	0	10	14	24	0	11= ->
Pattern:	1-2
#896
P:12/63.1579%	D:11/100%
D: CCCTAGCGTAACTCTCGAGACGACG
<- Aln:   0	0	10	14	24	0	11= ->
P:11/100%	D:11/61.1111%
P: CCCTAGCGTAACTCTCGAGGTAGTA
<- Aln:   0	0	10	14	24	0	11= ->
Pattern:	2-1
#897
P:10/100%	D:13/59.0909%
P: CCCTAGCGTAACTCTCGAGGTAGTA
<- Aln:   20	0	9	14	23	0	14S10=1S ->
P:14/60.8696%	D:11/100%
D: CCCTAGCGTAACTCTCGAGACGACG
<- Aln:   0	0	10	14	24	0	11= ->
Pattern:	1-2
#898
P:12/57.1429%	D:11/100%
D: CCCTAGCGTAACTCTCGAGACGACG
<- Aln:   0	0	10	14	24	0	11= ->
P:11/100%	D:15/57.6923%
P: CCCTAGCGTAACTCTCGAGGTAGTA
<- Aln:   0	0	10	14	24	0	11= ->
Pattern:	2-1
#899
P:13/61.9048%	D:11/91.6667%
D: CCCTAGCGTAACTCTCGAGACGACG
<- Aln:   19	0	11	14	24	1	14S4=1D7= ->
P:11/100%	D:12/63.1579%
P: CCCTAGCGTAACTCTCGAGGTAGTA
<- Aln:   0	0	10	14	24	0	11= ->
Pattern:	2-1
#900
P:12/70.5882%	D:11/100%
D: CCCTAGCGTAACTCTCGAGACGACG
<- Aln:   0	0	10	14	24	0	11= ->
P:11/100%	D:11/61.1111%
P: CCCTAGCGTAACTCTCGAGGTAGTA
<- Aln:   0	0	10	14	24	0	11= ->
Pattern:	2-1
#901
P:11/100%	D:7/50%
P: CCCTAGCGTAACTCTCGAGGTAGTA
<- Aln:   0	0	10	14	24	0	11= ->
P:9/75%	D:11/100%
D: CCCTAGCGTAACTCTCGAGACGACG
<- Aln:   0	0	10	14	24	0	11= ->
Pattern:	1-2
#902
P:11/100%	D:10/62.5%
P: CCCTAGCGTAACTCTCGAGGTAGTA
<- Aln:   0	0	10	14	24	0	11= ->
P:12/57.1429%	D:11/100%
D: CCCTAGCGTAACTCTCGAGACGACG
<- Aln:   0	0	10	14	24	0	11= ->
Pattern:	1-2
#903
P:15/93.75%	D:21/95.4545%
D: CCCTAGCGTAACTCTCGAGACGACG
<- Aln:   41	0	21	2	24	1	2S12=1I10= ->
P:10/100%	D:9/60%
P: CCCTAGCGTAACTCTCGAGGTAGTA
<- Aln:   20	0	9	14	23	0	14S10=1S ->
Pattern:	2-1
#904
P:11/100%	D:14/58.3333%
P: CCCTAGCGTAACTCTCGAGGTAGTA
<- Aln:   0	0	10	14	24	0	11= ->
P:9/69.2308%	D:11/100%
D: CCCTAGCGTAACTCTCGAGACGACG
<- Aln:   0	0	10	14	24	0	11= ->
Pattern:	1-2
#905
P:15/57.6923%	D:11/100%
D: CCCTAGCGTAACTCTCGAGACGACG
<- Aln:   0	0	10	14	24	0	11= ->
P:13/56.5217%	D:13/61.9048%
No hit
<- Aln:   12	30	52	4	23	10	4S2=1I2=1X2=3D1X2=1X3=1D2X3=1S ->
<- Aln:   16	30	50	4	22	8	4S2=1I2=1X2=3D1X2=1X5=1X1=2S ->
Pattern:	2-0
#906
P:11/100%	D:9/69.2308%
P: CCCTAGCGTAACTCTCGAGGTAGTA
<- Aln:   0	0	10	14	24	0	11= ->
P:14/58.3333%	D:11/100%
D: CCCTAGCGTAACTCTCGAGACGACG
<- Aln:   0	0	10	14	24	0	11= ->
Pattern:	1-2
#907
P:11/100%	D:14/56%
P: CCCTAGCGTAACTCTCGAGGTAGTA
<- Aln:   0	0	10	14	24	0	11= ->
P:10/62.5%	D:11/100%
D: CCCTAGCGTAACTCTCGAGACGACG
<- Aln:   0	0	10	14	24	0	11= ->
Pattern:	1-2
#908
P:14/63.6364%	D:11/100%
D: CCCTAGCGTAACTCTCGAGACGACG
<- Aln:   0	0	10	14	24	0	11= ->
P:10/100%	D:10/66.6667%
P: CCCTAGCGTAACTCTCGAGGTAGTA
<- Aln:   20	0	9	14	23	0	14S10=1S ->
Pattern:	2-1
#909
P:12/66.6667%	D:11/100%
D: CCCTAGCGTAACTCTCGAGACGACG
<- Aln:   0	0	10	14	24	0	11= ->
P:11/100%	D:11/55%
P: CCCTAGCGTAACTCTCGAGGTAGTA
<- Aln:   0	0	10	14	24	0	11= ->
Pattern:	2-1
#910
P:10/66.6667%	D:11/100%
D: CCCTAGCGTAACTCTCGAGACGACG
<- Aln:   0	0	10	14	24	0	11= ->
P:11/100%	D:12/57.1429%
P: CCCTAGCGTAACTCTCGAGGTAGTA
<- Aln:   0	0	10	14	24	0	11= ->
Pattern:	2-1
#911
P:10/58.8235%	D:11/100%
D: CCCTAGCGTAACTCTCGAGACGACG
<- Aln:   0	0	10	14	24	0	11= ->
P:11/100%	D:11/61.1111%
P: CCCTAGCGTAACTCTCGAGGTAGTA
<- Aln:   0	0	10	14	24	0	11= ->
Pattern:	2-1
#912
P:13/65%	D:11/100%
D: CCCTAGCGTAACTCTCGAGACGACG
<- Aln:   0	0	10	14	24	0	11= ->
P:11/100%	D:13/68.4211%
P: CCCTAGCGTAACTCTCGAGGTAGTA
<- Aln:   0	0	10	14	24	0	11= ->
Pattern:	2-1
#913
P:11/100%	D:11/61.1111%
P: CCCTAGCGTAACTCTCGAGGTAGTA
<- Aln:   0	0	10	14	24	0	11= ->
P:13/61.9048%	D:11/100%
D: CCCTAGCGTAACTCTCGAGACGACG
<- Aln:   0	0	10	14	24	0	11= ->
Pattern:	1-2
#914
P:8/88.8889%	D:11/100%
D: CCCTAGCGTAACTCTCGAGACGACG
<- Aln:   0	0	10	14	24	0	11= ->
P:11/100%	D:11/64.7059%
P: CCCTAGCGTAACTCTCGAGGTAGTA
<- Aln:   0	0	10	14	24	0	11= ->
Pattern:	2-1
#915
P:8/50%	D:11/100%
D: CCCTAGCGTAACTCTCGAGACGACG
<- Aln:   0	0	10	14	24	0	11= ->
P:10/100%	D:10/58.8235%
P: CCCTAGCGTAACTCTCGAGGTAGTA
<- Aln:   20	0	9	14	23	0	14S10=1S ->
Pattern:	2-1
#916
P:10/71.4286%	D:11/100%
D: CCCTAGCGTAACTCTCGAGACGACG
<- Aln:   0	0	10	14	24	0	11= ->
P:11/100%	D:13/65%
P: CCCTAGCGTAACTCTCGAGGTAGTA
<- Aln:   0	0	10	14	24	0	11= ->
Pattern:	2-1
#917
P:11/100%	D:11/61.1111%
P: CCCTAGCGTAACTCTCGAGGTAGTA
<- Aln:   0	0	10	14	24	0	11= ->
P:17/100%	D:23/100%
D: CCCTAGCGTAACTCTCGAGACGACG
<- Aln:   46	0	22	2	24	0	2S23= ->
Pattern:	1-2
#918
P:14/60.8696%	D:11/100%
D: CCCTAGCGTAACTCTCGAGACGACG
<- Aln:   0	0	10	14	24	0	11= ->
P:10/100%	D:16/66.6667%
P: CCCTAGCGTAACTCTCGAGGTAGTA
<- Aln:   20	0	9	14	23	0	14S10=1S ->
Pattern:	2-1
#919
P:11/100%	D:5/100%
P: CCCTAGCGTAACTCTCGAGGTAGTA
<- Aln:   0	0	10	14	24	0	11= ->
P:11/57.8947%	D:11/100%
D: CCCTAGCGTAACTCTCGAGACGACG
<- Aln:   0	0	10	14	24	0	11= ->
Pattern:	1-2
#920
P:10/62.5%	D:11/100%
D: CCCTAGCGTAACTCTCGAGACGACG
<- Aln:   0	0	10	14	24	0	11= ->
P:11/100%	D:12/52.1739%
P: CCCTAGCGTAACTCTCGAGGTAGTA
<- Aln:   0	0	10	14	24	0	11= ->
Pattern:	2-1
#921
P:11/100%	D:7/87.5%
P: CCCTAGCGTAACTCTCGAGGTAGTA
<- Aln:   0	0	10	14	24	0	11= ->
P:11/57.8947%	D:11/100%
D: CCCTAGCGTAACTCTCGAGACGACG
<- Aln:   0	0	10	14	24	0	11= ->
Pattern:	1-2
#922
P:11/100%	D:14/70%
P: CCCTAGCGTAACTCTCGAGGTAGTA
<- Aln:   0	0	10	14	24	0	11= ->
P:16/61.5385%	D:11/100%
D: CCCTAGCGTAACTCTCGAGACGACG
<- Aln:   0	0	10	14	24	0	11= ->
Pattern:	1-2
#923
P:10/55.5556%	D:11/100%
D: CCCTAGCGTAACTCTCGAGACGACG
<- Aln:   0	0	10	14	24	0	11= ->
P:11/100%	D:13/56.5217%
P: CCCTAGCGTAACTCTCGAGGTAGTA
<- Aln:   0	0	10	14	24	0	11= ->
Pattern:	2-1
#924
P:11/100%	D:12/66.6667%
P: CCCTAGCGTAACTCTCGAGGTAGTA
<- Aln:   0	0	10	14	24	0	11= ->
P:15/57.6923%	D:11/100%
D: CCCTAGCGTAACTCTCGAGACGACG
<- Aln:   0	0	10	14	24	0	11= ->
Pattern:	1-2
#925
P:17/62.963%	D:11/100%
D: CCCTAGCGTAACTCTCGAGACGACG
<- Aln:   0	0	10	14	24	0	11= ->
P:11/100%	D:8/100%
P: CCCTAGCGTAACTCTCGAGGTAGTA
<- Aln:   0	0	10	14	24	0	11= ->
Pattern:	2-1
#926
P:11/64.7059%	D:13/59.0909%
No hit
<- Aln:   16	34	50	0	17	6	1=1X3=2X1=1I2=1X3=1X2=7S ->
<- Aln:   17	34	55	0	22	9	1=1X3=2X1=1I2=1X3=1X2=2X1=1X1=2S ->
P:12/70.5882%	D:11/100%
D: CCCTAGCGTAACTCTCGAGACGACG
<- Aln:   0	0	10	14	24	0	11= ->
Pattern:	0-2
#927
P:11/68.75%	D:11/100%
D: CCCTAGCGTAACTCTCGAGACGACG
<- Aln:   0	0	10	14	24	0	11= ->
P:11/100%	D:13/76.4706%
P: CCCTAGCGTAACTCTCGAGGTAGTA
<- Aln:   0	0	10	14	24	0	11= ->
Pattern:	2-1
#928
P:11/100%	D:13/59.0909%
P: CCCTAGCGTAACTCTCGAGGTAGTA
<- Aln:   0	0	10	14	24	0	11= ->
P:10/66.6667%	D:11/100%
D: CCCTAGCGTAACTCTCGAGACGACG
<- Aln:   0	0	10	14	24	0	11= ->
Pattern:	1-2
#929
P:10/90.9091%	D:11/64.7059%
P: CCCTAGCGTAACTCTCGAGGTAGTA
<- Aln:   19	0	10	14	24	1	14S9=1X1= ->
P:10/55.5556%	D:11/100%
D: CCCTAGCGTAACTCTCGAGACGACG
<- Aln:   0	0	10	14	24	0	11= ->
Pattern:	1-2
#930
P:11/100%	D:8/72.7273%
P: CCCTAGCGTAACTCTCGAGGTAGTA
<- Aln:   0	0	10	14	24	0	11= ->
P:12/66.6667%	D:11/100%
D: CCCTAGCGTAACTCTCGAGACGACG
<- Aln:   0	0	10	14	24	0	11= ->
Pattern:	1-2
#931
P:9/64.2857%	D:11/100%
D: CCCTAGCGTAACTCTCGAGACGACG
<- Aln:   0	0	10	14	24	0	11= ->
P:11/100%	D:8/72.7273%
P: CCCTAGCGTAACTCTCGAGGTAGTA
<- Aln:   0	0	10	14	24	0	11= ->
Pattern:	2-1
#932
P:12/66.6667%	D:11/100%
D: CCCTAGCGTAACTCTCGAGACGACG
<- Aln:   0	0	10	14	24	0	11= ->
P:11/100%	D:10/62.5%
P: CCCTAGCGTAACTCTCGAGGTAGTA
<- Aln:   0	0	10	14	24	0	11= ->
Pattern:	2-1
#933
P:11/100%	D:10/55.5556%
P: CCCTAGCGTAACTCTCGAGGTAGTA
<- Aln:   0	0	10	14	24	0	11= ->
P:11/100%	D:14/63.6364%
P: CCCTAGCGTAACTCTCGAGGTAGTA
<- Aln:   0	0	10	14	24	0	11= ->
Pattern:	1-1
#934
P:11/100%	D:13/61.9048%
P: CCCTAGCGTAACTCTCGAGGTAGTA
<- Aln:   0	0	10	14	24	0	11= ->
P:7/77.7778%	D:11/100%
D: CCCTAGCGTAACTCTCGAGACGACG
<- Aln:   0	0	10	14	24	0	11= ->
Pattern:	1-2
#935
P:10/66.6667%	D:11/100%
D: CCCTAGCGTAACTCTCGAGACGACG
<- Aln:   0	0	10	14	24	0	11= ->
P:11/100%	D:12/57.1429%
P: CCCTAGCGTAACTCTCGAGGTAGTA
<- Aln:   0	0	10	14	24	0	11= ->
Pattern:	2-1
#936
P:12/75%	D:11/100%
D: CCCTAGCGTAACTCTCGAGACGACG
<- Aln:   0	0	10	14	24	0	11= ->
P:11/100%	D:13/56.5217%
P: CCCTAGCGTAACTCTCGAGGTAGTA
<- Aln:   0	0	10	14	24	0	11= ->
Pattern:	2-1
#937
P:11/100%	D:11/57.8947%
P: CCCTAGCGTAACTCTCGAGGTAGTA
<- Aln:   0	0	10	14	24	0	11= ->
P:13/61.9048%	D:11/100%
D: CCCTAGCGTAACTCTCGAGACGACG
<- Aln:   0	0	10	14	24	0	11= ->
Pattern:	1-2
#938
P:17/68%	D:11/100%
D: CCCTAGCGTAACTCTCGAGACGACG
<- Aln:   0	0	10	14	24	0	11= ->
P:11/100%	D:16/64%
P: CCCTAGCGTAACTCTCGAGGTAGTA
<- Aln:   0	0	10	14	24	0	11= ->
Pattern:	2-1
#939
P:11/100%	D:8/100%
P: CCCTAGCGTAACTCTCGAGGTAGTA
<- Aln:   0	0	10	14	24	0	11= ->
P:11/47.8261%	D:11/100%
D: CCCTAGCGTAACTCTCGAGACGACG
<- Aln:   0	0	10	14	24	0	11= ->
Pattern:	1-2
#940
P:11/100%	D:10/52.6316%
P: CCCTAGCGTAACTCTCGAGGTAGTA
<- Aln:   0	0	10	14	24	0	11= ->
P:16/64%	D:11/100%
D: CCCTAGCGTAACTCTCGAGACGACG
<- Aln:   0	0	10	14	24	0	11= ->
Pattern:	1-2
#941
P:11/61.1111%	D:11/100%
D: CCCTAGCGTAACTCTCGAGACGACG
<- Aln:   0	0	10	14	24	0	11= ->
P:8/88.8889%	D:8/72.7273%
No hit
<- Aln:   15	0	8	14	22	1	14S7=1X1=2S ->
<- Aln:   13	29	39	2	12	3	2S2=1X1=1X4=1X1=12S ->
Pattern:	2-0
#942
P:8/72.7273%	D:11/100%
D: CCCTAGCGTAACTCTCGAGACGACG
<- Aln:   0	0	10	14	24	0	11= ->
P:11/100%	D:9/64.2857%
P: CCCTAGCGTAACTCTCGAGGTAGTA
<- Aln:   0	0	10	14	24	0	11= ->
Pattern:	2-1
#943
P:10/62.5%	D:11/100%
D: CCCTAGCGTAACTCTCGAGACGACG
<- Aln:   0	0	10	14	24	0	11= ->
P:11/100%	D:9/69.2308%
P: CCCTAGCGTAACTCTCGAGGTAGTA
<- Aln:   0	0	10	14	24	0	11= ->
Pattern:	2-1
#944
P:12/57.1429%	D:11/100%
D: CCCTAGCGTAACTCTCGAGACGACG
<- Aln:   0	0	10	14	24	0	11= ->
P:11/100%	D:12/57.1429%
P: CCCTAGCGTAACTCTCGAGGTAGTA
<- Aln:   0	0	10	14	24	0	11= ->
Pattern:	2-1
#945
P:11/100%	D:11/55%
P: CCCTAGCGTAACTCTCGAGGTAGTA
<- Aln:   0	0	10	14	24	0	11= ->
P:14/63.6364%	D:11/100%
D: CCCTAGCGTAACTCTCGAGACGACG
<- Aln:   0	0	10	14	24	0	11= ->
Pattern:	1-2
#946
P:11/100%	D:13/68.4211%
P: CCCTAGCGTAACTCTCGAGGTAGTA
<- Aln:   0	0	10	14	24	0	11= ->
P:11/64.7059%	D:11/100%
D: CCCTAGCGTAACTCTCGAGACGACG
<- Aln:   0	0	10	14	24	0	11= ->
Pattern:	1-2
#947
P:11/100%	D:12/60%
P: CCCTAGCGTAACTCTCGAGGTAGTA
<- Aln:   0	0	10	14	24	0	11= ->
P:12/57.1429%	D:11/100%
D: CCCTAGCGTAACTCTCGAGACGACG
<- Aln:   0	0	10	14	24	0	11= ->
Pattern:	1-2
#948
P:10/62.5%	D:13/59.0909%
No hit
<- Aln:   14	6	21	2	17	6	2S3=2X4=2X1=2X2=7S ->
<- Aln:   15	6	27	2	23	9	2S3=2X4=2X1=2X2=1D1X2=1I2=1S ->
P:12/63.1579%	D:11/100%
D: CCCTAGCGTAACTCTCGAGACGACG
<- Aln:   0	0	10	14	24	0	11= ->
Pattern:	0-2
#949
P:11/100%	D:7/87.5%
P: CCCTAGCGTAACTCTCGAGGTAGTA
<- Aln:   0	0	10	14	24	0	11= ->
P:13/59.0909%	D:11/100%
D: CCCTAGCGTAACTCTCGAGACGACG
<- Aln:   0	0	10	14	24	0	11= ->
Pattern:	1-2
#950
P:10/52.6316%	D:11/100%
D: CCCTAGCGTAACTCTCGAGACGACG
<- Aln:   0	0	10	14	24	0	11= ->
P:11/100%	D:11/64.7059%
P: CCCTAGCGTAACTCTCGAGGTAGTA
<- Aln:   0	0	10	14	24	0	11= ->
Pattern:	2-1
#951
P:9/90%	D:11/100%
D: CCCTAGCGTAACTCTCGAGACGACG
<- Aln:   0	0	10	14	24	0	11= ->
P:11/100%	D:11/64.7059%
P: CCCTAGCGTAACTCTCGAGGTAGTA
<- Aln:   0	0	10	14	24	0	11= ->
Pattern:	2-1
#952
P:10/100%	D:12/60%
P: CCCTAGCGTAACTCTCGAGGTAGTA
<- Aln:   20	0	9	14	23	0	14S10=1S ->
P:14/58.3333%	D:11/100%
D: CCCTAGCGTAACTCTCGAGACGACG
<- Aln:   0	0	10	14	24	0	11= ->
Pattern:	1-2
#953
P:24/100%	D:19/100%
P: CCCTAGCGTAACTCTCGAGGTAGTA
<- Aln:   48	0	23	0	23	0	24=1S ->
P:17/100%	D:23/100%
D: CCCTAGCGTAACTCTCGAGACGACG
<- Aln:   46	0	22	2	24	0	2S23= ->
Pattern:	1-2
#954
P:11/100%	D:13/61.9048%
P: CCCTAGCGTAACTCTCGAGGTAGTA
<- Aln:   0	0	10	14	24	0	11= ->
P:14/66.6667%	D:11/100%
D: CCCTAGCGTAACTCTCGAGACGACG
<- Aln:   0	0	10	14	24	0	11= ->
Pattern:	1-2
#955
P:11/100%	D:11/61.1111%
P: CCCTAGCGTAACTCTCGAGGTAGTA
<- Aln:   0	0	10	14	24	0	11= ->
P:10/55.5556%	D:11/100%
D: CCCTAGCGTAACTCTCGAGACGACG
<- Aln:   0	0	10	14	24	0	11= ->
Pattern:	1-2
#956
P:11/100%	D:7/77.7778%
P: CCCTAGCGTAACTCTCGAGGTAGTA
<- Aln:   0	0	10	14	24	0	11= ->
P:13/59.0909%	D:11/100%
D: CCCTAGCGTAACTCTCGAGACGACG
<- Aln:   0	0	10	14	24	0	11= ->
Pattern:	1-2
#957
P:17/65.3846%	D:11/100%
D: CCCTAGCGTAACTCTCGAGACGACG
<- Aln:   0	0	10	14	24	0	11= ->
P:11/100%	D:8/80%
P: CCCTAGCGTAACTCTCGAGGTAGTA
<- Aln:   0	0	10	14	24	0	11= ->
Pattern:	2-1
#958
P:9/75%	D:11/100%
D: CCCTAGCGTAACTCTCGAGACGACG
<- Aln:   0	0	10	14	24	0	11= ->
P:11/100%	D:12/54.5455%
P: CCCTAGCGTAACTCTCGAGGTAGTA
<- Aln:   0	0	10	14	24	0	11= ->
Pattern:	2-1
#959
P:14/63.6364%	D:11/100%
D: CCCTAGCGTAACTCTCGAGACGACG
<- Aln:   0	0	10	14	24	0	11= ->
P:11/100%	D:15/60%
P: CCCTAGCGTAACTCTCGAGGTAGTA
<- Aln:   0	0	10	14	24	0	11= ->
Pattern:	2-1
#960
P:11/100%	D:10/55.5556%
P: CCCTAGCGTAACTCTCGAGGTAGTA
<- Aln:   0	0	10	14	24	0	11= ->
P:11/64.7059%	D:11/100%
D: CCCTAGCGTAACTCTCGAGACGACG
<- Aln:   0	0	10	14	24	0	11= ->
Pattern:	1-2
#961
P:12/57.1429%	D:11/100%
D: CCCTAGCGTAACTCTCGAGACGACG
<- Aln:   0	0	10	14	24	0	11= ->
P:11/100%	D:11/55%
P: CCCTAGCGTAACTCTCGAGGTAGTA
<- Aln:   0	0	10	14	24	0	11= ->
Pattern:	2-1
#962
P:11/100%	D:13/61.9048%
P: CCCTAGCGTAACTCTCGAGGTAGTA
<- Aln:   0	0	10	14	24	0	11= ->
P:14/53.8462%	D:11/100%
D: CCCTAGCGTAACTCTCGAGACGACG
<- Aln:   0	0	10	14	24	0	11= ->
Pattern:	1-2
#963
P:10/90.9091%	D:11/100%
D: CCCTAGCGTAACTCTCGAGACGACG
<- Aln:   0	0	10	14	24	0	11= ->
P:11/100%	D:11/52.381%
P: CCCTAGCGTAACTCTCGAGGTAGTA
<- Aln:   0	0	10	14	24	0	11= ->
Pattern:	2-1
#964
P:11/100%	D:11/55%
P: CCCTAGCGTAACTCTCGAGGTAGTA
<- Aln:   0	0	10	14	24	0	11= ->
P:10/100%	D:14/66.6667%
P: CCCTAGCGTAACTCTCGAGGTAGTA
<- Aln:   20	0	9	14	23	0	14S10=1S ->
Pattern:	1-1
#965
P:11/55%	D:11/100%
D: CCCTAGCGTAACTCTCGAGACGACG
<- Aln:   0	0	10	14	24	0	11= ->
P:11/100%	D:14/60.8696%
P: CCCTAGCGTAACTCTCGAGGTAGTA
<- Aln:   0	0	10	14	24	0	11= ->
Pattern:	2-1
#966
P:14/58.3333%	D:11/100%
D: CCCTAGCGTAACTCTCGAGACGACG
<- Aln:   0	0	10	14	24	0	11= ->
P:9/100%	D:11/61.1111%
No hit
<- Aln:   18	0	8	14	22	0	14S9=2S ->
<- Aln:   13	28	45	4	20	7	4S2=1X1=2X1=2X1=1X1=1D5=4S ->
Pattern:	2-0
#967
P:11/100%	D:13/72.2222%
P: CCCTAGCGTAACTCTCGAGGTAGTA
<- Aln:   0	0	10	14	24	0	11= ->
P:11/100%	D:5/100%
P: CCCTAGCGTAACTCTCGAGGTAGTA
<- Aln:   0	0	10	14	24	0	11= ->
Pattern:	1-1
#968
P:11/100%	D:15/60%
P: CCCTAGCGTAACTCTCGAGGTAGTA
<- Aln:   0	0	10	14	24	0	11= ->
P:8/72.7273%	D:11/100%
D: CCCTAGCGTAACTCTCGAGACGACG
<- Aln:   0	0	10	14	24	0	11= ->
Pattern:	1-2
#969
P:11/100%	D:10/55.5556%
P: CCCTAGCGTAACTCTCGAGGTAGTA
<- Aln:   0	0	10	14	24	0	11= ->
P:9/69.2308%	D:11/100%
D: CCCTAGCGTAACTCTCGAGACGACG
<- Aln:   0	0	10	14	24	0	11= ->
Pattern:	1-2
#970
P:11/61.1111%	D:11/100%
D: CCCTAGCGTAACTCTCGAGACGACG
<- Aln:   0	0	10	14	24	0	11= ->
P:11/100%	D:14/63.6364%
P: CCCTAGCGTAACTCTCGAGGTAGTA
<- Aln:   0	0	10	14	24	0	11= ->
Pattern:	2-1
#971
P:8/47.0588%	D:11/100%
D: CCCTAGCGTAACTCTCGAGACGACG
<- Aln:   0	0	10	14	24	0	11= ->
P:11/100%	D:11/57.8947%
P: CCCTAGCGTAACTCTCGAGGTAGTA
<- Aln:   0	0	10	14	24	0	11= ->
Pattern:	2-1
#972
P:11/100%	D:11/73.3333%
P: CCCTAGCGTAACTCTCGAGGTAGTA
<- Aln:   0	0	10	14	24	0	11= ->
P:25/100%	D:19/100%
P: CCCTAGCGTAACTCTCGAGGTAGTA
<- Aln:   0	0	24	0	24	0	25= ->
Pattern:	1-1
#973
P:8/53.3333%	D:11/100%
D: CCCTAGCGTAACTCTCGAGACGACG
<- Aln:   0	0	10	14	24	0	11= ->
P:11/100%	D:13/68.4211%
P: CCCTAGCGTAACTCTCGAGGTAGTA
<- Aln:   0	0	10	14	24	0	11= ->
Pattern:	2-1
#974
P:10/58.8235%	D:10/100%
D: CCCTAGCGTAACTCTCGAGACGACG
<- Aln:   20	0	9	14	23	0	14S10=1S ->
P:11/100%	D:13/59.0909%
P: CCCTAGCGTAACTCTCGAGGTAGTA
<- Aln:   0	0	10	14	24	0	11= ->
Pattern:	2-1
#975
P:10/83.3333%	D:11/100%
D: CCCTAGCGTAACTCTCGAGACGACG
<- Aln:   0	0	10	14	24	0	11= ->
P:11/100%	D:12/60%
P: CCCTAGCGTAACTCTCGAGGTAGTA
<- Aln:   0	0	10	14	24	0	11= ->
Pattern:	2-1
#976
P:11/100%	D:15/60%
P: CCCTAGCGTAACTCTCGAGGTAGTA
<- Aln:   0	0	10	14	24	0	11= ->
P:12/63.1579%	D:11/100%
D: CCCTAGCGTAACTCTCGAGACGACG
<- Aln:   0	0	10	14	24	0	11= ->
Pattern:	1-2
#977
P:12/52.1739%	D:11/100%
D: CCCTAGCGTAACTCTCGAGACGACG
<- Aln:   0	0	10	14	24	0	11= ->
P:8/88.8889%	D:11/100%
D: CCCTAGCGTAACTCTCGAGACGACG
<- Aln:   0	0	10	14	24	0	11= ->
Pattern:	2-2
#978
P:11/100%	D:13/65%
P: CCCTAGCGTAACTCTCGAGGTAGTA
<- Aln:   0	0	10	14	24	0	11= ->
P:7/77.7778%	D:11/100%
D: CCCTAGCGTAACTCTCGAGACGACG
<- Aln:   0	0	10	14	24	0	11= ->
Pattern:	1-2
#979
P:12/57.1429%	D:11/100%
D: CCCTAGCGTAACTCTCGAGACGACG
<- Aln:   0	0	10	14	24	0	11= ->
P:11/100%	D:12/54.5455%
P: CCCTAGCGTAACTCTCGAGGTAGTA
<- Aln:   0	0	10	14	24	0	11= ->
Pattern:	2-1
#980
P:10/55.5556%	D:11/100%
D: CCCTAGCGTAACTCTCGAGACGACG
<- Aln:   0	0	10	14	24	0	11= ->
P:11/100%	D:11/52.381%
P: CCCTAGCGTAACTCTCGAGGTAGTA
<- Aln:   0	0	10	14	24	0	11= ->
Pattern:	2-1
#981
P:11/100%	D:11/68.75%
P: CCCTAGCGTAACTCTCGAGGTAGTA
<- Aln:   0	0	10	14	24	0	11= ->
P:10/62.5%	D:11/100%
D: CCCTAGCGTAACTCTCGAGACGACG
<- Aln:   0	0	10	14	24	0	11= ->
Pattern:	1-2
#982
P:10/62.5%	D:11/100%
D: CCCTAGCGTAACTCTCGAGACGACG
<- Aln:   0	0	10	14	24	0	11= ->
P:11/100%	D:11/61.1111%
P: CCCTAGCGTAACTCTCGAGGTAGTA
<- Aln:   0	0	10	14	24	0	11= ->
Pattern:	2-1
#983
P:13/68.4211%	D:17/54.8387%
No hit
<- Aln:   18	10	28	7	23	6	7S3=1X2=3D3=1X3=1I3=1S ->
<- Aln:   16	17	47	0	24	14	4=5D2=2X3=3D2=1X1=1I4=1I2=1X1= ->
P:11/100%	D:10/71.4286%
P: CCCTAGCGTAACTCTCGAGGTAGTA
<- Aln:   0	0	10	14	24	0	11= ->
Pattern:	0-1
#984
P:11/100%	D:11/78.5714%
P: CCCTAGCGTAACTCTCGAGGTAGTA
<- Aln:   0	0	10	14	24	0	11= ->
P:10/52.6316%	D:11/100%
D: CCCTAGCGTAACTCTCGAGACGACG
<- Aln:   0	0	10	14	24	0	11= ->
Pattern:	1-2
#985
P:17/65.3846%	D:11/100%
D: CCCTAGCGTAACTCTCGAGACGACG
<- Aln:   0	0	10	14	24	0	11= ->
P:10/100%	D:13/56.5217%
P: CCCTAGCGTAACTCTCGAGGTAGTA
<- Aln:   20	0	9	14	23	0	14S10=1S ->
Pattern:	2-1
#986
P:11/100%	D:12/63.1579%
P: CCCTAGCGTAACTCTCGAGGTAGTA
<- Aln:   0	0	10	14	24	0	11= ->
P:8/72.7273%	D:11/100%
D: CCCTAGCGTAACTCTCGAGACGACG
<- Aln:   0	0	10	14	24	0	11= ->
Pattern:	1-2
#987
P:17/100%	D:23/100%
D: CCCTAGCGTAACTCTCGAGACGACG
<- Aln:   46	0	22	2	24	0	2S23= ->
P:11/100%	D:14/66.6667%
P: CCCTAGCGTAACTCTCGAGGTAGTA
<- Aln:   0	0	10	14	24	0	11= ->
Pattern:	2-1
#988
P:11/100%	D:8/61.5385%
P: CCCTAGCGTAACTCTCGAGGTAGTA
<- Aln:   0	0	10	14	24	0	11= ->
P:15/71.4286%	D:11/100%
D: CCCTAGCGTAACTCTCGAGACGACG
<- Aln:   0	0	10	14	24	0	11= ->
Pattern:	1-2
#989
P:11/100%	D:14/60.8696%
P: CCCTAGCGTAACTCTCGAGGTAGTA
<- Aln:   0	0	10	14	24	0	11= ->
P:11/100%	D:8/80%
P: CCCTAGCGTAACTCTCGAGGTAGTA
<- Aln:   0	0	10	14	24	0	11= ->
Pattern:	1-1
#990
P:9/81.8182%	D:11/100%
D: CCCTAGCGTAACTCTCGAGACGACG
<- Aln:   0	0	10	14	24	0	11= ->
P:11/100%	D:10/71.4286%
P: CCCTAGCGTAACTCTCGAGGTAGTA
<- Aln:   0	0	10	14	24	0	11= ->
Pattern:	2-1
#991
P:11/55%	D:9/69.2308%
No hit
<- Aln:   15	10	29	1	23	9	1S2=2X2=1I5=1X1=2I2X3=1X1=1S ->
<- Aln:   14	10	22	1	14	4	1S2=2X2=1I5=1X1=10S ->
P:11/55%	D:10/100%
D: CCCTAGCGTAACTCTCGAGACGACG
<- Aln:   20	0	9	14	23	0	14S10=1S ->
Pattern:	0-2
#992
P:11/100%	D:12/57.1429%
P: CCCTAGCGTAACTCTCGAGGTAGTA
<- Aln:   0	0	10	14	24	0	11= ->
P:12/63.1579%	D:11/100%
D: CCCTAGCGTAACTCTCGAGACGACG
<- Aln:   0	0	10	14	24	0	11= ->
Pattern:	1-2
#993
P:11/100%	D:10/58.8235%
P: CCCTAGCGTAACTCTCGAGGTAGTA
<- Aln:   0	0	10	14	24	0	11= ->
P:10/52.6316%	D:11/100%
D: CCCTAGCGTAACTCTCGAGACGACG
<- Aln:   0	0	10	14	24	0	11= ->
Pattern:	1-2
#994
P:11/100%	D:13/65%
P: CCCTAGCGTAACTCTCGAGGTAGTA
<- Aln:   0	0	10	14	24	0	11= ->
P:19/59.375%	D:11/100%
D: CCCTAGCGTAACTCTCGAGACGACG
<- Aln:   0	0	10	14	24	0	11= ->
Pattern:	1-2
#995
P:11/100%	D:12/63.1579%
P: CCCTAGCGTAACTCTCGAGGTAGTA
<- Aln:   0	0	10	14	24	0	11= ->
P:9/52.9412%	D:11/100%
D: CCCTAGCGTAACTCTCGAGACGACG
<- Aln:   0	0	10	14	24	0	11= ->
Pattern:	1-2
#996
P:11/100%	D:6/46.1538%
P: CCCTAGCGTAACTCTCGAGGTAGTA
<- Aln:   0	0	10	14	24	0	11= ->
P:12/57.1429%	D:11/100%
D: CCCTAGCGTAACTCTCGAGACGACG
<- Aln:   0	0	10	14	24	0	11= ->
Pattern:	1-2
#997
P:11/100%	D:8/57.1429%
P: CCCTAGCGTAACTCTCGAGGTAGTA
<- Aln:   0	0	10	14	24	0	11= ->
P:7/70%	D:11/100%
D: CCCTAGCGTAACTCTCGAGACGACG
<- Aln:   0	0	10	14	24	0	11= ->
Pattern:	1-2
#998
P:12/60%	D:11/100%
D: CCCTAGCGTAACTCTCGAGACGACG
<- Aln:   0	0	10	14	24	0	11= ->
P:9/81.8182%	D:11/100%
D: CCCTAGCGTAACTCTCGAGACGACG
<- Aln:   0	0	10	14	24	0	11= ->
Pattern:	2-2
#999
P:19/100%	D:25/100%
D: CCCTAGCGTAACTCTCGAGACGACG
<- Aln:   0	0	24	0	24	0	25= ->
P:11/100%	D:10/58.8235%
P: CCCTAGCGTAACTCTCGAGGTAGTA
<- Aln:   0	0	10	14	24	0	11= ->
Pattern:	2-1
#1000
P:25/100%	D:19/100%
P: CCCTAGCGTAACTCTCGAGGTAGTA
<- Aln:   0	0	24	0	24	0	25= ->
P:17/100%	D:23/100%
D: CCCTAGCGTAACTCTCGAGACGACG
<- Aln:   46	0	22	2	24	0	2S23= ->
Pattern:	1-2
#1001
P:12/63.1579%	D:11/100%
D: CCCTAGCGTAACTCTCGAGACGACG
<- Aln:   0	0	10	14	24	0	11= ->
P:10/100%	D:9/69.2308%
P: CCCTAGCGTAACTCTCGAGGTAGTA
<- Aln:   20	0	9	14	23	0	14S10=1S ->
Pattern:	2-1
#1002
P:11/100%	D:9/75%
P: CCCTAGCGTAACTCTCGAGGTAGTA
<- Aln:   0	0	10	14	24	0	11= ->
P:7/77.7778%	D:11/100%
D: CCCTAGCGTAACTCTCGAGACGACG
<- Aln:   0	0	10	14	24	0	11= ->
Pattern:	1-2
#1003
P:11/100%	D:8/50%
P: CCCTAGCGTAACTCTCGAGGTAGTA
<- Aln:   0	0	10	14	24	0	11= ->
P:11/100%	D:9/60%
P: CCCTAGCGTAACTCTCGAGGTAGTA
<- Aln:   0	0	10	14	24	0	11= ->
Pattern:	1-1
#1004
P:11/100%	D:12/63.1579%
P: CCCTAGCGTAACTCTCGAGGTAGTA
<- Aln:   0	0	10	14	24	0	11= ->
P:5/100%	D:11/100%
D: CCCTAGCGTAACTCTCGAGACGACG
<- Aln:   0	0	10	14	24	0	11= ->
Pattern:	1-2
#1005
P:14/60.8696%	D:11/100%
D: CCCTAGCGTAACTCTCGAGACGACG
<- Aln:   0	0	10	14	24	0	11= ->
P:11/100%	D:8/47.0588%
P: CCCTAGCGTAACTCTCGAGGTAGTA
<- Aln:   0	0	10	14	24	0	11= ->
Pattern:	2-1
#1006
P:12/75%	D:11/100%
D: CCCTAGCGTAACTCTCGAGACGACG
<- Aln:   0	0	10	14	24	0	11= ->
P:11/100%	D:13/56.5217%
P: CCCTAGCGTAACTCTCGAGGTAGTA
<- Aln:   0	0	10	14	24	0	11= ->
Pattern:	2-1
#1007
P:11/100%	D:11/52.381%
P: CCCTAGCGTAACTCTCGAGGTAGTA
<- Aln:   0	0	10	14	24	0	11= ->
P:5/100%	D:11/100%
D: CCCTAGCGTAACTCTCGAGACGACG
<- Aln:   0	0	10	14	24	0	11= ->
Pattern:	1-2
#1008
P:10/62.5%	D:11/100%
D: CCCTAGCGTAACTCTCGAGACGACG
<- Aln:   0	0	10	14	24	0	11= ->
P:11/100%	D:13/61.9048%
P: CCCTAGCGTAACTCTCGAGGTAGTA
<- Aln:   0	0	10	14	24	0	11= ->
Pattern:	2-1
#1009
P:11/100%	D:14/66.6667%
P: CCCTAGCGTAACTCTCGAGGTAGTA
<- Aln:   0	0	10	14	24	0	11= ->
P:9/52.9412%	D:11/100%
D: CCCTAGCGTAACTCTCGAGACGACG
<- Aln:   0	0	10	14	24	0	11= ->
Pattern:	1-2
#1010
P:15/57.6923%	D:11/100%
D: CCCTAGCGTAACTCTCGAGACGACG
<- Aln:   0	0	10	14	24	0	11= ->
P:11/100%	D:7/77.7778%
P: CCCTAGCGTAACTCTCGAGGTAGTA
<- Aln:   0	0	10	14	24	0	11= ->
Pattern:	2-1
#1011
P:11/100%	D:11/61.1111%
P: CCCTAGCGTAACTCTCGAGGTAGTA
<- Aln:   0	0	10	14	24	0	11= ->
P:12/54.5455%	D:11/100%
D: CCCTAGCGTAACTCTCGAGACGACG
<- Aln:   0	0	10	14	24	0	11= ->
Pattern:	1-2
#1012
P:13/68.4211%	D:11/100%
D: CCCTAGCGTAACTCTCGAGACGACG
<- Aln:   0	0	10	14	24	0	11= ->
P:11/100%	D:7/77.7778%
P: CCCTAGCGTAACTCTCGAGGTAGTA
<- Aln:   0	0	10	14	24	0	11= ->
Pattern:	2-1
#1013
P:11/100%	D:8/72.7273%
P: CCCTAGCGTAACTCTCGAGGTAGTA
<- Aln:   0	0	10	14	24	0	11= ->
P:16/66.6667%	D:11/100%
D: CCCTAGCGTAACTCTCGAGACGACG
<- Aln:   0	0	10	14	24	0	11= ->
Pattern:	1-2
#1014
P:11/100%	D:11/57.8947%
P: CCCTAGCGTAACTCTCGAGGTAGTA
<- Aln:   0	0	10	14	24	0	11= ->
P:12/70.5882%	D:11/68.75%
No hit
<- Aln:   17	18	34	7	20	5	7S6=1X1=3D1X5=4S ->
<- Aln:   15	18	33	7	21	5	7S6=1D1X1=2X3=1X1=3S ->
Pattern:	1-0
#1015
P:11/100%	D:14/63.6364%
P: CCCTAGCGTAACTCTCGAGGTAGTA
<- Aln:   0	0	10	14	24	0	11= ->
P:12/70.5882%	D:13/68.4211%
No hit
<- Aln:   19	41	57	1	18	5	1S1=1X1=1X1=1X2=1X5=1I3=6S ->
<- Aln:   20	41	59	1	20	6	1S1=1X1=1X1=1X2=1X5=1I3=1X1=4S ->
Pattern:	1-0
#1016
P:11/100%	D:14/58.3333%
P: CCCTAGCGTAACTCTCGAGGTAGTA
<- Aln:   0	0	10	14	24	0	11= ->
P:11/100%	D:14/66.6667%
P: CCCTAGCGTAACTCTCGAGGTAGTA
<- Aln:   0	0	10	14	24	0	11= ->
Pattern:	1-1
#1017
P:10/62.5%	D:11/100%
D: CCCTAGCGTAACTCTCGAGACGACG
<- Aln:   0	0	10	14	24	0	11= ->
P:11/100%	D:13/59.0909%
P: CCCTAGCGTAACTCTCGAGGTAGTA
<- Aln:   0	0	10	14	24	0	11= ->
Pattern:	2-1
#1018
P:11/100%	D:8/66.6667%
P: CCCTAGCGTAACTCTCGAGGTAGTA
<- Aln:   0	0	10	14	24	0	11= ->
P:14/53.8462%	D:11/100%
D: CCCTAGCGTAACTCTCGAGACGACG
<- Aln:   0	0	10	14	24	0	11= ->
Pattern:	1-2
#1019
P:10/55.5556%	D:11/100%
D: CCCTAGCGTAACTCTCGAGACGACG
<- Aln:   0	0	10	14	24	0	11= ->
P:11/100%	D:12/63.1579%
P: CCCTAGCGTAACTCTCGAGGTAGTA
<- Aln:   0	0	10	14	24	0	11= ->
Pattern:	2-1
#1020
P:7/77.7778%	D:11/100%
D: CCCTAGCGTAACTCTCGAGACGACG
<- Aln:   0	0	10	14	24	0	11= ->
P:17/100%	D:23/100%
D: CCCTAGCGTAACTCTCGAGACGACG
<- Aln:   46	0	22	2	24	0	2S23= ->
Pattern:	2-2
#1021
P:10/58.8235%	D:11/100%
D: CCCTAGCGTAACTCTCGAGACGACG
<- Aln:   0	0	10	14	24	0	11= ->
P:11/100%	D:13/59.0909%
P: CCCTAGCGTAACTCTCGAGGTAGTA
<- Aln:   0	0	10	14	24	0	11= ->
Pattern:	2-1
#1022
P:11/100%	D:12/54.5455%
P: CCCTAGCGTAACTCTCGAGGTAGTA
<- Aln:   0	0	10	14	24	0	11= ->
P:10/47.619%	D:11/100%
D: CCCTAGCGTAACTCTCGAGACGACG
<- Aln:   0	0	10	14	24	0	11= ->
Pattern:	1-2
#1023
P:16/64%	D:11/100%
D: CCCTAGCGTAACTCTCGAGACGACG
<- Aln:   0	0	10	14	24	0	11= ->
P:11/100%	D:11/68.75%
P: CCCTAGCGTAACTCTCGAGGTAGTA
<- Aln:   0	0	10	14	24	0	11= ->
Pattern:	2-1
#1024
P:11/100%	D:10/66.6667%
P: CCCTAGCGTAACTCTCGAGGTAGTA
<- Aln:   0	0	10	14	24	0	11= ->
P:12/63.1579%	D:11/100%
D: CCCTAGCGTAACTCTCGAGACGACG
<- Aln:   0	0	10	14	24	0	11= ->
Pattern:	1-2
#1025
P:11/100%	D:9/64.2857%
P: CCCTAGCGTAACTCTCGAGGTAGTA
<- Aln:   0	0	10	14	24	0	11= ->
P:13/68.4211%	D:11/100%
D: CCCTAGCGTAACTCTCGAGACGACG
<- Aln:   0	0	10	14	24	0	11= ->
Pattern:	1-2
#1026
P:11/100%	D:13/59.0909%
P: CCCTAGCGTAACTCTCGAGGTAGTA
<- Aln:   0	0	10	14	24	0	11= ->
P:10/58.8235%	D:11/100%
D: CCCTAGCGTAACTCTCGAGACGACG
<- Aln:   0	0	10	14	24	0	11= ->
Pattern:	1-2
#1027
P:11/100%	D:9/69.2308%
P: CCCTAGCGTAACTCTCGAGGTAGTA
<- Aln:   0	0	10	14	24	0	11= ->
P:11/100%	D:10/62.5%
P: CCCTAGCGTAACTCTCGAGGTAGTA
<- Aln:   0	0	10	14	24	0	11= ->
Pattern:	1-1
#1028
P:11/100%	D:11/78.5714%
P: CCCTAGCGTAACTCTCGAGGTAGTA
<- Aln:   0	0	10	14	24	0	11= ->
P:12/54.5455%	D:11/100%
D: CCCTAGCGTAACTCTCGAGACGACG
<- Aln:   0	0	10	14	24	0	11= ->
Pattern:	1-2
#1029
P:12/66.6667%	D:11/100%
D: CCCTAGCGTAACTCTCGAGACGACG
<- Aln:   0	0	10	14	24	0	11= ->
P:10/100%	D:12/57.1429%
P: CCCTAGCGTAACTCTCGAGGTAGTA
<- Aln:   20	0	9	14	23	0	14S10=1S ->
Pattern:	2-1
#1030
P:14/66.6667%	D:11/100%
D: CCCTAGCGTAACTCTCGAGACGACG
<- Aln:   0	0	10	14	24	0	11= ->
P:11/100%	D:12/60%
P: CCCTAGCGTAACTCTCGAGGTAGTA
<- Aln:   0	0	10	14	24	0	11= ->
Pattern:	2-1
#1031
P:13/59.0909%	D:11/100%
D: CCCTAGCGTAACTCTCGAGACGACG
<- Aln:   0	0	10	14	24	0	11= ->
P:11/100%	D:11/52.381%
P: CCCTAGCGTAACTCTCGAGGTAGTA
<- Aln:   0	0	10	14	24	0	11= ->
Pattern:	2-1
#1032
P:11/100%	D:9/81.8182%
P: CCCTAGCGTAACTCTCGAGGTAGTA
<- Aln:   0	0	10	14	24	0	11= ->
P:11/100%	D:12/66.6667%
P: CCCTAGCGTAACTCTCGAGGTAGTA
<- Aln:   0	0	10	14	24	0	11= ->
Pattern:	1-1
#1033
P:8/66.6667%	D:11/100%
D: CCCTAGCGTAACTCTCGAGACGACG
<- Aln:   0	0	10	14	24	0	11= ->
P:14/63.6364%	D:12/63.1579%
No hit
<- Aln:   16	21	42	0	19	8	1=1X2=2X1=1X1=1D3=1D3=1X2=1X1=5S ->
<- Aln:   17	36	54	2	23	7	2S4=1I1X1=1I1X3=1X1=1I4=1X2=1S ->
Pattern:	2-0
#1034
P:12/66.6667%	D:11/100%
D: CCCTAGCGTAACTCTCGAGACGACG
<- Aln:   0	0	10	14	24	0	11= ->
P:11/100%	D:8/80%
P: CCCTAGCGTAACTCTCGAGGTAGTA
<- Aln:   0	0	10	14	24	0	11= ->
Pattern:	2-1
#1035
P:11/100%	D:8/80%
P: CCCTAGCGTAACTCTCGAGGTAGTA
<- Aln:   0	0	10	14	24	0	11= ->
P:13/59.0909%	D:11/100%
D: CCCTAGCGTAACTCTCGAGACGACG
<- Aln:   0	0	10	14	24	0	11= ->
Pattern:	1-2
#1036
P:9/64.2857%	D:11/100%
D: CCCTAGCGTAACTCTCGAGACGACG
<- Aln:   0	0	10	14	24	0	11= ->
P:11/100%	D:13/65%
P: CCCTAGCGTAACTCTCGAGGTAGTA
<- Aln:   0	0	10	14	24	0	11= ->
Pattern:	2-1
#1037
P:11/100%	D:14/60.8696%
P: CCCTAGCGTAACTCTCGAGGTAGTA
<- Aln:   0	0	10	14	24	0	11= ->
P:13/65%	D:11/100%
D: CCCTAGCGTAACTCTCGAGACGACG
<- Aln:   0	0	10	14	24	0	11= ->
Pattern:	1-2
#1038
P:11/100%	D:10/71.4286%
P: CCCTAGCGTAACTCTCGAGGTAGTA
<- Aln:   0	0	10	14	24	0	11= ->
P:9/50%	D:11/100%
D: CCCTAGCGTAACTCTCGAGACGACG
<- Aln:   0	0	10	14	24	0	11= ->
Pattern:	1-2
#1039
P:11/100%	D:10/50%
P: CCCTAGCGTAACTCTCGAGGTAGTA
<- Aln:   0	0	10	14	24	0	11= ->
P:5/100%	D:11/100%
D: CCCTAGCGTAACTCTCGAGACGACG
<- Aln:   0	0	10	14	24	0	11= ->
Pattern:	1-2
#1040
P:9/75%	D:11/100%
D: CCCTAGCGTAACTCTCGAGACGACG
<- Aln:   0	0	10	14	24	0	11= ->
P:11/100%	D:13/65%
P: CCCTAGCGTAACTCTCGAGGTAGTA
<- Aln:   0	0	10	14	24	0	11= ->
Pattern:	2-1
#1041
P:11/100%	D:14/56%
P: CCCTAGCGTAACTCTCGAGGTAGTA
<- Aln:   0	0	10	14	24	0	11= ->
P:13/59.0909%	D:11/100%
D: CCCTAGCGTAACTCTCGAGACGACG
<- Aln:   0	0	10	14	24	0	11= ->
Pattern:	1-2
#1042
P:13/61.9048%	D:11/100%
D: CCCTAGCGTAACTCTCGAGACGACG
<- Aln:   0	0	10	14	24	0	11= ->
P:11/100%	D:11/64.7059%
P: CCCTAGCGTAACTCTCGAGGTAGTA
<- Aln:   0	0	10	14	24	0	11= ->
Pattern:	2-1
#1043
P:11/52.381%	D:11/100%
D: CCCTAGCGTAACTCTCGAGACGACG
<- Aln:   0	0	10	14	24	0	11= ->
P:11/100%	D:12/60%
P: CCCTAGCGTAACTCTCGAGGTAGTA
<- Aln:   0	0	10	14	24	0	11= ->
Pattern:	2-1
#1044
P:11/100%	D:16/57.1429%
P: CCCTAGCGTAACTCTCGAGGTAGTA
<- Aln:   0	0	10	14	24	0	11= ->
P:9/69.2308%	D:11/100%
D: CCCTAGCGTAACTCTCGAGACGACG
<- Aln:   0	0	10	14	24	0	11= ->
Pattern:	1-2
#1045
P:10/100%	D:17/68%
P: CCCTAGCGTAACTCTCGAGGTAGTA
<- Aln:   20	0	9	14	23	0	14S10=1S ->
P:7/70%	D:11/100%
D: CCCTAGCGTAACTCTCGAGACGACG
<- Aln:   0	0	10	14	24	0	11= ->
Pattern:	1-2
#1046
P:11/100%	D:12/54.5455%
P: CCCTAGCGTAACTCTCGAGGTAGTA
<- Aln:   0	0	10	14	24	0	11= ->
P:17/100%	D:23/100%
D: CCCTAGCGTAACTCTCGAGACGACG
<- Aln:   46	0	22	2	24	0	2S23= ->
Pattern:	1-2
#1047
P:5/100%	D:11/100%
D: CCCTAGCGTAACTCTCGAGACGACG
<- Aln:   0	0	10	14	24	0	11= ->
P:7/77.7778%	D:10/52.6316%
No hit
<- Aln:   12	0	8	14	24	2	14S4=1I3=1I2= ->
<- Aln:   11	1	19	2	20	9	2S1=1X2=2X2=2X1=1X1=1X1=1X1=1X1=4S ->
Pattern:	2-0
#1048
P:11/100%	D:11/57.8947%
P: CCCTAGCGTAACTCTCGAGGTAGTA
<- Aln:   0	0	10	14	24	0	11= ->
P:14/60.8696%	D:11/100%
D: CCCTAGCGTAACTCTCGAGACGACG
<- Aln:   0	0	10	14	24	0	11= ->
Pattern:	1-2
#1049
P:11/100%	D:11/61.1111%
P: CCCTAGCGTAACTCTCGAGGTAGTA
<- Aln:   0	0	10	14	24	0	11= ->
P:10/66.6667%	D:11/100%
D: CCCTAGCGTAACTCTCGAGACGACG
<- Aln:   0	0	10	14	24	0	11= ->
Pattern:	1-2
#1050
P:11/100%	D:12/66.6667%
P: CCCTAGCGTAACTCTCGAGGTAGTA
<- Aln:   0	0	10	14	24	0	11= ->
P:9/60%	D:11/100%
D: CCCTAGCGTAACTCTCGAGACGACG
<- Aln:   0	0	10	14	24	0	11= ->
Pattern:	1-2
#1051
P:11/100%	D:10/55.5556%
P: CCCTAGCGTAACTCTCGAGGTAGTA
<- Aln:   0	0	10	14	24	0	11= ->
P:10/55.5556%	D:11/100%
D: CCCTAGCGTAACTCTCGAGACGACG
<- Aln:   0	0	10	14	24	0	11= ->
Pattern:	1-2
#1052
P:14/56%	D:11/100%
D: CCCTAGCGTAACTCTCGAGACGACG
<- Aln:   0	0	10	14	24	0	11= ->
P:11/100%	D:11/52.381%
P: CCCTAGCGTAACTCTCGAGGTAGTA
<- Aln:   0	0	10	14	24	0	11= ->
Pattern:	2-1
#1053
P:7/70%	D:10/100%
D: CCCTAGCGTAACTCTCGAGACGACG
<- Aln:   20	0	9	14	23	0	14S10=1S ->
P:11/100%	D:12/60%
P: CCCTAGCGTAACTCTCGAGGTAGTA
<- Aln:   0	0	10	14	24	0	11= ->
Pattern:	2-1
#1054
P:12/60%	D:11/100%
D: CCCTAGCGTAACTCTCGAGACGACG
<- Aln:   0	0	10	14	24	0	11= ->
P:11/100%	D:16/57.1429%
P: CCCTAGCGTAACTCTCGAGGTAGTA
<- Aln:   0	0	10	14	24	0	11= ->
Pattern:	2-1
#1055
P:11/100%	D:16/61.5385%
P: CCCTAGCGTAACTCTCGAGGTAGTA
<- Aln:   0	0	10	14	24	0	11= ->
P:12/57.1429%	D:11/100%
D: CCCTAGCGTAACTCTCGAGACGACG
<- Aln:   0	0	10	14	24	0	11= ->
Pattern:	1-2
#1056
P:17/100%	D:23/100%
D: CCCTAGCGTAACTCTCGAGACGACG
<- Aln:   46	0	22	2	24	0	2S23= ->
P:25/100%	D:19/100%
P: CCCTAGCGTAACTCTCGAGGTAGTA
<- Aln:   0	0	24	0	24	0	25= ->
Pattern:	2-1
#1057
P:11/64.7059%	D:11/100%
D: CCCTAGCGTAACTCTCGAGACGACG
<- Aln:   0	0	10	14	24	0	11= ->
P:10/76.9231%	D:10/76.9231%
No hit
<- Aln:   17	45	57	2	14	3	2S3=3X7=10S ->
<- Aln:   17	45	57	2	14	3	2S3=3X7=10S ->
Pattern:	2-0
#1058
P:11/100%	D:5/100%
P: CCCTAGCGTAACTCTCGAGGTAGTA
<- Aln:   0	0	10	14	24	0	11= ->
P:13/61.9048%	D:11/100%
D: CCCTAGCGTAACTCTCGAGACGACG
<- Aln:   0	0	10	14	24	0	11= ->
Pattern:	1-2
#1059
P:17/62.963%	D:11/100%
D: CCCTAGCGTAACTCTCGAGACGACG
<- Aln:   0	0	10	14	24	0	11= ->
P:11/100%	D:12/66.6667%
P: CCCTAGCGTAACTCTCGAGGTAGTA
<- Aln:   0	0	10	14	24	0	11= ->
Pattern:	2-1
#1060
P:13/54.1667%	D:11/100%
D: CCCTAGCGTAACTCTCGAGACGACG
<- Aln:   0	0	10	14	24	0	11= ->
P:9/90%	D:8/66.6667%
P: CCCTAGCGTAACTCTCGAGGTAGTA
<- Aln:   17	0	9	14	23	1	14S6=1X3=1S ->
Pattern:	2-1
#1061
P:9/75%	D:11/100%
D: CCCTAGCGTAACTCTCGAGACGACG
<- Aln:   0	0	10	14	24	0	11= ->
P:11/100%	D:11/57.8947%
P: CCCTAGCGTAACTCTCGAGGTAGTA
<- Aln:   0	0	10	14	24	0	11= ->
Pattern:	2-1
#1062
P:10/58.8235%	D:11/100%
D: CCCTAGCGTAACTCTCGAGACGACG
<- Aln:   0	0	10	14	24	0	11= ->
P:11/91.6667%	D:12/66.6667%
P: CCCTAGCGTAACTCTCGAGGTAGTA
<- Aln:   19	0	11	14	24	1	14S4=1D7= ->
Pattern:	2-1
#1063
P:12/60%	D:11/100%
D: CCCTAGCGTAACTCTCGAGACGACG
<- Aln:   0	0	10	14	24	0	11= ->
P:11/100%	D:10/62.5%
P: CCCTAGCGTAACTCTCGAGGTAGTA
<- Aln:   0	0	10	14	24	0	11= ->
Pattern:	2-1
#1064
P:11/100%	D:9/69.2308%
P: CCCTAGCGTAACTCTCGAGGTAGTA
<- Aln:   0	0	10	14	24	0	11= ->
P:10/52.6316%	D:11/100%
D: CCCTAGCGTAACTCTCGAGACGACG
<- Aln:   0	0	10	14	24	0	11= ->
Pattern:	1-2
#1065
P:14/58.3333%	D:11/100%
D: CCCTAGCGTAACTCTCGAGACGACG
<- Aln:   0	0	10	14	24	0	11= ->
P:11/100%	D:11/55%
P: CCCTAGCGTAACTCTCGAGGTAGTA
<- Aln:   0	0	10	14	24	0	11= ->
Pattern:	2-1
#1066
P:8/53.3333%	D:11/100%
D: CCCTAGCGTAACTCTCGAGACGACG
<- Aln:   0	0	10	14	24	0	11= ->
P:11/100%	D:11/57.8947%
P: CCCTAGCGTAACTCTCGAGGTAGTA
<- Aln:   0	0	10	14	24	0	11= ->
Pattern:	2-1
#1067
P:11/100%	D:11/61.1111%
P: CCCTAGCGTAACTCTCGAGGTAGTA
<- Aln:   0	0	10	14	24	0	11= ->
P:9/60%	D:11/100%
D: CCCTAGCGTAACTCTCGAGACGACG
<- Aln:   0	0	10	14	24	0	11= ->
Pattern:	1-2
#1068
P:12/57.1429%	D:11/100%
D: CCCTAGCGTAACTCTCGAGACGACG
<- Aln:   0	0	10	14	24	0	11= ->
P:11/100%	D:13/72.2222%
P: CCCTAGCGTAACTCTCGAGGTAGTA
<- Aln:   0	0	10	14	24	0	11= ->
Pattern:	2-1
#1069
P:14/53.8462%	D:11/100%
D: CCCTAGCGTAACTCTCGAGACGACG
<- Aln:   0	0	10	14	24	0	11= ->
P:11/100%	D:15/60%
P: CCCTAGCGTAACTCTCGAGGTAGTA
<- Aln:   0	0	10	14	24	0	11= ->
Pattern:	2-1
#1070
P:12/63.1579%	D:11/100%
D: CCCTAGCGTAACTCTCGAGACGACG
<- Aln:   0	0	10	14	24	0	11= ->
P:11/100%	D:10/55.5556%
P: CCCTAGCGTAACTCTCGAGGTAGTA
<- Aln:   0	0	10	14	24	0	11= ->
Pattern:	2-1
#1071
P:9/81.8182%	D:11/100%
D: CCCTAGCGTAACTCTCGAGACGACG
<- Aln:   0	0	10	14	24	0	11= ->
P:11/100%	D:8/88.8889%
P: CCCTAGCGTAACTCTCGAGGTAGTA
<- Aln:   0	0	10	14	24	0	11= ->
Pattern:	2-1
#1072
P:11/100%	D:12/75%
P: CCCTAGCGTAACTCTCGAGGTAGTA
<- Aln:   0	0	10	14	24	0	11= ->
P:13/61.9048%	D:11/100%
D: CCCTAGCGTAACTCTCGAGACGACG
<- Aln:   0	0	10	14	24	0	11= ->
Pattern:	1-2
#1073
P:13/56.5217%	D:11/100%
D: CCCTAGCGTAACTCTCGAGACGACG
<- Aln:   0	0	10	14	24	0	11= ->
P:11/100%	D:10/58.8235%
P: CCCTAGCGTAACTCTCGAGGTAGTA
<- Aln:   0	0	10	14	24	0	11= ->
Pattern:	2-1
#1074
P:14/63.6364%	D:14/60.8696%
No hit
<- Aln:   20	17	38	1	24	8	1S3=1I2=1I1X2=1X1=1X2=1X1=1X1=1X4= ->
<- Aln:   15	17	39	1	23	9	1S3=1I2=1I1X2=1X1=1X2=1X1=1D2=1X1=1D2=1S ->
P:8/80%	D:10/100%
D: CCCTAGCGTAACTCTCGAGACGACG
<- Aln:   20	0	9	15	24	0	15S10= ->
Pattern:	0-2
#1075
P:11/100%	D:5/100%
P: CCCTAGCGTAACTCTCGAGGTAGTA
<- Aln:   0	0	10	14	24	0	11= ->
P:17/100%	D:23/100%
D: CCCTAGCGTAACTCTCGAGACGACG
<- Aln:   46	0	22	2	24	0	2S23= ->
Pattern:	1-2
#1076
P:23/95.8333%	D:19/100%
P: CCCTAGCGTAACTCTCGAGGTAGTA
<- Aln:   45	0	23	0	24	1	22=1I2= ->
P:10/66.6667%	D:11/100%
D: CCCTAGCGTAACTCTCGAGACGACG
<- Aln:   0	0	10	14	24	0	11= ->
Pattern:	1-2
#1077
P:11/100%	D:14/58.3333%
P: CCCTAGCGTAACTCTCGAGGTAGTA
<- Aln:   0	0	10	14	24	0	11= ->
P:10/100%	D:14/66.6667%
P: CCCTAGCGTAACTCTCGAGGTAGTA
<- Aln:   20	0	9	14	23	0	14S10=1S ->
Pattern:	1-1
#1078
P:20/90.9091%	D:20/90.9091%
No hit
<- Aln:   38	0	21	0	21	2	18=1X1=1X1=3S ->
<- Aln:   38	0	21	0	22	2	18=1I1=1X2=2S ->
P:11/100%	D:8/80%
P: CCCTAGCGTAACTCTCGAGGTAGTA
<- Aln:   0	0	10	14	24	0	11= ->
Pattern:	0-1
#1079
P:11/68.75%	D:11/100%
D: CCCTAGCGTAACTCTCGAGACGACG
<- Aln:   0	0	10	14	24	0	11= ->
P:11/100%	D:8/72.7273%
P: CCCTAGCGTAACTCTCGAGGTAGTA
<- Aln:   0	0	10	14	24	0	11= ->
Pattern:	2-1
#1080
P:11/100%	D:12/70.5882%
P: CCCTAGCGTAACTCTCGAGGTAGTA
<- Aln:   0	0	10	14	24	0	11= ->
P:11/100%	D:13/61.9048%
P: CCCTAGCGTAACTCTCGAGGTAGTA
<- Aln:   0	0	10	14	24	0	11= ->
Pattern:	1-1
#1081
P:8/80%	D:11/100%
D: CCCTAGCGTAACTCTCGAGACGACG
<- Aln:   0	0	10	14	24	0	11= ->
P:9/90%	D:15/53.5714%
P: CCCTAGCGTAACTCTCGAGGTAGTA
<- Aln:   17	0	9	14	23	1	14S8=1X1=1S ->
Pattern:	2-1
#1082
P:11/55%	D:11/100%
D: CCCTAGCGTAACTCTCGAGACGACG
<- Aln:   0	0	10	14	24	0	11= ->
P:11/100%	D:15/68.1818%
P: CCCTAGCGTAACTCTCGAGGTAGTA
<- Aln:   0	0	10	14	24	0	11= ->
Pattern:	2-1
#1083
P:15/60%	D:11/100%
D: CCCTAGCGTAACTCTCGAGACGACG
<- Aln:   0	0	10	14	24	0	11= ->
P:11/100%	D:10/58.8235%
P: CCCTAGCGTAACTCTCGAGGTAGTA
<- Aln:   0	0	10	14	24	0	11= ->
Pattern:	2-1
#1084
P:11/100%	D:14/66.6667%
P: CCCTAGCGTAACTCTCGAGGTAGTA
<- Aln:   0	0	10	14	24	0	11= ->
P:9/75%	D:11/100%
D: CCCTAGCGTAACTCTCGAGACGACG
<- Aln:   0	0	10	14	24	0	11= ->
Pattern:	1-2
#1085
P:14/60.8696%	D:11/100%
D: CCCTAGCGTAACTCTCGAGACGACG
<- Aln:   0	0	10	14	24	0	11= ->
P:11/100%	D:12/60%
P: CCCTAGCGTAACTCTCGAGGTAGTA
<- Aln:   0	0	10	14	24	0	11= ->
Pattern:	2-1
#1086
P:14/60.8696%	D:11/100%
D: CCCTAGCGTAACTCTCGAGACGACG
<- Aln:   0	0	10	14	24	0	11= ->
P:11/100%	D:6/54.5455%
P: CCCTAGCGTAACTCTCGAGGTAGTA
<- Aln:   0	0	10	14	24	0	11= ->
Pattern:	2-1
#1087
P:11/100%	D:13/56.5217%
P: CCCTAGCGTAACTCTCGAGGTAGTA
<- Aln:   0	0	10	14	24	0	11= ->
P:12/54.5455%	D:11/100%
D: CCCTAGCGTAACTCTCGAGACGACG
<- Aln:   0	0	10	14	24	0	11= ->
Pattern:	1-2
#1088
P:12/57.1429%	D:11/100%
D: CCCTAGCGTAACTCTCGAGACGACG
<- Aln:   0	0	10	14	24	0	11= ->
P:16/59.2593%	D:11/100%
D: CCCTAGCGTAACTCTCGAGACGACG
<- Aln:   0	0	10	14	24	0	11= ->
Pattern:	2-2
#1089
P:11/100%	D:11/61.1111%
P: CCCTAGCGTAACTCTCGAGGTAGTA
<- Aln:   0	0	10	14	24	0	11= ->
P:5/100%	D:11/100%
D: CCCTAGCGTAACTCTCGAGACGACG
<- Aln:   0	0	10	14	24	0	11= ->
Pattern:	1-2
#1090
P:11/100%	D:12/75%
P: CCCTAGCGTAACTCTCGAGGTAGTA
<- Aln:   0	0	10	14	24	0	11= ->
P:13/56.5217%	D:11/100%
D: CCCTAGCGTAACTCTCGAGACGACG
<- Aln:   0	0	10	14	24	0	11= ->
Pattern:	1-2
#1091
P:11/100%	D:13/59.0909%
P: CCCTAGCGTAACTCTCGAGGTAGTA
<- Aln:   0	0	10	14	24	0	11= ->
P:9/69.2308%	D:11/100%
D: CCCTAGCGTAACTCTCGAGACGACG
<- Aln:   0	0	10	14	24	0	11= ->
Pattern:	1-2
#1092
P:10/100%	D:12/50%
P: CCCTAGCGTAACTCTCGAGGTAGTA
<- Aln:   20	0	9	14	23	0	14S10=1S ->
P:10/62.5%	D:11/100%
D: CCCTAGCGTAACTCTCGAGACGACG
<- Aln:   0	0	10	14	24	0	11= ->
Pattern:	1-2
#1093
P:25/100%	D:19/100%
P: CCCTAGCGTAACTCTCGAGGTAGTA
<- Aln:   0	0	24	0	24	0	25= ->
P:10/71.4286%	D:11/100%
D: CCCTAGCGTAACTCTCGAGACGACG
<- Aln:   0	0	10	14	24	0	11= ->
Pattern:	1-2
#1094
P:8/44.4444%	D:11/100%
D: CCCTAGCGTAACTCTCGAGACGACG
<- Aln:   0	0	10	14	24	0	11= ->
P:11/100%	D:14/56%
P: CCCTAGCGTAACTCTCGAGGTAGTA
<- Aln:   0	0	10	14	24	0	11= ->
Pattern:	2-1
#1095
P:11/100%	D:11/61.1111%
P: CCCTAGCGTAACTCTCGAGGTAGTA
<- Aln:   0	0	10	14	24	0	11= ->
P:11/64.7059%	D:11/100%
D: CCCTAGCGTAACTCTCGAGACGACG
<- Aln:   0	0	10	14	24	0	11= ->
Pattern:	1-2
#1096
P:11/100%	D:13/65%
P: CCCTAGCGTAACTCTCGAGGTAGTA
<- Aln:   0	0	10	14	24	0	11= ->
P:14/63.6364%	D:11/100%
D: CCCTAGCGTAACTCTCGAGACGACG
<- Aln:   0	0	10	14	24	0	11= ->
Pattern:	1-2
#1097
P:9/81.8182%	D:11/55%
No hit
<- Aln:   14	0	10	14	24	2	14S6=1D2=1I2= ->
<- Aln:   11	1	20	2	21	9	2S1=1X2=2X2=1D1=3X2=1I3=1X1=3S ->
P:15/60%	D:11/100%
D: CCCTAGCGTAACTCTCGAGACGACG
<- Aln:   0	0	10	14	24	0	11= ->
Pattern:	0-2
#1098
P:11/57.8947%	D:11/100%
D: CCCTAGCGTAACTCTCGAGACGACG
<- Aln:   0	0	10	14	24	0	11= ->
P:11/100%	D:13/59.0909%
P: CCCTAGCGTAACTCTCGAGGTAGTA
<- Aln:   0	0	10	14	24	0	11= ->
Pattern:	2-1
#1099
P:25/100%	D:19/100%
P: CCCTAGCGTAACTCTCGAGGTAGTA
<- Aln:   0	0	24	0	24	0	25= ->
P:11/55%	D:11/100%
D: CCCTAGCGTAACTCTCGAGACGACG
<- Aln:   0	0	10	14	24	0	11= ->
Pattern:	1-2
#1100
P:9/75%	D:11/100%
D: CCCTAGCGTAACTCTCGAGACGACG
<- Aln:   0	0	10	14	24	0	11= ->
P:11/100%	D:10/62.5%
P: CCCTAGCGTAACTCTCGAGGTAGTA
<- Aln:   0	0	10	14	24	0	11= ->
Pattern:	2-1
#1101
P:13/61.9048%	D:11/100%
D: CCCTAGCGTAACTCTCGAGACGACG
<- Aln:   0	0	10	14	24	0	11= ->
P:11/100%	D:11/73.3333%
P: CCCTAGCGTAACTCTCGAGGTAGTA
<- Aln:   0	0	10	14	24	0	11= ->
Pattern:	2-1
#1102
P:11/100%	D:12/60%
P: CCCTAGCGTAACTCTCGAGGTAGTA
<- Aln:   0	0	10	14	24	0	11= ->
P:13/56.5217%	D:11/100%
D: CCCTAGCGTAACTCTCGAGACGACG
<- Aln:   0	0	10	14	24	0	11= ->
Pattern:	1-2
#1103
P:13/59.0909%	D:11/100%
D: CCCTAGCGTAACTCTCGAGACGACG
<- Aln:   0	0	10	14	24	0	11= ->
P:11/100%	D:10/55.5556%
P: CCCTAGCGTAACTCTCGAGGTAGTA
<- Aln:   0	0	10	14	24	0	11= ->
Pattern:	2-1
#1104
P:13/61.9048%	D:11/100%
D: CCCTAGCGTAACTCTCGAGACGACG
<- Aln:   0	0	10	14	24	0	11= ->
P:11/100%	D:8/80%
P: CCCTAGCGTAACTCTCGAGGTAGTA
<- Aln:   0	0	10	14	24	0	11= ->
Pattern:	2-1
#1105
P:11/100%	D:10/55.5556%
P: CCCTAGCGTAACTCTCGAGGTAGTA
<- Aln:   0	0	10	14	24	0	11= ->
P:11/57.8947%	D:11/100%
D: CCCTAGCGTAACTCTCGAGACGACG
<- Aln:   0	0	10	14	24	0	11= ->
Pattern:	1-2
#1106
P:11/100%	D:13/56.5217%
P: CCCTAGCGTAACTCTCGAGGTAGTA
<- Aln:   0	0	10	14	24	0	11= ->
P:11/100%	D:5/100%
P: CCCTAGCGTAACTCTCGAGGTAGTA
<- Aln:   0	0	10	14	24	0	11= ->
Pattern:	1-1
#1107
P:5/100%	D:11/100%
D: CCCTAGCGTAACTCTCGAGACGACG
<- Aln:   0	0	10	14	24	0	11= ->
P:11/100%	D:13/65%
P: CCCTAGCGTAACTCTCGAGGTAGTA
<- Aln:   0	0	10	14	24	0	11= ->
Pattern:	2-1
#1108
P:11/100%	D:11/55%
P: CCCTAGCGTAACTCTCGAGGTAGTA
<- Aln:   0	0	10	14	24	0	11= ->
P:7/87.5%	D:10/66.6667%
No hit
<- Aln:   13	0	7	14	21	1	14S6=1X1=3S ->
<- Aln:   13	25	39	2	15	5	2S2=1D2=1X2=3X4=9S ->
Pattern:	1-0
#1109
P:14/56%	D:11/100%
D: CCCTAGCGTAACTCTCGAGACGACG
<- Aln:   0	0	10	14	24	0	11= ->
P:11/100%	D:11/57.8947%
P: CCCTAGCGTAACTCTCGAGGTAGTA
<- Aln:   0	0	10	14	24	0	11= ->
Pattern:	2-1
#1110
P:13/56.5217%	D:11/100%
D: CCCTAGCGTAACTCTCGAGACGACG
<- Aln:   0	0	10	14	24	0	11= ->
P:14/58.3333%	D:11/100%
D: CCCTAGCGTAACTCTCGAGACGACG
<- Aln:   0	0	10	14	24	0	11= ->
Pattern:	2-2
#1111
P:11/55%	D:11/100%
D: CCCTAGCGTAACTCTCGAGACGACG
<- Aln:   0	0	10	14	24	0	11= ->
P:11/100%	D:14/56%
P: CCCTAGCGTAACTCTCGAGGTAGTA
<- Aln:   0	0	10	14	24	0	11= ->
Pattern:	2-1
#1112
P:11/68.75%	D:11/61.1111%
No hit
<- Aln:   17	40	55	4	20	5	4S2=2X2=1D5=2I4=4S ->
<- Aln:   15	40	57	4	22	7	4S2=2X2=1D5=2I2=2X2=2S ->
P:25/100%	D:19/100%
P: CCCTAGCGTAACTCTCGAGGTAGTA
<- Aln:   0	0	24	0	24	0	25= ->
Pattern:	0-1
#1113
P:12/57.1429%	D:11/100%
D: CCCTAGCGTAACTCTCGAGACGACG
<- Aln:   0	0	10	14	24	0	11= ->
P:11/100%	D:10/52.6316%
P: CCCTAGCGTAACTCTCGAGGTAGTA
<- Aln:   0	0	10	14	24	0	11= ->
Pattern:	2-1
#1114
P:5/100%	D:11/100%
D: CCCTAGCGTAACTCTCGAGACGACG
<- Aln:   0	0	10	14	24	0	11= ->
P:24/96%	D:18/94.7368%
P: CCCTAGCGTAACTCTCGAGGTAGTA
<- Aln:   47	0	24	0	24	1	16=1X8= ->
Pattern:	2-1
#1115
P:11/100%	D:11/55%
P: CCCTAGCGTAACTCTCGAGGTAGTA
<- Aln:   0	0	10	14	24	0	11= ->
P:5/100%	D:11/100%
D: CCCTAGCGTAACTCTCGAGACGACG
<- Aln:   0	0	10	14	24	0	11= ->
Pattern:	1-2
#1116
P:11/100%	D:12/54.5455%
P: CCCTAGCGTAACTCTCGAGGTAGTA
<- Aln:   0	0	10	14	24	0	11= ->
P:11/52.381%	D:11/100%
D: CCCTAGCGTAACTCTCGAGACGACG
<- Aln:   0	0	10	14	24	0	11= ->
Pattern:	1-2
#1117
P:11/100%	D:10/58.8235%
P: CCCTAGCGTAACTCTCGAGGTAGTA
<- Aln:   0	0	10	14	24	0	11= ->
P:14/63.6364%	D:11/100%
D: CCCTAGCGTAACTCTCGAGACGACG
<- Aln:   0	0	10	14	24	0	11= ->
Pattern:	1-2
#1118
P:11/100%	D:7/77.7778%
P: CCCTAGCGTAACTCTCGAGGTAGTA
<- Aln:   0	0	10	14	24	0	11= ->
P:12/66.6667%	D:11/100%
D: CCCTAGCGTAACTCTCGAGACGACG
<- Aln:   0	0	10	14	24	0	11= ->
Pattern:	1-2
#1119
P:11/100%	D:8/61.5385%
P: CCCTAGCGTAACTCTCGAGGTAGTA
<- Aln:   0	0	10	14	24	0	11= ->
P:11/73.3333%	D:11/100%
D: CCCTAGCGTAACTCTCGAGACGACG
<- Aln:   0	0	10	14	24	0	11= ->
Pattern:	1-2
#1120
P:10/66.6667%	D:11/100%
D: CCCTAGCGTAACTCTCGAGACGACG
<- Aln:   0	0	10	14	24	0	11= ->
P:11/100%	D:11/57.8947%
P: CCCTAGCGTAACTCTCGAGGTAGTA
<- Aln:   0	0	10	14	24	0	11= ->
Pattern:	2-1
#1121
P:10/66.6667%	D:11/100%
D: CCCTAGCGTAACTCTCGAGACGACG
<- Aln:   0	0	10	14	24	0	11= ->
P:11/100%	D:16/57.1429%
P: CCCTAGCGTAACTCTCGAGGTAGTA
<- Aln:   0	0	10	14	24	0	11= ->
Pattern:	2-1
#1122
P:9/56.25%	D:11/100%
D: CCCTAGCGTAACTCTCGAGACGACG
<- Aln:   0	0	10	14	24	0	11= ->
P:11/100%	D:5/100%
P: CCCTAGCGTAACTCTCGAGGTAGTA
<- Aln:   0	0	10	14	24	0	11= ->
Pattern:	2-1
#1123
P:11/100%	D:10/58.8235%
P: CCCTAGCGTAACTCTCGAGGTAGTA
<- Aln:   0	0	10	14	24	0	11= ->
P:13/76.4706%	D:11/100%
D: CCCTAGCGTAACTCTCGAGACGACG
<- Aln:   0	0	10	14	24	0	11= ->
Pattern:	1-2
#1124
P:11/100%	D:5/100%
P: CCCTAGCGTAACTCTCGAGGTAGTA
<- Aln:   0	0	10	14	24	0	11= ->
P:14/58.3333%	D:11/100%
D: CCCTAGCGTAACTCTCGAGACGACG
<- Aln:   0	0	10	14	24	0	11= ->
Pattern:	1-2
#1125
P:11/100%	D:13/68.4211%
P: CCCTAGCGTAACTCTCGAGGTAGTA
<- Aln:   0	0	10	14	24	0	11= ->
P:13/59.0909%	D:11/100%
D: CCCTAGCGTAACTCTCGAGACGACG
<- Aln:   0	0	10	14	24	0	11= ->
Pattern:	1-2
#1126
P:11/100%	D:11/64.7059%
P: CCCTAGCGTAACTCTCGAGGTAGTA
<- Aln:   0	0	10	14	24	0	11= ->
P:10/66.6667%	D:11/100%
D: CCCTAGCGTAACTCTCGAGACGACG
<- Aln:   0	0	10	14	24	0	11= ->
Pattern:	1-2
#1127
P:13/65%	D:11/100%
D: CCCTAGCGTAACTCTCGAGACGACG
<- Aln:   0	0	10	14	24	0	11= ->
P:11/100%	D:8/61.5385%
P: CCCTAGCGTAACTCTCGAGGTAGTA
<- Aln:   0	0	10	14	24	0	11= ->
Pattern:	2-1
#1128
P:11/100%	D:14/60.8696%
P: CCCTAGCGTAACTCTCGAGGTAGTA
<- Aln:   0	0	10	14	24	0	11= ->
P:5/100%	D:11/100%
D: CCCTAGCGTAACTCTCGAGACGACG
<- Aln:   0	0	10	14	24	0	11= ->
Pattern:	1-2
#1129
P:12/57.1429%	D:11/100%
D: CCCTAGCGTAACTCTCGAGACGACG
<- Aln:   0	0	10	14	24	0	11= ->
P:11/100%	D:17/62.963%
P: CCCTAGCGTAACTCTCGAGGTAGTA
<- Aln:   0	0	10	14	24	0	11= ->
Pattern:	2-1
#1130
P:11/100%	D:14/56%
P: CCCTAGCGTAACTCTCGAGGTAGTA
<- Aln:   0	0	10	14	24	0	11= ->
P:11/100%	D:14/58.3333%
P: CCCTAGCGTAACTCTCGAGGTAGTA
<- Aln:   0	0	10	14	24	0	11= ->
Pattern:	1-1
#1131
P:13/61.9048%	D:11/100%
D: CCCTAGCGTAACTCTCGAGACGACG
<- Aln:   0	0	10	14	24	0	11= ->
P:11/100%	D:9/69.2308%
P: CCCTAGCGTAACTCTCGAGGTAGTA
<- Aln:   0	0	10	14	24	0	11= ->
Pattern:	2-1
#1132
P:11/100%	D:11/55%
P: CCCTAGCGTAACTCTCGAGGTAGTA
<- Aln:   0	0	10	14	24	0	11= ->
P:13/59.0909%	D:11/100%
D: CCCTAGCGTAACTCTCGAGACGACG
<- Aln:   0	0	10	14	24	0	11= ->
Pattern:	1-2
#1133
P:15/78.9474%	D:11/100%
D: CCCTAGCGTAACTCTCGAGACGACG
<- Aln:   0	0	10	14	24	0	11= ->
P:11/100%	D:11/64.7059%
P: CCCTAGCGTAACTCTCGAGGTAGTA
<- Aln:   0	0	10	14	24	0	11= ->
Pattern:	2-1
#1134
P:11/100%	D:5/100%
P: CCCTAGCGTAACTCTCGAGGTAGTA
<- Aln:   0	0	10	14	24	0	11= ->
P:10/55.5556%	D:11/100%
D: CCCTAGCGTAACTCTCGAGACGACG
<- Aln:   0	0	10	14	24	0	11= ->
Pattern:	1-2
#1135
P:11/100%	D:8/53.3333%
P: CCCTAGCGTAACTCTCGAGGTAGTA
<- Aln:   0	0	10	14	24	0	11= ->
P:8/66.6667%	D:11/100%
D: CCCTAGCGTAACTCTCGAGACGACG
<- Aln:   0	0	10	14	24	0	11= ->
Pattern:	1-2
#1136
P:12/57.1429%	D:11/100%
D: CCCTAGCGTAACTCTCGAGACGACG
<- Aln:   0	0	10	14	24	0	11= ->
P:11/100%	D:14/63.6364%
P: CCCTAGCGTAACTCTCGAGGTAGTA
<- Aln:   0	0	10	14	24	0	11= ->
Pattern:	2-1
#1137
P:8/80%	D:11/100%
D: CCCTAGCGTAACTCTCGAGACGACG
<- Aln:   0	0	10	14	24	0	11= ->
P:11/100%	D:14/58.3333%
P: CCCTAGCGTAACTCTCGAGGTAGTA
<- Aln:   0	0	10	14	24	0	11= ->
Pattern:	2-1
#1138
P:11/100%	D:7/70%
P: CCCTAGCGTAACTCTCGAGGTAGTA
<- Aln:   0	0	10	14	24	0	11= ->
P:11/100%	D:11/57.8947%
P: CCCTAGCGTAACTCTCGAGGTAGTA
<- Aln:   0	0	10	14	24	0	11= ->
Pattern:	1-1
#1139
P:11/100%	D:12/54.5455%
P: CCCTAGCGTAACTCTCGAGGTAGTA
<- Aln:   0	0	10	14	24	0	11= ->
P:15/60%	D:11/100%
D: CCCTAGCGTAACTCTCGAGACGACG
<- Aln:   0	0	10	14	24	0	11= ->
Pattern:	1-2
#1140
P:10/100%	D:7/77.7778%
P: CCCTAGCGTAACTCTCGAGGTAGTA
<- Aln:   20	0	9	14	23	0	14S10=1S ->
P:8/88.8889%	D:11/100%
D: CCCTAGCGTAACTCTCGAGACGACG
<- Aln:   0	0	10	14	24	0	11= ->
Pattern:	1-2
#1141
P:11/100%	D:11/57.8947%
P: CCCTAGCGTAACTCTCGAGGTAGTA
<- Aln:   0	0	10	14	24	0	11= ->
P:9/100%	D:17/58.6207%
No hit
<- Aln:   18	0	8	14	22	0	14S9=2S ->
<- Aln:   14	6	34	3	23	12	3S3=1X3=2D2=3D1=2D2=1D1=2X2=1X3=1S ->
Pattern:	1-0
#1142
P:11/100%	D:9/60%
P: CCCTAGCGTAACTCTCGAGGTAGTA
<- Aln:   0	0	10	14	24	0	11= ->
P:12/57.1429%	D:11/100%
D: CCCTAGCGTAACTCTCGAGACGACG
<- Aln:   0	0	10	14	24	0	11= ->
Pattern:	1-2
#1143
P:10/66.6667%	D:11/100%
D: CCCTAGCGTAACTCTCGAGACGACG
<- Aln:   0	0	10	14	24	0	11= ->
P:11/100%	D:7/100%
P: CCCTAGCGTAACTCTCGAGGTAGTA
<- Aln:   0	0	10	14	24	0	11= ->
Pattern:	2-1
#1144
P:5/100%	D:11/100%
D: CCCTAGCGTAACTCTCGAGACGACG
<- Aln:   0	0	10	14	24	0	11= ->
P:11/100%	D:13/56.5217%
P: CCCTAGCGTAACTCTCGAGGTAGTA
<- Aln:   0	0	10	14	24	0	11= ->
Pattern:	2-1
#1145
P:11/100%	D:9/64.2857%
P: CCCTAGCGTAACTCTCGAGGTAGTA
<- Aln:   0	0	10	14	24	0	11= ->
P:11/50%	D:11/100%
D: CCCTAGCGTAACTCTCGAGACGACG
<- Aln:   0	0	10	14	24	0	11= ->
Pattern:	1-2
#1146
P:10/58.8235%	D:10/100%
D: CCCTAGCGTAACTCTCGAGACGACG
<- Aln:   20	0	9	14	23	0	14S10=1S ->
P:11/100%	D:12/60%
P: CCCTAGCGTAACTCTCGAGGTAGTA
<- Aln:   0	0	10	14	24	0	11= ->
Pattern:	2-1
#1147
P:11/100%	D:9/75%
P: CCCTAGCGTAACTCTCGAGGTAGTA
<- Aln:   0	0	10	14	24	0	11= ->
P:14/63.6364%	D:11/100%
D: CCCTAGCGTAACTCTCGAGACGACG
<- Aln:   0	0	10	14	24	0	11= ->
Pattern:	1-2
#1148
P:13/76.4706%	D:11/100%
D: CCCTAGCGTAACTCTCGAGACGACG
<- Aln:   0	0	10	14	24	0	11= ->
P:11/100%	D:16/59.2593%
P: CCCTAGCGTAACTCTCGAGGTAGTA
<- Aln:   0	0	10	14	24	0	11= ->
Pattern:	2-1
#1149
P:11/73.3333%	D:11/100%
D: CCCTAGCGTAACTCTCGAGACGACG
<- Aln:   0	0	10	14	24	0	11= ->
P:11/100%	D:11/64.7059%
P: CCCTAGCGTAACTCTCGAGGTAGTA
<- Aln:   0	0	10	14	24	0	11= ->
Pattern:	2-1
#1150
P:10/62.5%	D:9/60%
No hit
<- Aln:   12	45	60	0	14	6	1=1X1=2X2=1X2=1X2=1D2=10S ->
<- Aln:   12	41	55	9	23	6	9S3=1X1=1X1=2X1=1X1=1X2=1S ->
P:11/64.7059%	D:11/100%
D: CCCTAGCGTAACTCTCGAGACGACG
<- Aln:   0	0	10	14	24	0	11= ->
Pattern:	0-2
#1151
P:11/57.8947%	D:13/56.5217%
No hit
<- Aln:   10	18	36	0	15	8	3=2X1=2X1=1D2=1X1=2D3=9S ->
<- Aln:   14	38	60	0	21	10	1=1X2=1I1=1X2=2D1X2=1X1=1X1=1X1=1X3=3S ->
P:19/100%	D:25/100%
D: CCCTAGCGTAACTCTCGAGACGACG
<- Aln:   0	0	24	0	24	0	25= ->
Pattern:	0-2
#1152
P:12/54.5455%	D:11/100%
D: CCCTAGCGTAACTCTCGAGACGACG
<- Aln:   0	0	10	14	24	0	11= ->
P:11/100%	D:5/100%
P: CCCTAGCGTAACTCTCGAGGTAGTA
<- Aln:   0	0	10	14	24	0	11= ->
Pattern:	2-1
#1153
P:12/63.1579%	D:11/100%
D: CCCTAGCGTAACTCTCGAGACGACG
<- Aln:   0	0	10	14	24	0	11= ->
P:11/100%	D:9/60%
P: CCCTAGCGTAACTCTCGAGGTAGTA
<- Aln:   0	0	10	14	24	0	11= ->
Pattern:	2-1
#1154
P:15/93.75%	D:21/95.4545%
D: CCCTAGCGTAACTCTCGAGACGACG
<- Aln:   41	0	21	2	24	1	2S12=1I10= ->
P:11/100%	D:13/68.4211%
P: CCCTAGCGTAACTCTCGAGGTAGTA
<- Aln:   0	0	10	14	24	0	11= ->
Pattern:	2-1
#1155
P:14/60.8696%	D:11/100%
D: CCCTAGCGTAACTCTCGAGACGACG
<- Aln:   0	0	10	14	24	0	11= ->
P:11/100%	D:11/55%
P: CCCTAGCGTAACTCTCGAGGTAGTA
<- Aln:   0	0	10	14	24	0	11= ->
Pattern:	2-1
#1156
P:11/100%	D:14/70%
P: CCCTAGCGTAACTCTCGAGGTAGTA
<- Aln:   0	0	10	14	24	0	11= ->
P:15/57.6923%	D:10/100%
D: CCCTAGCGTAACTCTCGAGACGACG
<- Aln:   20	0	9	14	23	0	14S10=1S ->
Pattern:	1-2
#1157
P:9/56.25%	D:11/100%
D: CCCTAGCGTAACTCTCGAGACGACG
<- Aln:   0	0	10	14	24	0	11= ->
P:11/100%	D:11/68.75%
P: CCCTAGCGTAACTCTCGAGGTAGTA
<- Aln:   0	0	10	14	24	0	11= ->
Pattern:	2-1
#1158
P:11/100%	D:10/62.5%
P: CCCTAGCGTAACTCTCGAGGTAGTA
<- Aln:   0	0	10	14	24	0	11= ->
P:11/50%	D:11/100%
D: CCCTAGCGTAACTCTCGAGACGACG
<- Aln:   0	0	10	14	24	0	11= ->
Pattern:	1-2
#1159
P:11/61.1111%	D:11/100%
D: CCCTAGCGTAACTCTCGAGACGACG
<- Aln:   0	0	10	14	24	0	11= ->
P:11/100%	D:9/75%
P: CCCTAGCGTAACTCTCGAGGTAGTA
<- Aln:   0	0	10	14	24	0	11= ->
Pattern:	2-1
#1160
P:11/100%	D:12/75%
P: CCCTAGCGTAACTCTCGAGGTAGTA
<- Aln:   0	0	10	14	24	0	11= ->
P:13/56.5217%	D:11/100%
D: CCCTAGCGTAACTCTCGAGACGACG
<- Aln:   0	0	10	14	24	0	11= ->
Pattern:	1-2
#1161
P:14/56%	D:11/100%
D: CCCTAGCGTAACTCTCGAGACGACG
<- Aln:   0	0	10	14	24	0	11= ->
P:11/100%	D:11/57.8947%
P: CCCTAGCGTAACTCTCGAGGTAGTA
<- Aln:   0	0	10	14	24	0	11= ->
Pattern:	2-1
#1162
P:5/100%	D:11/100%
D: CCCTAGCGTAACTCTCGAGACGACG
<- Aln:   0	0	10	14	24	0	11= ->
P:11/73.3333%	D:12/70.5882%
No hit
<- Aln:   16	12	26	5	18	4	5S2=1I4=2D4=1X2=6S ->
<- Aln:   17	12	28	5	20	5	5S2=1I4=2D4=1X2=1X1=4S ->
Pattern:	2-0
#1163
P:16/59.2593%	D:11/100%
D: CCCTAGCGTAACTCTCGAGACGACG
<- Aln:   0	0	10	14	24	0	11= ->
P:11/100%	D:11/61.1111%
P: CCCTAGCGTAACTCTCGAGGTAGTA
<- Aln:   0	0	10	14	24	0	11= ->
Pattern:	2-1
#1164
P:14/60.8696%	D:11/100%
D: CCCTAGCGTAACTCTCGAGACGACG
<- Aln:   0	0	10	14	24	0	11= ->
P:11/100%	D:14/63.6364%
P: CCCTAGCGTAACTCTCGAGGTAGTA
<- Aln:   0	0	10	14	24	0	11= ->
Pattern:	2-1
#1165
P:11/78.5714%	D:11/100%
D: CCCTAGCGTAACTCTCGAGACGACG
<- Aln:   0	0	10	14	24	0	11= ->
P:11/100%	D:10/66.6667%
P: CCCTAGCGTAACTCTCGAGGTAGTA
<- Aln:   0	0	10	14	24	0	11= ->
Pattern:	2-1
#1166
P:11/100%	D:13/59.0909%
P: CCCTAGCGTAACTCTCGAGGTAGTA
<- Aln:   0	0	10	14	24	0	11= ->
P:12/63.1579%	D:11/100%
D: CCCTAGCGTAACTCTCGAGACGACG
<- Aln:   0	0	10	14	24	0	11= ->
Pattern:	1-2
#1167
P:14/58.3333%	D:11/100%
D: CCCTAGCGTAACTCTCGAGACGACG
<- Aln:   0	0	10	14	24	0	11= ->
P:11/100%	D:16/61.5385%
P: CCCTAGCGTAACTCTCGAGGTAGTA
<- Aln:   0	0	10	14	24	0	11= ->
Pattern:	2-1
#1168
P:11/64.7059%	D:11/100%
D: CCCTAGCGTAACTCTCGAGACGACG
<- Aln:   0	0	10	14	24	0	11= ->
P:11/100%	D:9/81.8182%
P: CCCTAGCGTAACTCTCGAGGTAGTA
<- Aln:   0	0	10	14	24	0	11= ->
Pattern:	2-1
#1169
P:11/100%	D:19/59.375%
P: CCCTAGCGTAACTCTCGAGGTAGTA
<- Aln:   0	0	10	14	24	0	11= ->
P:17/100%	D:23/100%
D: CCCTAGCGTAACTCTCGAGACGACG
<- Aln:   46	0	22	2	24	0	2S23= ->
Pattern:	1-2
#1170
P:13/65%	D:11/100%
D: CCCTAGCGTAACTCTCGAGACGACG
<- Aln:   0	0	10	14	24	0	11= ->
P:11/100%	D:15/62.5%
P: CCCTAGCGTAACTCTCGAGGTAGTA
<- Aln:   0	0	10	14	24	0	11= ->
Pattern:	2-1
#1171
P:16/61.5385%	D:11/100%
D: CCCTAGCGTAACTCTCGAGACGACG
<- Aln:   0	0	10	14	24	0	11= ->
P:11/100%	D:15/55.5556%
P: CCCTAGCGTAACTCTCGAGGTAGTA
<- Aln:   0	0	10	14	24	0	11= ->
Pattern:	2-1
#1172
P:11/100%	D:5/100%
P: CCCTAGCGTAACTCTCGAGGTAGTA
<- Aln:   0	0	10	14	24	0	11= ->
P:14/58.3333%	D:11/100%
D: CCCTAGCGTAACTCTCGAGACGACG
<- Aln:   0	0	10	14	24	0	11= ->
Pattern:	1-2
#1173
P:11/100%	D:11/57.8947%
P: CCCTAGCGTAACTCTCGAGGTAGTA
<- Aln:   0	0	10	14	24	0	11= ->
P:11/55%	D:11/100%
D: CCCTAGCGTAACTCTCGAGACGACG
<- Aln:   0	0	10	14	24	0	11= ->
Pattern:	1-2
#1174
P:11/100%	D:13/56.5217%
P: CCCTAGCGTAACTCTCGAGGTAGTA
<- Aln:   0	0	10	14	24	0	11= ->
P:12/57.1429%	D:11/100%
D: CCCTAGCGTAACTCTCGAGACGACG
<- Aln:   0	0	10	14	24	0	11= ->
Pattern:	1-2
#1175
P:11/100%	D:10/66.6667%
P: CCCTAGCGTAACTCTCGAGGTAGTA
<- Aln:   0	0	10	14	24	0	11= ->
P:11/73.3333%	D:11/100%
D: CCCTAGCGTAACTCTCGAGACGACG
<- Aln:   0	0	10	14	24	0	11= ->
Pattern:	1-2
#1176
P:13/56.5217%	D:11/100%
D: CCCTAGCGTAACTCTCGAGACGACG
<- Aln:   0	0	10	14	24	0	11= ->
P:11/100%	D:5/100%
P: CCCTAGCGTAACTCTCGAGGTAGTA
<- Aln:   0	0	10	14	24	0	11= ->
Pattern:	2-1
#1177
P:15/62.5%	D:11/100%
D: CCCTAGCGTAACTCTCGAGACGACG
<- Aln:   0	0	10	14	24	0	11= ->
P:11/100%	D:8/88.8889%
P: CCCTAGCGTAACTCTCGAGGTAGTA
<- Aln:   0	0	10	14	24	0	11= ->
Pattern:	2-1
#1178
P:9/69.2308%	D:11/100%
D: CCCTAGCGTAACTCTCGAGACGACG
<- Aln:   0	0	10	14	24	0	11= ->
P:11/100%	D:15/57.6923%
P: CCCTAGCGTAACTCTCGAGGTAGTA
<- Aln:   0	0	10	14	24	0	11= ->
Pattern:	2-1
#1179
P:11/100%	D:9/64.2857%
P: CCCTAGCGTAACTCTCGAGGTAGTA
<- Aln:   0	0	10	14	24	0	11= ->
P:12/75%	D:11/100%
D: CCCTAGCGTAACTCTCGAGACGACG
<- Aln:   0	0	10	14	24	0	11= ->
Pattern:	1-2
#1180
P:12/66.6667%	D:11/100%
D: CCCTAGCGTAACTCTCGAGACGACG
<- Aln:   0	0	10	14	24	0	11= ->
P:11/100%	D:13/59.0909%
P: CCCTAGCGTAACTCTCGAGGTAGTA
<- Aln:   0	0	10	14	24	0	11= ->
Pattern:	2-1
#1181
P:15/60%	D:11/91.6667%
D: CCCTAGCGTAACTCTCGAGACGACG
<- Aln:   19	0	11	14	24	1	14S6=1D5= ->
P:11/100%	D:14/60.8696%
P: CCCTAGCGTAACTCTCGAGGTAGTA
<- Aln:   0	0	10	14	24	0	11= ->
Pattern:	2-1
#1182
P:11/64.7059%	D:11/100%
D: CCCTAGCGTAACTCTCGAGACGACG
<- Aln:   0	0	10	14	24	0	11= ->
P:11/100%	D:5/100%
P: CCCTAGCGTAACTCTCGAGGTAGTA
<- Aln:   0	0	10	14	24	0	11= ->
Pattern:	2-1
#1183
P:25/100%	D:19/100%
P: CCCTAGCGTAACTCTCGAGGTAGTA
<- Aln:   0	0	24	0	24	0	25= ->
P:5/100%	D:11/100%
D: CCCTAGCGTAACTCTCGAGACGACG
<- Aln:   0	0	10	14	24	0	11= ->
Pattern:	1-2
#1184
P:10/100%	D:8/66.6667%
P: CCCTAGCGTAACTCTCGAGGTAGTA
<- Aln:   20	0	9	14	23	0	14S10=1S ->
P:12/54.5455%	D:11/100%
D: CCCTAGCGTAACTCTCGAGACGACG
<- Aln:   0	0	10	14	24	0	11= ->
Pattern:	1-2
#1185
P:11/100%	D:14/51.8519%
P: CCCTAGCGTAACTCTCGAGGTAGTA
<- Aln:   0	0	10	14	24	0	11= ->
P:13/61.9048%	D:11/100%
D: CCCTAGCGTAACTCTCGAGACGACG
<- Aln:   0	0	10	14	24	0	11= ->
Pattern:	1-2
#1186
P:15/65.2174%	D:11/100%
D: CCCTAGCGTAACTCTCGAGACGACG
<- Aln:   0	0	10	14	24	0	11= ->
P:11/100%	D:13/72.2222%
P: CCCTAGCGTAACTCTCGAGGTAGTA
<- Aln:   0	0	10	14	24	0	11= ->
Pattern:	2-1
#1187
P:11/100%	D:11/68.75%
P: CCCTAGCGTAACTCTCGAGGTAGTA
<- Aln:   0	0	10	14	24	0	11= ->
P:11/52.381%	D:14/58.3333%
No hit
<- Aln:   12	4	24	3	24	10	3S1=1X1=1X1=2X1=1I3=2X1=3X4= ->
<- Aln:   16	32	55	0	23	10	1=1X2=1I2=1X1=1I1X4=2D1=1X1=1X2=1X2=1S ->
Pattern:	1-0
#1188
P:7/87.5%	D:11/100%
D: CCCTAGCGTAACTCTCGAGACGACG
<- Aln:   0	0	10	14	24	0	11= ->
P:11/100%	D:13/65%
P: CCCTAGCGTAACTCTCGAGGTAGTA
<- Aln:   0	0	10	14	24	0	11= ->
Pattern:	2-1
#1189
P:11/100%	D:12/60%
P: CCCTAGCGTAACTCTCGAGGTAGTA
<- Aln:   0	0	10	14	24	0	11= ->
P:8/72.7273%	D:11/100%
D: CCCTAGCGTAACTCTCGAGACGACG
<- Aln:   0	0	10	14	24	0	11= ->
Pattern:	1-2
#1190
P:15/57.6923%	D:11/100%
D: CCCTAGCGTAACTCTCGAGACGACG
<- Aln:   0	0	10	14	24	0	11= ->
P:11/100%	D:15/57.6923%
P: CCCTAGCGTAACTCTCGAGGTAGTA
<- Aln:   0	0	10	14	24	0	11= ->
Pattern:	2-1
#1191
P:11/100%	D:11/57.8947%
P: CCCTAGCGTAACTCTCGAGGTAGTA
<- Aln:   0	0	10	14	24	0	11= ->
P:8/57.1429%	D:11/100%
D: CCCTAGCGTAACTCTCGAGACGACG
<- Aln:   0	0	10	14	24	0	11= ->
Pattern:	1-2
#1192
P:9/90%	D:11/100%
D: CCCTAGCGTAACTCTCGAGACGACG
<- Aln:   0	0	10	14	24	0	11= ->
P:11/100%	D:17/62.963%
P: CCCTAGCGTAACTCTCGAGGTAGTA
<- Aln:   0	0	10	14	24	0	11= ->
Pattern:	2-1
#1193
P:11/100%	D:9/64.2857%
P: CCCTAGCGTAACTCTCGAGGTAGTA
<- Aln:   0	0	10	14	24	0	11= ->
P:8/61.5385%	D:11/100%
D: CCCTAGCGTAACTCTCGAGACGACG
<- Aln:   0	0	10	14	24	0	11= ->
Pattern:	1-2
#1194
P:11/100%	D:13/59.0909%
P: CCCTAGCGTAACTCTCGAGGTAGTA
<- Aln:   0	0	10	14	24	0	11= ->
P:8/72.7273%	D:11/100%
D: CCCTAGCGTAACTCTCGAGACGACG
<- Aln:   0	0	10	14	24	0	11= ->
Pattern:	1-2
#1195
P:14/66.6667%	D:11/100%
D: CCCTAGCGTAACTCTCGAGACGACG
<- Aln:   0	0	10	14	24	0	11= ->
P:11/100%	D:9/75%
P: CCCTAGCGTAACTCTCGAGGTAGTA
<- Aln:   0	0	10	14	24	0	11= ->
Pattern:	2-1
#1196
P:11/100%	D:5/100%
P: CCCTAGCGTAACTCTCGAGGTAGTA
<- Aln:   0	0	10	14	24	0	11= ->
P:14/63.6364%	D:11/100%
D: CCCTAGCGTAACTCTCGAGACGACG
<- Aln:   0	0	10	14	24	0	11= ->
Pattern:	1-2
#1197
P:21/84%	D:23/100%
D: CCCTAGCGTAACTCTCGAGACGACG
<- Aln:   46	0	22	2	24	0	2S23= ->
P:11/100%	D:12/63.1579%
P: CCCTAGCGTAACTCTCGAGGTAGTA
<- Aln:   0	0	10	14	24	0	11= ->
Pattern:	2-1
#1198
P:11/100%	D:11/52.381%
P: CCCTAGCGTAACTCTCGAGGTAGTA
<- Aln:   0	0	10	14	24	0	11= ->
P:13/61.9048%	D:11/100%
D: CCCTAGCGTAACTCTCGAGACGACG
<- Aln:   0	0	10	14	24	0	11= ->
Pattern:	1-2
#1199
P:11/100%	D:12/57.1429%
P: CCCTAGCGTAACTCTCGAGGTAGTA
<- Aln:   0	0	10	14	24	0	11= ->
P:13/61.9048%	D:11/100%
D: CCCTAGCGTAACTCTCGAGACGACG
<- Aln:   0	0	10	14	24	0	11= ->
Pattern:	1-2
#1200
P:12/60%	D:11/100%
D: CCCTAGCGTAACTCTCGAGACGACG
<- Aln:   0	0	10	14	24	0	11= ->
P:11/100%	D:10/71.4286%
P: CCCTAGCGTAACTCTCGAGGTAGTA
<- Aln:   0	0	10	14	24	0	11= ->
Pattern:	2-1
#1201
P:11/100%	D:11/52.381%
P: CCCTAGCGTAACTCTCGAGGTAGTA
<- Aln:   0	0	10	14	24	0	11= ->
P:11/64.7059%	D:11/100%
D: CCCTAGCGTAACTCTCGAGACGACG
<- Aln:   0	0	10	14	24	0	11= ->
Pattern:	1-2
#1202
P:11/100%	D:14/60.8696%
P: CCCTAGCGTAACTCTCGAGGTAGTA
<- Aln:   0	0	10	14	24	0	11= ->
P:12/57.1429%	D:11/100%
D: CCCTAGCGTAACTCTCGAGACGACG
<- Aln:   0	0	10	14	24	0	11= ->
Pattern:	1-2
#1203
P:11/64.7059%	D:11/100%
D: CCCTAGCGTAACTCTCGAGACGACG
<- Aln:   0	0	10	14	24	0	11= ->
P:11/100%	D:12/57.1429%
P: CCCTAGCGTAACTCTCGAGGTAGTA
<- Aln:   0	0	10	14	24	0	11= ->
Pattern:	2-1
#1204
P:11/64.7059%	D:11/100%
D: CCCTAGCGTAACTCTCGAGACGACG
<- Aln:   0	0	10	14	24	0	11= ->
P:11/100%	D:9/60%
P: CCCTAGCGTAACTCTCGAGGTAGTA
<- Aln:   0	0	10	14	24	0	11= ->
Pattern:	2-1
#1205
P:10/58.8235%	D:11/100%
D: CCCTAGCGTAACTCTCGAGACGACG
<- Aln:   0	0	10	14	24	0	11= ->
P:9/100%	D:11/64.7059%
No hit
<- Aln:   18	0	8	14	22	0	14S9=2S ->
<- Aln:   16	27	43	1	18	6	1S5=2X1=2X2=1I2=1X2=6S ->
Pattern:	2-0
#1206
P:11/64.7059%	D:11/100%
D: CCCTAGCGTAACTCTCGAGACGACG
<- Aln:   0	0	10	14	24	0	11= ->
P:10/83.3333%	D:11/68.75%
No hit
<- Aln:   16	0	11	14	24	2	14S7=1D1X3= ->
<- Aln:   15	40	55	8	20	5	8S3=1X1=1X2=3D5=4S ->
Pattern:	2-0
#1207
P:7/77.7778%	D:11/100%
D: CCCTAGCGTAACTCTCGAGACGACG
<- Aln:   0	0	10	14	24	0	11= ->
P:11/100%	D:13/65%
P: CCCTAGCGTAACTCTCGAGGTAGTA
<- Aln:   0	0	10	14	24	0	11= ->
Pattern:	2-1
#1208
P:10/62.5%	D:11/100%
D: CCCTAGCGTAACTCTCGAGACGACG
<- Aln:   0	0	10	14	24	0	11= ->
P:11/100%	D:14/56%
P: CCCTAGCGTAACTCTCGAGGTAGTA
<- Aln:   0	0	10	14	24	0	11= ->
Pattern:	2-1
#1209
P:11/55%	D:11/100%
D: CCCTAGCGTAACTCTCGAGACGACG
<- Aln:   0	0	10	14	24	0	11= ->
P:11/100%	D:11/61.1111%
P: CCCTAGCGTAACTCTCGAGGTAGTA
<- Aln:   0	0	10	14	24	0	11= ->
Pattern:	2-1
#1210
P:11/100%	D:13/59.0909%
P: CCCTAGCGTAACTCTCGAGGTAGTA
<- Aln:   0	0	10	14	24	0	11= ->
P:13/59.0909%	D:11/100%
D: CCCTAGCGTAACTCTCGAGACGACG
<- Aln:   0	0	10	14	24	0	11= ->
Pattern:	1-2
#1211
P:10/100%	D:15/62.5%
P: CCCTAGCGTAACTCTCGAGGTAGTA
<- Aln:   20	0	9	14	23	0	14S10=1S ->
P:8/88.8889%	D:11/100%
D: CCCTAGCGTAACTCTCGAGACGACG
<- Aln:   0	0	10	14	24	0	11= ->
Pattern:	1-2
#1212
P:11/100%	D:9/64.2857%
P: CCCTAGCGTAACTCTCGAGGTAGTA
<- Aln:   0	0	10	14	24	0	11= ->
P:13/59.0909%	D:11/100%
D: CCCTAGCGTAACTCTCGAGACGACG
<- Aln:   0	0	10	14	24	0	11= ->
Pattern:	1-2
#1213
P:15/60%	D:11/100%
D: CCCTAGCGTAACTCTCGAGACGACG
<- Aln:   0	0	10	14	24	0	11= ->
P:11/100%	D:9/64.2857%
P: CCCTAGCGTAACTCTCGAGGTAGTA
<- Aln:   0	0	10	14	24	0	11= ->
Pattern:	2-1
#1214
P:12/57.1429%	D:11/100%
D: CCCTAGCGTAACTCTCGAGACGACG
<- Aln:   0	0	10	14	24	0	11= ->
P:11/100%	D:11/73.3333%
P: CCCTAGCGTAACTCTCGAGGTAGTA
<- Aln:   0	0	10	14	24	0	11= ->
Pattern:	2-1
#1215
P:14/56%	D:11/100%
D: CCCTAGCGTAACTCTCGAGACGACG
<- Aln:   0	0	10	14	24	0	11= ->
P:11/100%	D:10/66.6667%
P: CCCTAGCGTAACTCTCGAGGTAGTA
<- Aln:   0	0	10	14	24	0	11= ->
Pattern:	2-1
#1216
P:8/66.6667%	D:11/100%
D: CCCTAGCGTAACTCTCGAGACGACG
<- Aln:   0	0	10	14	24	0	11= ->
P:11/100%	D:15/60%
P: CCCTAGCGTAACTCTCGAGGTAGTA
<- Aln:   0	0	10	14	24	0	11= ->
Pattern:	2-1
#1217
P:14/58.3333%	D:11/100%
D: CCCTAGCGTAACTCTCGAGACGACG
<- Aln:   0	0	10	14	24	0	11= ->
P:11/100%	D:9/52.9412%
P: CCCTAGCGTAACTCTCGAGGTAGTA
<- Aln:   0	0	10	14	24	0	11= ->
Pattern:	2-1
#1218
P:11/100%	D:14/58.3333%
P: CCCTAGCGTAACTCTCGAGGTAGTA
<- Aln:   0	0	10	14	24	0	11= ->
P:12/54.5455%	D:11/100%
D: CCCTAGCGTAACTCTCGAGACGACG
<- Aln:   0	0	10	14	24	0	11= ->
Pattern:	1-2
#1219
P:12/57.1429%	D:11/100%
D: CCCTAGCGTAACTCTCGAGACGACG
<- Aln:   0	0	10	14	24	0	11= ->
P:11/100%	D:11/61.1111%
P: CCCTAGCGTAACTCTCGAGGTAGTA
<- Aln:   0	0	10	14	24	0	11= ->
Pattern:	2-1
#1220
P:11/100%	D:13/72.2222%
P: CCCTAGCGTAACTCTCGAGGTAGTA
<- Aln:   0	0	10	14	24	0	11= ->
P:11/64.7059%	D:11/100%
D: CCCTAGCGTAACTCTCGAGACGACG
<- Aln:   0	0	10	14	24	0	11= ->
Pattern:	1-2
#1221
P:11/100%	D:13/56.5217%
P: CCCTAGCGTAACTCTCGAGGTAGTA
<- Aln:   0	0	10	14	24	0	11= ->
P:13/56.5217%	D:11/100%
D: CCCTAGCGTAACTCTCGAGACGACG
<- Aln:   0	0	10	14	24	0	11= ->
Pattern:	1-2
#1222
P:10/76.9231%	D:11/57.8947%
No hit
<- Aln:   15	36	48	10	21	3	10S4=1X1=1X1=1D4=3S ->
<- Aln:   14	1	19	2	21	8	2S1=1X2=1X1=1I2=1X3=2X1=1X1=1X1=3S ->
P:9/56.25%	D:11/100%
D: CCCTAGCGTAACTCTCGAGACGACG
<- Aln:   0	0	10	14	24	0	11= ->
Pattern:	0-2
#1223
P:17/65.3846%	D:11/100%
D: CCCTAGCGTAACTCTCGAGACGACG
<- Aln:   0	0	10	14	24	0	11= ->
P:11/100%	D:17/58.6207%
P: CCCTAGCGTAACTCTCGAGGTAGTA
<- Aln:   0	0	10	14	24	0	11= ->
Pattern:	2-1
#1224
P:13/65%	D:11/100%
D: CCCTAGCGTAACTCTCGAGACGACG
<- Aln:   0	0	10	14	24	0	11= ->
P:7/100%	D:12/54.5455%
No hit
<- Aln:   14	0	6	14	20	0	14S7=4S ->
<- Aln:   14	1	22	2	23	10	2S1=1X2=2X1=2X1=1X2=1X1=1X1=2X3=1S ->
Pattern:	2-0
#1225
P:11/100%	D:12/66.6667%
P: CCCTAGCGTAACTCTCGAGGTAGTA
<- Aln:   0	0	10	14	24	0	11= ->
P:11/64.7059%	D:11/100%
D: CCCTAGCGTAACTCTCGAGACGACG
<- Aln:   0	0	10	14	24	0	11= ->
Pattern:	1-2
#1226
P:11/100%	D:12/60%
P: CCCTAGCGTAACTCTCGAGGTAGTA
<- Aln:   0	0	10	14	24	0	11= ->
P:10/58.8235%	D:11/100%
D: CCCTAGCGTAACTCTCGAGACGACG
<- Aln:   0	0	10	14	24	0	11= ->
Pattern:	1-2
#1227
P:9/52.9412%	D:11/100%
D: CCCTAGCGTAACTCTCGAGACGACG
<- Aln:   0	0	10	14	24	0	11= ->
P:11/100%	D:9/75%
P: CCCTAGCGTAACTCTCGAGGTAGTA
<- Aln:   0	0	10	14	24	0	11= ->
Pattern:	2-1
#1228
P:11/100%	D:13/56.5217%
P: CCCTAGCGTAACTCTCGAGGTAGTA
<- Aln:   0	0	10	14	24	0	11= ->
P:11/52.381%	D:11/100%
D: CCCTAGCGTAACTCTCGAGACGACG
<- Aln:   0	0	10	14	24	0	11= ->
Pattern:	1-2
#1229
P:5/100%	D:11/100%
D: CCCTAGCGTAACTCTCGAGACGACG
<- Aln:   0	0	10	14	24	0	11= ->
P:11/100%	D:11/64.7059%
P: CCCTAGCGTAACTCTCGAGGTAGTA
<- Aln:   0	0	10	14	24	0	11= ->
Pattern:	2-1
#1230
P:14/63.6364%	D:11/100%
D: CCCTAGCGTAACTCTCGAGACGACG
<- Aln:   0	0	10	14	24	0	11= ->
P:11/100%	D:12/57.1429%
P: CCCTAGCGTAACTCTCGAGGTAGTA
<- Aln:   0	0	10	14	24	0	11= ->
Pattern:	2-1
#1231
P:11/100%	D:12/75%
P: CCCTAGCGTAACTCTCGAGGTAGTA
<- Aln:   0	0	10	14	24	0	11= ->
P:15/62.5%	D:11/100%
D: CCCTAGCGTAACTCTCGAGACGACG
<- Aln:   0	0	10	14	24	0	11= ->
Pattern:	1-2
#1232
P:11/68.75%	D:11/100%
D: CCCTAGCGTAACTCTCGAGACGACG
<- Aln:   0	0	10	14	24	0	11= ->
P:11/100%	D:9/81.8182%
P: CCCTAGCGTAACTCTCGAGGTAGTA
<- Aln:   0	0	10	14	24	0	11= ->
Pattern:	2-1
#1233
P:11/100%	D:13/56.5217%
P: CCCTAGCGTAACTCTCGAGGTAGTA
<- Aln:   0	0	10	14	24	0	11= ->
P:18/94.7368%	D:22/95.6522%
D: CCCTAGCGTAACTCTCGAGACGACG
<- Aln:   43	0	22	2	24	1	2S18=1X4= ->
Pattern:	1-2
#1234
P:10/52.6316%	D:11/100%
D: CCCTAGCGTAACTCTCGAGACGACG
<- Aln:   0	0	10	14	24	0	11= ->
P:11/100%	D:13/72.2222%
P: CCCTAGCGTAACTCTCGAGGTAGTA
<- Aln:   0	0	10	14	24	0	11= ->
Pattern:	2-1
#1235
P:10/50%	D:11/100%
D: CCCTAGCGTAACTCTCGAGACGACG
<- Aln:   0	0	10	14	24	0	11= ->
P:11/100%	D:14/60.8696%
P: CCCTAGCGTAACTCTCGAGGTAGTA
<- Aln:   0	0	10	14	24	0	11= ->
Pattern:	2-1
#1236
P:11/64.7059%	D:11/100%
D: CCCTAGCGTAACTCTCGAGACGACG
<- Aln:   0	0	10	14	24	0	11= ->
P:10/100%	D:8/50%
P: CCCTAGCGTAACTCTCGAGGTAGTA
<- Aln:   20	0	9	14	23	0	14S10=1S ->
Pattern:	2-1
#1237
P:11/100%	D:11/73.3333%
P: CCCTAGCGTAACTCTCGAGGTAGTA
<- Aln:   0	0	10	14	24	0	11= ->
P:12/66.6667%	D:11/100%
D: CCCTAGCGTAACTCTCGAGACGACG
<- Aln:   0	0	10	14	24	0	11= ->
Pattern:	1-2
#1238
P:11/100%	D:15/65.2174%
P: CCCTAGCGTAACTCTCGAGGTAGTA
<- Aln:   0	0	10	14	24	0	11= ->
P:12/60%	D:11/100%
D: CCCTAGCGTAACTCTCGAGACGACG
<- Aln:   0	0	10	14	24	0	11= ->
Pattern:	1-2
#1239
P:11/100%	D:12/60%
P: CCCTAGCGTAACTCTCGAGGTAGTA
<- Aln:   0	0	10	14	24	0	11= ->
P:5/100%	D:11/100%
D: CCCTAGCGTAACTCTCGAGACGACG
<- Aln:   0	0	10	14	24	0	11= ->
Pattern:	1-2
#1240
P:10/100%	D:11/61.1111%
P: CCCTAGCGTAACTCTCGAGGTAGTA
<- Aln:   20	0	9	14	23	0	14S10=1S ->
P:9/60%	D:11/100%
D: CCCTAGCGTAACTCTCGAGACGACG
<- Aln:   0	0	10	14	24	0	11= ->
Pattern:	1-2
#1241
P:25/100%	D:19/100%
P: CCCTAGCGTAACTCTCGAGGTAGTA
<- Aln:   0	0	24	0	24	0	25= ->
P:17/100%	D:23/100%
D: CCCTAGCGTAACTCTCGAGACGACG
<- Aln:   46	0	22	2	24	0	2S23= ->
Pattern:	1-2
#1242
P:11/100%	D:10/50%
P: CCCTAGCGTAACTCTCGAGGTAGTA
<- Aln:   0	0	10	14	24	0	11= ->
P:8/72.7273%	D:11/100%
D: CCCTAGCGTAACTCTCGAGACGACG
<- Aln:   0	0	10	14	24	0	11= ->
Pattern:	1-2
#1243
P:11/100%	D:11/55%
P: CCCTAGCGTAACTCTCGAGGTAGTA
<- Aln:   0	0	10	14	24	0	11= ->
P:13/65%	D:11/100%
D: CCCTAGCGTAACTCTCGAGACGACG
<- Aln:   0	0	10	14	24	0	11= ->
Pattern:	1-2
#1244
P:9/81.8182%	D:11/100%
D: CCCTAGCGTAACTCTCGAGACGACG
<- Aln:   0	0	10	14	24	0	11= ->
P:11/100%	D:12/70.5882%
P: CCCTAGCGTAACTCTCGAGGTAGTA
<- Aln:   0	0	10	14	24	0	11= ->
Pattern:	2-1
#1245
P:13/61.9048%	D:11/100%
D: CCCTAGCGTAACTCTCGAGACGACG
<- Aln:   0	0	10	14	24	0	11= ->
P:11/100%	D:13/61.9048%
P: CCCTAGCGTAACTCTCGAGGTAGTA
<- Aln:   0	0	10	14	24	0	11= ->
Pattern:	2-1
#1246
P:11/100%	D:13/65%
P: CCCTAGCGTAACTCTCGAGGTAGTA
<- Aln:   0	0	10	14	24	0	11= ->
P:11/100%	D:11/64.7059%
P: CCCTAGCGTAACTCTCGAGGTAGTA
<- Aln:   0	0	10	14	24	0	11= ->
Pattern:	1-1
#1247
P:12/54.5455%	D:11/100%
D: CCCTAGCGTAACTCTCGAGACGACG
<- Aln:   0	0	10	14	24	0	11= ->
P:11/100%	D:11/55%
P: CCCTAGCGTAACTCTCGAGGTAGTA
<- Aln:   0	0	10	14	24	0	11= ->
Pattern:	2-1
#1248
P:10/100%	D:10/66.6667%
P: CCCTAGCGTAACTCTCGAGGTAGTA
<- Aln:   20	0	9	14	23	0	14S10=1S ->
P:8/80%	D:11/100%
D: CCCTAGCGTAACTCTCGAGACGACG
<- Aln:   0	0	10	14	24	0	11= ->
Pattern:	1-2
#1249
P:11/100%	D:9/69.2308%
P: CCCTAGCGTAACTCTCGAGGTAGTA
<- Aln:   0	0	10	14	24	0	11= ->
P:13/56.5217%	D:11/100%
D: CCCTAGCGTAACTCTCGAGACGACG
<- Aln:   0	0	10	14	24	0	11= ->
Pattern:	1-2
#1250
P:11/100%	D:14/70%
P: CCCTAGCGTAACTCTCGAGGTAGTA
<- Aln:   0	0	10	14	24	0	11= ->
P:10/58.8235%	D:11/100%
D: CCCTAGCGTAACTCTCGAGACGACG
<- Aln:   0	0	10	14	24	0	11= ->
Pattern:	1-2
#1251
P:8/80%	D:11/100%
D: CCCTAGCGTAACTCTCGAGACGACG
<- Aln:   0	0	10	14	24	0	11= ->
P:10/100%	D:6/85.7143%
P: CCCTAGCGTAACTCTCGAGGTAGTA
<- Aln:   20	0	9	14	23	0	14S10=1S ->
Pattern:	2-1
#1252
P:10/71.4286%	D:11/100%
D: CCCTAGCGTAACTCTCGAGACGACG
<- Aln:   0	0	10	14	24	0	11= ->
P:15/65.2174%	D:12/66.6667%
No hit
<- Aln:   18	22	44	3	24	8	3S1=1X2=1D1X4=1I2=1D1X5=1X1=1X1= ->
<- Aln:   16	22	39	3	21	6	3S1=1X2=1D1X4=1I2=1I4=1X1=3S ->
Pattern:	2-0
#1253
P:14/63.6364%	D:11/100%
D: CCCTAGCGTAACTCTCGAGACGACG
<- Aln:   0	0	10	14	24	0	11= ->
P:11/100%	D:14/66.6667%
P: CCCTAGCGTAACTCTCGAGGTAGTA
<- Aln:   0	0	10	14	24	0	11= ->
Pattern:	2-1
#1254
P:11/57.8947%	D:11/100%
D: CCCTAGCGTAACTCTCGAGACGACG
<- Aln:   0	0	10	14	24	0	11= ->
P:11/100%	D:12/57.1429%
P: CCCTAGCGTAACTCTCGAGGTAGTA
<- Aln:   0	0	10	14	24	0	11= ->
Pattern:	2-1
#1255
P:11/100%	D:12/70.5882%
P: CCCTAGCGTAACTCTCGAGGTAGTA
<- Aln:   0	0	10	14	24	0	11= ->
P:14/56%	D:11/100%
D: CCCTAGCGTAACTCTCGAGACGACG
<- Aln:   0	0	10	14	24	0	11= ->
Pattern:	1-2
#1256
P:11/100%	D:11/55%
P: CCCTAGCGTAACTCTCGAGGTAGTA
<- Aln:   0	0	10	14	24	0	11= ->
P:8/80%	D:11/100%
D: CCCTAGCGTAACTCTCGAGACGACG
<- Aln:   0	0	10	14	24	0	11= ->
Pattern:	1-2
#1257
P:11/100%	D:15/60%
P: CCCTAGCGTAACTCTCGAGGTAGTA
<- Aln:   0	0	10	14	24	0	11= ->
P:11/55%	D:11/100%
D: CCCTAGCGTAACTCTCGAGACGACG
<- Aln:   0	0	10	14	24	0	11= ->
Pattern:	1-2
#1258
P:11/100%	D:12/60%
P: CCCTAGCGTAACTCTCGAGGTAGTA
<- Aln:   0	0	10	14	24	0	11= ->
P:16/57.1429%	D:10/100%
D: CCCTAGCGTAACTCTCGAGACGACG
<- Aln:   20	0	9	15	24	0	15S10= ->
Pattern:	1-2
#1259
P:11/100%	D:10/50%
P: CCCTAGCGTAACTCTCGAGGTAGTA
<- Aln:   0	0	10	14	24	0	11= ->
P:11/57.8947%	D:11/100%
D: CCCTAGCGTAACTCTCGAGACGACG
<- Aln:   0	0	10	14	24	0	11= ->
Pattern:	1-2
#1260
P:17/100%	D:23/100%
D: CCCTAGCGTAACTCTCGAGACGACG
<- Aln:   46	0	22	2	24	0	2S23= ->
P:25/100%	D:19/100%
P: CCCTAGCGTAACTCTCGAGGTAGTA
<- Aln:   0	0	24	0	24	0	25= ->
Pattern:	2-1
#1261
P:11/100%	D:9/64.2857%
P: CCCTAGCGTAACTCTCGAGGTAGTA
<- Aln:   0	0	10	14	24	0	11= ->
P:9/45%	D:11/100%
D: CCCTAGCGTAACTCTCGAGACGACG
<- Aln:   0	0	10	14	24	0	11= ->
Pattern:	1-2
#1262
P:12/54.5455%	D:11/100%
D: CCCTAGCGTAACTCTCGAGACGACG
<- Aln:   0	0	10	14	24	0	11= ->
P:11/100%	D:11/64.7059%
P: CCCTAGCGTAACTCTCGAGGTAGTA
<- Aln:   0	0	10	14	24	0	11= ->
Pattern:	2-1
#1263
P:8/88.8889%	D:11/100%
D: CCCTAGCGTAACTCTCGAGACGACG
<- Aln:   0	0	10	14	24	0	11= ->
P:11/100%	D:10/58.8235%
P: CCCTAGCGTAACTCTCGAGGTAGTA
<- Aln:   0	0	10	14	24	0	11= ->
Pattern:	2-1
#1264
P:11/64.7059%	D:9/100%
No hit
<- Aln:   18	29	45	4	22	6	4S5=2I1X3=1X3=1X1=1X1=2S ->
<- Aln:   18	0	8	14	22	0	14S9=2S ->
P:11/100%	D:13/72.2222%
P: CCCTAGCGTAACTCTCGAGGTAGTA
<- Aln:   0	0	10	14	24	0	11= ->
Pattern:	0-1
#1265
P:21/61.7647%	D:10/100%
D: CCCTAGCGTAACTCTCGAGACGACG
<- Aln:   20	0	9	14	23	0	14S10=1S ->
P:11/100%	D:14/58.3333%
P: CCCTAGCGTAACTCTCGAGGTAGTA
<- Aln:   0	0	10	14	24	0	11= ->
Pattern:	2-1
#1266
P:25/100%	D:19/100%
P: CCCTAGCGTAACTCTCGAGGTAGTA
<- Aln:   0	0	24	0	24	0	25= ->
P:16/94.1176%	D:22/95.6522%
D: CCCTAGCGTAACTCTCGAGACGACG
<- Aln:   43	0	22	2	24	1	2S10=1X12= ->
Pattern:	1-2
#1267
P:10/100%	D:13/56.5217%
P: CCCTAGCGTAACTCTCGAGGTAGTA
<- Aln:   20	0	9	14	23	0	14S10=1S ->
P:12/63.1579%	D:11/100%
D: CCCTAGCGTAACTCTCGAGACGACG
<- Aln:   0	0	10	14	24	0	11= ->
Pattern:	1-2
#1268
P:11/100%	D:13/68.4211%
P: CCCTAGCGTAACTCTCGAGGTAGTA
<- Aln:   0	0	10	14	24	0	11= ->
P:14/56%	D:11/100%
D: CCCTAGCGTAACTCTCGAGACGACG
<- Aln:   0	0	10	14	24	0	11= ->
Pattern:	1-2
#1269
P:11/100%	D:10/71.4286%
P: CCCTAGCGTAACTCTCGAGGTAGTA
<- Aln:   0	0	10	14	24	0	11= ->
P:11/100%	D:8/66.6667%
P: CCCTAGCGTAACTCTCGAGGTAGTA
<- Aln:   0	0	10	14	24	0	11= ->
Pattern:	1-1
#1270
P:12/66.6667%	D:11/100%
D: CCCTAGCGTAACTCTCGAGACGACG
<- Aln:   0	0	10	14	24	0	11= ->
P:11/100%	D:13/56.5217%
P: CCCTAGCGTAACTCTCGAGGTAGTA
<- Aln:   0	0	10	14	24	0	11= ->
Pattern:	2-1
#1271
P:11/100%	D:13/65%
P: CCCTAGCGTAACTCTCGAGGTAGTA
<- Aln:   0	0	10	14	24	0	11= ->
P:11/73.3333%	D:11/100%
D: CCCTAGCGTAACTCTCGAGACGACG
<- Aln:   0	0	10	14	24	0	11= ->
Pattern:	1-2
#1272
P:11/100%	D:13/59.0909%
P: CCCTAGCGTAACTCTCGAGGTAGTA
<- Aln:   0	0	10	14	24	0	11= ->
P:13/65%	D:11/100%
D: CCCTAGCGTAACTCTCGAGACGACG
<- Aln:   0	0	10	14	24	0	11= ->
Pattern:	1-2
#1273
P:17/65.3846%	D:11/100%
D: CCCTAGCGTAACTCTCGAGACGACG
<- Aln:   0	0	10	14	24	0	11= ->
P:10/90.9091%	D:13/56.5217%
P: CCCTAGCGTAACTCTCGAGGTAGTA
<- Aln:   19	0	10	14	24	1	14S6=1X4= ->
Pattern:	2-1
#1274
P:14/56%	D:11/100%
D: CCCTAGCGTAACTCTCGAGACGACG
<- Aln:   0	0	10	14	24	0	11= ->
P:11/100%	D:11/61.1111%
P: CCCTAGCGTAACTCTCGAGGTAGTA
<- Aln:   0	0	10	14	24	0	11= ->
Pattern:	2-1
#1275
P:11/64.7059%	D:11/100%
D: CCCTAGCGTAACTCTCGAGACGACG
<- Aln:   0	0	10	14	24	0	11= ->
P:11/100%	D:12/75%
P: CCCTAGCGTAACTCTCGAGGTAGTA
<- Aln:   0	0	10	14	24	0	11= ->
Pattern:	2-1
#1276
P:11/100%	D:12/57.1429%
P: CCCTAGCGTAACTCTCGAGGTAGTA
<- Aln:   0	0	10	14	24	0	11= ->
P:13/54.1667%	D:11/100%
D: CCCTAGCGTAACTCTCGAGACGACG
<- Aln:   0	0	10	14	24	0	11= ->
Pattern:	1-2
#1277
P:11/100%	D:10/62.5%
P: CCCTAGCGTAACTCTCGAGGTAGTA
<- Aln:   0	0	10	14	24	0	11= ->
P:12/57.1429%	D:11/100%
D: CCCTAGCGTAACTCTCGAGACGACG
<- Aln:   0	0	10	14	24	0	11= ->
Pattern:	1-2
#1278
P:11/100%	D:11/57.8947%
P: CCCTAGCGTAACTCTCGAGGTAGTA
<- Aln:   0	0	10	14	24	0	11= ->
P:14/58.3333%	D:11/100%
D: CCCTAGCGTAACTCTCGAGACGACG
<- Aln:   0	0	10	14	24	0	11= ->
Pattern:	1-2
#1279
P:10/100%	D:13/56.5217%
P: CCCTAGCGTAACTCTCGAGGTAGTA
<- Aln:   20	0	9	14	23	0	14S10=1S ->
P:13/56.5217%	D:11/100%
D: CCCTAGCGTAACTCTCGAGACGACG
<- Aln:   0	0	10	14	24	0	11= ->
Pattern:	1-2
#1280
P:11/61.1111%	D:11/100%
D: CCCTAGCGTAACTCTCGAGACGACG
<- Aln:   0	0	10	14	24	0	11= ->
P:11/100%	D:12/57.1429%
P: CCCTAGCGTAACTCTCGAGGTAGTA
<- Aln:   0	0	10	14	24	0	11= ->
Pattern:	2-1
#1281
P:11/100%	D:14/66.6667%
P: CCCTAGCGTAACTCTCGAGGTAGTA
<- Aln:   0	0	10	14	24	0	11= ->
P:14/56%	D:11/100%
D: CCCTAGCGTAACTCTCGAGACGACG
<- Aln:   0	0	10	14	24	0	11= ->
Pattern:	1-2
#1282
P:11/100%	D:7/87.5%
P: CCCTAGCGTAACTCTCGAGGTAGTA
<- Aln:   0	0	10	14	24	0	11= ->
P:11/100%	D:13/56.5217%
P: CCCTAGCGTAACTCTCGAGGTAGTA
<- Aln:   0	0	10	14	24	0	11= ->
Pattern:	1-1
#1283
P:11/100%	D:12/63.1579%
P: CCCTAGCGTAACTCTCGAGGTAGTA
<- Aln:   0	0	10	14	24	0	11= ->
P:11/100%	D:11/64.7059%
P: CCCTAGCGTAACTCTCGAGGTAGTA
<- Aln:   0	0	10	14	24	0	11= ->
Pattern:	1-1
#1284
P:17/100%	D:23/100%
D: CCCTAGCGTAACTCTCGAGACGACG
<- Aln:   46	0	22	2	24	0	2S23= ->
P:25/100%	D:19/100%
P: CCCTAGCGTAACTCTCGAGGTAGTA
<- Aln:   0	0	24	0	24	0	25= ->
Pattern:	2-1
#1285
P:11/100%	D:12/66.6667%
P: CCCTAGCGTAACTCTCGAGGTAGTA
<- Aln:   0	0	10	14	24	0	11= ->
P:16/61.5385%	D:11/100%
D: CCCTAGCGTAACTCTCGAGACGACG
<- Aln:   0	0	10	14	24	0	11= ->
Pattern:	1-2
#1286
P:10/58.8235%	D:11/100%
D: CCCTAGCGTAACTCTCGAGACGACG
<- Aln:   0	0	10	14	24	0	11= ->
P:10/100%	D:13/68.4211%
P: CCCTAGCGTAACTCTCGAGGTAGTA
<- Aln:   20	0	9	14	23	0	14S10=1S ->
Pattern:	2-1
#1287
P:13/65%	D:11/100%
D: CCCTAGCGTAACTCTCGAGACGACG
<- Aln:   0	0	10	14	24	0	11= ->
P:11/100%	D:10/62.5%
P: CCCTAGCGTAACTCTCGAGGTAGTA
<- Aln:   0	0	10	14	24	0	11= ->
Pattern:	2-1
#1288
P:11/100%	D:11/61.1111%
P: CCCTAGCGTAACTCTCGAGGTAGTA
<- Aln:   0	0	10	14	24	0	11= ->
P:17/62.963%	D:11/100%
D: CCCTAGCGTAACTCTCGAGACGACG
<- Aln:   0	0	10	14	24	0	11= ->
Pattern:	1-2
#1289
P:11/100%	D:9/75%
P: CCCTAGCGTAACTCTCGAGGTAGTA
<- Aln:   0	0	10	14	24	0	11= ->
P:10/100%	D:16/59.2593%
P: CCCTAGCGTAACTCTCGAGGTAGTA
<- Aln:   20	0	9	14	23	0	14S10=1S ->
Pattern:	1-1
#1290
P:14/63.6364%	D:11/100%
D: CCCTAGCGTAACTCTCGAGACGACG
<- Aln:   0	0	10	14	24	0	11= ->
P:11/100%	D:8/66.6667%
P: CCCTAGCGTAACTCTCGAGGTAGTA
<- Aln:   0	0	10	14	24	0	11= ->
Pattern:	2-1
#1291
P:13/72.2222%	D:14/70%
No hit
<- Aln:   19	20	37	3	19	5	3S1=1X4=1D3=1X1=2X4=5S ->
<- Aln:   20	20	39	3	21	6	3S1=1X4=1D3=1X1=2X3=1X2=3S ->
P:11/100%	D:13/59.0909%
P: CCCTAGCGTAACTCTCGAGGTAGTA
<- Aln:   0	0	10	14	24	0	11= ->
Pattern:	0-1
#1292
P:12/63.1579%	D:11/100%
D: CCCTAGCGTAACTCTCGAGACGACG
<- Aln:   0	0	10	14	24	0	11= ->
P:11/100%	D:14/70%
P: CCCTAGCGTAACTCTCGAGGTAGTA
<- Aln:   0	0	10	14	24	0	11= ->
Pattern:	2-1
#1293
P:17/100%	D:23/100%
D: CCCTAGCGTAACTCTCGAGACGACG
<- Aln:   46	0	22	2	24	0	2S23= ->
P:25/100%	D:19/100%
P: CCCTAGCGTAACTCTCGAGGTAGTA
<- Aln:   0	0	24	0	24	0	25= ->
Pattern:	2-1
#1294
P:11/100%	D:8/66.6667%
P: CCCTAGCGTAACTCTCGAGGTAGTA
<- Aln:   0	0	10	14	24	0	11= ->
P:12/57.1429%	D:11/100%
D: CCCTAGCGTAACTCTCGAGACGACG
<- Aln:   0	0	10	14	24	0	11= ->
Pattern:	1-2
#1295
P:12/54.5455%	D:11/100%
D: CCCTAGCGTAACTCTCGAGACGACG
<- Aln:   0	0	10	14	24	0	11= ->
P:11/100%	D:9/69.2308%
P: CCCTAGCGTAACTCTCGAGGTAGTA
<- Aln:   0	0	10	14	24	0	11= ->
Pattern:	2-1
#1296
P:11/100%	D:14/58.3333%
P: CCCTAGCGTAACTCTCGAGGTAGTA
<- Aln:   0	0	10	14	24	0	11= ->
P:10/58.8235%	D:11/100%
D: CCCTAGCGTAACTCTCGAGACGACG
<- Aln:   0	0	10	14	24	0	11= ->
Pattern:	1-2
#1297
P:11/100%	D:8/61.5385%
P: CCCTAGCGTAACTCTCGAGGTAGTA
<- Aln:   0	0	10	14	24	0	11= ->
P:13/65%	D:11/100%
D: CCCTAGCGTAACTCTCGAGACGACG
<- Aln:   0	0	10	14	24	0	11= ->
Pattern:	1-2
#1298
P:12/60%	D:10/100%
D: CCCTAGCGTAACTCTCGAGACGACG
<- Aln:   20	0	9	14	23	0	14S10=1S ->
P:11/100%	D:9/64.2857%
P: CCCTAGCGTAACTCTCGAGGTAGTA
<- Aln:   0	0	10	14	24	0	11= ->
Pattern:	2-1
#1299
P:11/100%	D:13/61.9048%
P: CCCTAGCGTAACTCTCGAGGTAGTA
<- Aln:   0	0	10	14	24	0	11= ->
P:7/70%	D:8/100%
No hit
<- Aln:   11	1	10	6	15	3	6S2=2X2=1X3=9S ->
<- Aln:   16	0	7	14	21	0	14S8=3S ->
Pattern:	1-0
#1300
P:10/55.5556%	D:11/100%
D: CCCTAGCGTAACTCTCGAGACGACG
<- Aln:   0	0	10	14	24	0	11= ->
P:11/100%	D:8/66.6667%
P: CCCTAGCGTAACTCTCGAGGTAGTA
<- Aln:   0	0	10	14	24	0	11= ->
Pattern:	2-1
#1301
P:11/100%	D:10/66.6667%
P: CCCTAGCGTAACTCTCGAGGTAGTA
<- Aln:   0	0	10	14	24	0	11= ->
P:11/68.75%	D:11/100%
D: CCCTAGCGTAACTCTCGAGACGACG
<- Aln:   0	0	10	14	24	0	11= ->
Pattern:	1-2
#1302
P:13/65%	D:11/100%
D: CCCTAGCGTAACTCTCGAGACGACG
<- Aln:   0	0	10	14	24	0	11= ->
P:11/100%	D:5/100%
P: CCCTAGCGTAACTCTCGAGGTAGTA
<- Aln:   0	0	10	14	24	0	11= ->
Pattern:	2-1
#1303
P:11/50%	D:11/100%
D: CCCTAGCGTAACTCTCGAGACGACG
<- Aln:   0	0	10	14	24	0	11= ->
P:11/100%	D:5/100%
P: CCCTAGCGTAACTCTCGAGGTAGTA
<- Aln:   0	0	10	14	24	0	11= ->
Pattern:	2-1
#1304
P:16/66.6667%	D:11/100%
D: CCCTAGCGTAACTCTCGAGACGACG
<- Aln:   0	0	10	14	24	0	11= ->
P:11/100%	D:12/60%
P: CCCTAGCGTAACTCTCGAGGTAGTA
<- Aln:   0	0	10	14	24	0	11= ->
Pattern:	2-1
#1305
P:11/100%	D:5/100%
P: CCCTAGCGTAACTCTCGAGGTAGTA
<- Aln:   0	0	10	14	24	0	11= ->
P:5/100%	D:11/100%
D: CCCTAGCGTAACTCTCGAGACGACG
<- Aln:   0	0	10	14	24	0	11= ->
Pattern:	1-2
#1306
P:7/87.5%	D:11/100%
D: CCCTAGCGTAACTCTCGAGACGACG
<- Aln:   0	0	10	14	24	0	11= ->
P:11/100%	D:10/66.6667%
P: CCCTAGCGTAACTCTCGAGGTAGTA
<- Aln:   0	0	10	14	24	0	11= ->
Pattern:	2-1
#1307
P:11/100%	D:12/66.6667%
P: CCCTAGCGTAACTCTCGAGGTAGTA
<- Aln:   0	0	10	14	24	0	11= ->
P:12/66.6667%	D:11/100%
D: CCCTAGCGTAACTCTCGAGACGACG
<- Aln:   0	0	10	14	24	0	11= ->
Pattern:	1-2
#1308
P:11/100%	D:11/61.1111%
P: CCCTAGCGTAACTCTCGAGGTAGTA
<- Aln:   0	0	10	14	24	0	11= ->
P:10/100%	D:9/52.9412%
P: CCCTAGCGTAACTCTCGAGGTAGTA
<- Aln:   20	0	9	14	23	0	14S10=1S ->
Pattern:	1-1
#1309
P:11/57.8947%	D:11/100%
D: CCCTAGCGTAACTCTCGAGACGACG
<- Aln:   0	0	10	14	24	0	11= ->
P:11/100%	D:13/61.9048%
P: CCCTAGCGTAACTCTCGAGGTAGTA
<- Aln:   0	0	10	14	24	0	11= ->
Pattern:	2-1
#1310
P:11/100%	D:12/63.1579%
P: CCCTAGCGTAACTCTCGAGGTAGTA
<- Aln:   0	0	10	14	24	0	11= ->
P:11/68.75%	D:11/100%
D: CCCTAGCGTAACTCTCGAGACGACG
<- Aln:   0	0	10	14	24	0	11= ->
Pattern:	1-2
#1311
P:10/71.4286%	D:11/100%
D: CCCTAGCGTAACTCTCGAGACGACG
<- Aln:   0	0	10	14	24	0	11= ->
P:11/100%	D:11/55%
P: CCCTAGCGTAACTCTCGAGGTAGTA
<- Aln:   0	0	10	14	24	0	11= ->
Pattern:	2-1
#1312
P:11/100%	D:10/71.4286%
P: CCCTAGCGTAACTCTCGAGGTAGTA
<- Aln:   0	0	10	14	24	0	11= ->
P:12/54.5455%	D:11/100%
D: CCCTAGCGTAACTCTCGAGACGACG
<- Aln:   0	0	10	14	24	0	11= ->
Pattern:	1-2
#1313
P:12/66.6667%	D:11/100%
D: CCCTAGCGTAACTCTCGAGACGACG
<- Aln:   0	0	10	14	24	0	11= ->
P:11/100%	D:13/59.0909%
P: CCCTAGCGTAACTCTCGAGGTAGTA
<- Aln:   0	0	10	14	24	0	11= ->
Pattern:	2-1
#1314
P:14/60.8696%	D:11/100%
D: CCCTAGCGTAACTCTCGAGACGACG
<- Aln:   0	0	10	14	24	0	11= ->
P:7/77.7778%	D:11/100%
D: CCCTAGCGTAACTCTCGAGACGACG
<- Aln:   0	0	10	14	24	0	11= ->
Pattern:	2-2
#1315
P:13/65%	D:11/100%
D: CCCTAGCGTAACTCTCGAGACGACG
<- Aln:   0	0	10	14	24	0	11= ->
P:10/71.4286%	D:11/100%
D: CCCTAGCGTAACTCTCGAGACGACG
<- Aln:   0	0	10	14	24	0	11= ->
Pattern:	2-2
#1316
P:11/100%	D:12/60%
P: CCCTAGCGTAACTCTCGAGGTAGTA
<- Aln:   0	0	10	14	24	0	11= ->
P:14/56%	D:11/100%
D: CCCTAGCGTAACTCTCGAGACGACG
<- Aln:   0	0	10	14	24	0	11= ->
Pattern:	1-2
#1317
P:11/100%	D:13/61.9048%
P: CCCTAGCGTAACTCTCGAGGTAGTA
<- Aln:   0	0	10	14	24	0	11= ->
P:5/100%	D:11/100%
D: CCCTAGCGTAACTCTCGAGACGACG
<- Aln:   0	0	10	14	24	0	11= ->
Pattern:	1-2
#1318
P:5/100%	D:11/100%
D: CCCTAGCGTAACTCTCGAGACGACG
<- Aln:   0	0	10	14	24	0	11= ->
P:11/100%	D:11/64.7059%
P: CCCTAGCGTAACTCTCGAGGTAGTA
<- Aln:   0	0	10	14	24	0	11= ->
Pattern:	2-1
#1319
P:11/100%	D:9/64.2857%
P: CCCTAGCGTAACTCTCGAGGTAGTA
<- Aln:   0	0	10	14	24	0	11= ->
P:8/80%	D:11/100%
D: CCCTAGCGTAACTCTCGAGACGACG
<- Aln:   0	0	10	14	24	0	11= ->
Pattern:	1-2
#1320
P:11/100%	D:11/64.7059%
P: CCCTAGCGTAACTCTCGAGGTAGTA
<- Aln:   0	0	10	14	24	0	11= ->
P:13/59.0909%	D:11/100%
D: CCCTAGCGTAACTCTCGAGACGACG
<- Aln:   0	0	10	14	24	0	11= ->
Pattern:	1-2
#1321
P:11/100%	D:16/64%
P: CCCTAGCGTAACTCTCGAGGTAGTA
<- Aln:   0	0	10	14	24	0	11= ->
P:12/63.1579%	D:11/100%
D: CCCTAGCGTAACTCTCGAGACGACG
<- Aln:   0	0	10	14	24	0	11= ->
Pattern:	1-2
#1322
P:11/100%	D:8/72.7273%
P: CCCTAGCGTAACTCTCGAGGTAGTA
<- Aln:   0	0	10	14	24	0	11= ->
P:11/100%	D:14/58.3333%
P: CCCTAGCGTAACTCTCGAGGTAGTA
<- Aln:   0	0	10	14	24	0	11= ->
Pattern:	1-1
#1323
P:13/56.5217%	D:11/100%
D: CCCTAGCGTAACTCTCGAGACGACG
<- Aln:   0	0	10	14	24	0	11= ->
P:11/100%	D:15/57.6923%
P: CCCTAGCGTAACTCTCGAGGTAGTA
<- Aln:   0	0	10	14	24	0	11= ->
Pattern:	2-1
#1324
P:15/55.5556%	D:11/100%
D: CCCTAGCGTAACTCTCGAGACGACG
<- Aln:   0	0	10	14	24	0	11= ->
P:11/100%	D:9/64.2857%
P: CCCTAGCGTAACTCTCGAGGTAGTA
<- Aln:   0	0	10	14	24	0	11= ->
Pattern:	2-1
#1325
P:11/100%	D:12/75%
P: CCCTAGCGTAACTCTCGAGGTAGTA
<- Aln:   0	0	10	14	24	0	11= ->
P:14/63.6364%	D:11/100%
D: CCCTAGCGTAACTCTCGAGACGACG
<- Aln:   0	0	10	14	24	0	11= ->
Pattern:	1-2
#1326
P:11/100%	D:10/58.8235%
P: CCCTAGCGTAACTCTCGAGGTAGTA
<- Aln:   0	0	10	14	24	0	11= ->
P:11/61.1111%	D:11/100%
D: CCCTAGCGTAACTCTCGAGACGACG
<- Aln:   0	0	10	14	24	0	11= ->
Pattern:	1-2
#1327
P:10/76.9231%	D:11/100%
D: CCCTAGCGTAACTCTCGAGACGACG
<- Aln:   0	0	10	14	24	0	11= ->
P:11/100%	D:8/72.7273%
P: CCCTAGCGTAACTCTCGAGGTAGTA
<- Aln:   0	0	10	14	24	0	11= ->
Pattern:	2-1
#1328
P:11/100%	D:10/55.5556%
P: CCCTAGCGTAACTCTCGAGGTAGTA
<- Aln:   0	0	10	14	24	0	11= ->
P:12/60%	D:11/100%
D: CCCTAGCGTAACTCTCGAGACGACG
<- Aln:   0	0	10	14	24	0	11= ->
Pattern:	1-2
#1329
P:11/100%	D:10/66.6667%
P: CCCTAGCGTAACTCTCGAGGTAGTA
<- Aln:   0	0	10	14	24	0	11= ->
P:13/72.2222%	D:11/64.7059%
No hit
<- Aln:   19	5	22	4	20	5	4S2=1X5=2X2=1D1X4=4S ->
<- Aln:   16	5	21	4	21	6	4S2=1X5=2X2=1I1=1X1=1X1=3S ->
Pattern:	1-0
#1330
P:10/100%	D:15/60%
P: CCCTAGCGTAACTCTCGAGGTAGTA
<- Aln:   20	0	9	14	23	0	14S10=1S ->
P:10/52.6316%	D:11/100%
D: CCCTAGCGTAACTCTCGAGACGACG
<- Aln:   0	0	10	14	24	0	11= ->
Pattern:	1-2
#1331
P:11/100%	D:10/58.8235%
P: CCCTAGCGTAACTCTCGAGGTAGTA
<- Aln:   0	0	10	14	24	0	11= ->
P:11/50%	D:11/100%
D: CCCTAGCGTAACTCTCGAGACGACG
<- Aln:   0	0	10	14	24	0	11= ->
Pattern:	1-2
#1332
P:11/100%	D:13/59.0909%
P: CCCTAGCGTAACTCTCGAGGTAGTA
<- Aln:   0	0	10	14	24	0	11= ->
P:16/61.5385%	D:11/100%
D: CCCTAGCGTAACTCTCGAGACGACG
<- Aln:   0	0	10	14	24	0	11= ->
Pattern:	1-2
#1333
P:11/100%	D:15/65.2174%
P: CCCTAGCGTAACTCTCGAGGTAGTA
<- Aln:   0	0	10	14	24	0	11= ->
P:13/61.9048%	D:11/100%
D: CCCTAGCGTAACTCTCGAGACGACG
<- Aln:   0	0	10	14	24	0	11= ->
Pattern:	1-2
#1334
P:15/65.2174%	D:11/100%
D: CCCTAGCGTAACTCTCGAGACGACG
<- Aln:   0	0	10	14	24	0	11= ->
P:11/100%	D:13/56.5217%
P: CCCTAGCGTAACTCTCGAGGTAGTA
<- Aln:   0	0	10	14	24	0	11= ->
Pattern:	2-1
#1335
P:11/100%	D:8/66.6667%
P: CCCTAGCGTAACTCTCGAGGTAGTA
<- Aln:   0	0	10	14	24	0	11= ->
P:5/100%	D:11/100%
D: CCCTAGCGTAACTCTCGAGACGACG
<- Aln:   0	0	10	14	24	0	11= ->
Pattern:	1-2
#1336
P:9/90%	D:12/63.1579%
P: CCCTAGCGTAACTCTCGAGGTAGTA
<- Aln:   17	0	9	14	23	1	14S8=1X1=1S ->
P:14/73.6842%	D:11/100%
D: CCCTAGCGTAACTCTCGAGACGACG
<- Aln:   0	0	10	14	24	0	11= ->
Pattern:	1-2
#1337
P:11/100%	D:10/66.6667%
P: CCCTAGCGTAACTCTCGAGGTAGTA
<- Aln:   0	0	10	14	24	0	11= ->
P:16/69.5652%	D:11/100%
D: CCCTAGCGTAACTCTCGAGACGACG
<- Aln:   0	0	10	14	24	0	11= ->
Pattern:	1-2
#1338
P:11/100%	D:14/63.6364%
P: CCCTAGCGTAACTCTCGAGGTAGTA
<- Aln:   0	0	10	14	24	0	11= ->
P:16/59.2593%	D:11/100%
D: CCCTAGCGTAACTCTCGAGACGACG
<- Aln:   0	0	10	14	24	0	11= ->
Pattern:	1-2
#1339
P:11/100%	D:10/62.5%
P: CCCTAGCGTAACTCTCGAGGTAGTA
<- Aln:   0	0	10	14	24	0	11= ->
P:7/77.7778%	D:11/100%
D: CCCTAGCGTAACTCTCGAGACGACG
<- Aln:   0	0	10	14	24	0	11= ->
Pattern:	1-2
#1340
P:11/100%	D:11/84.6154%
P: CCCTAGCGTAACTCTCGAGGTAGTA
<- Aln:   0	0	10	14	24	0	11= ->
P:15/53.5714%	D:11/100%
D: CCCTAGCGTAACTCTCGAGACGACG
<- Aln:   0	0	10	14	24	0	11= ->
Pattern:	1-2
#1341
P:9/56.25%	D:11/100%
D: CCCTAGCGTAACTCTCGAGACGACG
<- Aln:   0	0	10	14	24	0	11= ->
P:11/100%	D:12/60%
P: CCCTAGCGTAACTCTCGAGGTAGTA
<- Aln:   0	0	10	14	24	0	11= ->
Pattern:	2-1
#1342
P:11/100%	D:12/60%
P: CCCTAGCGTAACTCTCGAGGTAGTA
<- Aln:   0	0	10	14	24	0	11= ->
P:15/68.1818%	D:11/100%
D: CCCTAGCGTAACTCTCGAGACGACG
<- Aln:   0	0	10	14	24	0	11= ->
Pattern:	1-2
#1343
P:11/100%	D:10/76.9231%
P: CCCTAGCGTAACTCTCGAGGTAGTA
<- Aln:   0	0	10	14	24	0	11= ->
P:13/59.0909%	D:11/100%
D: CCCTAGCGTAACTCTCGAGACGACG
<- Aln:   0	0	10	14	24	0	11= ->
Pattern:	1-2
#1344
P:14/63.6364%	D:11/100%
D: CCCTAGCGTAACTCTCGAGACGACG
<- Aln:   0	0	10	14	24	0	11= ->
P:11/100%	D:13/56.5217%
P: CCCTAGCGTAACTCTCGAGGTAGTA
<- Aln:   0	0	10	14	24	0	11= ->
Pattern:	2-1
#1345
P:10/90.9091%	D:15/53.5714%
P: CCCTAGCGTAACTCTCGAGGTAGTA
<- Aln:   19	0	10	14	24	1	14S5=1X5= ->
P:13/65%	D:11/100%
D: CCCTAGCGTAACTCTCGAGACGACG
<- Aln:   0	0	10	14	24	0	11= ->
Pattern:	1-2
#1346
P:10/58.8235%	D:11/100%
D: CCCTAGCGTAACTCTCGAGACGACG
<- Aln:   0	0	10	14	24	0	11= ->
P:11/100%	D:11/61.1111%
P: CCCTAGCGTAACTCTCGAGGTAGTA
<- Aln:   0	0	10	14	24	0	11= ->
Pattern:	2-1
#1347
P:11/100%	D:7/70%
P: CCCTAGCGTAACTCTCGAGGTAGTA
<- Aln:   0	0	10	14	24	0	11= ->
P:11/50%	D:11/100%
D: CCCTAGCGTAACTCTCGAGACGACG
<- Aln:   0	0	10	14	24	0	11= ->
Pattern:	1-2
#1348
P:10/50%	D:11/100%
D: CCCTAGCGTAACTCTCGAGACGACG
<- Aln:   0	0	10	14	24	0	11= ->
P:11/100%	D:14/60.8696%
P: CCCTAGCGTAACTCTCGAGGTAGTA
<- Aln:   0	0	10	14	24	0	11= ->
Pattern:	2-1
#1349
P:11/100%	D:10/83.3333%
P: CCCTAGCGTAACTCTCGAGGTAGTA
<- Aln:   0	0	10	14	24	0	11= ->
P:14/58.3333%	D:11/100%
D: CCCTAGCGTAACTCTCGAGACGACG
<- Aln:   0	0	10	14	24	0	11= ->
Pattern:	1-2
#1350
P:11/100%	D:13/54.1667%
P: CCCTAGCGTAACTCTCGAGGTAGTA
<- Aln:   0	0	10	14	24	0	11= ->
P:11/100%	D:11/57.8947%
P: CCCTAGCGTAACTCTCGAGGTAGTA
<- Aln:   0	0	10	14	24	0	11= ->
Pattern:	1-1
#1351
P:9/90%	D:11/100%
D: CCCTAGCGTAACTCTCGAGACGACG
<- Aln:   0	0	10	14	24	0	11= ->
P:11/100%	D:10/83.3333%
P: CCCTAGCGTAACTCTCGAGGTAGTA
<- Aln:   0	0	10	14	24	0	11= ->
Pattern:	2-1
#1352
P:11/100%	D:13/65%
P: CCCTAGCGTAACTCTCGAGGTAGTA
<- Aln:   0	0	10	14	24	0	11= ->
P:16/64%	D:15/62.5%
No hit
<- Aln:   15	1	25	2	21	9	2S1=1X2=1X1=1X2=1D1=1D2=1D4=2D2=1X1=3S ->
<- Aln:   15	1	24	2	22	9	2S1=1X2=1X1=1X2=1D1=1D2=1D4=3X2=2S ->
Pattern:	1-0
#1353
P:14/51.8519%	D:11/100%
D: CCCTAGCGTAACTCTCGAGACGACG
<- Aln:   0	0	10	14	24	0	11= ->
P:11/100%	D:10/58.8235%
P: CCCTAGCGTAACTCTCGAGGTAGTA
<- Aln:   0	0	10	14	24	0	11= ->
Pattern:	2-1
#1354
P:11/100%	D:11/50%
P: CCCTAGCGTAACTCTCGAGGTAGTA
<- Aln:   0	0	10	14	24	0	11= ->
P:11/100%	D:9/64.2857%
P: CCCTAGCGTAACTCTCGAGGTAGTA
<- Aln:   0	0	10	14	24	0	11= ->
Pattern:	1-1
#1355
P:24/100%	D:19/100%
P: CCCTAGCGTAACTCTCGAGGTAGTA
<- Aln:   48	0	23	0	23	0	24=1S ->
P:17/100%	D:23/100%
D: CCCTAGCGTAACTCTCGAGACGACG
<- Aln:   46	0	22	2	24	0	2S23= ->
Pattern:	1-2
#1356
P:11/100%	D:11/57.8947%
P: CCCTAGCGTAACTCTCGAGGTAGTA
<- Aln:   0	0	10	14	24	0	11= ->
P:9/50%	D:11/100%
D: CCCTAGCGTAACTCTCGAGACGACG
<- Aln:   0	0	10	14	24	0	11= ->
Pattern:	1-2
#1357
P:11/100%	D:15/62.5%
P: CCCTAGCGTAACTCTCGAGGTAGTA
<- Aln:   0	0	10	14	24	0	11= ->
P:9/69.2308%	D:11/100%
D: CCCTAGCGTAACTCTCGAGACGACG
<- Aln:   0	0	10	14	24	0	11= ->
Pattern:	1-2
#1358
P:11/100%	D:12/63.1579%
P: CCCTAGCGTAACTCTCGAGGTAGTA
<- Aln:   0	0	10	14	24	0	11= ->
P:11/57.8947%	D:11/100%
D: CCCTAGCGTAACTCTCGAGACGACG
<- Aln:   0	0	10	14	24	0	11= ->
Pattern:	1-2
#1359
P:14/60.8696%	D:11/100%
D: CCCTAGCGTAACTCTCGAGACGACG
<- Aln:   0	0	10	14	24	0	11= ->
P:11/100%	D:10/71.4286%
P: CCCTAGCGTAACTCTCGAGGTAGTA
<- Aln:   0	0	10	14	24	0	11= ->
Pattern:	2-1
#1360
P:12/57.1429%	D:11/100%
D: CCCTAGCGTAACTCTCGAGACGACG
<- Aln:   0	0	10	14	24	0	11= ->
P:11/100%	D:10/71.4286%
P: CCCTAGCGTAACTCTCGAGGTAGTA
<- Aln:   0	0	10	14	24	0	11= ->
Pattern:	2-1
#1361
P:11/100%	D:13/61.9048%
P: CCCTAGCGTAACTCTCGAGGTAGTA
<- Aln:   0	0	10	14	24	0	11= ->
P:20/80%	D:21/95.4545%
D: CCCTAGCGTAACTCTCGAGACGACG
<- Aln:   41	0	21	2	24	1	2S16=1I6= ->
Pattern:	1-2
#1362
P:11/100%	D:15/60%
P: CCCTAGCGTAACTCTCGAGGTAGTA
<- Aln:   0	0	10	14	24	0	11= ->
P:11/57.8947%	D:11/100%
D: CCCTAGCGTAACTCTCGAGACGACG
<- Aln:   0	0	10	14	24	0	11= ->
Pattern:	1-2
#1363
P:9/64.2857%	D:11/100%
D: CCCTAGCGTAACTCTCGAGACGACG
<- Aln:   0	0	10	14	24	0	11= ->
P:11/100%	D:10/62.5%
P: CCCTAGCGTAACTCTCGAGGTAGTA
<- Aln:   0	0	10	14	24	0	11= ->
Pattern:	2-1
#1364
P:11/57.8947%	D:11/100%
D: CCCTAGCGTAACTCTCGAGACGACG
<- Aln:   0	0	10	14	24	0	11= ->
P:11/100%	D:13/61.9048%
P: CCCTAGCGTAACTCTCGAGGTAGTA
<- Aln:   0	0	10	14	24	0	11= ->
Pattern:	2-1
#1365
P:25/100%	D:19/100%
P: CCCTAGCGTAACTCTCGAGGTAGTA
<- Aln:   0	0	24	0	24	0	25= ->
P:22/78.5714%	D:23/100%
D: CCCTAGCGTAACTCTCGAGACGACG
<- Aln:   46	0	22	2	24	0	2S23= ->
Pattern:	1-2
#1366
P:11/100%	D:8/72.7273%
P: CCCTAGCGTAACTCTCGAGGTAGTA
<- Aln:   0	0	10	14	24	0	11= ->
P:15/60%	D:11/100%
D: CCCTAGCGTAACTCTCGAGACGACG
<- Aln:   0	0	10	14	24	0	11= ->
Pattern:	1-2
#1367
P:11/100%	D:14/56%
P: CCCTAGCGTAACTCTCGAGGTAGTA
<- Aln:   0	0	10	14	24	0	11= ->
P:17/100%	D:23/100%
D: CCCTAGCGTAACTCTCGAGACGACG
<- Aln:   46	0	22	2	24	0	2S23= ->
Pattern:	1-2
#1368
P:9/81.8182%	D:11/100%
D: CCCTAGCGTAACTCTCGAGACGACG
<- Aln:   0	0	10	14	24	0	11= ->
P:11/100%	D:11/64.7059%
P: CCCTAGCGTAACTCTCGAGGTAGTA
<- Aln:   0	0	10	14	24	0	11= ->
Pattern:	2-1
#1369
P:9/75%	D:11/100%
D: CCCTAGCGTAACTCTCGAGACGACG
<- Aln:   0	0	10	14	24	0	11= ->
P:11/100%	D:11/57.8947%
P: CCCTAGCGTAACTCTCGAGGTAGTA
<- Aln:   0	0	10	14	24	0	11= ->
Pattern:	2-1
#1370
P:10/62.5%	D:11/100%
D: CCCTAGCGTAACTCTCGAGACGACG
<- Aln:   0	0	10	14	24	0	11= ->
P:25/100%	D:19/100%
P: CCCTAGCGTAACTCTCGAGGTAGTA
<- Aln:   0	0	24	0	24	0	25= ->
Pattern:	2-1
#1371
P:9/69.2308%	D:11/100%
D: CCCTAGCGTAACTCTCGAGACGACG
<- Aln:   0	0	10	14	24	0	11= ->
P:11/100%	D:10/62.5%
P: CCCTAGCGTAACTCTCGAGGTAGTA
<- Aln:   0	0	10	14	24	0	11= ->
Pattern:	2-1
#1372
P:11/100%	D:12/57.1429%
P: CCCTAGCGTAACTCTCGAGGTAGTA
<- Aln:   0	0	10	14	24	0	11= ->
P:9/64.2857%	D:11/100%
D: CCCTAGCGTAACTCTCGAGACGACG
<- Aln:   0	0	10	14	24	0	11= ->
Pattern:	1-2
#1373
P:12/57.1429%	D:11/100%
D: CCCTAGCGTAACTCTCGAGACGACG
<- Aln:   0	0	10	14	24	0	11= ->
P:11/100%	D:11/64.7059%
P: CCCTAGCGTAACTCTCGAGGTAGTA
<- Aln:   0	0	10	14	24	0	11= ->
Pattern:	2-1
#1374
P:8/72.7273%	D:11/100%
D: CCCTAGCGTAACTCTCGAGACGACG
<- Aln:   0	0	10	14	24	0	11= ->
P:11/100%	D:13/56.5217%
P: CCCTAGCGTAACTCTCGAGGTAGTA
<- Aln:   0	0	10	14	24	0	11= ->
Pattern:	2-1
#1375
P:9/69.2308%	D:11/100%
D: CCCTAGCGTAACTCTCGAGACGACG
<- Aln:   0	0	10	14	24	0	11= ->
P:11/100%	D:11/57.8947%
P: CCCTAGCGTAACTCTCGAGGTAGTA
<- Aln:   0	0	10	14	24	0	11= ->
Pattern:	2-1
#1376
P:10/71.4286%	D:11/100%
D: CCCTAGCGTAACTCTCGAGACGACG
<- Aln:   0	0	10	14	24	0	11= ->
P:11/100%	D:8/100%
P: CCCTAGCGTAACTCTCGAGGTAGTA
<- Aln:   0	0	10	14	24	0	11= ->
Pattern:	2-1
#1377
P:11/52.381%	D:11/100%
D: CCCTAGCGTAACTCTCGAGACGACG
<- Aln:   0	0	10	14	24	0	11= ->
P:11/100%	D:8/50%
P: CCCTAGCGTAACTCTCGAGGTAGTA
<- Aln:   0	0	10	14	24	0	11= ->
Pattern:	2-1
#1378
P:9/69.2308%	D:11/100%
D: CCCTAGCGTAACTCTCGAGACGACG
<- Aln:   0	0	10	14	24	0	11= ->
P:11/100%	D:11/52.381%
P: CCCTAGCGTAACTCTCGAGGTAGTA
<- Aln:   0	0	10	14	24	0	11= ->
Pattern:	2-1
#1379
P:9/52.9412%	D:11/100%
D: CCCTAGCGTAACTCTCGAGACGACG
<- Aln:   0	0	10	14	24	0	11= ->
P:11/100%	D:9/56.25%
P: CCCTAGCGTAACTCTCGAGGTAGTA
<- Aln:   0	0	10	14	24	0	11= ->
Pattern:	2-1
#1380
P:7/100%	D:10/55.5556%
No hit
<- Aln:   14	0	6	14	20	0	14S7=4S ->
<- Aln:   12	29	46	5	22	8	5S1=1X2=1X2=2X1=1X1=1X1=1X1=1X1=2S ->
P:11/57.8947%	D:11/100%
D: CCCTAGCGTAACTCTCGAGACGACG
<- Aln:   0	0	10	14	24	0	11= ->
Pattern:	0-2
#1381
P:11/100%	D:14/63.6364%
P: CCCTAGCGTAACTCTCGAGGTAGTA
<- Aln:   0	0	10	14	24	0	11= ->
P:11/100%	D:7/70%
P: CCCTAGCGTAACTCTCGAGGTAGTA
<- Aln:   0	0	10	14	24	0	11= ->
Pattern:	1-1
#1382
P:17/100%	D:23/100%
D: CCCTAGCGTAACTCTCGAGACGACG
<- Aln:   46	0	22	2	24	0	2S23= ->
P:11/100%	D:13/56.5217%
P: CCCTAGCGTAACTCTCGAGGTAGTA
<- Aln:   0	0	10	14	24	0	11= ->
Pattern:	2-1
#1383
P:11/100%	D:10/90.9091%
P: CCCTAGCGTAACTCTCGAGGTAGTA
<- Aln:   0	0	10	14	24	0	11= ->
P:9/69.2308%	D:11/100%
D: CCCTAGCGTAACTCTCGAGACGACG
<- Aln:   0	0	10	14	24	0	11= ->
Pattern:	1-2
#1384
P:11/100%	D:9/64.2857%
P: CCCTAGCGTAACTCTCGAGGTAGTA
<- Aln:   0	0	10	14	24	0	11= ->
P:9/56.25%	D:11/100%
D: CCCTAGCGTAACTCTCGAGACGACG
<- Aln:   0	0	10	14	24	0	11= ->
Pattern:	1-2
#1385
P:10/100%	D:8/57.1429%
P: CCCTAGCGTAACTCTCGAGGTAGTA
<- Aln:   20	0	9	14	23	0	14S10=1S ->
P:10/90.9091%	D:13/65%
P: CCCTAGCGTAACTCTCGAGGTAGTA
<- Aln:   19	0	10	14	24	1	14S9=1X1= ->
Pattern:	1-1
#1386
P:10/62.5%	D:11/100%
D: CCCTAGCGTAACTCTCGAGACGACG
<- Aln:   0	0	10	14	24	0	11= ->
P:11/100%	D:11/61.1111%
P: CCCTAGCGTAACTCTCGAGGTAGTA
<- Aln:   0	0	10	14	24	0	11= ->
Pattern:	2-1
#1387
P:11/100%	D:12/63.1579%
P: CCCTAGCGTAACTCTCGAGGTAGTA
<- Aln:   0	0	10	14	24	0	11= ->
P:17/60.7143%	D:11/100%
D: CCCTAGCGTAACTCTCGAGACGACG
<- Aln:   0	0	10	14	24	0	11= ->
Pattern:	1-2
#1388
P:7/100%	D:12/66.6667%
No hit
<- Aln:   14	0	6	14	20	0	14S7=4S ->
<- Aln:   16	30	47	7	24	6	7S4=1X1=1D3=1X1=1X1=1I1X3= ->
P:10/66.6667%	D:11/100%
D: CCCTAGCGTAACTCTCGAGACGACG
<- Aln:   0	0	10	14	24	0	11= ->
Pattern:	0-2
#1389
P:12/63.1579%	D:8/66.6667%
No hit
<- Aln:   15	40	58	7	23	7	7S3=3D5=2X1=1X2=1I2=1S ->
<- Aln:   12	1	12	7	18	4	7S2=1X1=1X1=1X1=1X3=6S ->
P:10/76.9231%	D:11/100%
D: CCCTAGCGTAACTCTCGAGACGACG
<- Aln:   0	0	10	14	24	0	11= ->
Pattern:	0-2
#1390
P:11/100%	D:12/63.1579%
P: CCCTAGCGTAACTCTCGAGGTAGTA
<- Aln:   0	0	10	14	24	0	11= ->
P:11/64.7059%	D:10/90.9091%
D: CCCTAGCGTAACTCTCGAGACGACG
<- Aln:   19	0	10	14	24	1	14S6=1X4= ->
Pattern:	1-2
#1391
P:11/100%	D:12/60%
P: CCCTAGCGTAACTCTCGAGGTAGTA
<- Aln:   0	0	10	14	24	0	11= ->
P:11/57.8947%	D:11/100%
D: CCCTAGCGTAACTCTCGAGACGACG
<- Aln:   0	0	10	14	24	0	11= ->
Pattern:	1-2
#1392
P:11/64.7059%	D:11/100%
D: CCCTAGCGTAACTCTCGAGACGACG
<- Aln:   0	0	10	14	24	0	11= ->
P:11/100%	D:10/58.8235%
P: CCCTAGCGTAACTCTCGAGGTAGTA
<- Aln:   0	0	10	14	24	0	11= ->
Pattern:	2-1
#1393
P:12/57.1429%	D:11/100%
D: CCCTAGCGTAACTCTCGAGACGACG
<- Aln:   0	0	10	14	24	0	11= ->
P:11/100%	D:14/53.8462%
P: CCCTAGCGTAACTCTCGAGGTAGTA
<- Aln:   0	0	10	14	24	0	11= ->
Pattern:	2-1
#1394
P:16/53.3333%	D:11/100%
D: CCCTAGCGTAACTCTCGAGACGACG
<- Aln:   0	0	10	14	24	0	11= ->
P:11/100%	D:9/56.25%
P: CCCTAGCGTAACTCTCGAGGTAGTA
<- Aln:   0	0	10	14	24	0	11= ->
Pattern:	2-1
#1395
P:13/59.0909%	D:11/100%
D: CCCTAGCGTAACTCTCGAGACGACG
<- Aln:   0	0	10	14	24	0	11= ->
P:11/100%	D:12/63.1579%
P: CCCTAGCGTAACTCTCGAGGTAGTA
<- Aln:   0	0	10	14	24	0	11= ->
Pattern:	2-1
#1396
P:11/100%	D:15/68.1818%
P: CCCTAGCGTAACTCTCGAGGTAGTA
<- Aln:   0	0	10	14	24	0	11= ->
P:12/60%	D:11/100%
D: CCCTAGCGTAACTCTCGAGACGACG
<- Aln:   0	0	10	14	24	0	11= ->
Pattern:	1-2
#1397
P:14/60.8696%	D:12/63.1579%
No hit
<- Aln:   17	19	41	1	24	9	1S1=1X4=1I1X1=2X4=1I1=2X1=1D4= ->
<- Aln:   15	10	28	1	19	7	1S3=1I1=1X1=1X3=1D1=2X1=1X3=5S ->
P:11/100%	D:11/55%
P: CCCTAGCGTAACTCTCGAGGTAGTA
<- Aln:   0	0	10	14	24	0	11= ->
Pattern:	0-1
#1398
P:14/63.6364%	D:11/100%
D: CCCTAGCGTAACTCTCGAGACGACG
<- Aln:   0	0	10	14	24	0	11= ->
P:11/100%	D:12/54.5455%
P: CCCTAGCGTAACTCTCGAGGTAGTA
<- Aln:   0	0	10	14	24	0	11= ->
Pattern:	2-1
#1399
P:11/100%	D:15/65.2174%
P: CCCTAGCGTAACTCTCGAGGTAGTA
<- Aln:   0	0	10	14	24	0	11= ->
P:13/59.0909%	D:10/100%
D: CCCTAGCGTAACTCTCGAGACGACG
<- Aln:   20	0	9	15	24	0	15S10= ->
Pattern:	1-2
#1400
P:11/100%	D:9/64.2857%
P: CCCTAGCGTAACTCTCGAGGTAGTA
<- Aln:   0	0	10	14	24	0	11= ->
P:17/62.963%	D:11/100%
D: CCCTAGCGTAACTCTCGAGACGACG
<- Aln:   0	0	10	14	24	0	11= ->
Pattern:	1-2
#1401
P:25/100%	D:19/100%
P: CCCTAGCGTAACTCTCGAGGTAGTA
<- Aln:   0	0	24	0	24	0	25= ->
P:14/58.3333%	D:11/100%
D: CCCTAGCGTAACTCTCGAGACGACG
<- Aln:   0	0	10	14	24	0	11= ->
Pattern:	1-2
#1402
P:10/100%	D:11/64.7059%
P: CCCTAGCGTAACTCTCGAGGTAGTA
<- Aln:   20	0	9	14	23	0	14S10=1S ->
P:11/61.1111%	D:11/100%
D: CCCTAGCGTAACTCTCGAGACGACG
<- Aln:   0	0	10	14	24	0	11= ->
Pattern:	1-2
#1403
P:11/100%	D:8/72.7273%
P: CCCTAGCGTAACTCTCGAGGTAGTA
<- Aln:   0	0	10	14	24	0	11= ->
P:9/60%	D:11/100%
D: CCCTAGCGTAACTCTCGAGACGACG
<- Aln:   0	0	10	14	24	0	11= ->
Pattern:	1-2
#1404
P:12/60%	D:11/100%
D: CCCTAGCGTAACTCTCGAGACGACG
<- Aln:   0	0	10	14	24	0	11= ->
P:11/100%	D:11/64.7059%
P: CCCTAGCGTAACTCTCGAGGTAGTA
<- Aln:   0	0	10	14	24	0	11= ->
Pattern:	2-1
#1405
P:19/67.8571%	D:11/100%
D: CCCTAGCGTAACTCTCGAGACGACG
<- Aln:   0	0	10	14	24	0	11= ->
P:11/100%	D:11/68.75%
P: CCCTAGCGTAACTCTCGAGGTAGTA
<- Aln:   0	0	10	14	24	0	11= ->
Pattern:	2-1
#1406
P:11/100%	D:13/61.9048%
P: CCCTAGCGTAACTCTCGAGGTAGTA
<- Aln:   0	0	10	14	24	0	11= ->
P:8/80%	D:11/100%
D: CCCTAGCGTAACTCTCGAGACGACG
<- Aln:   0	0	10	14	24	0	11= ->
Pattern:	1-2
#1407
P:13/56.5217%	D:11/100%
D: CCCTAGCGTAACTCTCGAGACGACG
<- Aln:   0	0	10	14	24	0	11= ->
P:11/100%	D:11/61.1111%
P: CCCTAGCGTAACTCTCGAGGTAGTA
<- Aln:   0	0	10	14	24	0	11= ->
Pattern:	2-1
#1408
P:10/76.9231%	D:11/100%
D: CCCTAGCGTAACTCTCGAGACGACG
<- Aln:   0	0	10	14	24	0	11= ->
P:11/100%	D:12/75%
P: CCCTAGCGTAACTCTCGAGGTAGTA
<- Aln:   0	0	10	14	24	0	11= ->
Pattern:	2-1
#1409
P:11/100%	D:12/54.5455%
P: CCCTAGCGTAACTCTCGAGGTAGTA
<- Aln:   0	0	10	14	24	0	11= ->
P:7/77.7778%	D:11/100%
D: CCCTAGCGTAACTCTCGAGACGACG
<- Aln:   0	0	10	14	24	0	11= ->
Pattern:	1-2
#1410
P:13/56.5217%	D:8/47.0588%
No hit
<- Aln:   14	30	52	2	24	10	2S3=1I1X3=1X2=2X1=1D1X2=1X1=2X2= ->
<- Aln:   13	30	46	2	24	9	2S3=1I1X3=2I3=3I3=1X1=1X1= ->
P:21/100%	D:19/100%
No hit
<- Aln:   42	0	20	0	20	0	21=4S ->
<- Aln:   38	0	18	0	18	0	19=6S ->
Pattern:	0-0
#1411
P:10/100%	D:10/66.6667%
P: CCCTAGCGTAACTCTCGAGGTAGTA
<- Aln:   20	0	9	14	23	0	14S10=1S ->
P:10/55.5556%	D:11/100%
D: CCCTAGCGTAACTCTCGAGACGACG
<- Aln:   0	0	10	14	24	0	11= ->
Pattern:	1-2
#1412
P:7/63.6364%	D:11/100%
D: CCCTAGCGTAACTCTCGAGACGACG
<- Aln:   0	0	10	14	24	0	11= ->
P:11/100%	D:15/60%
P: CCCTAGCGTAACTCTCGAGGTAGTA
<- Aln:   0	0	10	14	24	0	11= ->
Pattern:	2-1
#1413
P:11/100%	D:15/62.5%
P: CCCTAGCGTAACTCTCGAGGTAGTA
<- Aln:   0	0	10	14	24	0	11= ->
P:11/68.75%	D:11/100%
D: CCCTAGCGTAACTCTCGAGACGACG
<- Aln:   0	0	10	14	24	0	11= ->
Pattern:	1-2
#1414
P:15/53.5714%	D:11/100%
D: CCCTAGCGTAACTCTCGAGACGACG
<- Aln:   0	0	10	14	24	0	11= ->
P:11/100%	D:10/62.5%
P: CCCTAGCGTAACTCTCGAGGTAGTA
<- Aln:   0	0	10	14	24	0	11= ->
Pattern:	2-1
#1415
P:11/100%	D:14/60.8696%
P: CCCTAGCGTAACTCTCGAGGTAGTA
<- Aln:   0	0	10	14	24	0	11= ->
P:11/100%	D:11/57.8947%
P: CCCTAGCGTAACTCTCGAGGTAGTA
<- Aln:   0	0	10	14	24	0	11= ->
Pattern:	1-1
#1416
P:11/100%	D:12/54.5455%
P: CCCTAGCGTAACTCTCGAGGTAGTA
<- Aln:   0	0	10	14	24	0	11= ->
P:10/58.8235%	D:11/100%
D: CCCTAGCGTAACTCTCGAGACGACG
<- Aln:   0	0	10	14	24	0	11= ->
Pattern:	1-2
#1417
P:14/56%	D:11/100%
D: CCCTAGCGTAACTCTCGAGACGACG
<- Aln:   0	0	10	14	24	0	11= ->
P:11/100%	D:13/65%
P: CCCTAGCGTAACTCTCGAGGTAGTA
<- Aln:   0	0	10	14	24	0	11= ->
Pattern:	2-1
#1418
P:11/64.7059%	D:11/100%
D: CCCTAGCGTAACTCTCGAGACGACG
<- Aln:   0	0	10	14	24	0	11= ->
P:11/100%	D:14/60.8696%
P: CCCTAGCGTAACTCTCGAGGTAGTA
<- Aln:   0	0	10	14	24	0	11= ->
Pattern:	2-1
#1419
P:11/55%	D:11/100%
D: CCCTAGCGTAACTCTCGAGACGACG
<- Aln:   0	0	10	14	24	0	11= ->
P:10/90.9091%	D:13/68.4211%
P: CCCTAGCGTAACTCTCGAGGTAGTA
<- Aln:   19	0	10	14	24	1	14S9=1X1= ->
Pattern:	2-1
#1420
P:14/58.3333%	D:11/100%
D: CCCTAGCGTAACTCTCGAGACGACG
<- Aln:   0	0	10	14	24	0	11= ->
P:11/100%	D:11/61.1111%
P: CCCTAGCGTAACTCTCGAGGTAGTA
<- Aln:   0	0	10	14	24	0	11= ->
Pattern:	2-1
#1421
P:19/61.2903%	D:11/100%
D: CCCTAGCGTAACTCTCGAGACGACG
<- Aln:   0	0	10	14	24	0	11= ->
P:10/100%	D:15/57.6923%
P: CCCTAGCGTAACTCTCGAGGTAGTA
<- Aln:   20	0	9	14	23	0	14S10=1S ->
Pattern:	2-1
#1422
P:11/100%	D:19/61.2903%
P: CCCTAGCGTAACTCTCGAGGTAGTA
<- Aln:   0	0	10	14	24	0	11= ->
P:10/55.5556%	D:14/58.3333%
No hit
<- Aln:   16	12	29	3	24	8	3S1=1X2=3X3=3I6=1I2= ->
<- Aln:   16	2	25	1	24	10	1S3=3X2=1X1=1I1=2X1=1X4=1D2=1X1= ->
Pattern:	1-0
#1423
P:11/73.3333%	D:11/100%
D: CCCTAGCGTAACTCTCGAGACGACG
<- Aln:   0	0	10	14	24	0	11= ->
P:11/100%	D:12/66.6667%
P: CCCTAGCGTAACTCTCGAGGTAGTA
<- Aln:   0	0	10	14	24	0	11= ->
Pattern:	2-1
#1424
P:14/58.3333%	D:11/100%
D: CCCTAGCGTAACTCTCGAGACGACG
<- Aln:   0	0	10	14	24	0	11= ->
P:11/100%	D:5/41.6667%
P: CCCTAGCGTAACTCTCGAGGTAGTA
<- Aln:   0	0	10	14	24	0	11= ->
Pattern:	2-1
#1425
P:15/60%	D:11/100%
D: CCCTAGCGTAACTCTCGAGACGACG
<- Aln:   0	0	10	14	24	0	11= ->
P:16/61.5385%	D:11/68.75%
No hit
<- Aln:   20	1	26	2	24	10	2S1=1X2=1I4=1X3=1I1=1X3=5D4= ->
<- Aln:   17	1	16	2	18	5	2S1=1X2=1I4=1X3=1X1=1X1=6S ->
Pattern:	2-0
#1426
P:22/78.5714%	D:23/100%
D: CCCTAGCGTAACTCTCGAGACGACG
<- Aln:   46	0	22	2	24	0	2S23= ->
P:11/100%	D:9/81.8182%
P: CCCTAGCGTAACTCTCGAGGTAGTA
<- Aln:   0	0	10	14	24	0	11= ->
Pattern:	2-1
#1427
P:10/90.9091%	D:14/58.3333%
P: CCCTAGCGTAACTCTCGAGGTAGTA
<- Aln:   19	0	10	14	24	1	14S7=1X3= ->
P:8/72.7273%	D:11/100%
D: CCCTAGCGTAACTCTCGAGACGACG
<- Aln:   0	0	10	14	24	0	11= ->
Pattern:	1-2
#1428
P:11/68.75%	D:11/100%
D: CCCTAGCGTAACTCTCGAGACGACG
<- Aln:   0	0	10	14	24	0	11= ->
P:11/100%	D:9/52.9412%
P: CCCTAGCGTAACTCTCGAGGTAGTA
<- Aln:   0	0	10	14	24	0	11= ->
Pattern:	2-1
#1429
P:14/63.6364%	D:11/100%
D: CCCTAGCGTAACTCTCGAGACGACG
<- Aln:   0	0	10	14	24	0	11= ->
P:11/100%	D:13/56.5217%
P: CCCTAGCGTAACTCTCGAGGTAGTA
<- Aln:   0	0	10	14	24	0	11= ->
Pattern:	2-1
#1430
P:11/91.6667%	D:14/58.3333%
P: CCCTAGCGTAACTCTCGAGGTAGTA
<- Aln:   19	0	11	14	24	1	14S6=1D5= ->
P:12/57.1429%	D:11/100%
D: CCCTAGCGTAACTCTCGAGACGACG
<- Aln:   0	0	10	14	24	0	11= ->
Pattern:	1-2
#1431
P:11/100%	D:7/70%
P: CCCTAGCGTAACTCTCGAGGTAGTA
<- Aln:   0	0	10	14	24	0	11= ->
P:9/60%	D:11/100%
D: CCCTAGCGTAACTCTCGAGACGACG
<- Aln:   0	0	10	14	24	0	11= ->
Pattern:	1-2
#1432
P:9/69.2308%	D:11/100%
D: CCCTAGCGTAACTCTCGAGACGACG
<- Aln:   0	0	10	14	24	0	11= ->
P:11/100%	D:15/57.6923%
P: CCCTAGCGTAACTCTCGAGGTAGTA
<- Aln:   0	0	10	14	24	0	11= ->
Pattern:	2-1
#1433
P:12/57.1429%	D:11/100%
D: CCCTAGCGTAACTCTCGAGACGACG
<- Aln:   0	0	10	14	24	0	11= ->
P:11/100%	D:14/60.8696%
P: CCCTAGCGTAACTCTCGAGGTAGTA
<- Aln:   0	0	10	14	24	0	11= ->
Pattern:	2-1
#1434
P:10/100%	D:11/55%
P: CCCTAGCGTAACTCTCGAGGTAGTA
<- Aln:   20	0	9	14	23	0	14S10=1S ->
P:12/63.1579%	D:11/100%
D: CCCTAGCGTAACTCTCGAGACGACG
<- Aln:   0	0	10	14	24	0	11= ->
Pattern:	1-2
#1435
P:13/59.0909%	D:11/100%
D: CCCTAGCGTAACTCTCGAGACGACG
<- Aln:   0	0	10	14	24	0	11= ->
P:11/100%	D:12/52.1739%
P: CCCTAGCGTAACTCTCGAGGTAGTA
<- Aln:   0	0	10	14	24	0	11= ->
Pattern:	2-1
#1436
P:10/58.8235%	D:11/100%
D: CCCTAGCGTAACTCTCGAGACGACG
<- Aln:   0	0	10	14	24	0	11= ->
P:11/100%	D:10/66.6667%
P: CCCTAGCGTAACTCTCGAGGTAGTA
<- Aln:   0	0	10	14	24	0	11= ->
Pattern:	2-1
#1437
P:10/76.9231%	D:9/81.8182%
No hit
<- Aln:   13	0	12	14	24	3	14S5=1D1=1X1=1D3= ->
<- Aln:   16	0	10	14	24	2	14S6=2X3= ->
P:11/100%	D:12/80%
P: CCCTAGCGTAACTCTCGAGGTAGTA
<- Aln:   0	0	10	14	24	0	11= ->
Pattern:	0-1
#1438
P:11/100%	D:12/63.1579%
P: CCCTAGCGTAACTCTCGAGGTAGTA
<- Aln:   0	0	10	14	24	0	11= ->
P:6/100%	D:11/100%
D: CCCTAGCGTAACTCTCGAGACGACG
<- Aln:   0	0	10	14	24	0	11= ->
Pattern:	1-2
#1439
P:11/100%	D:9/64.2857%
P: CCCTAGCGTAACTCTCGAGGTAGTA
<- Aln:   0	0	10	14	24	0	11= ->
P:12/57.1429%	D:11/100%
D: CCCTAGCGTAACTCTCGAGACGACG
<- Aln:   0	0	10	14	24	0	11= ->
Pattern:	1-2
#1440
P:11/100%	D:8/80%
P: CCCTAGCGTAACTCTCGAGGTAGTA
<- Aln:   0	0	10	14	24	0	11= ->
P:13/61.9048%	D:11/100%
D: CCCTAGCGTAACTCTCGAGACGACG
<- Aln:   0	0	10	14	24	0	11= ->
Pattern:	1-2
#1441
P:11/100%	D:11/55%
P: CCCTAGCGTAACTCTCGAGGTAGTA
<- Aln:   0	0	10	14	24	0	11= ->
P:10/58.8235%	D:11/100%
D: CCCTAGCGTAACTCTCGAGACGACG
<- Aln:   0	0	10	14	24	0	11= ->
Pattern:	1-2
#1442
P:13/56.5217%	D:11/100%
D: CCCTAGCGTAACTCTCGAGACGACG
<- Aln:   0	0	10	14	24	0	11= ->
P:11/100%	D:5/100%
P: CCCTAGCGTAACTCTCGAGGTAGTA
<- Aln:   0	0	10	14	24	0	11= ->
Pattern:	2-1
#1443
P:15/55.5556%	D:11/100%
D: CCCTAGCGTAACTCTCGAGACGACG
<- Aln:   0	0	10	14	24	0	11= ->
P:11/100%	D:9/75%
P: CCCTAGCGTAACTCTCGAGGTAGTA
<- Aln:   0	0	10	14	24	0	11= ->
Pattern:	2-1
#1444
P:12/66.6667%	D:11/100%
D: CCCTAGCGTAACTCTCGAGACGACG
<- Aln:   0	0	10	14	24	0	11= ->
P:11/100%	D:6/85.7143%
P: CCCTAGCGTAACTCTCGAGGTAGTA
<- Aln:   0	0	10	14	24	0	11= ->
Pattern:	2-1
#1445
P:15/60%	D:11/100%
D: CCCTAGCGTAACTCTCGAGACGACG
<- Aln:   0	0	10	14	24	0	11= ->
P:25/100%	D:19/100%
P: CCCTAGCGTAACTCTCGAGGTAGTA
<- Aln:   0	0	24	0	24	0	25= ->
Pattern:	2-1
#1446
P:10/90.9091%	D:10/52.6316%
P: CCCTAGCGTAACTCTCGAGGTAGTA
<- Aln:   19	0	10	14	24	1	14S3=1X7= ->
P:7/58.3333%	D:11/100%
D: CCCTAGCGTAACTCTCGAGACGACG
<- Aln:   0	0	10	14	24	0	11= ->
Pattern:	1-2
#1447
P:9/56.25%	D:11/100%
D: CCCTAGCGTAACTCTCGAGACGACG
<- Aln:   0	0	10	14	24	0	11= ->
P:11/100%	D:8/80%
P: CCCTAGCGTAACTCTCGAGGTAGTA
<- Aln:   0	0	10	14	24	0	11= ->
Pattern:	2-1
#1448
P:10/52.6316%	D:11/100%
D: CCCTAGCGTAACTCTCGAGACGACG
<- Aln:   0	0	10	14	24	0	11= ->
P:11/100%	D:13/59.0909%
P: CCCTAGCGTAACTCTCGAGGTAGTA
<- Aln:   0	0	10	14	24	0	11= ->
Pattern:	2-1
#1449
P:11/100%	D:12/63.1579%
P: CCCTAGCGTAACTCTCGAGGTAGTA
<- Aln:   0	0	10	14	24	0	11= ->
P:11/100%	D:15/55.5556%
P: CCCTAGCGTAACTCTCGAGGTAGTA
<- Aln:   0	0	10	14	24	0	11= ->
Pattern:	1-1
#1450
P:12/63.1579%	D:11/100%
D: CCCTAGCGTAACTCTCGAGACGACG
<- Aln:   0	0	10	14	24	0	11= ->
P:11/100%	D:16/59.2593%
P: CCCTAGCGTAACTCTCGAGGTAGTA
<- Aln:   0	0	10	14	24	0	11= ->
Pattern:	2-1
#1451
P:25/100%	D:19/100%
P: CCCTAGCGTAACTCTCGAGGTAGTA
<- Aln:   0	0	24	0	24	0	25= ->
P:11/57.8947%	D:11/100%
D: CCCTAGCGTAACTCTCGAGACGACG
<- Aln:   0	0	10	14	24	0	11= ->
Pattern:	1-2
#1452
P:14/63.6364%	D:11/100%
D: CCCTAGCGTAACTCTCGAGACGACG
<- Aln:   0	0	10	14	24	0	11= ->
P:11/100%	D:11/64.7059%
P: CCCTAGCGTAACTCTCGAGGTAGTA
<- Aln:   0	0	10	14	24	0	11= ->
Pattern:	2-1
#1453
P:7/70%	D:11/100%
D: CCCTAGCGTAACTCTCGAGACGACG
<- Aln:   0	0	10	14	24	0	11= ->
P:11/100%	D:15/65.2174%
P: CCCTAGCGTAACTCTCGAGGTAGTA
<- Aln:   0	0	10	14	24	0	11= ->
Pattern:	2-1
#1454
P:11/100%	D:15/62.5%
P: CCCTAGCGTAACTCTCGAGGTAGTA
<- Aln:   0	0	10	14	24	0	11= ->
P:10/47.619%	D:11/100%
D: CCCTAGCGTAACTCTCGAGACGACG
<- Aln:   0	0	10	14	24	0	11= ->
Pattern:	1-2
#1455
P:11/57.8947%	D:11/100%
D: CCCTAGCGTAACTCTCGAGACGACG
<- Aln:   0	0	10	14	24	0	11= ->
P:11/100%	D:13/54.1667%
P: CCCTAGCGTAACTCTCGAGGTAGTA
<- Aln:   0	0	10	14	24	0	11= ->
Pattern:	2-1
#1456
P:11/61.1111%	D:11/100%
D: CCCTAGCGTAACTCTCGAGACGACG
<- Aln:   0	0	10	14	24	0	11= ->
P:11/100%	D:11/73.3333%
P: CCCTAGCGTAACTCTCGAGGTAGTA
<- Aln:   0	0	10	14	24	0	11= ->
Pattern:	2-1
#1457
P:13/59.0909%	D:11/100%
D: CCCTAGCGTAACTCTCGAGACGACG
<- Aln:   0	0	10	14	24	0	11= ->
P:11/100%	D:9/75%
P: CCCTAGCGTAACTCTCGAGGTAGTA
<- Aln:   0	0	10	14	24	0	11= ->
Pattern:	2-1
#1458
P:11/64.7059%	D:11/100%
D: CCCTAGCGTAACTCTCGAGACGACG
<- Aln:   0	0	10	14	24	0	11= ->
P:9/90%	D:11/73.3333%
P: CCCTAGCGTAACTCTCGAGGTAGTA
<- Aln:   17	0	9	14	23	1	14S6=1X3=1S ->
Pattern:	2-1
#1459
P:14/60.8696%	D:11/100%
D: CCCTAGCGTAACTCTCGAGACGACG
<- Aln:   0	0	10	14	24	0	11= ->
P:8/61.5385%	D:11/100%
D: CCCTAGCGTAACTCTCGAGACGACG
<- Aln:   0	0	10	14	24	0	11= ->
Pattern:	2-2
#1460
P:11/100%	D:12/63.1579%
P: CCCTAGCGTAACTCTCGAGGTAGTA
<- Aln:   0	0	10	14	24	0	11= ->
P:12/60%	D:11/100%
D: CCCTAGCGTAACTCTCGAGACGACG
<- Aln:   0	0	10	14	24	0	11= ->
Pattern:	1-2
#1461
P:11/100%	D:14/60.8696%
P: CCCTAGCGTAACTCTCGAGGTAGTA
<- Aln:   0	0	10	14	24	0	11= ->
P:12/63.1579%	D:11/100%
D: CCCTAGCGTAACTCTCGAGACGACG
<- Aln:   0	0	10	14	24	0	11= ->
Pattern:	1-2
#1462
P:14/58.3333%	D:11/100%
D: CCCTAGCGTAACTCTCGAGACGACG
<- Aln:   0	0	10	14	24	0	11= ->
P:9/60%	D:14/58.3333%
No hit
<- Aln:   12	33	47	0	15	6	1=1X1=1X3=1I2X4=1X1=9S ->
<- Aln:   14	20	43	3	23	10	3S4=1D2X2=1X1=2D1=1X1=1X2=2X3=1S ->
Pattern:	2-0
#1463
P:11/100%	D:13/59.0909%
P: CCCTAGCGTAACTCTCGAGGTAGTA
<- Aln:   0	0	10	14	24	0	11= ->
P:9/60%	D:11/100%
D: CCCTAGCGTAACTCTCGAGACGACG
<- Aln:   0	0	10	14	24	0	11= ->
Pattern:	1-2
#1464
P:11/50%	D:11/100%
D: CCCTAGCGTAACTCTCGAGACGACG
<- Aln:   0	0	10	14	24	0	11= ->
P:11/100%	D:10/55.5556%
P: CCCTAGCGTAACTCTCGAGGTAGTA
<- Aln:   0	0	10	14	24	0	11= ->
Pattern:	2-1
#1465
P:11/61.1111%	D:11/100%
D: CCCTAGCGTAACTCTCGAGACGACG
<- Aln:   0	0	10	14	24	0	11= ->
P:11/100%	D:12/63.1579%
P: CCCTAGCGTAACTCTCGAGGTAGTA
<- Aln:   0	0	10	14	24	0	11= ->
Pattern:	2-1
#1466
P:11/100%	D:15/60%
P: CCCTAGCGTAACTCTCGAGGTAGTA
<- Aln:   0	0	10	14	24	0	11= ->
P:9/69.2308%	D:11/100%
D: CCCTAGCGTAACTCTCGAGACGACG
<- Aln:   0	0	10	14	24	0	11= ->
Pattern:	1-2
#1467
P:11/100%	D:13/56.5217%
P: CCCTAGCGTAACTCTCGAGGTAGTA
<- Aln:   0	0	10	14	24	0	11= ->
P:10/66.6667%	D:11/100%
D: CCCTAGCGTAACTCTCGAGACGACG
<- Aln:   0	0	10	14	24	0	11= ->
Pattern:	1-2
#1468
P:11/100%	D:11/55%
P: CCCTAGCGTAACTCTCGAGGTAGTA
<- Aln:   0	0	10	14	24	0	11= ->
P:11/57.8947%	D:10/100%
D: CCCTAGCGTAACTCTCGAGACGACG
<- Aln:   20	0	9	14	23	0	14S10=1S ->
Pattern:	1-2
#1469
P:10/58.8235%	D:11/100%
D: CCCTAGCGTAACTCTCGAGACGACG
<- Aln:   0	0	10	14	24	0	11= ->
P:11/100%	D:11/64.7059%
P: CCCTAGCGTAACTCTCGAGGTAGTA
<- Aln:   0	0	10	14	24	0	11= ->
Pattern:	2-1
#1470
P:9/64.2857%	D:11/100%
D: CCCTAGCGTAACTCTCGAGACGACG
<- Aln:   0	0	10	14	24	0	11= ->
P:11/100%	D:8/53.3333%
P: CCCTAGCGTAACTCTCGAGGTAGTA
<- Aln:   0	0	10	14	24	0	11= ->
Pattern:	2-1
#1471
P:14/66.6667%	D:11/100%
D: CCCTAGCGTAACTCTCGAGACGACG
<- Aln:   0	0	10	14	24	0	11= ->
P:11/100%	D:13/65%
P: CCCTAGCGTAACTCTCGAGGTAGTA
<- Aln:   0	0	10	14	24	0	11= ->
Pattern:	2-1
#1472
P:11/100%	D:12/52.1739%
P: CCCTAGCGTAACTCTCGAGGTAGTA
<- Aln:   0	0	10	14	24	0	11= ->
P:10/62.5%	D:11/100%
D: CCCTAGCGTAACTCTCGAGACGACG
<- Aln:   0	0	10	14	24	0	11= ->
Pattern:	1-2
#1473
P:11/100%	D:9/69.2308%
P: CCCTAGCGTAACTCTCGAGGTAGTA
<- Aln:   0	0	10	14	24	0	11= ->
P:9/64.2857%	D:11/100%
D: CCCTAGCGTAACTCTCGAGACGACG
<- Aln:   0	0	10	14	24	0	11= ->
Pattern:	1-2
#1474
P:10/100%	D:12/63.1579%
P: CCCTAGCGTAACTCTCGAGGTAGTA
<- Aln:   20	0	9	14	23	0	14S10=1S ->
P:12/60%	D:11/100%
D: CCCTAGCGTAACTCTCGAGACGACG
<- Aln:   0	0	10	14	24	0	11= ->
Pattern:	1-2
#1475
P:11/73.3333%	D:11/100%
D: CCCTAGCGTAACTCTCGAGACGACG
<- Aln:   0	0	10	14	24	0	11= ->
P:10/100%	D:10/62.5%
P: CCCTAGCGTAACTCTCGAGGTAGTA
<- Aln:   20	0	9	14	23	0	14S10=1S ->
Pattern:	2-1
#1476
P:11/100%	D:12/57.1429%
P: CCCTAGCGTAACTCTCGAGGTAGTA
<- Aln:   0	0	10	14	24	0	11= ->
P:10/66.6667%	D:11/100%
D: CCCTAGCGTAACTCTCGAGACGACG
<- Aln:   0	0	10	14	24	0	11= ->
Pattern:	1-2
#1477
P:12/57.1429%	D:11/100%
D: CCCTAGCGTAACTCTCGAGACGACG
<- Aln:   0	0	10	14	24	0	11= ->
P:13/65%	D:11/57.8947%
No hit
<- Aln:   21	19	38	0	20	7	1=1X2=1X1=3I7=2D5=4S ->
<- Aln:   18	19	37	0	21	8	1=1X2=1X1=3I7=2X2=1X1=3S ->
Pattern:	2-0
#1478
P:13/61.9048%	D:11/100%
D: CCCTAGCGTAACTCTCGAGACGACG
<- Aln:   0	0	10	14	24	0	11= ->
P:11/100%	D:12/60%
P: CCCTAGCGTAACTCTCGAGGTAGTA
<- Aln:   0	0	10	14	24	0	11= ->
Pattern:	2-1
#1479
P:11/100%	D:11/57.8947%
P: CCCTAGCGTAACTCTCGAGGTAGTA
<- Aln:   0	0	10	14	24	0	11= ->
P:11/50%	D:11/100%
D: CCCTAGCGTAACTCTCGAGACGACG
<- Aln:   0	0	10	14	24	0	11= ->
Pattern:	1-2
#1480
P:16/59.2593%	D:11/100%
D: CCCTAGCGTAACTCTCGAGACGACG
<- Aln:   0	0	10	14	24	0	11= ->
P:11/100%	D:12/66.6667%
P: CCCTAGCGTAACTCTCGAGGTAGTA
<- Aln:   0	0	10	14	24	0	11= ->
Pattern:	2-1
#1481
P:11/100%	D:12/63.1579%
P: CCCTAGCGTAACTCTCGAGGTAGTA
<- Aln:   0	0	10	14	24	0	11= ->
P:14/63.6364%	D:11/100%
D: CCCTAGCGTAACTCTCGAGACGACG
<- Aln:   0	0	10	14	24	0	11= ->
Pattern:	1-2
#1482
P:11/100%	D:11/57.8947%
P: CCCTAGCGTAACTCTCGAGGTAGTA
<- Aln:   0	0	10	14	24	0	11= ->
P:11/100%	D:10/71.4286%
P: CCCTAGCGTAACTCTCGAGGTAGTA
<- Aln:   0	0	10	14	24	0	11= ->
Pattern:	1-1
#1483
P:10/100%	D:9/64.2857%
P: CCCTAGCGTAACTCTCGAGGTAGTA
<- Aln:   20	0	9	14	23	0	14S10=1S ->
P:13/56.5217%	D:11/100%
D: CCCTAGCGTAACTCTCGAGACGACG
<- Aln:   0	0	10	14	24	0	11= ->
Pattern:	1-2
#1484
P:10/90.9091%	D:11/78.5714%
P: CCCTAGCGTAACTCTCGAGGTAGTA
<- Aln:   17	0	10	14	23	1	14S7=1D3=1S ->
P:12/57.1429%	D:11/100%
D: CCCTAGCGTAACTCTCGAGACGACG
<- Aln:   0	0	10	14	24	0	11= ->
Pattern:	1-2
#1485
P:14/63.6364%	D:10/66.6667%
No hit
<- Aln:   18	16	37	2	23	8	2S3=2X2=1X2=1X1=1D1X2=1I1X5=1S ->
<- Aln:   15	17	31	8	24	5	8S3=1I1=1X2=1I1=1X3=1X2= ->
P:11/100%	D:14/66.6667%
P: CCCTAGCGTAACTCTCGAGGTAGTA
<- Aln:   0	0	10	14	24	0	11= ->
Pattern:	0-1
#1486
P:12/60%	D:11/100%
D: CCCTAGCGTAACTCTCGAGACGACG
<- Aln:   0	0	10	14	24	0	11= ->
P:11/100%	D:9/64.2857%
P: CCCTAGCGTAACTCTCGAGGTAGTA
<- Aln:   0	0	10	14	24	0	11= ->
Pattern:	2-1
#1487
P:11/100%	D:9/64.2857%
P: CCCTAGCGTAACTCTCGAGGTAGTA
<- Aln:   0	0	10	14	24	0	11= ->
P:11/100%	D:12/70.5882%
P: CCCTAGCGTAACTCTCGAGGTAGTA
<- Aln:   0	0	10	14	24	0	11= ->
Pattern:	1-1
#1488
P:9/75%	D:10/100%
D: CCCTAGCGTAACTCTCGAGACGACG
<- Aln:   20	0	9	14	23	0	14S10=1S ->
P:10/100%	D:15/65.2174%
P: CCCTAGCGTAACTCTCGAGGTAGTA
<- Aln:   20	0	9	14	23	0	14S10=1S ->
Pattern:	2-1
#1489
P:11/100%	D:8/61.5385%
P: CCCTAGCGTAACTCTCGAGGTAGTA
<- Aln:   0	0	10	14	24	0	11= ->
P:14/58.3333%	D:11/100%
D: CCCTAGCGTAACTCTCGAGACGACG
<- Aln:   0	0	10	14	24	0	11= ->
Pattern:	1-2
#1490
P:10/62.5%	D:11/100%
D: CCCTAGCGTAACTCTCGAGACGACG
<- Aln:   0	0	10	14	24	0	11= ->
P:11/100%	D:10/52.6316%
P: CCCTAGCGTAACTCTCGAGGTAGTA
<- Aln:   0	0	10	14	24	0	11= ->
Pattern:	2-1
#1491
P:12/57.1429%	D:11/100%
D: CCCTAGCGTAACTCTCGAGACGACG
<- Aln:   0	0	10	14	24	0	11= ->
P:11/100%	D:10/66.6667%
P: CCCTAGCGTAACTCTCGAGGTAGTA
<- Aln:   0	0	10	14	24	0	11= ->
Pattern:	2-1
#1492
P:11/100%	D:8/53.3333%
P: CCCTAGCGTAACTCTCGAGGTAGTA
<- Aln:   0	0	10	14	24	0	11= ->
P:11/57.8947%	D:11/100%
D: CCCTAGCGTAACTCTCGAGACGACG
<- Aln:   0	0	10	14	24	0	11= ->
Pattern:	1-2
#1493
P:11/100%	D:12/63.1579%
P: CCCTAGCGTAACTCTCGAGGTAGTA
<- Aln:   0	0	10	14	24	0	11= ->
P:11/52.381%	D:11/100%
D: CCCTAGCGTAACTCTCGAGACGACG
<- Aln:   0	0	10	14	24	0	11= ->
Pattern:	1-2
#1494
P:11/100%	D:5/100%
P: CCCTAGCGTAACTCTCGAGGTAGTA
<- Aln:   0	0	10	14	24	0	11= ->
P:11/64.7059%	D:10/100%
D: CCCTAGCGTAACTCTCGAGACGACG
<- Aln:   20	0	9	14	23	0	14S10=1S ->
Pattern:	1-2
#1495
P:13/56.5217%	D:11/100%
D: CCCTAGCGTAACTCTCGAGACGACG
<- Aln:   0	0	10	14	24	0	11= ->
P:11/100%	D:14/63.6364%
P: CCCTAGCGTAACTCTCGAGGTAGTA
<- Aln:   0	0	10	14	24	0	11= ->
Pattern:	2-1
#1496
P:11/100%	D:14/77.7778%
P: CCCTAGCGTAACTCTCGAGGTAGTA
<- Aln:   0	0	10	14	24	0	11= ->
P:15/57.6923%	D:11/100%
D: CCCTAGCGTAACTCTCGAGACGACG
<- Aln:   0	0	10	14	24	0	11= ->
Pattern:	1-2
#1497
P:9/100%	D:10/62.5%
No hit
<- Aln:   18	0	8	14	22	0	14S9=2S ->
<- Aln:   12	1	16	2	18	6	2S1=1X2=1I3=1D2=1I2=2X2=6S ->
P:11/100%	D:11/55%
P: CCCTAGCGTAACTCTCGAGGTAGTA
<- Aln:   0	0	10	14	24	0	11= ->
Pattern:	0-1
#1498
P:15/57.6923%	D:11/100%
D: CCCTAGCGTAACTCTCGAGACGACG
<- Aln:   0	0	10	14	24	0	11= ->
P:11/100%	D:10/58.8235%
P: CCCTAGCGTAACTCTCGAGGTAGTA
<- Aln:   0	0	10	14	24	0	11= ->
Pattern:	2-1
#1499
P:11/100%	D:9/60%
P: CCCTAGCGTAACTCTCGAGGTAGTA
<- Aln:   0	0	10	14	24	0	11= ->
P:11/55%	D:11/100%
D: CCCTAGCGTAACTCTCGAGACGACG
<- Aln:   0	0	10	14	24	0	11= ->
Pattern:	1-2
#1500
P:11/100%	D:9/81.8182%
P: CCCTAGCGTAACTCTCGAGGTAGTA
<- Aln:   0	0	10	14	24	0	11= ->
P:11/61.1111%	D:11/100%
D: CCCTAGCGTAACTCTCGAGACGACG
<- Aln:   0	0	10	14	24	0	11= ->
Pattern:	1-2
#1501
P:12/60%	D:9/50%
No hit
<- Aln:   18	1	20	2	23	8	2S4=2X3=3I1=2X4=1D3=1S ->
<- Aln:   13	1	18	2	22	9	2S4=2X3=3I1=2X2=2X2=2S ->
P:11/100%	D:8/61.5385%
P: CCCTAGCGTAACTCTCGAGGTAGTA
<- Aln:   0	0	10	14	24	0	11= ->
Pattern:	0-1
#1502
P:11/52.381%	D:11/100%
D: CCCTAGCGTAACTCTCGAGACGACG
<- Aln:   0	0	10	14	24	0	11= ->
P:11/100%	D:11/61.1111%
P: CCCTAGCGTAACTCTCGAGGTAGTA
<- Aln:   0	0	10	14	24	0	11= ->
Pattern:	2-1
#1503
P:10/90.9091%	D:7/63.6364%
P: CCCTAGCGTAACTCTCGAGGTAGTA
<- Aln:   19	0	10	14	24	1	14S9=1X1= ->
P:10/62.5%	D:11/100%
D: CCCTAGCGTAACTCTCGAGACGACG
<- Aln:   0	0	10	14	24	0	11= ->
Pattern:	1-2
#1504
P:5/100%	D:11/100%
D: CCCTAGCGTAACTCTCGAGACGACG
<- Aln:   0	0	10	14	24	0	11= ->
P:10/100%	D:10/83.3333%
P: CCCTAGCGTAACTCTCGAGGTAGTA
<- Aln:   20	0	9	14	23	0	14S10=1S ->
Pattern:	2-1
#1505
P:16/64%	D:12/60%
No hit
<- Aln:   17	11	35	2	22	9	2S2=2X1=1X2=1D5=2D1=1X2=1D1X3=2S ->
<- Aln:   16	2	21	0	20	8	1=1X2=1X1=1X2=2I3=1X1=1D1X4=4S ->
P:11/100%	D:7/87.5%
P: CCCTAGCGTAACTCTCGAGGTAGTA
<- Aln:   0	0	10	14	24	0	11= ->
Pattern:	0-1
#1506
P:10/52.6316%	D:11/100%
D: CCCTAGCGTAACTCTCGAGACGACG
<- Aln:   0	0	10	14	24	0	11= ->
P:11/100%	D:12/54.5455%
P: CCCTAGCGTAACTCTCGAGGTAGTA
<- Aln:   0	0	10	14	24	0	11= ->
Pattern:	2-1
#1507
P:12/57.1429%	D:11/100%
D: CCCTAGCGTAACTCTCGAGACGACG
<- Aln:   0	0	10	14	24	0	11= ->
P:11/100%	D:12/66.6667%
P: CCCTAGCGTAACTCTCGAGGTAGTA
<- Aln:   0	0	10	14	24	0	11= ->
Pattern:	2-1
#1508
P:15/62.5%	D:11/100%
D: CCCTAGCGTAACTCTCGAGACGACG
<- Aln:   0	0	10	14	24	0	11= ->
P:25/100%	D:19/100%
P: CCCTAGCGTAACTCTCGAGGTAGTA
<- Aln:   0	0	24	0	24	0	25= ->
Pattern:	2-1
#1509
P:12/63.1579%	D:11/100%
D: CCCTAGCGTAACTCTCGAGACGACG
<- Aln:   0	0	10	14	24	0	11= ->
P:11/100%	D:11/64.7059%
P: CCCTAGCGTAACTCTCGAGGTAGTA
<- Aln:   0	0	10	14	24	0	11= ->
Pattern:	2-1
#1510
P:11/100%	D:5/100%
P: CCCTAGCGTAACTCTCGAGGTAGTA
<- Aln:   0	0	10	14	24	0	11= ->
P:14/66.6667%	D:11/100%
D: CCCTAGCGTAACTCTCGAGACGACG
<- Aln:   0	0	10	14	24	0	11= ->
Pattern:	1-2
#1511
P:11/100%	D:8/80%
P: CCCTAGCGTAACTCTCGAGGTAGTA
<- Aln:   0	0	10	14	24	0	11= ->
P:14/73.6842%	D:11/100%
D: CCCTAGCGTAACTCTCGAGACGACG
<- Aln:   0	0	10	14	24	0	11= ->
Pattern:	1-2
#1512
P:8/47.0588%	D:11/100%
D: CCCTAGCGTAACTCTCGAGACGACG
<- Aln:   0	0	10	14	24	0	11= ->
P:11/100%	D:10/62.5%
P: CCCTAGCGTAACTCTCGAGGTAGTA
<- Aln:   0	0	10	14	24	0	11= ->
Pattern:	2-1
#1513
P:12/63.1579%	D:11/100%
D: CCCTAGCGTAACTCTCGAGACGACG
<- Aln:   0	0	10	14	24	0	11= ->
P:11/100%	D:14/60.8696%
P: CCCTAGCGTAACTCTCGAGGTAGTA
<- Aln:   0	0	10	14	24	0	11= ->
Pattern:	2-1
#1514
P:11/68.75%	D:11/100%
D: CCCTAGCGTAACTCTCGAGACGACG
<- Aln:   0	0	10	14	24	0	11= ->
P:11/100%	D:9/64.2857%
P: CCCTAGCGTAACTCTCGAGGTAGTA
<- Aln:   0	0	10	14	24	0	11= ->
Pattern:	2-1
#1515
P:11/100%	D:12/66.6667%
P: CCCTAGCGTAACTCTCGAGGTAGTA
<- Aln:   0	0	10	14	24	0	11= ->
P:8/72.7273%	D:11/100%
D: CCCTAGCGTAACTCTCGAGACGACG
<- Aln:   0	0	10	14	24	0	11= ->
Pattern:	1-2
#1516
P:11/100%	D:10/58.8235%
P: CCCTAGCGTAACTCTCGAGGTAGTA
<- Aln:   0	0	10	14	24	0	11= ->
P:11/100%	D:10/66.6667%
P: CCCTAGCGTAACTCTCGAGGTAGTA
<- Aln:   0	0	10	14	24	0	11= ->
Pattern:	1-1
#1517
P:11/100%	D:10/62.5%
P: CCCTAGCGTAACTCTCGAGGTAGTA
<- Aln:   0	0	10	14	24	0	11= ->
P:8/100%	D:15/57.6923%
No hit
<- Aln:   16	0	7	14	21	0	14S8=3S ->
<- Aln:   15	29	54	0	23	11	4=1D2=1D1X1=1X2=1X1=2X1=3X1=1X3=1S ->
Pattern:	1-0
#1518
P:11/100%	D:11/64.7059%
P: CCCTAGCGTAACTCTCGAGGTAGTA
<- Aln:   0	0	10	14	24	0	11= ->
P:11/61.1111%	D:11/100%
D: CCCTAGCGTAACTCTCGAGACGACG
<- Aln:   0	0	10	14	24	0	11= ->
Pattern:	1-2
#1519
P:12/63.1579%	D:11/100%
D: CCCTAGCGTAACTCTCGAGACGACG
<- Aln:   0	0	10	14	24	0	11= ->
P:11/100%	D:10/58.8235%
P: CCCTAGCGTAACTCTCGAGGTAGTA
<- Aln:   0	0	10	14	24	0	11= ->
Pattern:	2-1
#1520
P:11/100%	D:11/78.5714%
P: CCCTAGCGTAACTCTCGAGGTAGTA
<- Aln:   0	0	10	14	24	0	11= ->
P:10/66.6667%	D:11/100%
D: CCCTAGCGTAACTCTCGAGACGACG
<- Aln:   0	0	10	14	24	0	11= ->
Pattern:	1-2
#1521
P:14/56%	D:11/100%
D: CCCTAGCGTAACTCTCGAGACGACG
<- Aln:   0	0	10	14	24	0	11= ->
P:12/54.5455%	D:8/66.6667%
No hit
<- Aln:   14	13	34	3	24	10	3S2=3X4=1X2=5X2=1X2= ->
<- Aln:   12	13	24	3	14	4	3S2=3X4=1X2=10S ->
Pattern:	2-0
#1522
P:15/68.1818%	D:11/100%
D: CCCTAGCGTAACTCTCGAGACGACG
<- Aln:   0	0	10	14	24	0	11= ->
P:11/100%	D:11/61.1111%
P: CCCTAGCGTAACTCTCGAGGTAGTA
<- Aln:   0	0	10	14	24	0	11= ->
Pattern:	2-1
#1523
P:11/100%	D:11/68.75%
P: CCCTAGCGTAACTCTCGAGGTAGTA
<- Aln:   0	0	10	14	24	0	11= ->
P:12/63.1579%	D:11/100%
D: CCCTAGCGTAACTCTCGAGACGACG
<- Aln:   0	0	10	14	24	0	11= ->
Pattern:	1-2
#1524
P:11/100%	D:13/61.9048%
P: CCCTAGCGTAACTCTCGAGGTAGTA
<- Aln:   0	0	10	14	24	0	11= ->
P:13/72.2222%	D:11/100%
D: CCCTAGCGTAACTCTCGAGACGACG
<- Aln:   0	0	10	14	24	0	11= ->
Pattern:	1-2
#1525
P:11/100%	D:10/76.9231%
P: CCCTAGCGTAACTCTCGAGGTAGTA
<- Aln:   0	0	10	14	24	0	11= ->
P:13/61.9048%	D:14/58.3333%
No hit
<- Aln:   16	6	26	0	19	8	5=1X1=2X1=2X2=1D2=2X2=5S ->
<- Aln:   16	6	29	0	20	10	5=1X1=4D2=1X1=1I3=1X1=1X1=1X1=4S ->
Pattern:	1-0
#1526
P:11/100%	D:11/61.1111%
P: CCCTAGCGTAACTCTCGAGGTAGTA
<- Aln:   0	0	10	14	24	0	11= ->
P:10/66.6667%	D:11/100%
D: CCCTAGCGTAACTCTCGAGACGACG
<- Aln:   0	0	10	14	24	0	11= ->
Pattern:	1-2
#1527
P:11/100%	D:13/59.0909%
P: CCCTAGCGTAACTCTCGAGGTAGTA
<- Aln:   0	0	10	14	24	0	11= ->
P:8/72.7273%	D:11/100%
D: CCCTAGCGTAACTCTCGAGACGACG
<- Aln:   0	0	10	14	24	0	11= ->
Pattern:	1-2
#1528
P:12/63.1579%	D:11/91.6667%
D: CCCTAGCGTAACTCTCGAGACGACG
<- Aln:   19	0	11	14	24	1	14S7=1D4= ->
P:11/100%	D:12/60%
P: CCCTAGCGTAACTCTCGAGGTAGTA
<- Aln:   0	0	10	14	24	0	11= ->
Pattern:	2-1
#1529
P:15/68.1818%	D:11/100%
D: CCCTAGCGTAACTCTCGAGACGACG
<- Aln:   0	0	10	14	24	0	11= ->
P:11/100%	D:13/65%
P: CCCTAGCGTAACTCTCGAGGTAGTA
<- Aln:   0	0	10	14	24	0	11= ->
Pattern:	2-1
#1530
P:12/54.5455%	D:11/100%
D: CCCTAGCGTAACTCTCGAGACGACG
<- Aln:   0	0	10	14	24	0	11= ->
P:11/100%	D:8/50%
P: CCCTAGCGTAACTCTCGAGGTAGTA
<- Aln:   0	0	10	14	24	0	11= ->
Pattern:	2-1
#1531
P:16/61.5385%	D:11/100%
D: CCCTAGCGTAACTCTCGAGACGACG
<- Aln:   0	0	10	14	24	0	11= ->
P:11/100%	D:10/66.6667%
P: CCCTAGCGTAACTCTCGAGGTAGTA
<- Aln:   0	0	10	14	24	0	11= ->
Pattern:	2-1
#1532
P:12/57.1429%	D:11/100%
D: CCCTAGCGTAACTCTCGAGACGACG
<- Aln:   0	0	10	14	24	0	11= ->
P:11/100%	D:7/70%
P: CCCTAGCGTAACTCTCGAGGTAGTA
<- Aln:   0	0	10	14	24	0	11= ->
Pattern:	2-1
#1533
P:11/100%	D:9/69.2308%
P: CCCTAGCGTAACTCTCGAGGTAGTA
<- Aln:   0	0	10	14	24	0	11= ->
P:11/100%	D:11/52.381%
P: CCCTAGCGTAACTCTCGAGGTAGTA
<- Aln:   0	0	10	14	24	0	11= ->
Pattern:	1-1
#1534
P:11/100%	D:16/59.2593%
P: CCCTAGCGTAACTCTCGAGGTAGTA
<- Aln:   0	0	10	14	24	0	11= ->
P:16/57.1429%	D:11/100%
D: CCCTAGCGTAACTCTCGAGACGACG
<- Aln:   0	0	10	14	24	0	11= ->
Pattern:	1-2
#1535
P:12/66.6667%	D:11/100%
D: CCCTAGCGTAACTCTCGAGACGACG
<- Aln:   0	0	10	14	24	0	11= ->
P:11/100%	D:11/61.1111%
P: CCCTAGCGTAACTCTCGAGGTAGTA
<- Aln:   0	0	10	14	24	0	11= ->
Pattern:	2-1
#1536
P:17/58.6207%	D:11/100%
D: CCCTAGCGTAACTCTCGAGACGACG
<- Aln:   0	0	10	14	24	0	11= ->
P:11/100%	D:14/66.6667%
P: CCCTAGCGTAACTCTCGAGGTAGTA
<- Aln:   0	0	10	14	24	0	11= ->
Pattern:	2-1
#1537
P:11/100%	D:9/90%
P: CCCTAGCGTAACTCTCGAGGTAGTA
<- Aln:   0	0	10	14	24	0	11= ->
P:13/54.1667%	D:11/100%
D: CCCTAGCGTAACTCTCGAGACGACG
<- Aln:   0	0	10	14	24	0	11= ->
Pattern:	1-2
#1538
P:11/100%	D:11/61.1111%
P: CCCTAGCGTAACTCTCGAGGTAGTA
<- Aln:   0	0	10	14	24	0	11= ->
P:15/55.5556%	D:11/100%
D: CCCTAGCGTAACTCTCGAGACGACG
<- Aln:   0	0	10	14	24	0	11= ->
Pattern:	1-2
#1539
P:11/100%	D:15/62.5%
P: CCCTAGCGTAACTCTCGAGGTAGTA
<- Aln:   0	0	10	14	24	0	11= ->
P:20/54.0541%	D:11/100%
D: CCCTAGCGTAACTCTCGAGACGACG
<- Aln:   0	0	10	14	24	0	11= ->
Pattern:	1-2
#1540
P:12/66.6667%	D:11/100%
D: CCCTAGCGTAACTCTCGAGACGACG
<- Aln:   0	0	10	14	24	0	11= ->
P:12/57.1429%	D:11/100%
D: CCCTAGCGTAACTCTCGAGACGACG
<- Aln:   0	0	10	14	24	0	11= ->
Pattern:	2-2
#1541
P:9/52.9412%	D:11/100%
D: CCCTAGCGTAACTCTCGAGACGACG
<- Aln:   0	0	10	14	24	0	11= ->
P:11/100%	D:13/68.4211%
P: CCCTAGCGTAACTCTCGAGGTAGTA
<- Aln:   0	0	10	14	24	0	11= ->
Pattern:	2-1
#1542
P:11/100%	D:13/72.2222%
P: CCCTAGCGTAACTCTCGAGGTAGTA
<- Aln:   0	0	10	14	24	0	11= ->
P:15/60%	D:11/100%
D: CCCTAGCGTAACTCTCGAGACGACG
<- Aln:   0	0	10	14	24	0	11= ->
Pattern:	1-2
#1543
P:11/100%	D:13/59.0909%
P: CCCTAGCGTAACTCTCGAGGTAGTA
<- Aln:   0	0	10	14	24	0	11= ->
P:8/80%	D:11/100%
D: CCCTAGCGTAACTCTCGAGACGACG
<- Aln:   0	0	10	14	24	0	11= ->
Pattern:	1-2
#1544
P:9/64.2857%	D:11/100%
D: CCCTAGCGTAACTCTCGAGACGACG
<- Aln:   0	0	10	14	24	0	11= ->
P:11/100%	D:10/66.6667%
P: CCCTAGCGTAACTCTCGAGGTAGTA
<- Aln:   0	0	10	14	24	0	11= ->
Pattern:	2-1
#1545
P:14/58.3333%	D:11/100%
D: CCCTAGCGTAACTCTCGAGACGACG
<- Aln:   0	0	10	14	24	0	11= ->
P:10/100%	D:12/60%
P: CCCTAGCGTAACTCTCGAGGTAGTA
<- Aln:   20	0	9	14	23	0	14S10=1S ->
Pattern:	2-1
#1546
P:11/100%	D:11/57.8947%
P: CCCTAGCGTAACTCTCGAGGTAGTA
<- Aln:   0	0	10	14	24	0	11= ->
P:14/58.3333%	D:11/100%
D: CCCTAGCGTAACTCTCGAGACGACG
<- Aln:   0	0	10	14	24	0	11= ->
Pattern:	1-2
#1547
P:11/100%	D:12/60%
P: CCCTAGCGTAACTCTCGAGGTAGTA
<- Aln:   0	0	10	14	24	0	11= ->
P:11/73.3333%	D:11/100%
D: CCCTAGCGTAACTCTCGAGACGACG
<- Aln:   0	0	10	14	24	0	11= ->
Pattern:	1-2
#1548
P:11/100%	D:11/73.3333%
P: CCCTAGCGTAACTCTCGAGGTAGTA
<- Aln:   0	0	10	14	24	0	11= ->
P:11/68.75%	D:11/100%
D: CCCTAGCGTAACTCTCGAGACGACG
<- Aln:   0	0	10	14	24	0	11= ->
Pattern:	1-2
#1549
P:11/73.3333%	D:11/100%
D: CCCTAGCGTAACTCTCGAGACGACG
<- Aln:   0	0	10	14	24	0	11= ->
P:11/100%	D:10/76.9231%
P: CCCTAGCGTAACTCTCGAGGTAGTA
<- Aln:   0	0	10	14	24	0	11= ->
Pattern:	2-1
#1550
P:11/100%	D:11/64.7059%
P: CCCTAGCGTAACTCTCGAGGTAGTA
<- Aln:   0	0	10	14	24	0	11= ->
P:10/55.5556%	D:11/100%
D: CCCTAGCGTAACTCTCGAGACGACG
<- Aln:   0	0	10	14	24	0	11= ->
Pattern:	1-2
#1551
P:17/100%	D:23/100%
D: CCCTAGCGTAACTCTCGAGACGACG
<- Aln:   46	0	22	2	24	0	2S23= ->
P:11/100%	D:12/60%
P: CCCTAGCGTAACTCTCGAGGTAGTA
<- Aln:   0	0	10	14	24	0	11= ->
Pattern:	2-1
#1552
P:19/63.3333%	D:11/100%
D: CCCTAGCGTAACTCTCGAGACGACG
<- Aln:   0	0	10	14	24	0	11= ->
P:11/100%	D:12/60%
P: CCCTAGCGTAACTCTCGAGGTAGTA
<- Aln:   0	0	10	14	24	0	11= ->
Pattern:	2-1
#1553
P:11/100%	D:11/55%
P: CCCTAGCGTAACTCTCGAGGTAGTA
<- Aln:   0	0	10	14	24	0	11= ->
P:17/100%	D:23/100%
D: CCCTAGCGTAACTCTCGAGACGACG
<- Aln:   46	0	22	2	24	0	2S23= ->
Pattern:	1-2
#1554
P:11/64.7059%	D:11/100%
D: CCCTAGCGTAACTCTCGAGACGACG
<- Aln:   0	0	10	14	24	0	11= ->
P:11/100%	D:14/66.6667%
P: CCCTAGCGTAACTCTCGAGGTAGTA
<- Aln:   0	0	10	14	24	0	11= ->
Pattern:	2-1
#1555
P:11/100%	D:11/55%
P: CCCTAGCGTAACTCTCGAGGTAGTA
<- Aln:   0	0	10	14	24	0	11= ->
P:9/69.2308%	D:11/100%
D: CCCTAGCGTAACTCTCGAGACGACG
<- Aln:   0	0	10	14	24	0	11= ->
Pattern:	1-2
#1556
P:9/64.2857%	D:11/100%
D: CCCTAGCGTAACTCTCGAGACGACG
<- Aln:   0	0	10	14	24	0	11= ->
P:11/100%	D:12/54.5455%
P: CCCTAGCGTAACTCTCGAGGTAGTA
<- Aln:   0	0	10	14	24	0	11= ->
Pattern:	2-1
#1557
P:9/100%	D:13/59.0909%
No hit
<- Aln:   18	0	8	14	22	0	14S9=2S ->
<- Aln:   15	1	22	2	23	9	2S1=1X2=1I3=2X1=1D2=2X3=2X2=1S ->
P:5/100%	D:11/100%
D: CCCTAGCGTAACTCTCGAGACGACG
<- Aln:   0	0	10	14	24	0	11= ->
Pattern:	0-2
#1558
P:15/57.6923%	D:11/100%
D: CCCTAGCGTAACTCTCGAGACGACG
<- Aln:   0	0	10	14	24	0	11= ->
P:11/100%	D:13/59.0909%
P: CCCTAGCGTAACTCTCGAGGTAGTA
<- Aln:   0	0	10	14	24	0	11= ->
Pattern:	2-1
#1559
P:11/100%	D:12/66.6667%
P: CCCTAGCGTAACTCTCGAGGTAGTA
<- Aln:   0	0	10	14	24	0	11= ->
P:12/54.5455%	D:7/70%
No hit
<- Aln:   12	1	22	6	22	10	6S2=2X2=1D1X1=2D1=1X2=2D2=1X2=2S ->
<- Aln:   14	1	10	15	24	3	15S2=2X3=1X2= ->
Pattern:	1-0
#1560
P:11/100%	D:10/83.3333%
P: CCCTAGCGTAACTCTCGAGGTAGTA
<- Aln:   0	0	10	14	24	0	11= ->
P:10/55.5556%	D:11/100%
D: CCCTAGCGTAACTCTCGAGACGACG
<- Aln:   0	0	10	14	24	0	11= ->
Pattern:	1-2
#1561
P:7/77.7778%	D:11/100%
D: CCCTAGCGTAACTCTCGAGACGACG
<- Aln:   0	0	10	14	24	0	11= ->
P:9/90%	D:8/66.6667%
P: CCCTAGCGTAACTCTCGAGGTAGTA
<- Aln:   18	1	10	15	24	1	15S7=1X2= ->
Pattern:	2-1
#1562
P:12/57.1429%	D:11/100%
D: CCCTAGCGTAACTCTCGAGACGACG
<- Aln:   0	0	10	14	24	0	11= ->
P:10/58.8235%	D:10/50%
No hit
<- Aln:   13	43	59	4	19	7	4S1=1X1=1D1=1X1=2X3=2X3=5S ->
<- Aln:   11	17	36	7	24	10	7S1=1X1=1X1=1X1=2D1=3X3=1X1=1X1= ->
Pattern:	2-0
#1563
P:11/100%	D:12/60%
P: CCCTAGCGTAACTCTCGAGGTAGTA
<- Aln:   0	0	10	14	24	0	11= ->
P:7/70%	D:7/77.7778%
No hit
<- Aln:   11	3	12	0	10	3	4=1X1=1I2=1X1=14S ->
<- Aln:   12	10	18	14	22	2	14S2=1X3=1X2=2S ->
Pattern:	1-0
#1564
P:11/100%	D:16/64%
P: CCCTAGCGTAACTCTCGAGGTAGTA
<- Aln:   0	0	10	14	24	0	11= ->
P:11/57.8947%	D:11/100%
D: CCCTAGCGTAACTCTCGAGACGACG
<- Aln:   0	0	10	14	24	0	11= ->
Pattern:	1-2
#1565
P:11/100%	D:10/58.8235%
P: CCCTAGCGTAACTCTCGAGGTAGTA
<- Aln:   0	0	10	14	24	0	11= ->
P:9/45%	D:9/90%
D: CCCTAGCGTAACTCTCGAGACGACG
<- Aln:   18	1	10	15	24	1	15S7=1X2= ->
Pattern:	1-2
#1566
P:9/60%	D:11/100%
D: CCCTAGCGTAACTCTCGAGACGACG
<- Aln:   0	0	10	14	24	0	11= ->
P:11/100%	D:14/58.3333%
P: CCCTAGCGTAACTCTCGAGGTAGTA
<- Aln:   0	0	10	14	24	0	11= ->
Pattern:	2-1
#1567
P:16/59.2593%	D:11/100%
D: CCCTAGCGTAACTCTCGAGACGACG
<- Aln:   0	0	10	14	24	0	11= ->
P:11/100%	D:12/52.1739%
P: CCCTAGCGTAACTCTCGAGGTAGTA
<- Aln:   0	0	10	14	24	0	11= ->
Pattern:	2-1
#1568
P:12/57.1429%	D:10/100%
D: CCCTAGCGTAACTCTCGAGACGACG
<- Aln:   20	0	9	15	24	0	15S10= ->
P:11/100%	D:14/60.8696%
P: CCCTAGCGTAACTCTCGAGGTAGTA
<- Aln:   0	0	10	14	24	0	11= ->
Pattern:	2-1
#1569
P:10/50%	D:11/100%
D: CCCTAGCGTAACTCTCGAGACGACG
<- Aln:   0	0	10	14	24	0	11= ->
P:10/41.6667%	D:9/45%
No hit
<- Aln:   14	13	36	0	23	14	1=1X1=1X1=3X2=4X1=2X2=2X1=1X1=1S ->
<- Aln:   13	13	32	0	19	11	1=1X1=1X1=3X2=4X1=2X3=5S ->
Pattern:	2-0
#1570
P:13/59.0909%	D:10/100%
D: CCCTAGCGTAACTCTCGAGACGACG
<- Aln:   20	0	9	14	23	0	14S10=1S ->
P:12/52.1739%	D:12/44.4444%
No hit
<- Aln:   13	9	31	3	24	11	3S2=1I1=1X1=1X1D1=1X2=1X1=1D2X1=1X2=1X2= ->
<- Aln:   11	19	45	1	24	15	1S1=2X1=2X2=1X1=1X1=2D1X1=1X1=1D1=1X1=2X1=1X1= ->
Pattern:	2-0
#1571
P:11/100%	D:13/56.5217%
P: CCCTAGCGTAACTCTCGAGGTAGTA
<- Aln:   0	0	10	14	24	0	11= ->
P:9/45%	D:6/66.6667%
No hit
<- Aln:   9	35	54	3	21	11	3S1=1X1=2X2=1D2X1=4X3=1X1=3S ->
<- Aln:   12	2	10	16	24	3	16S1=2X3=1X2= ->
Pattern:	1-0
#1572
P:11/100%	D:13/59.0909%
P: CCCTAGCGTAACTCTCGAGGTAGTA
<- Aln:   0	0	10	14	24	0	11= ->
P:13/65%	D:11/100%
D: CCCTAGCGTAACTCTCGAGACGACG
<- Aln:   0	0	10	14	24	0	11= ->
Pattern:	1-2
#1573
P:7/77.7778%	D:11/100%
D: CCCTAGCGTAACTCTCGAGACGACG
<- Aln:   0	0	10	14	24	0	11= ->
P:11/100%	D:12/63.1579%
P: CCCTAGCGTAACTCTCGAGGTAGTA
<- Aln:   0	0	10	14	24	0	11= ->
Pattern:	2-1
#1574
P:12/60%	D:11/100%
D: CCCTAGCGTAACTCTCGAGACGACG
<- Aln:   0	0	10	14	24	0	11= ->
P:11/100%	D:13/61.9048%
P: CCCTAGCGTAACTCTCGAGGTAGTA
<- Aln:   0	0	10	14	24	0	11= ->
Pattern:	2-1
#1575
P:8/80%	D:11/100%
D: CCCTAGCGTAACTCTCGAGACGACG
<- Aln:   0	0	10	14	24	0	11= ->
P:11/100%	D:11/73.3333%
P: CCCTAGCGTAACTCTCGAGGTAGTA
<- Aln:   0	0	10	14	24	0	11= ->
Pattern:	2-1
#1576
P:11/100%	D:12/75%
P: CCCTAGCGTAACTCTCGAGGTAGTA
<- Aln:   0	0	10	14	24	0	11= ->
P:15/60%	D:11/100%
D: CCCTAGCGTAACTCTCGAGACGACG
<- Aln:   0	0	10	14	24	0	11= ->
Pattern:	1-2
#1577
P:14/63.6364%	D:11/100%
D: CCCTAGCGTAACTCTCGAGACGACG
<- Aln:   0	0	10	14	24	0	11= ->
P:11/100%	D:12/66.6667%
P: CCCTAGCGTAACTCTCGAGGTAGTA
<- Aln:   0	0	10	14	24	0	11= ->
Pattern:	2-1
#1578
P:12/66.6667%	D:11/100%
D: CCCTAGCGTAACTCTCGAGACGACG
<- Aln:   0	0	10	14	24	0	11= ->
P:11/100%	D:15/60%
P: CCCTAGCGTAACTCTCGAGGTAGTA
<- Aln:   0	0	10	14	24	0	11= ->
Pattern:	2-1
#1579
P:11/100%	D:8/66.6667%
P: CCCTAGCGTAACTCTCGAGGTAGTA
<- Aln:   0	0	10	14	24	0	11= ->
P:14/70%	D:11/100%
D: CCCTAGCGTAACTCTCGAGACGACG
<- Aln:   0	0	10	14	24	0	11= ->
Pattern:	1-2
#1580
P:11/100%	D:15/65.2174%
P: CCCTAGCGTAACTCTCGAGGTAGTA
<- Aln:   0	0	10	14	24	0	11= ->
P:14/60.8696%	D:11/100%
D: CCCTAGCGTAACTCTCGAGACGACG
<- Aln:   0	0	10	14	24	0	11= ->
Pattern:	1-2
#1581
P:14/60.8696%	D:11/100%
D: CCCTAGCGTAACTCTCGAGACGACG
<- Aln:   0	0	10	14	24	0	11= ->
P:11/100%	D:10/71.4286%
P: CCCTAGCGTAACTCTCGAGGTAGTA
<- Aln:   0	0	10	14	24	0	11= ->
Pattern:	2-1
#1582
P:10/71.4286%	D:13/72.2222%
No hit
<- Aln:   16	6	19	4	18	4	4S2=1X1=1X5=1I1=1X2=6S ->
<- Aln:   21	6	23	4	23	5	4S2=1X1=1X5=1I1=1X4=1I2=1S ->
P:11/100%	D:10/62.5%
P: CCCTAGCGTAACTCTCGAGGTAGTA
<- Aln:   0	0	10	14	24	0	11= ->
Pattern:	0-1
#1583
P:11/100%	D:11/68.75%
P: CCCTAGCGTAACTCTCGAGGTAGTA
<- Aln:   0	0	10	14	24	0	11= ->
P:11/100%	D:10/66.6667%
P: CCCTAGCGTAACTCTCGAGGTAGTA
<- Aln:   0	0	10	14	24	0	11= ->
Pattern:	1-1
#1584
P:11/100%	D:8/57.1429%
P: CCCTAGCGTAACTCTCGAGGTAGTA
<- Aln:   0	0	10	14	24	0	11= ->
P:11/57.8947%	D:11/100%
D: CCCTAGCGTAACTCTCGAGACGACG
<- Aln:   0	0	10	14	24	0	11= ->
Pattern:	1-2
#1585
P:11/100%	D:12/54.5455%
P: CCCTAGCGTAACTCTCGAGGTAGTA
<- Aln:   0	0	10	14	24	0	11= ->
P:9/64.2857%	D:11/100%
D: CCCTAGCGTAACTCTCGAGACGACG
<- Aln:   0	0	10	14	24	0	11= ->
Pattern:	1-2
#1586
P:12/66.6667%	D:11/100%
D: CCCTAGCGTAACTCTCGAGACGACG
<- Aln:   0	0	10	14	24	0	11= ->
P:11/100%	D:12/63.1579%
P: CCCTAGCGTAACTCTCGAGGTAGTA
<- Aln:   0	0	10	14	24	0	11= ->
Pattern:	2-1
#1587
P:13/68.4211%	D:11/100%
D: CCCTAGCGTAACTCTCGAGACGACG
<- Aln:   0	0	10	14	24	0	11= ->
P:11/100%	D:6/85.7143%
P: CCCTAGCGTAACTCTCGAGGTAGTA
<- Aln:   0	0	10	14	24	0	11= ->
Pattern:	2-1
#1588
P:11/100%	D:12/63.1579%
P: CCCTAGCGTAACTCTCGAGGTAGTA
<- Aln:   0	0	10	14	24	0	11= ->
P:13/59.0909%	D:11/100%
D: CCCTAGCGTAACTCTCGAGACGACG
<- Aln:   0	0	10	14	24	0	11= ->
Pattern:	1-2
#1589
P:11/64.7059%	D:11/100%
D: CCCTAGCGTAACTCTCGAGACGACG
<- Aln:   0	0	10	14	24	0	11= ->
P:11/100%	D:12/70.5882%
P: CCCTAGCGTAACTCTCGAGGTAGTA
<- Aln:   0	0	10	14	24	0	11= ->
Pattern:	2-1
#1590
P:11/100%	D:14/63.6364%
P: CCCTAGCGTAACTCTCGAGGTAGTA
<- Aln:   0	0	10	14	24	0	11= ->
P:17/100%	D:21/100%
No hit
<- Aln:   34	0	16	2	18	0	2S17=6S ->
<- Aln:   42	0	20	2	22	0	2S21=2S ->
Pattern:	1-0
#1591
P:11/100%	D:12/57.1429%
P: CCCTAGCGTAACTCTCGAGGTAGTA
<- Aln:   0	0	10	14	24	0	11= ->
P:10/58.8235%	D:11/100%
D: CCCTAGCGTAACTCTCGAGACGACG
<- Aln:   0	0	10	14	24	0	11= ->
Pattern:	1-2
#1592
P:14/60.8696%	D:11/100%
D: CCCTAGCGTAACTCTCGAGACGACG
<- Aln:   0	0	10	14	24	0	11= ->
P:10/100%	D:12/63.1579%
P: CCCTAGCGTAACTCTCGAGGTAGTA
<- Aln:   20	0	9	14	23	0	14S10=1S ->
Pattern:	2-1
#1593
P:11/100%	D:5/100%
P: CCCTAGCGTAACTCTCGAGGTAGTA
<- Aln:   0	0	10	14	24	0	11= ->
P:7/70%	D:11/100%
D: CCCTAGCGTAACTCTCGAGACGACG
<- Aln:   0	0	10	14	24	0	11= ->
Pattern:	1-2
#1594
P:10/55.5556%	D:11/100%
D: CCCTAGCGTAACTCTCGAGACGACG
<- Aln:   0	0	10	14	24	0	11= ->
P:11/100%	D:13/65%
P: CCCTAGCGTAACTCTCGAGGTAGTA
<- Aln:   0	0	10	14	24	0	11= ->
Pattern:	2-1
#1595
P:11/100%	D:8/50%
P: CCCTAGCGTAACTCTCGAGGTAGTA
<- Aln:   0	0	10	14	24	0	11= ->
P:12/63.1579%	D:11/100%
D: CCCTAGCGTAACTCTCGAGACGACG
<- Aln:   0	0	10	14	24	0	11= ->
Pattern:	1-2
#1596
P:14/58.3333%	D:11/100%
D: CCCTAGCGTAACTCTCGAGACGACG
<- Aln:   0	0	10	14	24	0	11= ->
P:15/62.5%	D:12/63.1579%
No hit
<- Aln:   19	1	24	2	24	9	2S1=1X2=1I4=1X1=3D3=1I1=1X3=1X2= ->
<- Aln:   15	1	19	2	18	7	2S1=1X2=1I4=1X1=3D3=1X2=6S ->
Pattern:	2-0
#1597
P:11/100%	D:12/66.6667%
P: CCCTAGCGTAACTCTCGAGGTAGTA
<- Aln:   0	0	10	14	24	0	11= ->
P:9/81.8182%	D:11/100%
D: CCCTAGCGTAACTCTCGAGACGACG
<- Aln:   0	0	10	14	24	0	11= ->
Pattern:	1-2
#1598
P:14/66.6667%	D:11/100%
D: CCCTAGCGTAACTCTCGAGACGACG
<- Aln:   0	0	10	14	24	0	11= ->
P:11/100%	D:10/66.6667%
P: CCCTAGCGTAACTCTCGAGGTAGTA
<- Aln:   0	0	10	14	24	0	11= ->
Pattern:	2-1
#1599
P:9/60%	D:11/100%
D: CCCTAGCGTAACTCTCGAGACGACG
<- Aln:   0	0	10	14	24	0	11= ->
P:11/100%	D:12/60%
P: CCCTAGCGTAACTCTCGAGGTAGTA
<- Aln:   0	0	10	14	24	0	11= ->
Pattern:	2-1
#1600
P:11/100%	D:11/68.75%
P: CCCTAGCGTAACTCTCGAGGTAGTA
<- Aln:   0	0	10	14	24	0	11= ->
P:13/56.5217%	D:11/100%
D: CCCTAGCGTAACTCTCGAGACGACG
<- Aln:   0	0	10	14	24	0	11= ->
Pattern:	1-2
#1601
P:11/64.7059%	D:11/100%
D: CCCTAGCGTAACTCTCGAGACGACG
<- Aln:   0	0	10	14	24	0	11= ->
P:11/100%	D:13/65%
P: CCCTAGCGTAACTCTCGAGGTAGTA
<- Aln:   0	0	10	14	24	0	11= ->
Pattern:	2-1
#1602
P:25/100%	D:19/100%
P: CCCTAGCGTAACTCTCGAGGTAGTA
<- Aln:   0	0	24	0	24	0	25= ->
P:17/100%	D:22/95.6522%
D: CCCTAGCGTAACTCTCGAGACGACG
<- Aln:   43	0	22	2	24	1	2S18=1X4= ->
Pattern:	1-2
#1603
P:11/100%	D:14/63.6364%
P: CCCTAGCGTAACTCTCGAGGTAGTA
<- Aln:   0	0	10	14	24	0	11= ->
P:12/52.1739%	D:11/100%
D: CCCTAGCGTAACTCTCGAGACGACG
<- Aln:   0	0	10	14	24	0	11= ->
Pattern:	1-2
#1604
P:11/100%	D:8/72.7273%
P: CCCTAGCGTAACTCTCGAGGTAGTA
<- Aln:   0	0	10	14	24	0	11= ->
P:12/60%	D:11/100%
D: CCCTAGCGTAACTCTCGAGACGACG
<- Aln:   0	0	10	14	24	0	11= ->
Pattern:	1-2
#1605
P:17/94.4444%	D:23/95.8333%
D: CCCTAGCGTAACTCTCGAGACGACG
<- Aln:   43	0	23	2	24	1	2S14=1D9= ->
P:11/100%	D:10/55.5556%
P: CCCTAGCGTAACTCTCGAGGTAGTA
<- Aln:   0	0	10	14	24	0	11= ->
Pattern:	2-1
#1606
P:13/54.1667%	D:11/100%
D: CCCTAGCGTAACTCTCGAGACGACG
<- Aln:   0	0	10	14	24	0	11= ->
P:11/57.8947%	D:11/100%
D: CCCTAGCGTAACTCTCGAGACGACG
<- Aln:   0	0	10	14	24	0	11= ->
Pattern:	2-2
#1607
P:12/57.1429%	D:11/100%
D: CCCTAGCGTAACTCTCGAGACGACG
<- Aln:   0	0	10	14	24	0	11= ->
P:11/100%	D:14/56%
P: CCCTAGCGTAACTCTCGAGGTAGTA
<- Aln:   0	0	10	14	24	0	11= ->
Pattern:	2-1
#1608
P:11/100%	D:9/69.2308%
P: CCCTAGCGTAACTCTCGAGGTAGTA
<- Aln:   0	0	10	14	24	0	11= ->
P:9/75%	D:11/100%
D: CCCTAGCGTAACTCTCGAGACGACG
<- Aln:   0	0	10	14	24	0	11= ->
Pattern:	1-2
#1609
P:11/100%	D:10/52.6316%
P: CCCTAGCGTAACTCTCGAGGTAGTA
<- Aln:   0	0	10	14	24	0	11= ->
P:16/59.2593%	D:11/100%
D: CCCTAGCGTAACTCTCGAGACGACG
<- Aln:   0	0	10	14	24	0	11= ->
Pattern:	1-2
#1610
P:14/70%	D:11/100%
D: CCCTAGCGTAACTCTCGAGACGACG
<- Aln:   0	0	10	14	24	0	11= ->
P:11/100%	D:16/61.5385%
P: CCCTAGCGTAACTCTCGAGGTAGTA
<- Aln:   0	0	10	14	24	0	11= ->
Pattern:	2-1
#1611
P:13/59.0909%	D:11/100%
D: CCCTAGCGTAACTCTCGAGACGACG
<- Aln:   0	0	10	14	24	0	11= ->
P:11/57.8947%	D:11/100%
D: CCCTAGCGTAACTCTCGAGACGACG
<- Aln:   0	0	10	14	24	0	11= ->
Pattern:	2-2
#1612
P:13/56.5217%	D:11/100%
D: CCCTAGCGTAACTCTCGAGACGACG
<- Aln:   0	0	10	14	24	0	11= ->
P:9/100%	D:14/58.3333%
No hit
<- Aln:   18	0	8	14	22	0	14S9=2S ->
<- Aln:   14	14	37	1	23	10	1S2=1X1=2D2=1D2=1X2=1I2=1I3=3X2=1S ->
Pattern:	2-0
#1613
P:17/100%	D:23/100%
D: CCCTAGCGTAACTCTCGAGACGACG
<- Aln:   46	0	22	2	24	0	2S23= ->
P:11/100%	D:9/60%
P: CCCTAGCGTAACTCTCGAGGTAGTA
<- Aln:   0	0	10	14	24	0	11= ->
Pattern:	2-1
#1614
P:9/81.8182%	D:11/100%
D: CCCTAGCGTAACTCTCGAGACGACG
<- Aln:   0	0	10	14	24	0	11= ->
P:11/100%	D:12/66.6667%
P: CCCTAGCGTAACTCTCGAGGTAGTA
<- Aln:   0	0	10	14	24	0	11= ->
Pattern:	2-1
#1615
P:11/100%	D:10/58.8235%
P: CCCTAGCGTAACTCTCGAGGTAGTA
<- Aln:   0	0	10	14	24	0	11= ->
P:11/55%	D:11/100%
D: CCCTAGCGTAACTCTCGAGACGACG
<- Aln:   0	0	10	14	24	0	11= ->
Pattern:	1-2
#1616
P:16/59.2593%	D:11/100%
D: CCCTAGCGTAACTCTCGAGACGACG
<- Aln:   0	0	10	14	24	0	11= ->
P:10/100%	D:13/65%
P: CCCTAGCGTAACTCTCGAGGTAGTA
<- Aln:   20	0	9	14	23	0	14S10=1S ->
Pattern:	2-1
#1617
P:11/100%	D:11/64.7059%
P: CCCTAGCGTAACTCTCGAGGTAGTA
<- Aln:   0	0	10	14	24	0	11= ->
P:13/65%	D:11/100%
D: CCCTAGCGTAACTCTCGAGACGACG
<- Aln:   0	0	10	14	24	0	11= ->
Pattern:	1-2
#1618
P:11/100%	D:14/63.6364%
P: CCCTAGCGTAACTCTCGAGGTAGTA
<- Aln:   0	0	10	14	24	0	11= ->
P:13/56.5217%	D:11/100%
D: CCCTAGCGTAACTCTCGAGACGACG
<- Aln:   0	0	10	14	24	0	11= ->
Pattern:	1-2
#1619
P:11/100%	D:13/65%
P: CCCTAGCGTAACTCTCGAGGTAGTA
<- Aln:   0	0	10	14	24	0	11= ->
P:11/100%	D:11/64.7059%
P: CCCTAGCGTAACTCTCGAGGTAGTA
<- Aln:   0	0	10	14	24	0	11= ->
Pattern:	1-1
#1620
P:11/100%	D:13/61.9048%
P: CCCTAGCGTAACTCTCGAGGTAGTA
<- Aln:   0	0	10	14	24	0	11= ->
P:12/57.1429%	D:11/100%
D: CCCTAGCGTAACTCTCGAGACGACG
<- Aln:   0	0	10	14	24	0	11= ->
Pattern:	1-2
#1621
P:20/58.8235%	D:11/100%
D: CCCTAGCGTAACTCTCGAGACGACG
<- Aln:   0	0	10	14	24	0	11= ->
P:11/100%	D:11/78.5714%
P: CCCTAGCGTAACTCTCGAGGTAGTA
<- Aln:   0	0	10	14	24	0	11= ->
Pattern:	2-1
#1622
P:9/64.2857%	D:11/100%
D: CCCTAGCGTAACTCTCGAGACGACG
<- Aln:   0	0	10	14	24	0	11= ->
P:13/72.2222%	D:13/61.9048%
No hit
<- Aln:   25	30	47	0	21	5	4=3I2=1X6=1I5=3S ->
<- Aln:   20	30	50	0	23	8	4=3I2=1X6=1D1=2X2=1I2=1S ->
Pattern:	2-0
#1623
P:11/100%	D:12/66.6667%
P: CCCTAGCGTAACTCTCGAGGTAGTA
<- Aln:   0	0	10	14	24	0	11= ->
P:11/55%	D:11/100%
D: CCCTAGCGTAACTCTCGAGACGACG
<- Aln:   0	0	10	14	24	0	11= ->
Pattern:	1-2
#1624
P:14/66.6667%	D:11/100%
D: CCCTAGCGTAACTCTCGAGACGACG
<- Aln:   0	0	10	14	24	0	11= ->
P:10/100%	D:10/66.6667%
P: CCCTAGCGTAACTCTCGAGGTAGTA
<- Aln:   20	0	9	14	23	0	14S10=1S ->
Pattern:	2-1
#1625
P:13/76.4706%	D:11/100%
D: CCCTAGCGTAACTCTCGAGACGACG
<- Aln:   0	0	10	14	24	0	11= ->
P:11/100%	D:8/80%
P: CCCTAGCGTAACTCTCGAGGTAGTA
<- Aln:   0	0	10	14	24	0	11= ->
Pattern:	2-1
#1626
P:11/100%	D:11/64.7059%
P: CCCTAGCGTAACTCTCGAGGTAGTA
<- Aln:   0	0	10	14	24	0	11= ->
P:12/60%	D:11/100%
D: CCCTAGCGTAACTCTCGAGACGACG
<- Aln:   0	0	10	14	24	0	11= ->
Pattern:	1-2
#1627
P:11/100%	D:10/66.6667%
P: CCCTAGCGTAACTCTCGAGGTAGTA
<- Aln:   0	0	10	14	24	0	11= ->
P:10/58.8235%	D:11/100%
D: CCCTAGCGTAACTCTCGAGACGACG
<- Aln:   0	0	10	14	24	0	11= ->
Pattern:	1-2
#1628
P:14/58.3333%	D:11/100%
D: CCCTAGCGTAACTCTCGAGACGACG
<- Aln:   0	0	10	14	24	0	11= ->
P:11/100%	D:13/65%
P: CCCTAGCGTAACTCTCGAGGTAGTA
<- Aln:   0	0	10	14	24	0	11= ->
Pattern:	2-1
#1629
P:11/100%	D:12/54.5455%
P: CCCTAGCGTAACTCTCGAGGTAGTA
<- Aln:   0	0	10	14	24	0	11= ->
P:15/60%	D:11/100%
D: CCCTAGCGTAACTCTCGAGACGACG
<- Aln:   0	0	10	14	24	0	11= ->
Pattern:	1-2
#1630
P:16/66.6667%	D:11/100%
D: CCCTAGCGTAACTCTCGAGACGACG
<- Aln:   0	0	10	14	24	0	11= ->
P:11/100%	D:11/68.75%
P: CCCTAGCGTAACTCTCGAGGTAGTA
<- Aln:   0	0	10	14	24	0	11= ->
Pattern:	2-1
#1631
P:11/100%	D:9/81.8182%
P: CCCTAGCGTAACTCTCGAGGTAGTA
<- Aln:   0	0	10	14	24	0	11= ->
P:12/60%	D:11/100%
D: CCCTAGCGTAACTCTCGAGACGACG
<- Aln:   0	0	10	14	24	0	11= ->
Pattern:	1-2
#1632
P:11/100%	D:11/64.7059%
P: CCCTAGCGTAACTCTCGAGGTAGTA
<- Aln:   0	0	10	14	24	0	11= ->
P:11/61.1111%	D:11/100%
D: CCCTAGCGTAACTCTCGAGACGACG
<- Aln:   0	0	10	14	24	0	11= ->
Pattern:	1-2
#1633
P:11/100%	D:11/61.1111%
P: CCCTAGCGTAACTCTCGAGGTAGTA
<- Aln:   0	0	10	14	24	0	11= ->
P:8/72.7273%	D:11/100%
D: CCCTAGCGTAACTCTCGAGACGACG
<- Aln:   0	0	10	14	24	0	11= ->
Pattern:	1-2
#1634
P:21/84%	D:23/100%
D: CCCTAGCGTAACTCTCGAGACGACG
<- Aln:   46	0	22	2	24	0	2S23= ->
P:11/100%	D:11/68.75%
P: CCCTAGCGTAACTCTCGAGGTAGTA
<- Aln:   0	0	10	14	24	0	11= ->
Pattern:	2-1
#1635
P:16/57.1429%	D:11/100%
D: CCCTAGCGTAACTCTCGAGACGACG
<- Aln:   0	0	10	14	24	0	11= ->
P:11/100%	D:9/69.2308%
P: CCCTAGCGTAACTCTCGAGGTAGTA
<- Aln:   0	0	10	14	24	0	11= ->
Pattern:	2-1
#1636
P:11/61.1111%	D:11/100%
D: CCCTAGCGTAACTCTCGAGACGACG
<- Aln:   0	0	10	14	24	0	11= ->
P:11/100%	D:12/66.6667%
P: CCCTAGCGTAACTCTCGAGGTAGTA
<- Aln:   0	0	10	14	24	0	11= ->
Pattern:	2-1
#1637
P:11/100%	D:9/69.2308%
P: CCCTAGCGTAACTCTCGAGGTAGTA
<- Aln:   0	0	10	14	24	0	11= ->
P:12/70.5882%	D:11/100%
D: CCCTAGCGTAACTCTCGAGACGACG
<- Aln:   0	0	10	14	24	0	11= ->
Pattern:	1-2
#1638
P:11/100%	D:10/62.5%
P: CCCTAGCGTAACTCTCGAGGTAGTA
<- Aln:   0	0	10	14	24	0	11= ->
P:15/57.6923%	D:11/100%
D: CCCTAGCGTAACTCTCGAGACGACG
<- Aln:   0	0	10	14	24	0	11= ->
Pattern:	1-2
#1639
P:8/47.0588%	D:11/100%
D: CCCTAGCGTAACTCTCGAGACGACG
<- Aln:   0	0	10	14	24	0	11= ->
P:11/100%	D:13/65%
P: CCCTAGCGTAACTCTCGAGGTAGTA
<- Aln:   0	0	10	14	24	0	11= ->
Pattern:	2-1
#1640
P:12/60%	D:11/100%
D: CCCTAGCGTAACTCTCGAGACGACG
<- Aln:   0	0	10	14	24	0	11= ->
P:11/100%	D:12/75%
P: CCCTAGCGTAACTCTCGAGGTAGTA
<- Aln:   0	0	10	14	24	0	11= ->
Pattern:	2-1
#1641
P:11/100%	D:13/61.9048%
P: CCCTAGCGTAACTCTCGAGGTAGTA
<- Aln:   0	0	10	14	24	0	11= ->
P:12/60%	D:11/100%
D: CCCTAGCGTAACTCTCGAGACGACG
<- Aln:   0	0	10	14	24	0	11= ->
Pattern:	1-2
#1642
P:17/100%	D:23/100%
D: CCCTAGCGTAACTCTCGAGACGACG
<- Aln:   46	0	22	2	24	0	2S23= ->
P:11/100%	D:9/64.2857%
P: CCCTAGCGTAACTCTCGAGGTAGTA
<- Aln:   0	0	10	14	24	0	11= ->
Pattern:	2-1
#1643
P:11/55%	D:11/100%
D: CCCTAGCGTAACTCTCGAGACGACG
<- Aln:   0	0	10	14	24	0	11= ->
P:11/100%	D:7/58.3333%
P: CCCTAGCGTAACTCTCGAGGTAGTA
<- Aln:   0	0	10	14	24	0	11= ->
Pattern:	2-1
#1644
P:11/100%	D:11/61.1111%
P: CCCTAGCGTAACTCTCGAGGTAGTA
<- Aln:   0	0	10	14	24	0	11= ->
P:9/64.2857%	D:11/100%
D: CCCTAGCGTAACTCTCGAGACGACG
<- Aln:   0	0	10	14	24	0	11= ->
Pattern:	1-2
#1645
P:10/58.8235%	D:11/100%
D: CCCTAGCGTAACTCTCGAGACGACG
<- Aln:   0	0	10	14	24	0	11= ->
P:10/100%	D:10/52.6316%
P: CCCTAGCGTAACTCTCGAGGTAGTA
<- Aln:   20	0	9	14	23	0	14S10=1S ->
Pattern:	2-1
#1646
P:11/100%	D:13/76.4706%
P: CCCTAGCGTAACTCTCGAGGTAGTA
<- Aln:   0	0	10	14	24	0	11= ->
P:14/58.3333%	D:11/100%
D: CCCTAGCGTAACTCTCGAGACGACG
<- Aln:   0	0	10	14	24	0	11= ->
Pattern:	1-2
#1647
P:15/55.5556%	D:11/100%
D: CCCTAGCGTAACTCTCGAGACGACG
<- Aln:   0	0	10	14	24	0	11= ->
P:11/100%	D:16/64%
P: CCCTAGCGTAACTCTCGAGGTAGTA
<- Aln:   0	0	10	14	24	0	11= ->
Pattern:	2-1
#1648
P:14/60.8696%	D:16/66.6667%
No hit
<- Aln:   19	37	59	1	24	9	1S6=2X3=2D1X3=1I1=2I3=1X1= ->
<- Aln:   20	37	60	1	21	8	1S6=2X3=2D1X3=1D1X3=1X1=3S ->
P:11/100%	D:9/60%
P: CCCTAGCGTAACTCTCGAGGTAGTA
<- Aln:   0	0	10	14	24	0	11= ->
Pattern:	0-1
#1649
P:11/100%	D:10/66.6667%
P: CCCTAGCGTAACTCTCGAGGTAGTA
<- Aln:   0	0	10	14	24	0	11= ->
P:16/94.1176%	D:22/95.6522%
D: CCCTAGCGTAACTCTCGAGACGACG
<- Aln:   43	0	22	2	24	1	2S15=1X7= ->
Pattern:	1-2
#1650
P:11/100%	D:13/61.9048%
P: CCCTAGCGTAACTCTCGAGGTAGTA
<- Aln:   0	0	10	14	24	0	11= ->
P:11/100%	D:10/62.5%
P: CCCTAGCGTAACTCTCGAGGTAGTA
<- Aln:   0	0	10	14	24	0	11= ->
Pattern:	1-1
#1651
P:11/100%	D:5/100%
P: CCCTAGCGTAACTCTCGAGGTAGTA
<- Aln:   0	0	10	14	24	0	11= ->
P:5/100%	D:11/100%
D: CCCTAGCGTAACTCTCGAGACGACG
<- Aln:   0	0	10	14	24	0	11= ->
Pattern:	1-2
#1652
P:9/100%	D:8/72.7273%
No hit
<- Aln:   18	0	8	14	22	0	14S9=2S ->
<- Aln:   13	1	11	2	13	3	2S1=1X2=1I3=1X3=11S ->
P:9/64.2857%	D:11/100%
D: CCCTAGCGTAACTCTCGAGACGACG
<- Aln:   0	0	10	14	24	0	11= ->
Pattern:	0-2
#1653
P:11/100%	D:8/72.7273%
P: CCCTAGCGTAACTCTCGAGGTAGTA
<- Aln:   0	0	10	14	24	0	11= ->
P:10/52.6316%	D:11/100%
D: CCCTAGCGTAACTCTCGAGACGACG
<- Aln:   0	0	10	14	24	0	11= ->
Pattern:	1-2
#1654
P:20/64.5161%	D:12/66.6667%
No hit
<- Aln:   21	27	57	0	23	11	3=1X2=2D2=1D1X5=1D1X1=1X4=3D3=1S ->
<- Aln:   16	27	44	0	16	6	3=1X2=2D2=1X2=1I1X4=8S ->
P:11/100%	D:12/57.1429%
P: CCCTAGCGTAACTCTCGAGGTAGTA
<- Aln:   0	0	10	14	24	0	11= ->
Pattern:	0-1
#1655
P:14/51.8519%	D:11/100%
D: CCCTAGCGTAACTCTCGAGACGACG
<- Aln:   0	0	10	14	24	0	11= ->
P:11/100%	D:15/68.1818%
P: CCCTAGCGTAACTCTCGAGGTAGTA
<- Aln:   0	0	10	14	24	0	11= ->
Pattern:	2-1
#1656
P:7/53.8462%	D:11/100%
D: CCCTAGCGTAACTCTCGAGACGACG
<- Aln:   0	0	10	14	24	0	11= ->
P:11/100%	D:11/55%
P: CCCTAGCGTAACTCTCGAGGTAGTA
<- Aln:   0	0	10	14	24	0	11= ->
Pattern:	2-1
#1657
P:17/58.6207%	D:9/90%
D: CCCTAGCGTAACTCTCGAGACGACG
<- Aln:   17	0	9	14	23	1	14S1=1X8=1S ->
P:11/100%	D:7/77.7778%
P: CCCTAGCGTAACTCTCGAGGTAGTA
<- Aln:   0	0	10	14	24	0	11= ->
Pattern:	2-1
#1658
P:11/100%	D:13/61.9048%
P: CCCTAGCGTAACTCTCGAGGTAGTA
<- Aln:   0	0	10	14	24	0	11= ->
P:11/100%	D:12/63.1579%
P: CCCTAGCGTAACTCTCGAGGTAGTA
<- Aln:   0	0	10	14	24	0	11= ->
Pattern:	1-1
#1659
P:11/100%	D:11/55%
P: CCCTAGCGTAACTCTCGAGGTAGTA
<- Aln:   0	0	10	14	24	0	11= ->
P:9/60%	D:11/100%
D: CCCTAGCGTAACTCTCGAGACGACG
<- Aln:   0	0	10	14	24	0	11= ->
Pattern:	1-2
#1660
P:10/66.6667%	D:11/100%
D: CCCTAGCGTAACTCTCGAGACGACG
<- Aln:   0	0	10	14	24	0	11= ->
P:11/100%	D:7/87.5%
P: CCCTAGCGTAACTCTCGAGGTAGTA
<- Aln:   0	0	10	14	24	0	11= ->
Pattern:	2-1
#1661
P:11/52.381%	D:11/100%
D: CCCTAGCGTAACTCTCGAGACGACG
<- Aln:   0	0	10	14	24	0	11= ->
P:11/100%	D:8/61.5385%
P: CCCTAGCGTAACTCTCGAGGTAGTA
<- Aln:   0	0	10	14	24	0	11= ->
Pattern:	2-1
#1662
P:11/100%	D:17/60.7143%
P: CCCTAGCGTAACTCTCGAGGTAGTA
<- Aln:   0	0	10	14	24	0	11= ->
P:11/55%	D:11/100%
D: CCCTAGCGTAACTCTCGAGACGACG
<- Aln:   0	0	10	14	24	0	11= ->
Pattern:	1-2
#1663
P:5/100%	D:11/100%
D: CCCTAGCGTAACTCTCGAGACGACG
<- Aln:   0	0	10	14	24	0	11= ->
P:11/100%	D:13/72.2222%
P: CCCTAGCGTAACTCTCGAGGTAGTA
<- Aln:   0	0	10	14	24	0	11= ->
Pattern:	2-1
#1664
P:11/100%	D:14/58.3333%
P: CCCTAGCGTAACTCTCGAGGTAGTA
<- Aln:   0	0	10	14	24	0	11= ->
P:9/69.2308%	D:11/100%
D: CCCTAGCGTAACTCTCGAGACGACG
<- Aln:   0	0	10	14	24	0	11= ->
Pattern:	1-2
#1665
P:11/57.8947%	D:11/100%
D: CCCTAGCGTAACTCTCGAGACGACG
<- Aln:   0	0	10	14	24	0	11= ->
P:11/100%	D:10/71.4286%
P: CCCTAGCGTAACTCTCGAGGTAGTA
<- Aln:   0	0	10	14	24	0	11= ->
Pattern:	2-1
#1666
P:14/56%	D:11/100%
D: CCCTAGCGTAACTCTCGAGACGACG
<- Aln:   0	0	10	14	24	0	11= ->
P:11/100%	D:9/64.2857%
P: CCCTAGCGTAACTCTCGAGGTAGTA
<- Aln:   0	0	10	14	24	0	11= ->
Pattern:	2-1
#1667
P:11/100%	D:15/68.1818%
P: CCCTAGCGTAACTCTCGAGGTAGTA
<- Aln:   0	0	10	14	24	0	11= ->
P:8/72.7273%	D:11/100%
D: CCCTAGCGTAACTCTCGAGACGACG
<- Aln:   0	0	10	14	24	0	11= ->
Pattern:	1-2
#1668
P:21/84%	D:23/100%
D: CCCTAGCGTAACTCTCGAGACGACG
<- Aln:   46	0	22	2	24	0	2S23= ->
P:11/100%	D:8/72.7273%
P: CCCTAGCGTAACTCTCGAGGTAGTA
<- Aln:   0	0	10	14	24	0	11= ->
Pattern:	2-1
#1669
P:8/72.7273%	D:11/100%
D: CCCTAGCGTAACTCTCGAGACGACG
<- Aln:   0	0	10	14	24	0	11= ->
P:11/100%	D:11/64.7059%
P: CCCTAGCGTAACTCTCGAGGTAGTA
<- Aln:   0	0	10	14	24	0	11= ->
Pattern:	2-1
#1670
P:11/100%	D:16/64%
P: CCCTAGCGTAACTCTCGAGGTAGTA
<- Aln:   0	0	10	14	24	0	11= ->
P:12/66.6667%	D:11/100%
D: CCCTAGCGTAACTCTCGAGACGACG
<- Aln:   0	0	10	14	24	0	11= ->
Pattern:	1-2
#1671
P:9/69.2308%	D:11/100%
D: CCCTAGCGTAACTCTCGAGACGACG
<- Aln:   0	0	10	14	24	0	11= ->
P:11/100%	D:14/73.6842%
P: CCCTAGCGTAACTCTCGAGGTAGTA
<- Aln:   0	0	10	14	24	0	11= ->
Pattern:	2-1
#1672
P:13/56.5217%	D:11/100%
D: CCCTAGCGTAACTCTCGAGACGACG
<- Aln:   0	0	10	14	24	0	11= ->
P:11/100%	D:13/52%
P: CCCTAGCGTAACTCTCGAGGTAGTA
<- Aln:   0	0	10	14	24	0	11= ->
Pattern:	2-1
#1673
P:11/100%	D:7/87.5%
P: CCCTAGCGTAACTCTCGAGGTAGTA
<- Aln:   0	0	10	14	24	0	11= ->
P:10/66.6667%	D:11/100%
D: CCCTAGCGTAACTCTCGAGACGACG
<- Aln:   0	0	10	14	24	0	11= ->
Pattern:	1-2
#1674
P:10/76.9231%	D:13/59.0909%
No hit
<- Aln:   13	0	12	14	24	3	14S6=1D1=1D2=1X1= ->
<- Aln:   15	15	36	5	24	9	5S1=1X1=1X1=1X5=2D1=3X3=1X1= ->
P:25/100%	D:19/100%
P: CCCTAGCGTAACTCTCGAGGTAGTA
<- Aln:   0	0	24	0	24	0	25= ->
Pattern:	0-1
#1675
P:11/61.1111%	D:11/100%
D: CCCTAGCGTAACTCTCGAGACGACG
<- Aln:   0	0	10	14	24	0	11= ->
P:12/57.1429%	D:11/100%
D: CCCTAGCGTAACTCTCGAGACGACG
<- Aln:   0	0	10	14	24	0	11= ->
Pattern:	2-2
#1676
P:15/93.75%	D:21/95.4545%
D: CCCTAGCGTAACTCTCGAGACGACG
<- Aln:   41	0	21	2	24	1	2S12=1I10= ->
P:11/100%	D:15/55.5556%
P: CCCTAGCGTAACTCTCGAGGTAGTA
<- Aln:   0	0	10	14	24	0	11= ->
Pattern:	2-1
#1677
P:15/57.6923%	D:11/100%
D: CCCTAGCGTAACTCTCGAGACGACG
<- Aln:   0	0	10	14	24	0	11= ->
P:11/100%	D:11/52.381%
P: CCCTAGCGTAACTCTCGAGGTAGTA
<- Aln:   0	0	10	14	24	0	11= ->
Pattern:	2-1
#1678
P:14/60.8696%	D:10/100%
D: CCCTAGCGTAACTCTCGAGACGACG
<- Aln:   20	0	9	14	23	0	14S10=1S ->
P:14/56%	D:11/100%
D: CCCTAGCGTAACTCTCGAGACGACG
<- Aln:   0	0	10	14	24	0	11= ->
Pattern:	2-2
#1679
P:14/66.6667%	D:11/100%
D: CCCTAGCGTAACTCTCGAGACGACG
<- Aln:   0	0	10	14	24	0	11= ->
P:11/100%	D:11/57.8947%
P: CCCTAGCGTAACTCTCGAGGTAGTA
<- Aln:   0	0	10	14	24	0	11= ->
Pattern:	2-1
#1680
P:11/100%	D:13/65%
P: CCCTAGCGTAACTCTCGAGGTAGTA
<- Aln:   0	0	10	14	24	0	11= ->
P:12/66.6667%	D:11/100%
D: CCCTAGCGTAACTCTCGAGACGACG
<- Aln:   0	0	10	14	24	0	11= ->
Pattern:	1-2
#1681
P:11/100%	D:12/57.1429%
P: CCCTAGCGTAACTCTCGAGGTAGTA
<- Aln:   0	0	10	14	24	0	11= ->
P:7/87.5%	D:11/100%
D: CCCTAGCGTAACTCTCGAGACGACG
<- Aln:   0	0	10	14	24	0	11= ->
Pattern:	1-2
#1682
P:11/100%	D:14/63.6364%
P: CCCTAGCGTAACTCTCGAGGTAGTA
<- Aln:   0	0	10	14	24	0	11= ->
P:11/100%	D:12/66.6667%
P: CCCTAGCGTAACTCTCGAGGTAGTA
<- Aln:   0	0	10	14	24	0	11= ->
Pattern:	1-1
#1683
P:9/60%	D:11/100%
D: CCCTAGCGTAACTCTCGAGACGACG
<- Aln:   0	0	10	14	24	0	11= ->
P:11/100%	D:8/72.7273%
P: CCCTAGCGTAACTCTCGAGGTAGTA
<- Aln:   0	0	10	14	24	0	11= ->
Pattern:	2-1
#1684
P:25/100%	D:19/100%
P: CCCTAGCGTAACTCTCGAGGTAGTA
<- Aln:   0	0	24	0	24	0	25= ->
P:17/100%	D:23/100%
D: CCCTAGCGTAACTCTCGAGACGACG
<- Aln:   46	0	22	2	24	0	2S23= ->
Pattern:	1-2
#1685
P:11/100%	D:9/69.2308%
P: CCCTAGCGTAACTCTCGAGGTAGTA
<- Aln:   0	0	10	14	24	0	11= ->
P:10/90.9091%	D:15/62.5%
P: CCCTAGCGTAACTCTCGAGGTAGTA
<- Aln:   19	0	10	14	24	1	14S9=1X1= ->
Pattern:	1-1
#1686
P:12/63.1579%	D:11/100%
D: CCCTAGCGTAACTCTCGAGACGACG
<- Aln:   0	0	10	14	24	0	11= ->
P:11/100%	D:11/61.1111%
P: CCCTAGCGTAACTCTCGAGGTAGTA
<- Aln:   0	0	10	14	24	0	11= ->
Pattern:	2-1
#1687
P:11/100%	D:10/66.6667%
P: CCCTAGCGTAACTCTCGAGGTAGTA
<- Aln:   0	0	10	14	24	0	11= ->
P:13/68.4211%	D:11/100%
D: CCCTAGCGTAACTCTCGAGACGACG
<- Aln:   0	0	10	14	24	0	11= ->
Pattern:	1-2
#1688
P:17/60.7143%	D:11/100%
D: CCCTAGCGTAACTCTCGAGACGACG
<- Aln:   0	0	10	14	24	0	11= ->
P:25/100%	D:19/100%
P: CCCTAGCGTAACTCTCGAGGTAGTA
<- Aln:   0	0	24	0	24	0	25= ->
Pattern:	2-1
#1689
P:11/100%	D:10/71.4286%
P: CCCTAGCGTAACTCTCGAGGTAGTA
<- Aln:   0	0	10	14	24	0	11= ->
P:13/56.5217%	D:11/100%
D: CCCTAGCGTAACTCTCGAGACGACG
<- Aln:   0	0	10	14	24	0	11= ->
Pattern:	1-2
#1690
P:11/100%	D:11/68.75%
P: CCCTAGCGTAACTCTCGAGGTAGTA
<- Aln:   0	0	10	14	24	0	11= ->
P:15/57.6923%	D:11/100%
D: CCCTAGCGTAACTCTCGAGACGACG
<- Aln:   0	0	10	14	24	0	11= ->
Pattern:	1-2
#1691
P:11/100%	D:13/68.4211%
P: CCCTAGCGTAACTCTCGAGGTAGTA
<- Aln:   0	0	10	14	24	0	11= ->
P:17/62.963%	D:17/58.6207%
No hit
<- Aln:   20	20	46	0	24	10	1=1X2=1I1=1X1=1X3=1D4=2D1=1X1=1X2=1X2= ->
<- Aln:   18	20	48	0	24	12	1=1X2=1I1=1X1=1X3=1D4=4D2=1X2=1X1=1X1= ->
Pattern:	1-0
#1692
P:12/57.1429%	D:11/100%
D: CCCTAGCGTAACTCTCGAGACGACG
<- Aln:   0	0	10	14	24	0	11= ->
P:11/100%	D:9/64.2857%
P: CCCTAGCGTAACTCTCGAGGTAGTA
<- Aln:   0	0	10	14	24	0	11= ->
Pattern:	2-1
#1693
P:11/57.8947%	D:11/100%
D: CCCTAGCGTAACTCTCGAGACGACG
<- Aln:   0	0	10	14	24	0	11= ->
P:12/57.1429%	D:11/100%
D: CCCTAGCGTAACTCTCGAGACGACG
<- Aln:   0	0	10	14	24	0	11= ->
Pattern:	2-2
#1694
P:11/100%	D:10/71.4286%
P: CCCTAGCGTAACTCTCGAGGTAGTA
<- Aln:   0	0	10	14	24	0	11= ->
P:10/58.8235%	D:11/100%
D: CCCTAGCGTAACTCTCGAGACGACG
<- Aln:   0	0	10	14	24	0	11= ->
Pattern:	1-2
#1695
P:11/100%	D:12/57.1429%
P: CCCTAGCGTAACTCTCGAGGTAGTA
<- Aln:   0	0	10	14	24	0	11= ->
P:20/76.9231%	D:21/95.4545%
D: CCCTAGCGTAACTCTCGAGACGACG
<- Aln:   41	0	21	2	24	1	2S15=1I7= ->
Pattern:	1-2
#1696
P:11/100%	D:10/66.6667%
P: CCCTAGCGTAACTCTCGAGGTAGTA
<- Aln:   0	0	10	14	24	0	11= ->
P:15/57.6923%	D:11/100%
D: CCCTAGCGTAACTCTCGAGACGACG
<- Aln:   0	0	10	14	24	0	11= ->
Pattern:	1-2
#1697
P:13/72.2222%	D:11/100%
D: CCCTAGCGTAACTCTCGAGACGACG
<- Aln:   0	0	10	14	24	0	11= ->
P:16/69.5652%	D:10/71.4286%
No hit
<- Aln:   23	1	23	2	24	7	2S1=1X2=1I3=1X4=1X1=1D1=2X5= ->
<- Aln:   16	1	14	2	16	4	2S1=1X2=1I3=1X4=1X1=8S ->
Pattern:	2-0
#1698
P:11/73.3333%	D:11/100%
D: CCCTAGCGTAACTCTCGAGACGACG
<- Aln:   0	0	10	14	24	0	11= ->
P:11/100%	D:11/61.1111%
P: CCCTAGCGTAACTCTCGAGGTAGTA
<- Aln:   0	0	10	14	24	0	11= ->
Pattern:	2-1
#1699
P:11/55%	D:11/100%
D: CCCTAGCGTAACTCTCGAGACGACG
<- Aln:   0	0	10	14	24	0	11= ->
P:11/100%	D:8/66.6667%
P: CCCTAGCGTAACTCTCGAGGTAGTA
<- Aln:   0	0	10	14	24	0	11= ->
Pattern:	2-1
#1700
P:11/100%	D:11/55%
P: CCCTAGCGTAACTCTCGAGGTAGTA
<- Aln:   0	0	10	14	24	0	11= ->
P:10/66.6667%	D:11/100%
D: CCCTAGCGTAACTCTCGAGACGACG
<- Aln:   0	0	10	14	24	0	11= ->
Pattern:	1-2
#1701
P:8/66.6667%	D:11/100%
D: CCCTAGCGTAACTCTCGAGACGACG
<- Aln:   0	0	10	14	24	0	11= ->
P:11/100%	D:10/58.8235%
P: CCCTAGCGTAACTCTCGAGGTAGTA
<- Aln:   0	0	10	14	24	0	11= ->
Pattern:	2-1
#1702
P:11/100%	D:14/58.3333%
P: CCCTAGCGTAACTCTCGAGGTAGTA
<- Aln:   0	0	10	14	24	0	11= ->
P:13/61.9048%	D:11/100%
D: CCCTAGCGTAACTCTCGAGACGACG
<- Aln:   0	0	10	14	24	0	11= ->
Pattern:	1-2
#1703
P:8/88.8889%	D:11/100%
D: CCCTAGCGTAACTCTCGAGACGACG
<- Aln:   0	0	10	14	24	0	11= ->
P:11/100%	D:10/66.6667%
P: CCCTAGCGTAACTCTCGAGGTAGTA
<- Aln:   0	0	10	14	24	0	11= ->
Pattern:	2-1
#1704
P:13/65%	D:11/100%
D: CCCTAGCGTAACTCTCGAGACGACG
<- Aln:   0	0	10	14	24	0	11= ->
P:8/80%	D:15/65.2174%
No hit
<- Aln:   14	1	10	15	24	2	15S2=2X6= ->
<- Aln:   18	6	28	3	22	8	3S3=2X2=2D1X2=1X2=1X1=1D5=2S ->
Pattern:	2-0
#1705
P:11/100%	D:13/56.5217%
P: CCCTAGCGTAACTCTCGAGGTAGTA
<- Aln:   0	0	10	14	24	0	11= ->
P:7/53.8462%	D:11/100%
D: CCCTAGCGTAACTCTCGAGACGACG
<- Aln:   0	0	10	14	24	0	11= ->
Pattern:	1-2
#1706
P:14/60.8696%	D:11/100%
D: CCCTAGCGTAACTCTCGAGACGACG
<- Aln:   0	0	10	14	24	0	11= ->
P:11/100%	D:16/59.2593%
P: CCCTAGCGTAACTCTCGAGGTAGTA
<- Aln:   0	0	10	14	24	0	11= ->
Pattern:	2-1
#1707
P:13/65%	D:11/100%
D: CCCTAGCGTAACTCTCGAGACGACG
<- Aln:   0	0	10	14	24	0	11= ->
P:11/100%	D:13/61.9048%
P: CCCTAGCGTAACTCTCGAGGTAGTA
<- Aln:   0	0	10	14	24	0	11= ->
Pattern:	2-1
#1708
P:12/57.1429%	D:11/100%
D: CCCTAGCGTAACTCTCGAGACGACG
<- Aln:   0	0	10	14	24	0	11= ->
P:11/100%	D:13/61.9048%
P: CCCTAGCGTAACTCTCGAGGTAGTA
<- Aln:   0	0	10	14	24	0	11= ->
Pattern:	2-1
#1709
P:11/100%	D:11/78.5714%
P: CCCTAGCGTAACTCTCGAGGTAGTA
<- Aln:   0	0	10	14	24	0	11= ->
P:10/55.5556%	D:11/100%
D: CCCTAGCGTAACTCTCGAGACGACG
<- Aln:   0	0	10	14	24	0	11= ->
Pattern:	1-2
#1710
P:12/60%	D:11/100%
D: CCCTAGCGTAACTCTCGAGACGACG
<- Aln:   0	0	10	14	24	0	11= ->
P:10/100%	D:12/57.1429%
P: CCCTAGCGTAACTCTCGAGGTAGTA
<- Aln:   20	0	9	14	23	0	14S10=1S ->
Pattern:	2-1
#1711
P:11/100%	D:15/62.5%
P: CCCTAGCGTAACTCTCGAGGTAGTA
<- Aln:   0	0	10	14	24	0	11= ->
P:11/100%	D:14/60.8696%
P: CCCTAGCGTAACTCTCGAGGTAGTA
<- Aln:   0	0	10	14	24	0	11= ->
Pattern:	1-1
#1712
P:15/68.1818%	D:15/62.5%
No hit
<- Aln:   21	1	22	2	24	7	2S1=1X2=1I2=1I1=1X2=1X6=1D2=1X1= ->
<- Aln:   19	35	58	2	24	9	2S2=1X1=2X4=1X1=1D2X5=2X2= ->
P:11/57.8947%	D:11/100%
D: CCCTAGCGTAACTCTCGAGACGACG
<- Aln:   0	0	10	14	24	0	11= ->
Pattern:	0-2
#1713
P:11/100%	D:12/63.1579%
P: CCCTAGCGTAACTCTCGAGGTAGTA
<- Aln:   0	0	10	14	24	0	11= ->
P:11/64.7059%	D:11/100%
D: CCCTAGCGTAACTCTCGAGACGACG
<- Aln:   0	0	10	14	24	0	11= ->
Pattern:	1-2
#1714
P:11/100%	D:10/71.4286%
P: CCCTAGCGTAACTCTCGAGGTAGTA
<- Aln:   0	0	10	14	24	0	11= ->
P:15/62.5%	D:11/100%
D: CCCTAGCGTAACTCTCGAGACGACG
<- Aln:   0	0	10	14	24	0	11= ->
Pattern:	1-2
#1715
P:11/100%	D:13/56.5217%
P: CCCTAGCGTAACTCTCGAGGTAGTA
<- Aln:   0	0	10	14	24	0	11= ->
P:13/54.1667%	D:11/100%
D: CCCTAGCGTAACTCTCGAGACGACG
<- Aln:   0	0	10	14	24	0	11= ->
Pattern:	1-2
#1716
P:17/100%	D:23/100%
D: CCCTAGCGTAACTCTCGAGACGACG
<- Aln:   46	0	22	2	24	0	2S23= ->
P:25/100%	D:19/100%
P: CCCTAGCGTAACTCTCGAGGTAGTA
<- Aln:   0	0	24	0	24	0	25= ->
Pattern:	2-1
#1717
P:8/61.5385%	D:11/100%
D: CCCTAGCGTAACTCTCGAGACGACG
<- Aln:   0	0	10	14	24	0	11= ->
P:11/100%	D:12/66.6667%
P: CCCTAGCGTAACTCTCGAGGTAGTA
<- Aln:   0	0	10	14	24	0	11= ->
Pattern:	2-1
#1718
P:10/55.5556%	D:11/100%
D: CCCTAGCGTAACTCTCGAGACGACG
<- Aln:   0	0	10	14	24	0	11= ->
P:11/100%	D:14/58.3333%
P: CCCTAGCGTAACTCTCGAGGTAGTA
<- Aln:   0	0	10	14	24	0	11= ->
Pattern:	2-1
#1719
P:11/100%	D:13/59.0909%
P: CCCTAGCGTAACTCTCGAGGTAGTA
<- Aln:   0	0	10	14	24	0	11= ->
P:14/63.6364%	D:11/100%
D: CCCTAGCGTAACTCTCGAGACGACG
<- Aln:   0	0	10	14	24	0	11= ->
Pattern:	1-2
#1720
P:11/100%	D:11/55%
P: CCCTAGCGTAACTCTCGAGGTAGTA
<- Aln:   0	0	10	14	24	0	11= ->
P:9/69.2308%	D:11/100%
D: CCCTAGCGTAACTCTCGAGACGACG
<- Aln:   0	0	10	14	24	0	11= ->
Pattern:	1-2
#1721
P:17/100%	D:23/100%
D: CCCTAGCGTAACTCTCGAGACGACG
<- Aln:   46	0	22	2	24	0	2S23= ->
P:11/100%	D:12/60%
P: CCCTAGCGTAACTCTCGAGGTAGTA
<- Aln:   0	0	10	14	24	0	11= ->
Pattern:	2-1
#1722
P:11/100%	D:12/63.1579%
P: CCCTAGCGTAACTCTCGAGGTAGTA
<- Aln:   0	0	10	14	24	0	11= ->
P:9/64.2857%	D:11/100%
D: CCCTAGCGTAACTCTCGAGACGACG
<- Aln:   0	0	10	14	24	0	11= ->
Pattern:	1-2
#1723
P:25/100%	D:19/100%
P: CCCTAGCGTAACTCTCGAGGTAGTA
<- Aln:   0	0	24	0	24	0	25= ->
P:11/100%	D:16/55.1724%
P: CCCTAGCGTAACTCTCGAGGTAGTA
<- Aln:   0	0	10	14	24	0	11= ->
Pattern:	1-1
#1724
P:8/80%	D:11/100%
D: CCCTAGCGTAACTCTCGAGACGACG
<- Aln:   0	0	10	14	24	0	11= ->
P:11/100%	D:14/66.6667%
P: CCCTAGCGTAACTCTCGAGGTAGTA
<- Aln:   0	0	10	14	24	0	11= ->
Pattern:	2-1
#1725
P:25/100%	D:19/100%
P: CCCTAGCGTAACTCTCGAGGTAGTA
<- Aln:   0	0	24	0	24	0	25= ->
P:11/64.7059%	D:10/90.9091%
D: CCCTAGCGTAACTCTCGAGACGACG
<- Aln:   19	0	10	14	24	1	14S3=1X7= ->
Pattern:	1-2
#1726
P:11/100%	D:15/65.2174%
P: CCCTAGCGTAACTCTCGAGGTAGTA
<- Aln:   0	0	10	14	24	0	11= ->
P:11/64.7059%	D:11/100%
D: CCCTAGCGTAACTCTCGAGACGACG
<- Aln:   0	0	10	14	24	0	11= ->
Pattern:	1-2
#1727
P:11/100%	D:12/63.1579%
P: CCCTAGCGTAACTCTCGAGGTAGTA
<- Aln:   0	0	10	14	24	0	11= ->
P:11/64.7059%	D:11/100%
D: CCCTAGCGTAACTCTCGAGACGACG
<- Aln:   0	0	10	14	24	0	11= ->
Pattern:	1-2
#1728
P:8/88.8889%	D:8/72.7273%
No hit
<- Aln:   15	0	8	14	22	1	14S7=1X1=2S ->
<- Aln:   13	0	10	14	24	3	14S5=2X1=1X2= ->
P:17/100%	D:22/100%
D: CCCTAGCGTAACTCTCGAGACGACG
<- Aln:   44	0	21	2	23	0	2S22=1S ->
Pattern:	0-2
#1729
P:11/100%	D:12/57.1429%
P: CCCTAGCGTAACTCTCGAGGTAGTA
<- Aln:   0	0	10	14	24	0	11= ->
P:10/71.4286%	D:11/100%
D: CCCTAGCGTAACTCTCGAGACGACG
<- Aln:   0	0	10	14	24	0	11= ->
Pattern:	1-2
#1730
P:13/56.5217%	D:11/100%
D: CCCTAGCGTAACTCTCGAGACGACG
<- Aln:   0	0	10	14	24	0	11= ->
P:11/100%	D:11/68.75%
P: CCCTAGCGTAACTCTCGAGGTAGTA
<- Aln:   0	0	10	14	24	0	11= ->
Pattern:	2-1
#1731
P:11/55%	D:11/100%
D: CCCTAGCGTAACTCTCGAGACGACG
<- Aln:   0	0	10	14	24	0	11= ->
P:11/100%	D:12/52.1739%
P: CCCTAGCGTAACTCTCGAGGTAGTA
<- Aln:   0	0	10	14	24	0	11= ->
Pattern:	2-1
#1732
P:11/100%	D:9/69.2308%
P: CCCTAGCGTAACTCTCGAGGTAGTA
<- Aln:   0	0	10	14	24	0	11= ->
P:11/100%	D:11/61.1111%
P: CCCTAGCGTAACTCTCGAGGTAGTA
<- Aln:   0	0	10	14	24	0	11= ->
Pattern:	1-1
#1733
P:13/65%	D:13/59.0909%
No hit
<- Aln:   15	36	55	8	24	7	8S3=1X1=2X1=1D1=1X2=2D5= ->
<- Aln:   15	9	30	3	23	9	3S3=2X1=1D1=2X1=1X1=1X1=1X2=1X3=1S ->
P:10/100%	D:15/57.6923%
P: CCCTAGCGTAACTCTCGAGGTAGTA
<- Aln:   20	0	9	14	23	0	14S10=1S ->
Pattern:	0-1
#1734
P:11/50%	D:11/100%
D: CCCTAGCGTAACTCTCGAGACGACG
<- Aln:   0	0	10	14	24	0	11= ->
P:11/100%	D:11/64.7059%
P: CCCTAGCGTAACTCTCGAGGTAGTA
<- Aln:   0	0	10	14	24	0	11= ->
Pattern:	2-1
#1735
P:5/100%	D:11/100%
D: CCCTAGCGTAACTCTCGAGACGACG
<- Aln:   0	0	10	14	24	0	11= ->
P:15/60%	D:11/100%
D: CCCTAGCGTAACTCTCGAGACGACG
<- Aln:   0	0	10	14	24	0	11= ->
Pattern:	2-2
#1736
P:11/100%	D:12/52.1739%
P: CCCTAGCGTAACTCTCGAGGTAGTA
<- Aln:   0	0	10	14	24	0	11= ->
P:9/52.9412%	D:11/100%
D: CCCTAGCGTAACTCTCGAGACGACG
<- Aln:   0	0	10	14	24	0	11= ->
Pattern:	1-2
#1737
P:17/58.6207%	D:11/100%
D: CCCTAGCGTAACTCTCGAGACGACG
<- Aln:   0	0	10	14	24	0	11= ->
P:11/100%	D:10/71.4286%
P: CCCTAGCGTAACTCTCGAGGTAGTA
<- Aln:   0	0	10	14	24	0	11= ->
Pattern:	2-1
#1738
P:11/100%	D:14/58.3333%
P: CCCTAGCGTAACTCTCGAGGTAGTA
<- Aln:   0	0	10	14	24	0	11= ->
P:13/59.0909%	D:11/100%
D: CCCTAGCGTAACTCTCGAGACGACG
<- Aln:   0	0	10	14	24	0	11= ->
Pattern:	1-2
#1739
P:13/56.5217%	D:11/100%
D: CCCTAGCGTAACTCTCGAGACGACG
<- Aln:   0	0	10	14	24	0	11= ->
P:11/100%	D:10/71.4286%
P: CCCTAGCGTAACTCTCGAGGTAGTA
<- Aln:   0	0	10	14	24	0	11= ->
Pattern:	2-1
#1740
P:13/54.1667%	D:11/100%
D: CCCTAGCGTAACTCTCGAGACGACG
<- Aln:   0	0	10	14	24	0	11= ->
P:11/100%	D:13/59.0909%
P: CCCTAGCGTAACTCTCGAGGTAGTA
<- Aln:   0	0	10	14	24	0	11= ->
Pattern:	2-1
#1741
P:14/70%	D:11/100%
D: CCCTAGCGTAACTCTCGAGACGACG
<- Aln:   0	0	10	14	24	0	11= ->
P:11/100%	D:11/64.7059%
P: CCCTAGCGTAACTCTCGAGGTAGTA
<- Aln:   0	0	10	14	24	0	11= ->
Pattern:	2-1
#1742
P:17/100%	D:23/100%
D: CCCTAGCGTAACTCTCGAGACGACG
<- Aln:   46	0	22	2	24	0	2S23= ->
P:11/100%	D:12/54.5455%
P: CCCTAGCGTAACTCTCGAGGTAGTA
<- Aln:   0	0	10	14	24	0	11= ->
Pattern:	2-1
#1743
P:12/63.1579%	D:11/100%
D: CCCTAGCGTAACTCTCGAGACGACG
<- Aln:   0	0	10	14	24	0	11= ->
P:11/100%	D:14/70%
P: CCCTAGCGTAACTCTCGAGGTAGTA
<- Aln:   0	0	10	14	24	0	11= ->
Pattern:	2-1
#1744
P:11/100%	D:10/58.8235%
P: CCCTAGCGTAACTCTCGAGGTAGTA
<- Aln:   0	0	10	14	24	0	11= ->
P:18/62.069%	D:11/100%
D: CCCTAGCGTAACTCTCGAGACGACG
<- Aln:   0	0	10	14	24	0	11= ->
Pattern:	1-2
#1745
P:8/47.0588%	D:11/100%
D: CCCTAGCGTAACTCTCGAGACGACG
<- Aln:   0	0	10	14	24	0	11= ->
P:11/100%	D:13/61.9048%
P: CCCTAGCGTAACTCTCGAGGTAGTA
<- Aln:   0	0	10	14	24	0	11= ->
Pattern:	2-1
#1746
P:5/100%	D:11/100%
D: CCCTAGCGTAACTCTCGAGACGACG
<- Aln:   0	0	10	14	24	0	11= ->
P:11/100%	D:8/53.3333%
P: CCCTAGCGTAACTCTCGAGGTAGTA
<- Aln:   0	0	10	14	24	0	11= ->
Pattern:	2-1
#1747
P:11/100%	D:15/60%
P: CCCTAGCGTAACTCTCGAGGTAGTA
<- Aln:   0	0	10	14	24	0	11= ->
P:10/66.6667%	D:11/100%
D: CCCTAGCGTAACTCTCGAGACGACG
<- Aln:   0	0	10	14	24	0	11= ->
Pattern:	1-2
#1748
P:14/60.8696%	D:11/100%
D: CCCTAGCGTAACTCTCGAGACGACG
<- Aln:   0	0	10	14	24	0	11= ->
P:11/100%	D:9/56.25%
P: CCCTAGCGTAACTCTCGAGGTAGTA
<- Aln:   0	0	10	14	24	0	11= ->
Pattern:	2-1
#1749
P:25/100%	D:19/100%
P: CCCTAGCGTAACTCTCGAGGTAGTA
<- Aln:   0	0	24	0	24	0	25= ->
P:11/100%	D:13/56.5217%
P: CCCTAGCGTAACTCTCGAGGTAGTA
<- Aln:   0	0	10	14	24	0	11= ->
Pattern:	1-1
#1750
P:11/100%	D:10/52.6316%
P: CCCTAGCGTAACTCTCGAGGTAGTA
<- Aln:   0	0	10	14	24	0	11= ->
P:11/100%	D:10/66.6667%
P: CCCTAGCGTAACTCTCGAGGTAGTA
<- Aln:   0	0	10	14	24	0	11= ->
Pattern:	1-1
#1751
P:11/100%	D:10/71.4286%
P: CCCTAGCGTAACTCTCGAGGTAGTA
<- Aln:   0	0	10	14	24	0	11= ->
P:10/50%	D:11/100%
D: CCCTAGCGTAACTCTCGAGACGACG
<- Aln:   0	0	10	14	24	0	11= ->
Pattern:	1-2
#1752
P:6/85.7143%	D:11/55%
No hit
<- Aln:   11	0	6	14	20	1	14S5=1X1=4S ->
<- Aln:   13	0	19	3	23	9	3S1=1X1=1X2=3X2=2X2=1I2=1X2=1S ->
P:13/76.4706%	D:11/100%
D: CCCTAGCGTAACTCTCGAGACGACG
<- Aln:   0	0	10	14	24	0	11= ->
Pattern:	0-2
#1753
P:11/100%	D:14/58.3333%
P: CCCTAGCGTAACTCTCGAGGTAGTA
<- Aln:   0	0	10	14	24	0	11= ->
P:13/56.5217%	D:11/100%
D: CCCTAGCGTAACTCTCGAGACGACG
<- Aln:   0	0	10	14	24	0	11= ->
Pattern:	1-2
#1754
P:11/100%	D:13/81.25%
P: CCCTAGCGTAACTCTCGAGGTAGTA
<- Aln:   0	0	10	14	24	0	11= ->
P:11/100%	D:10/58.8235%
P: CCCTAGCGTAACTCTCGAGGTAGTA
<- Aln:   0	0	10	14	24	0	11= ->
Pattern:	1-1
#1755
P:11/100%	D:13/59.0909%
P: CCCTAGCGTAACTCTCGAGGTAGTA
<- Aln:   0	0	10	14	24	0	11= ->
P:12/57.1429%	D:11/100%
D: CCCTAGCGTAACTCTCGAGACGACG
<- Aln:   0	0	10	14	24	0	11= ->
Pattern:	1-2
#1756
P:11/100%	D:10/66.6667%
P: CCCTAGCGTAACTCTCGAGGTAGTA
<- Aln:   0	0	10	14	24	0	11= ->
P:11/61.1111%	D:11/100%
D: CCCTAGCGTAACTCTCGAGACGACG
<- Aln:   0	0	10	14	24	0	11= ->
Pattern:	1-2
#1757
P:16/61.5385%	D:11/100%
D: CCCTAGCGTAACTCTCGAGACGACG
<- Aln:   0	0	10	14	24	0	11= ->
P:11/100%	D:12/70.5882%
P: CCCTAGCGTAACTCTCGAGGTAGTA
<- Aln:   0	0	10	14	24	0	11= ->
Pattern:	2-1
#1758
P:11/100%	D:12/63.1579%
P: CCCTAGCGTAACTCTCGAGGTAGTA
<- Aln:   0	0	10	14	24	0	11= ->
P:10/62.5%	D:11/100%
D: CCCTAGCGTAACTCTCGAGACGACG
<- Aln:   0	0	10	14	24	0	11= ->
Pattern:	1-2
#1759
P:13/54.1667%	D:11/100%
D: CCCTAGCGTAACTCTCGAGACGACG
<- Aln:   0	0	10	14	24	0	11= ->
P:11/100%	D:7/87.5%
P: CCCTAGCGTAACTCTCGAGGTAGTA
<- Aln:   0	0	10	14	24	0	11= ->
Pattern:	2-1
#1760
P:17/100%	D:23/100%
D: CCCTAGCGTAACTCTCGAGACGACG
<- Aln:   46	0	22	2	24	0	2S23= ->
P:11/100%	D:11/64.7059%
P: CCCTAGCGTAACTCTCGAGGTAGTA
<- Aln:   0	0	10	14	24	0	11= ->
Pattern:	2-1
#1761
P:12/63.1579%	D:11/100%
D: CCCTAGCGTAACTCTCGAGACGACG
<- Aln:   0	0	10	14	24	0	11= ->
P:11/100%	D:12/66.6667%
P: CCCTAGCGTAACTCTCGAGGTAGTA
<- Aln:   0	0	10	14	24	0	11= ->
Pattern:	2-1
#1762
P:11/100%	D:10/71.4286%
P: CCCTAGCGTAACTCTCGAGGTAGTA
<- Aln:   0	0	10	14	24	0	11= ->
P:11/61.1111%	D:11/100%
D: CCCTAGCGTAACTCTCGAGACGACG
<- Aln:   0	0	10	14	24	0	11= ->
Pattern:	1-2
#1763
P:11/100%	D:9/64.2857%
P: CCCTAGCGTAACTCTCGAGGTAGTA
<- Aln:   0	0	10	14	24	0	11= ->
P:12/57.1429%	D:11/100%
D: CCCTAGCGTAACTCTCGAGACGACG
<- Aln:   0	0	10	14	24	0	11= ->
Pattern:	1-2
#1764
P:11/100%	D:7/77.7778%
P: CCCTAGCGTAACTCTCGAGGTAGTA
<- Aln:   0	0	10	14	24	0	11= ->
P:11/57.8947%	D:11/100%
D: CCCTAGCGTAACTCTCGAGACGACG
<- Aln:   0	0	10	14	24	0	11= ->
Pattern:	1-2
#1765
P:15/62.5%	D:11/100%
D: CCCTAGCGTAACTCTCGAGACGACG
<- Aln:   0	0	10	14	24	0	11= ->
P:11/100%	D:10/55.5556%
P: CCCTAGCGTAACTCTCGAGGTAGTA
<- Aln:   0	0	10	14	24	0	11= ->
Pattern:	2-1
#1766
P:11/100%	D:15/65.2174%
P: CCCTAGCGTAACTCTCGAGGTAGTA
<- Aln:   0	0	10	14	24	0	11= ->
P:15/62.5%	D:11/100%
D: CCCTAGCGTAACTCTCGAGACGACG
<- Aln:   0	0	10	14	24	0	11= ->
Pattern:	1-2
#1767
P:9/64.2857%	D:11/100%
D: CCCTAGCGTAACTCTCGAGACGACG
<- Aln:   0	0	10	14	24	0	11= ->
P:11/100%	D:10/58.8235%
P: CCCTAGCGTAACTCTCGAGGTAGTA
<- Aln:   0	0	10	14	24	0	11= ->
Pattern:	2-1
#1768
P:17/60.7143%	D:11/100%
D: CCCTAGCGTAACTCTCGAGACGACG
<- Aln:   0	0	10	14	24	0	11= ->
P:11/100%	D:12/60%
P: CCCTAGCGTAACTCTCGAGGTAGTA
<- Aln:   0	0	10	14	24	0	11= ->
Pattern:	2-1
#1769
P:12/54.5455%	D:11/100%
D: CCCTAGCGTAACTCTCGAGACGACG
<- Aln:   0	0	10	14	24	0	11= ->
P:25/100%	D:19/100%
P: CCCTAGCGTAACTCTCGAGGTAGTA
<- Aln:   0	0	24	0	24	0	25= ->
Pattern:	2-1
#1770
P:13/65%	D:11/100%
D: CCCTAGCGTAACTCTCGAGACGACG
<- Aln:   0	0	10	14	24	0	11= ->
P:11/100%	D:10/58.8235%
P: CCCTAGCGTAACTCTCGAGGTAGTA
<- Aln:   0	0	10	14	24	0	11= ->
Pattern:	2-1
#1771
P:11/100%	D:11/64.7059%
P: CCCTAGCGTAACTCTCGAGGTAGTA
<- Aln:   0	0	10	14	24	0	11= ->
P:8/80%	D:11/100%
D: CCCTAGCGTAACTCTCGAGACGACG
<- Aln:   0	0	10	14	24	0	11= ->
Pattern:	1-2
#1772
P:11/68.75%	D:10/100%
D: CCCTAGCGTAACTCTCGAGACGACG
<- Aln:   20	0	9	14	23	0	14S10=1S ->
P:11/100%	D:10/62.5%
P: CCCTAGCGTAACTCTCGAGGTAGTA
<- Aln:   0	0	10	14	24	0	11= ->
Pattern:	2-1
#1773
P:11/64.7059%	D:11/100%
D: CCCTAGCGTAACTCTCGAGACGACG
<- Aln:   0	0	10	14	24	0	11= ->
P:11/100%	D:11/64.7059%
P: CCCTAGCGTAACTCTCGAGGTAGTA
<- Aln:   0	0	10	14	24	0	11= ->
Pattern:	2-1
#1774
P:13/61.9048%	D:11/100%
D: CCCTAGCGTAACTCTCGAGACGACG
<- Aln:   0	0	10	14	24	0	11= ->
P:11/100%	D:11/73.3333%
P: CCCTAGCGTAACTCTCGAGGTAGTA
<- Aln:   0	0	10	14	24	0	11= ->
Pattern:	2-1
#1775
P:11/55%	D:11/100%
D: CCCTAGCGTAACTCTCGAGACGACG
<- Aln:   0	0	10	14	24	0	11= ->
P:11/100%	D:9/64.2857%
P: CCCTAGCGTAACTCTCGAGGTAGTA
<- Aln:   0	0	10	14	24	0	11= ->
Pattern:	2-1
#1776
P:11/100%	D:8/66.6667%
P: CCCTAGCGTAACTCTCGAGGTAGTA
<- Aln:   0	0	10	14	24	0	11= ->
P:8/80%	D:11/100%
D: CCCTAGCGTAACTCTCGAGACGACG
<- Aln:   0	0	10	14	24	0	11= ->
Pattern:	1-2
#1777
P:12/54.5455%	D:11/100%
D: CCCTAGCGTAACTCTCGAGACGACG
<- Aln:   0	0	10	14	24	0	11= ->
P:11/100%	D:8/80%
P: CCCTAGCGTAACTCTCGAGGTAGTA
<- Aln:   0	0	10	14	24	0	11= ->
Pattern:	2-1
#1778
P:11/68.75%	D:11/100%
D: CCCTAGCGTAACTCTCGAGACGACG
<- Aln:   0	0	10	14	24	0	11= ->
P:11/100%	D:13/56.5217%
P: CCCTAGCGTAACTCTCGAGGTAGTA
<- Aln:   0	0	10	14	24	0	11= ->
Pattern:	2-1
#1779
P:11/100%	D:13/61.9048%
P: CCCTAGCGTAACTCTCGAGGTAGTA
<- Aln:   0	0	10	14	24	0	11= ->
P:8/66.6667%	D:11/100%
D: CCCTAGCGTAACTCTCGAGACGACG
<- Aln:   0	0	10	14	24	0	11= ->
Pattern:	1-2
#1780
P:10/58.8235%	D:11/100%
D: CCCTAGCGTAACTCTCGAGACGACG
<- Aln:   0	0	10	14	24	0	11= ->
P:11/100%	D:14/58.3333%
P: CCCTAGCGTAACTCTCGAGGTAGTA
<- Aln:   0	0	10	14	24	0	11= ->
Pattern:	2-1
#1781
P:8/61.5385%	D:11/100%
D: CCCTAGCGTAACTCTCGAGACGACG
<- Aln:   0	0	10	14	24	0	11= ->
P:11/100%	D:14/60.8696%
P: CCCTAGCGTAACTCTCGAGGTAGTA
<- Aln:   0	0	10	14	24	0	11= ->
Pattern:	2-1
#1782
P:17/68%	D:11/100%
D: CCCTAGCGTAACTCTCGAGACGACG
<- Aln:   0	0	10	14	24	0	11= ->
P:11/68.75%	D:15/65.2174%
No hit
<- Aln:   17	31	46	4	20	5	4S3=1X1=2I5=1D2=1X2=4S ->
<- Aln:   22	34	56	0	23	8	1=1X2=2X1=2X2=1X4=1I1=1X5=1S ->
Pattern:	2-0
#1783
P:16/66.6667%	D:11/100%
D: CCCTAGCGTAACTCTCGAGACGACG
<- Aln:   0	0	10	14	24	0	11= ->
P:11/100%	D:15/71.4286%
P: CCCTAGCGTAACTCTCGAGGTAGTA
<- Aln:   0	0	10	14	24	0	11= ->
Pattern:	2-1
#1784
P:13/68.4211%	D:11/100%
D: CCCTAGCGTAACTCTCGAGACGACG
<- Aln:   0	0	10	14	24	0	11= ->
P:11/100%	D:14/58.3333%
P: CCCTAGCGTAACTCTCGAGGTAGTA
<- Aln:   0	0	10	14	24	0	11= ->
Pattern:	2-1
#1785
P:11/100%	D:11/55%
P: CCCTAGCGTAACTCTCGAGGTAGTA
<- Aln:   0	0	10	14	24	0	11= ->
P:11/100%	D:14/66.6667%
P: CCCTAGCGTAACTCTCGAGGTAGTA
<- Aln:   0	0	10	14	24	0	11= ->
Pattern:	1-1
#1786
P:7/46.6667%	D:11/100%
D: CCCTAGCGTAACTCTCGAGACGACG
<- Aln:   0	0	10	14	24	0	11= ->
P:11/100%	D:14/60.8696%
P: CCCTAGCGTAACTCTCGAGGTAGTA
<- Aln:   0	0	10	14	24	0	11= ->
Pattern:	2-1
#1787
P:10/100%	D:13/65%
P: CCCTAGCGTAACTCTCGAGGTAGTA
<- Aln:   20	0	9	14	23	0	14S10=1S ->
P:5/100%	D:11/100%
D: CCCTAGCGTAACTCTCGAGACGACG
<- Aln:   0	0	10	14	24	0	11= ->
Pattern:	1-2
#1788
P:11/100%	D:9/64.2857%
P: CCCTAGCGTAACTCTCGAGGTAGTA
<- Aln:   0	0	10	14	24	0	11= ->
P:16/55.1724%	D:11/100%
D: CCCTAGCGTAACTCTCGAGACGACG
<- Aln:   0	0	10	14	24	0	11= ->
Pattern:	1-2
#1789
P:11/100%	D:12/54.5455%
P: CCCTAGCGTAACTCTCGAGGTAGTA
<- Aln:   0	0	10	14	24	0	11= ->
P:11/61.1111%	D:11/100%
D: CCCTAGCGTAACTCTCGAGACGACG
<- Aln:   0	0	10	14	24	0	11= ->
Pattern:	1-2
#1790
P:11/100%	D:12/66.6667%
P: CCCTAGCGTAACTCTCGAGGTAGTA
<- Aln:   0	0	10	14	24	0	11= ->
P:14/63.6364%	D:11/100%
D: CCCTAGCGTAACTCTCGAGACGACG
<- Aln:   0	0	10	14	24	0	11= ->
Pattern:	1-2
#1791
P:16/57.1429%	D:11/100%
D: CCCTAGCGTAACTCTCGAGACGACG
<- Aln:   0	0	10	14	24	0	11= ->
P:11/100%	D:9/81.8182%
P: CCCTAGCGTAACTCTCGAGGTAGTA
<- Aln:   0	0	10	14	24	0	11= ->
Pattern:	2-1
#1792
P:11/50%	D:11/100%
D: CCCTAGCGTAACTCTCGAGACGACG
<- Aln:   0	0	10	14	24	0	11= ->
P:11/100%	D:13/68.4211%
P: CCCTAGCGTAACTCTCGAGGTAGTA
<- Aln:   0	0	10	14	24	0	11= ->
Pattern:	2-1
#1793
P:11/100%	D:14/58.3333%
P: CCCTAGCGTAACTCTCGAGGTAGTA
<- Aln:   0	0	10	14	24	0	11= ->
P:14/58.3333%	D:11/100%
D: CCCTAGCGTAACTCTCGAGACGACG
<- Aln:   0	0	10	14	24	0	11= ->
Pattern:	1-2
#1794
P:11/100%	D:7/50%
P: CCCTAGCGTAACTCTCGAGGTAGTA
<- Aln:   0	0	10	14	24	0	11= ->
P:18/60%	D:11/100%
D: CCCTAGCGTAACTCTCGAGACGACG
<- Aln:   0	0	10	14	24	0	11= ->
Pattern:	1-2
#1795
P:11/61.1111%	D:11/100%
D: CCCTAGCGTAACTCTCGAGACGACG
<- Aln:   0	0	10	14	24	0	11= ->
P:11/100%	D:11/61.1111%
P: CCCTAGCGTAACTCTCGAGGTAGTA
<- Aln:   0	0	10	14	24	0	11= ->
Pattern:	2-1
#1796
P:11/100%	D:13/61.9048%
P: CCCTAGCGTAACTCTCGAGGTAGTA
<- Aln:   0	0	10	14	24	0	11= ->
P:11/61.1111%	D:11/100%
D: CCCTAGCGTAACTCTCGAGACGACG
<- Aln:   0	0	10	14	24	0	11= ->
Pattern:	1-2
#1797
P:11/100%	D:10/62.5%
P: CCCTAGCGTAACTCTCGAGGTAGTA
<- Aln:   0	0	10	14	24	0	11= ->
P:9/56.25%	D:10/90.9091%
D: CCCTAGCGTAACTCTCGAGACGACG
<- Aln:   19	0	10	14	24	1	14S1=1X9= ->
Pattern:	1-2
#1798
P:17/60.7143%	D:11/100%
D: CCCTAGCGTAACTCTCGAGACGACG
<- Aln:   0	0	10	14	24	0	11= ->
P:10/55.5556%	D:7/87.5%
No hit
<- Aln:   16	31	48	1	22	8	1S2=1X2=3I2=1I2X7=1X1=2S ->
<- Aln:   13	0	7	14	21	1	14S6=1X1=3S ->
Pattern:	2-0
#1799
P:11/100%	D:14/70%
P: CCCTAGCGTAACTCTCGAGGTAGTA
<- Aln:   0	0	10	14	24	0	11= ->
P:13/65%	D:11/100%
D: CCCTAGCGTAACTCTCGAGACGACG
<- Aln:   0	0	10	14	24	0	11= ->
Pattern:	1-2
#1800
P:11/100%	D:11/61.1111%
P: CCCTAGCGTAACTCTCGAGGTAGTA
<- Aln:   0	0	10	14	24	0	11= ->
P:13/59.0909%	D:11/100%
D: CCCTAGCGTAACTCTCGAGACGACG
<- Aln:   0	0	10	14	24	0	11= ->
Pattern:	1-2
#1801
P:12/60%	D:11/100%
D: CCCTAGCGTAACTCTCGAGACGACG
<- Aln:   0	0	10	14	24	0	11= ->
P:11/100%	D:14/60.8696%
P: CCCTAGCGTAACTCTCGAGGTAGTA
<- Aln:   0	0	10	14	24	0	11= ->
Pattern:	2-1
#1802
P:11/100%	D:12/57.1429%
P: CCCTAGCGTAACTCTCGAGGTAGTA
<- Aln:   0	0	10	14	24	0	11= ->
P:8/72.7273%	D:11/100%
D: CCCTAGCGTAACTCTCGAGACGACG
<- Aln:   0	0	10	14	24	0	11= ->
Pattern:	1-2
#1803
P:11/100%	D:11/61.1111%
P: CCCTAGCGTAACTCTCGAGGTAGTA
<- Aln:   0	0	10	14	24	0	11= ->
P:14/66.6667%	D:11/100%
D: CCCTAGCGTAACTCTCGAGACGACG
<- Aln:   0	0	10	14	24	0	11= ->
Pattern:	1-2
#1804
P:11/100%	D:10/58.8235%
P: CCCTAGCGTAACTCTCGAGGTAGTA
<- Aln:   0	0	10	14	24	0	11= ->
P:10/62.5%	D:11/100%
D: CCCTAGCGTAACTCTCGAGACGACG
<- Aln:   0	0	10	14	24	0	11= ->
Pattern:	1-2
#1805
P:11/100%	D:11/61.1111%
P: CCCTAGCGTAACTCTCGAGGTAGTA
<- Aln:   0	0	10	14	24	0	11= ->
P:8/88.8889%	D:11/100%
D: CCCTAGCGTAACTCTCGAGACGACG
<- Aln:   0	0	10	14	24	0	11= ->
Pattern:	1-2
#1806
P:11/100%	D:10/71.4286%
P: CCCTAGCGTAACTCTCGAGGTAGTA
<- Aln:   0	0	10	14	24	0	11= ->
P:6/85.7143%	D:7/63.6364%
No hit
<- Aln:   11	0	6	8	14	1	8S3=1X3=10S ->
<- Aln:   12	0	10	8	20	4	8S3=1X3=2I1=1X2=4S ->
Pattern:	1-0
#1807
P:11/100%	D:14/56%
P: CCCTAGCGTAACTCTCGAGGTAGTA
<- Aln:   0	0	10	14	24	0	11= ->
P:11/64.7059%	D:11/100%
D: CCCTAGCGTAACTCTCGAGACGACG
<- Aln:   0	0	10	14	24	0	11= ->
Pattern:	1-2
#1808
P:11/100%	D:11/57.8947%
P: CCCTAGCGTAACTCTCGAGGTAGTA
<- Aln:   0	0	10	14	24	0	11= ->
P:15/57.6923%	D:11/100%
D: CCCTAGCGTAACTCTCGAGACGACG
<- Aln:   0	0	10	14	24	0	11= ->
Pattern:	1-2
#1809
P:9/75%	D:11/100%
D: CCCTAGCGTAACTCTCGAGACGACG
<- Aln:   0	0	10	14	24	0	11= ->
P:11/100%	D:11/68.75%
P: CCCTAGCGTAACTCTCGAGGTAGTA
<- Aln:   0	0	10	14	24	0	11= ->
Pattern:	2-1
#1810
P:9/47.3684%	D:11/100%
D: CCCTAGCGTAACTCTCGAGACGACG
<- Aln:   0	0	10	14	24	0	11= ->
P:11/100%	D:14/58.3333%
P: CCCTAGCGTAACTCTCGAGGTAGTA
<- Aln:   0	0	10	14	24	0	11= ->
Pattern:	2-1
#1811
P:11/100%	D:14/63.6364%
P: CCCTAGCGTAACTCTCGAGGTAGTA
<- Aln:   0	0	10	14	24	0	11= ->
P:12/66.6667%	D:11/100%
D: CCCTAGCGTAACTCTCGAGACGACG
<- Aln:   0	0	10	14	24	0	11= ->
Pattern:	1-2
#1812
P:11/57.8947%	D:11/100%
D: CCCTAGCGTAACTCTCGAGACGACG
<- Aln:   0	0	10	14	24	0	11= ->
P:11/100%	D:11/55%
P: CCCTAGCGTAACTCTCGAGGTAGTA
<- Aln:   0	0	10	14	24	0	11= ->
Pattern:	2-1
#1813
P:11/100%	D:13/65%
P: CCCTAGCGTAACTCTCGAGGTAGTA
<- Aln:   0	0	10	14	24	0	11= ->
P:11/57.8947%	D:10/100%
D: CCCTAGCGTAACTCTCGAGACGACG
<- Aln:   20	0	9	15	24	0	15S10= ->
Pattern:	1-2
#1814
P:15/60%	D:10/100%
D: CCCTAGCGTAACTCTCGAGACGACG
<- Aln:   20	0	9	14	23	0	14S10=1S ->
P:25/100%	D:19/100%
P: CCCTAGCGTAACTCTCGAGGTAGTA
<- Aln:   0	0	24	0	24	0	25= ->
Pattern:	2-1
#1815
P:9/60%	D:11/100%
D: CCCTAGCGTAACTCTCGAGACGACG
<- Aln:   0	0	10	14	24	0	11= ->
P:11/100%	D:11/61.1111%
P: CCCTAGCGTAACTCTCGAGGTAGTA
<- Aln:   0	0	10	14	24	0	11= ->
Pattern:	2-1
#1816
P:13/56.5217%	D:11/100%
D: CCCTAGCGTAACTCTCGAGACGACG
<- Aln:   0	0	10	14	24	0	11= ->
P:10/100%	D:10/62.5%
P: CCCTAGCGTAACTCTCGAGGTAGTA
<- Aln:   20	0	9	15	24	0	15S10= ->
Pattern:	2-1
#1817
P:13/56.5217%	D:11/100%
D: CCCTAGCGTAACTCTCGAGACGACG
<- Aln:   0	0	10	14	24	0	11= ->
P:11/100%	D:11/64.7059%
P: CCCTAGCGTAACTCTCGAGGTAGTA
<- Aln:   0	0	10	14	24	0	11= ->
Pattern:	2-1
#1818
P:11/100%	D:12/57.1429%
P: CCCTAGCGTAACTCTCGAGGTAGTA
<- Aln:   0	0	10	14	24	0	11= ->
P:12/57.1429%	D:11/100%
D: CCCTAGCGTAACTCTCGAGACGACG
<- Aln:   0	0	10	14	24	0	11= ->
Pattern:	1-2
#1819
P:11/100%	D:12/75%
P: CCCTAGCGTAACTCTCGAGGTAGTA
<- Aln:   0	0	10	14	24	0	11= ->
P:12/57.1429%	D:11/100%
D: CCCTAGCGTAACTCTCGAGACGACG
<- Aln:   0	0	10	14	24	0	11= ->
Pattern:	1-2
#1820
P:11/100%	D:12/57.1429%
P: CCCTAGCGTAACTCTCGAGGTAGTA
<- Aln:   0	0	10	14	24	0	11= ->
P:10/58.8235%	D:11/100%
D: CCCTAGCGTAACTCTCGAGACGACG
<- Aln:   0	0	10	14	24	0	11= ->
Pattern:	1-2
#1821
P:11/100%	D:15/65.2174%
P: CCCTAGCGTAACTCTCGAGGTAGTA
<- Aln:   0	0	10	14	24	0	11= ->
P:8/72.7273%	D:11/100%
D: CCCTAGCGTAACTCTCGAGACGACG
<- Aln:   0	0	10	14	24	0	11= ->
Pattern:	1-2
#1822
P:11/100%	D:15/57.6923%
P: CCCTAGCGTAACTCTCGAGGTAGTA
<- Aln:   0	0	10	14	24	0	11= ->
P:13/54.1667%	D:11/100%
D: CCCTAGCGTAACTCTCGAGACGACG
<- Aln:   0	0	10	14	24	0	11= ->
Pattern:	1-2
#1823
P:25/100%	D:19/100%
P: CCCTAGCGTAACTCTCGAGGTAGTA
<- Aln:   0	0	24	0	24	0	25= ->
P:11/68.75%	D:11/100%
D: CCCTAGCGTAACTCTCGAGACGACG
<- Aln:   0	0	10	14	24	0	11= ->
Pattern:	1-2
#1824
P:22/91.6667%	D:18/100%
No hit
<- Aln:   42	0	23	0	23	2	18=1X2=1X2=1S ->
<- Aln:   36	0	17	0	17	0	18=7S ->
P:11/100%	D:9/60%
P: CCCTAGCGTAACTCTCGAGGTAGTA
<- Aln:   0	0	10	14	24	0	11= ->
Pattern:	0-1
#1825
P:11/100%	D:9/75%
P: CCCTAGCGTAACTCTCGAGGTAGTA
<- Aln:   0	0	10	14	24	0	11= ->
P:11/68.75%	D:11/100%
D: CCCTAGCGTAACTCTCGAGACGACG
<- Aln:   0	0	10	14	24	0	11= ->
Pattern:	1-2
#1826
P:11/100%	D:14/66.6667%
P: CCCTAGCGTAACTCTCGAGGTAGTA
<- Aln:   0	0	10	14	24	0	11= ->
P:14/60.8696%	D:11/100%
D: CCCTAGCGTAACTCTCGAGACGACG
<- Aln:   0	0	10	14	24	0	11= ->
Pattern:	1-2
#1827
P:11/64.7059%	D:11/100%
D: CCCTAGCGTAACTCTCGAGACGACG
<- Aln:   0	0	10	14	24	0	11= ->
P:11/100%	D:10/71.4286%
P: CCCTAGCGTAACTCTCGAGGTAGTA
<- Aln:   0	0	10	14	24	0	11= ->
Pattern:	2-1
#1828
P:11/100%	D:10/62.5%
P: CCCTAGCGTAACTCTCGAGGTAGTA
<- Aln:   0	0	10	14	24	0	11= ->
P:8/72.7273%	D:11/100%
D: CCCTAGCGTAACTCTCGAGACGACG
<- Aln:   0	0	10	14	24	0	11= ->
Pattern:	1-2
#1829
P:11/100%	D:14/58.3333%
P: CCCTAGCGTAACTCTCGAGGTAGTA
<- Aln:   0	0	10	14	24	0	11= ->
P:10/76.9231%	D:11/100%
D: CCCTAGCGTAACTCTCGAGACGACG
<- Aln:   0	0	10	14	24	0	11= ->
Pattern:	1-2
#1830
P:11/100%	D:17/65.3846%
P: CCCTAGCGTAACTCTCGAGGTAGTA
<- Aln:   0	0	10	14	24	0	11= ->
P:13/56.5217%	D:10/100%
D: CCCTAGCGTAACTCTCGAGACGACG
<- Aln:   20	0	9	15	24	0	15S10= ->
Pattern:	1-2
#1831
P:12/57.1429%	D:11/100%
D: CCCTAGCGTAACTCTCGAGACGACG
<- Aln:   0	0	10	14	24	0	11= ->
P:11/100%	D:13/61.9048%
P: CCCTAGCGTAACTCTCGAGGTAGTA
<- Aln:   0	0	10	14	24	0	11= ->
Pattern:	2-1
#1832
P:7/77.7778%	D:11/100%
D: CCCTAGCGTAACTCTCGAGACGACG
<- Aln:   0	0	10	14	24	0	11= ->
P:10/100%	D:9/56.25%
P: CCCTAGCGTAACTCTCGAGGTAGTA
<- Aln:   20	0	9	14	23	0	14S10=1S ->
Pattern:	2-1
#1833
P:10/76.9231%	D:11/100%
D: CCCTAGCGTAACTCTCGAGACGACG
<- Aln:   0	0	10	14	24	0	11= ->
P:11/100%	D:11/64.7059%
P: CCCTAGCGTAACTCTCGAGGTAGTA
<- Aln:   0	0	10	14	24	0	11= ->
Pattern:	2-1
#1834
P:9/56.25%	D:11/100%
D: CCCTAGCGTAACTCTCGAGACGACG
<- Aln:   0	0	10	14	24	0	11= ->
P:11/100%	D:5/100%
P: CCCTAGCGTAACTCTCGAGGTAGTA
<- Aln:   0	0	10	14	24	0	11= ->
Pattern:	2-1
#1835
P:12/54.5455%	D:11/100%
D: CCCTAGCGTAACTCTCGAGACGACG
<- Aln:   0	0	10	14	24	0	11= ->
P:11/100%	D:11/57.8947%
P: CCCTAGCGTAACTCTCGAGGTAGTA
<- Aln:   0	0	10	14	24	0	11= ->
Pattern:	2-1
#1836
P:11/100%	D:15/62.5%
P: CCCTAGCGTAACTCTCGAGGTAGTA
<- Aln:   0	0	10	14	24	0	11= ->
P:14/63.6364%	D:11/100%
D: CCCTAGCGTAACTCTCGAGACGACG
<- Aln:   0	0	10	14	24	0	11= ->
Pattern:	1-2
#1837
P:11/68.75%	D:11/100%
D: CCCTAGCGTAACTCTCGAGACGACG
<- Aln:   0	0	10	14	24	0	11= ->
P:11/100%	D:11/50%
P: CCCTAGCGTAACTCTCGAGGTAGTA
<- Aln:   0	0	10	14	24	0	11= ->
Pattern:	2-1
#1838
P:11/100%	D:11/68.75%
P: CCCTAGCGTAACTCTCGAGGTAGTA
<- Aln:   0	0	10	14	24	0	11= ->
P:8/66.6667%	D:11/100%
D: CCCTAGCGTAACTCTCGAGACGACG
<- Aln:   0	0	10	14	24	0	11= ->
Pattern:	1-2
#1839
P:11/100%	D:12/60%
P: CCCTAGCGTAACTCTCGAGGTAGTA
<- Aln:   0	0	10	14	24	0	11= ->
P:10/50%	D:11/100%
D: CCCTAGCGTAACTCTCGAGACGACG
<- Aln:   0	0	10	14	24	0	11= ->
Pattern:	1-2
#1840
P:11/100%	D:12/60%
P: CCCTAGCGTAACTCTCGAGGTAGTA
<- Aln:   0	0	10	14	24	0	11= ->
P:14/66.6667%	D:11/100%
D: CCCTAGCGTAACTCTCGAGACGACG
<- Aln:   0	0	10	14	24	0	11= ->
Pattern:	1-2
#1841
P:10/90.9091%	D:10/62.5%
P: CCCTAGCGTAACTCTCGAGGTAGTA
<- Aln:   19	0	10	14	24	1	14S6=1X4= ->
P:12/60%	D:11/100%
D: CCCTAGCGTAACTCTCGAGACGACG
<- Aln:   0	0	10	14	24	0	11= ->
Pattern:	1-2
#1842
P:11/100%	D:12/60%
P: CCCTAGCGTAACTCTCGAGGTAGTA
<- Aln:   0	0	10	14	24	0	11= ->
P:11/61.1111%	D:11/100%
D: CCCTAGCGTAACTCTCGAGACGACG
<- Aln:   0	0	10	14	24	0	11= ->
Pattern:	1-2
#1843
P:17/100%	D:23/100%
D: CCCTAGCGTAACTCTCGAGACGACG
<- Aln:   46	0	22	2	24	0	2S23= ->
P:10/62.5%	D:11/100%
D: CCCTAGCGTAACTCTCGAGACGACG
<- Aln:   0	0	10	14	24	0	11= ->
Pattern:	2-2
#1844
P:12/54.5455%	D:11/100%
D: CCCTAGCGTAACTCTCGAGACGACG
<- Aln:   0	0	10	14	24	0	11= ->
P:12/52.1739%	D:11/100%
D: CCCTAGCGTAACTCTCGAGACGACG
<- Aln:   0	0	10	14	24	0	11= ->
Pattern:	2-2
#1845
P:11/100%	D:7/87.5%
P: CCCTAGCGTAACTCTCGAGGTAGTA
<- Aln:   0	0	10	14	24	0	11= ->
P:11/55%	D:11/100%
D: CCCTAGCGTAACTCTCGAGACGACG
<- Aln:   0	0	10	14	24	0	11= ->
Pattern:	1-2
#1846
P:14/63.6364%	D:11/100%
D: CCCTAGCGTAACTCTCGAGACGACG
<- Aln:   0	0	10	14	24	0	11= ->
P:10/100%	D:9/56.25%
P: CCCTAGCGTAACTCTCGAGGTAGTA
<- Aln:   20	0	9	14	23	0	14S10=1S ->
Pattern:	2-1
#1847
P:14/63.6364%	D:11/100%
D: CCCTAGCGTAACTCTCGAGACGACG
<- Aln:   0	0	10	14	24	0	11= ->
P:11/100%	D:12/57.1429%
P: CCCTAGCGTAACTCTCGAGGTAGTA
<- Aln:   0	0	10	14	24	0	11= ->
Pattern:	2-1
#1848
P:10/50%	D:11/100%
D: CCCTAGCGTAACTCTCGAGACGACG
<- Aln:   0	0	10	14	24	0	11= ->
P:11/100%	D:12/60%
P: CCCTAGCGTAACTCTCGAGGTAGTA
<- Aln:   0	0	10	14	24	0	11= ->
Pattern:	2-1
#1849
P:11/100%	D:14/63.6364%
P: CCCTAGCGTAACTCTCGAGGTAGTA
<- Aln:   0	0	10	14	24	0	11= ->
P:12/54.5455%	D:11/100%
D: CCCTAGCGTAACTCTCGAGACGACG
<- Aln:   0	0	10	14	24	0	11= ->
Pattern:	1-2
#1850
P:11/100%	D:9/56.25%
P: CCCTAGCGTAACTCTCGAGGTAGTA
<- Aln:   0	0	10	14	24	0	11= ->
P:16/57.1429%	D:11/100%
D: CCCTAGCGTAACTCTCGAGACGACG
<- Aln:   0	0	10	14	24	0	11= ->
Pattern:	1-2
#1851
P:10/55.5556%	D:7/53.8462%
No hit
<- Aln:   14	21	38	4	23	8	4S3=2I2=1X1=2X1=1X3=1X1=1X1=1S ->
<- Aln:   10	21	33	4	18	6	4S3=2I2=1X1=2X1=1X2=6S ->
P:11/100%	D:12/60%
P: CCCTAGCGTAACTCTCGAGGTAGTA
<- Aln:   0	0	10	14	24	0	11= ->
Pattern:	0-1
#1852
P:11/100%	D:10/58.8235%
P: CCCTAGCGTAACTCTCGAGGTAGTA
<- Aln:   0	0	10	14	24	0	11= ->
P:11/64.7059%	D:11/100%
D: CCCTAGCGTAACTCTCGAGACGACG
<- Aln:   0	0	10	14	24	0	11= ->
Pattern:	1-2
#1853
P:13/61.9048%	D:11/100%
D: CCCTAGCGTAACTCTCGAGACGACG
<- Aln:   0	0	10	14	24	0	11= ->
P:11/100%	D:12/63.1579%
P: CCCTAGCGTAACTCTCGAGGTAGTA
<- Aln:   0	0	10	14	24	0	11= ->
Pattern:	2-1
#1854
P:21/84%	D:23/100%
D: CCCTAGCGTAACTCTCGAGACGACG
<- Aln:   46	0	22	2	24	0	2S23= ->
P:11/100%	D:13/72.2222%
P: CCCTAGCGTAACTCTCGAGGTAGTA
<- Aln:   0	0	10	14	24	0	11= ->
Pattern:	2-1
#1855
P:9/56.25%	D:11/100%
D: CCCTAGCGTAACTCTCGAGACGACG
<- Aln:   0	0	10	14	24	0	11= ->
P:11/100%	D:10/62.5%
P: CCCTAGCGTAACTCTCGAGGTAGTA
<- Aln:   0	0	10	14	24	0	11= ->
Pattern:	2-1
#1856
P:9/50%	D:11/100%
D: CCCTAGCGTAACTCTCGAGACGACG
<- Aln:   0	0	10	14	24	0	11= ->
P:11/100%	D:10/71.4286%
P: CCCTAGCGTAACTCTCGAGGTAGTA
<- Aln:   0	0	10	14	24	0	11= ->
Pattern:	2-1
#1857
P:10/62.5%	D:11/100%
D: CCCTAGCGTAACTCTCGAGACGACG
<- Aln:   0	0	10	14	24	0	11= ->
P:11/100%	D:10/71.4286%
P: CCCTAGCGTAACTCTCGAGGTAGTA
<- Aln:   0	0	10	14	24	0	11= ->
Pattern:	2-1
#1858
P:10/55.5556%	D:11/100%
D: CCCTAGCGTAACTCTCGAGACGACG
<- Aln:   0	0	10	14	24	0	11= ->
P:24/96%	D:20/95.2381%
P: CCCTAGCGTAACTCTCGAGGTAGTA
<- Aln:   47	0	24	0	24	1	20=1X4= ->
Pattern:	2-1
#1859
P:9/90%	D:7/70%
P: CCCTAGCGTAACTCTCGAGGTAGTA
<- Aln:   17	0	9	14	23	1	14S8=1X1=1S ->
P:8/88.8889%	D:11/100%
D: CCCTAGCGTAACTCTCGAGACGACG
<- Aln:   0	0	10	14	24	0	11= ->
Pattern:	1-2
#1860
P:10/58.8235%	D:11/100%
D: CCCTAGCGTAACTCTCGAGACGACG
<- Aln:   0	0	10	14	24	0	11= ->
P:11/100%	D:12/70.5882%
P: CCCTAGCGTAACTCTCGAGGTAGTA
<- Aln:   0	0	10	14	24	0	11= ->
Pattern:	2-1
#1861
P:5/100%	D:11/100%
D: CCCTAGCGTAACTCTCGAGACGACG
<- Aln:   0	0	10	14	24	0	11= ->
P:11/100%	D:10/66.6667%
P: CCCTAGCGTAACTCTCGAGGTAGTA
<- Aln:   0	0	10	14	24	0	11= ->
Pattern:	2-1
#1862
P:11/100%	D:17/62.963%
P: CCCTAGCGTAACTCTCGAGGTAGTA
<- Aln:   0	0	10	14	24	0	11= ->
P:11/100%	D:17/58.6207%
P: CCCTAGCGTAACTCTCGAGGTAGTA
<- Aln:   0	0	10	14	24	0	11= ->
Pattern:	1-1
#1863
P:11/100%	D:12/66.6667%
P: CCCTAGCGTAACTCTCGAGGTAGTA
<- Aln:   0	0	10	14	24	0	11= ->
P:15/62.5%	D:11/100%
D: CCCTAGCGTAACTCTCGAGACGACG
<- Aln:   0	0	10	14	24	0	11= ->
Pattern:	1-2
#1864
P:11/100%	D:8/88.8889%
P: CCCTAGCGTAACTCTCGAGGTAGTA
<- Aln:   0	0	10	14	24	0	11= ->
P:9/60%	D:11/100%
D: CCCTAGCGTAACTCTCGAGACGACG
<- Aln:   0	0	10	14	24	0	11= ->
Pattern:	1-2
#1865
P:11/100%	D:16/57.1429%
P: CCCTAGCGTAACTCTCGAGGTAGTA
<- Aln:   0	0	10	14	24	0	11= ->
P:11/57.8947%	D:11/100%
D: CCCTAGCGTAACTCTCGAGACGACG
<- Aln:   0	0	10	14	24	0	11= ->
Pattern:	1-2
#1866
P:11/100%	D:11/57.8947%
P: CCCTAGCGTAACTCTCGAGGTAGTA
<- Aln:   0	0	10	14	24	0	11= ->
P:5/100%	D:11/100%
D: CCCTAGCGTAACTCTCGAGACGACG
<- Aln:   0	0	10	14	24	0	11= ->
Pattern:	1-2
#1867
P:11/100%	D:11/64.7059%
P: CCCTAGCGTAACTCTCGAGGTAGTA
<- Aln:   0	0	10	14	24	0	11= ->
P:5/100%	D:11/100%
D: CCCTAGCGTAACTCTCGAGACGACG
<- Aln:   0	0	10	14	24	0	11= ->
Pattern:	1-2
#1868
P:8/66.6667%	D:11/100%
D: CCCTAGCGTAACTCTCGAGACGACG
<- Aln:   0	0	10	14	24	0	11= ->
P:25/100%	D:19/100%
P: CCCTAGCGTAACTCTCGAGGTAGTA
<- Aln:   0	0	24	0	24	0	25= ->
Pattern:	2-1
#1869
P:11/100%	D:11/64.7059%
P: CCCTAGCGTAACTCTCGAGGTAGTA
<- Aln:   0	0	10	14	24	0	11= ->
P:11/100%	D:13/56.5217%
P: CCCTAGCGTAACTCTCGAGGTAGTA
<- Aln:   0	0	10	14	24	0	11= ->
Pattern:	1-1
#1870
P:21/52.5%	D:11/100%
D: CCCTAGCGTAACTCTCGAGACGACG
<- Aln:   0	0	10	14	24	0	11= ->
P:11/100%	D:8/72.7273%
P: CCCTAGCGTAACTCTCGAGGTAGTA
<- Aln:   0	0	10	14	24	0	11= ->
Pattern:	2-1
#1871
P:11/100%	D:9/75%
P: CCCTAGCGTAACTCTCGAGGTAGTA
<- Aln:   0	0	10	14	24	0	11= ->
P:12/57.1429%	D:11/100%
D: CCCTAGCGTAACTCTCGAGACGACG
<- Aln:   0	0	10	14	24	0	11= ->
Pattern:	1-2
#1872
P:13/65%	D:11/100%
D: CCCTAGCGTAACTCTCGAGACGACG
<- Aln:   0	0	10	14	24	0	11= ->
P:11/100%	D:10/58.8235%
P: CCCTAGCGTAACTCTCGAGGTAGTA
<- Aln:   0	0	10	14	24	0	11= ->
Pattern:	2-1
#1873
P:6/42.8571%	D:11/100%
D: CCCTAGCGTAACTCTCGAGACGACG
<- Aln:   0	0	10	14	24	0	11= ->
P:11/100%	D:11/68.75%
P: CCCTAGCGTAACTCTCGAGGTAGTA
<- Aln:   0	0	10	14	24	0	11= ->
Pattern:	2-1
#1874
P:11/100%	D:7/70%
P: CCCTAGCGTAACTCTCGAGGTAGTA
<- Aln:   0	0	10	14	24	0	11= ->
P:11/100%	D:14/58.3333%
P: CCCTAGCGTAACTCTCGAGGTAGTA
<- Aln:   0	0	10	14	24	0	11= ->
Pattern:	1-1
#1875
P:12/60%	D:11/100%
D: CCCTAGCGTAACTCTCGAGACGACG
<- Aln:   0	0	10	14	24	0	11= ->
P:11/100%	D:14/63.6364%
P: CCCTAGCGTAACTCTCGAGGTAGTA
<- Aln:   0	0	10	14	24	0	11= ->
Pattern:	2-1
#1876
P:10/90.9091%	D:7/70%
P: CCCTAGCGTAACTCTCGAGGTAGTA
<- Aln:   19	0	10	14	24	1	14S6=1X4= ->
P:9/50%	D:11/100%
D: CCCTAGCGTAACTCTCGAGACGACG
<- Aln:   0	0	10	14	24	0	11= ->
Pattern:	1-2
#1877
P:12/70.5882%	D:11/100%
D: CCCTAGCGTAACTCTCGAGACGACG
<- Aln:   0	0	10	14	24	0	11= ->
P:11/100%	D:13/56.5217%
P: CCCTAGCGTAACTCTCGAGGTAGTA
<- Aln:   0	0	10	14	24	0	11= ->
Pattern:	2-1
#1878
P:11/100%	D:12/57.1429%
P: CCCTAGCGTAACTCTCGAGGTAGTA
<- Aln:   0	0	10	14	24	0	11= ->
P:11/100%	D:11/64.7059%
P: CCCTAGCGTAACTCTCGAGGTAGTA
<- Aln:   0	0	10	14	24	0	11= ->
Pattern:	1-1
#1879
P:11/100%	D:14/63.6364%
P: CCCTAGCGTAACTCTCGAGGTAGTA
<- Aln:   0	0	10	14	24	0	11= ->
P:7/46.6667%	D:11/100%
D: CCCTAGCGTAACTCTCGAGACGACG
<- Aln:   0	0	10	14	24	0	11= ->
Pattern:	1-2
#1880
P:13/61.9048%	D:10/90.9091%
D: CCCTAGCGTAACTCTCGAGACGACG
<- Aln:   19	0	10	14	24	1	14S9=1X1= ->
P:11/100%	D:9/56.25%
P: CCCTAGCGTAACTCTCGAGGTAGTA
<- Aln:   0	0	10	14	24	0	11= ->
Pattern:	2-1
#1881
P:14/60.8696%	D:10/100%
D: CCCTAGCGTAACTCTCGAGACGACG
<- Aln:   20	0	9	14	23	0	14S10=1S ->
P:11/100%	D:9/75%
P: CCCTAGCGTAACTCTCGAGGTAGTA
<- Aln:   0	0	10	14	24	0	11= ->
Pattern:	2-1
#1882
P:11/100%	D:9/64.2857%
P: CCCTAGCGTAACTCTCGAGGTAGTA
<- Aln:   0	0	10	14	24	0	11= ->
P:11/100%	D:9/69.2308%
P: CCCTAGCGTAACTCTCGAGGTAGTA
<- Aln:   0	0	10	14	24	0	11= ->
Pattern:	1-1
#1883
P:11/100%	D:10/62.5%
P: CCCTAGCGTAACTCTCGAGGTAGTA
<- Aln:   0	0	10	14	24	0	11= ->
P:9/75%	D:11/100%
D: CCCTAGCGTAACTCTCGAGACGACG
<- Aln:   0	0	10	14	24	0	11= ->
Pattern:	1-2
#1884
P:12/60%	D:11/100%
D: CCCTAGCGTAACTCTCGAGACGACG
<- Aln:   0	0	10	14	24	0	11= ->
P:11/100%	D:14/70%
P: CCCTAGCGTAACTCTCGAGGTAGTA
<- Aln:   0	0	10	14	24	0	11= ->
Pattern:	2-1
#1885
P:12/60%	D:11/100%
D: CCCTAGCGTAACTCTCGAGACGACG
<- Aln:   0	0	10	14	24	0	11= ->
P:10/100%	D:12/70.5882%
P: CCCTAGCGTAACTCTCGAGGTAGTA
<- Aln:   20	0	9	14	23	0	14S10=1S ->
Pattern:	2-1
#1886
P:12/60%	D:11/100%
D: CCCTAGCGTAACTCTCGAGACGACG
<- Aln:   0	0	10	14	24	0	11= ->
P:10/100%	D:11/64.7059%
P: CCCTAGCGTAACTCTCGAGGTAGTA
<- Aln:   20	0	9	14	23	0	14S10=1S ->
Pattern:	2-1
#1887
P:11/100%	D:9/64.2857%
P: CCCTAGCGTAACTCTCGAGGTAGTA
<- Aln:   0	0	10	14	24	0	11= ->
P:14/60.8696%	D:11/100%
D: CCCTAGCGTAACTCTCGAGACGACG
<- Aln:   0	0	10	14	24	0	11= ->
Pattern:	1-2
#1888
P:11/100%	D:9/64.2857%
P: CCCTAGCGTAACTCTCGAGGTAGTA
<- Aln:   0	0	10	14	24	0	11= ->
P:13/61.9048%	D:11/100%
D: CCCTAGCGTAACTCTCGAGACGACG
<- Aln:   0	0	10	14	24	0	11= ->
Pattern:	1-2
#1889
P:11/100%	D:12/57.1429%
P: CCCTAGCGTAACTCTCGAGGTAGTA
<- Aln:   0	0	10	14	24	0	11= ->
P:9/75%	D:11/100%
D: CCCTAGCGTAACTCTCGAGACGACG
<- Aln:   0	0	10	14	24	0	11= ->
Pattern:	1-2
#1890
P:9/50%	D:11/100%
D: CCCTAGCGTAACTCTCGAGACGACG
<- Aln:   0	0	10	14	24	0	11= ->
P:11/100%	D:11/55%
P: CCCTAGCGTAACTCTCGAGGTAGTA
<- Aln:   0	0	10	14	24	0	11= ->
Pattern:	2-1
#1891
P:13/61.9048%	D:11/100%
D: CCCTAGCGTAACTCTCGAGACGACG
<- Aln:   0	0	10	14	24	0	11= ->
P:11/100%	D:13/59.0909%
P: CCCTAGCGTAACTCTCGAGGTAGTA
<- Aln:   0	0	10	14	24	0	11= ->
Pattern:	2-1
#1892
P:15/57.6923%	D:11/100%
D: CCCTAGCGTAACTCTCGAGACGACG
<- Aln:   0	0	10	14	24	0	11= ->
P:11/100%	D:12/66.6667%
P: CCCTAGCGTAACTCTCGAGGTAGTA
<- Aln:   0	0	10	14	24	0	11= ->
Pattern:	2-1
#1893
P:13/59.0909%	D:11/100%
D: CCCTAGCGTAACTCTCGAGACGACG
<- Aln:   0	0	10	14	24	0	11= ->
P:11/100%	D:11/61.1111%
P: CCCTAGCGTAACTCTCGAGGTAGTA
<- Aln:   0	0	10	14	24	0	11= ->
Pattern:	2-1
#1894
P:11/100%	D:13/68.4211%
P: CCCTAGCGTAACTCTCGAGGTAGTA
<- Aln:   0	0	10	14	24	0	11= ->
P:17/60.7143%	D:11/100%
D: CCCTAGCGTAACTCTCGAGACGACG
<- Aln:   0	0	10	14	24	0	11= ->
Pattern:	1-2
#1895
P:11/50%	D:11/100%
D: CCCTAGCGTAACTCTCGAGACGACG
<- Aln:   0	0	10	14	24	0	11= ->
P:11/100%	D:10/71.4286%
P: CCCTAGCGTAACTCTCGAGGTAGTA
<- Aln:   0	0	10	14	24	0	11= ->
Pattern:	2-1
#1896
P:11/100%	D:10/71.4286%
P: CCCTAGCGTAACTCTCGAGGTAGTA
<- Aln:   0	0	10	14	24	0	11= ->
P:9/64.2857%	D:11/100%
D: CCCTAGCGTAACTCTCGAGACGACG
<- Aln:   0	0	10	14	24	0	11= ->
Pattern:	1-2
#1897
P:11/100%	D:10/76.9231%
P: CCCTAGCGTAACTCTCGAGGTAGTA
<- Aln:   0	0	10	14	24	0	11= ->
P:11/73.3333%	D:11/100%
D: CCCTAGCGTAACTCTCGAGACGACG
<- Aln:   0	0	10	14	24	0	11= ->
Pattern:	1-2
#1898
P:11/100%	D:8/66.6667%
P: CCCTAGCGTAACTCTCGAGGTAGTA
<- Aln:   0	0	10	14	24	0	11= ->
P:14/63.6364%	D:11/100%
D: CCCTAGCGTAACTCTCGAGACGACG
<- Aln:   0	0	10	14	24	0	11= ->
Pattern:	1-2
#1899
P:11/100%	D:10/62.5%
P: CCCTAGCGTAACTCTCGAGGTAGTA
<- Aln:   0	0	10	14	24	0	11= ->
P:9/75%	D:11/100%
D: CCCTAGCGTAACTCTCGAGACGACG
<- Aln:   0	0	10	14	24	0	11= ->
Pattern:	1-2
#1900
P:9/90%	D:10/62.5%
P: CCCTAGCGTAACTCTCGAGGTAGTA
<- Aln:   17	0	9	14	24	1	14S6=1I4= ->
P:13/59.0909%	D:11/100%
D: CCCTAGCGTAACTCTCGAGACGACG
<- Aln:   0	0	10	14	24	0	11= ->
Pattern:	1-2
#1901
P:11/100%	D:12/63.1579%
P: CCCTAGCGTAACTCTCGAGGTAGTA
<- Aln:   0	0	10	14	24	0	11= ->
P:11/57.8947%	D:11/100%
D: CCCTAGCGTAACTCTCGAGACGACG
<- Aln:   0	0	10	14	24	0	11= ->
Pattern:	1-2
#1902
P:11/61.1111%	D:11/100%
D: CCCTAGCGTAACTCTCGAGACGACG
<- Aln:   0	0	10	14	24	0	11= ->
P:11/100%	D:8/80%
P: CCCTAGCGTAACTCTCGAGGTAGTA
<- Aln:   0	0	10	14	24	0	11= ->
Pattern:	2-1
#1903
P:11/100%	D:6/100%
P: CCCTAGCGTAACTCTCGAGGTAGTA
<- Aln:   0	0	10	14	24	0	11= ->
P:13/56.5217%	D:10/100%
D: CCCTAGCGTAACTCTCGAGACGACG
<- Aln:   20	0	9	14	23	0	14S10=1S ->
Pattern:	1-2
#1904
P:11/100%	D:12/66.6667%
P: CCCTAGCGTAACTCTCGAGGTAGTA
<- Aln:   0	0	10	14	24	0	11= ->
P:10/58.8235%	D:11/100%
D: CCCTAGCGTAACTCTCGAGACGACG
<- Aln:   0	0	10	14	24	0	11= ->
Pattern:	1-2
#1905
P:11/100%	D:9/69.2308%
P: CCCTAGCGTAACTCTCGAGGTAGTA
<- Aln:   0	0	10	14	24	0	11= ->
P:10/62.5%	D:11/100%
D: CCCTAGCGTAACTCTCGAGACGACG
<- Aln:   0	0	10	14	24	0	11= ->
Pattern:	1-2
#1906
P:9/69.2308%	D:11/100%
D: CCCTAGCGTAACTCTCGAGACGACG
<- Aln:   0	0	10	14	24	0	11= ->
P:11/100%	D:10/62.5%
P: CCCTAGCGTAACTCTCGAGGTAGTA
<- Aln:   0	0	10	14	24	0	11= ->
Pattern:	2-1
#1907
P:11/100%	D:15/57.6923%
P: CCCTAGCGTAACTCTCGAGGTAGTA
<- Aln:   0	0	10	14	24	0	11= ->
P:11/55%	D:11/100%
D: CCCTAGCGTAACTCTCGAGACGACG
<- Aln:   0	0	10	14	24	0	11= ->
Pattern:	1-2
#1908
P:12/54.5455%	D:11/100%
D: CCCTAGCGTAACTCTCGAGACGACG
<- Aln:   0	0	10	14	24	0	11= ->
P:11/100%	D:12/54.5455%
P: CCCTAGCGTAACTCTCGAGGTAGTA
<- Aln:   0	0	10	14	24	0	11= ->
Pattern:	2-1
#1909
P:11/100%	D:13/61.9048%
P: CCCTAGCGTAACTCTCGAGGTAGTA
<- Aln:   0	0	10	14	24	0	11= ->
P:10/66.6667%	D:11/100%
D: CCCTAGCGTAACTCTCGAGACGACG
<- Aln:   0	0	10	14	24	0	11= ->
Pattern:	1-2
#1910
P:11/100%	D:15/65.2174%
P: CCCTAGCGTAACTCTCGAGGTAGTA
<- Aln:   0	0	10	14	24	0	11= ->
P:11/57.8947%	D:11/100%
D: CCCTAGCGTAACTCTCGAGACGACG
<- Aln:   0	0	10	14	24	0	11= ->
Pattern:	1-2
#1911
P:11/100%	D:14/60.8696%
P: CCCTAGCGTAACTCTCGAGGTAGTA
<- Aln:   0	0	10	14	24	0	11= ->
P:10/66.6667%	D:11/100%
D: CCCTAGCGTAACTCTCGAGACGACG
<- Aln:   0	0	10	14	24	0	11= ->
Pattern:	1-2
#1912
P:15/65.2174%	D:11/100%
D: CCCTAGCGTAACTCTCGAGACGACG
<- Aln:   0	0	10	14	24	0	11= ->
P:11/100%	D:12/70.5882%
P: CCCTAGCGTAACTCTCGAGGTAGTA
<- Aln:   0	0	10	14	24	0	11= ->
Pattern:	2-1
#1913
P:11/100%	D:12/66.6667%
P: CCCTAGCGTAACTCTCGAGGTAGTA
<- Aln:   0	0	10	14	24	0	11= ->
P:10/66.6667%	D:11/100%
D: CCCTAGCGTAACTCTCGAGACGACG
<- Aln:   0	0	10	14	24	0	11= ->
Pattern:	1-2
#1914
P:11/100%	D:12/70.5882%
P: CCCTAGCGTAACTCTCGAGGTAGTA
<- Aln:   0	0	10	14	24	0	11= ->
P:10/62.5%	D:11/100%
D: CCCTAGCGTAACTCTCGAGACGACG
<- Aln:   0	0	10	14	24	0	11= ->
Pattern:	1-2
#1915
P:11/100%	D:12/57.1429%
P: CCCTAGCGTAACTCTCGAGGTAGTA
<- Aln:   0	0	10	14	24	0	11= ->
P:11/52.381%	D:11/100%
D: CCCTAGCGTAACTCTCGAGACGACG
<- Aln:   0	0	10	14	24	0	11= ->
Pattern:	1-2
#1916
P:12/60%	D:11/100%
D: CCCTAGCGTAACTCTCGAGACGACG
<- Aln:   0	0	10	14	24	0	11= ->
P:11/100%	D:10/71.4286%
P: CCCTAGCGTAACTCTCGAGGTAGTA
<- Aln:   0	0	10	14	24	0	11= ->
Pattern:	2-1
#1917
P:13/68.4211%	D:11/100%
D: CCCTAGCGTAACTCTCGAGACGACG
<- Aln:   0	0	10	14	24	0	11= ->
P:11/100%	D:11/78.5714%
P: CCCTAGCGTAACTCTCGAGGTAGTA
<- Aln:   0	0	10	14	24	0	11= ->
Pattern:	2-1
#1918
P:8/80%	D:11/100%
D: CCCTAGCGTAACTCTCGAGACGACG
<- Aln:   0	0	10	14	24	0	11= ->
P:11/100%	D:12/57.1429%
P: CCCTAGCGTAACTCTCGAGGTAGTA
<- Aln:   0	0	10	14	24	0	11= ->
Pattern:	2-1
#1919
P:11/100%	D:13/59.0909%
P: CCCTAGCGTAACTCTCGAGGTAGTA
<- Aln:   0	0	10	14	24	0	11= ->
P:15/71.4286%	D:11/100%
D: CCCTAGCGTAACTCTCGAGACGACG
<- Aln:   0	0	10	14	24	0	11= ->
Pattern:	1-2
#1920
P:10/66.6667%	D:10/66.6667%
No hit
<- Aln:   13	43	57	1	14	5	1S3=1I2=2D3=1X2=1X1=10S ->
<- Aln:   13	43	57	1	14	5	1S3=1I2=2D3=1X2=1X1=10S ->
P:11/100%	D:14/66.6667%
P: CCCTAGCGTAACTCTCGAGGTAGTA
<- Aln:   0	0	10	14	24	0	11= ->
Pattern:	0-1
#1921
P:8/61.5385%	D:11/100%
D: CCCTAGCGTAACTCTCGAGACGACG
<- Aln:   0	0	10	14	24	0	11= ->
P:11/100%	D:14/60.8696%
P: CCCTAGCGTAACTCTCGAGGTAGTA
<- Aln:   0	0	10	14	24	0	11= ->
Pattern:	2-1
#1922
P:11/50%	D:11/100%
D: CCCTAGCGTAACTCTCGAGACGACG
<- Aln:   0	0	10	14	24	0	11= ->
P:11/100%	D:16/59.2593%
P: CCCTAGCGTAACTCTCGAGGTAGTA
<- Aln:   0	0	10	14	24	0	11= ->
Pattern:	2-1
#1923
P:11/100%	D:12/70.5882%
P: CCCTAGCGTAACTCTCGAGGTAGTA
<- Aln:   0	0	10	14	24	0	11= ->
P:12/60%	D:11/100%
D: CCCTAGCGTAACTCTCGAGACGACG
<- Aln:   0	0	10	14	24	0	11= ->
Pattern:	1-2
#1924
P:11/100%	D:10/66.6667%
P: CCCTAGCGTAACTCTCGAGGTAGTA
<- Aln:   0	0	10	14	24	0	11= ->
P:7/87.5%	D:11/100%
D: CCCTAGCGTAACTCTCGAGACGACG
<- Aln:   0	0	10	14	24	0	11= ->
Pattern:	1-2
#1925
P:11/100%	D:10/55.5556%
P: CCCTAGCGTAACTCTCGAGGTAGTA
<- Aln:   0	0	10	14	24	0	11= ->
P:12/54.5455%	D:11/100%
D: CCCTAGCGTAACTCTCGAGACGACG
<- Aln:   0	0	10	14	24	0	11= ->
Pattern:	1-2
#1926
P:12/57.1429%	D:11/100%
D: CCCTAGCGTAACTCTCGAGACGACG
<- Aln:   0	0	10	14	24	0	11= ->
P:11/100%	D:15/65.2174%
P: CCCTAGCGTAACTCTCGAGGTAGTA
<- Aln:   0	0	10	14	24	0	11= ->
Pattern:	2-1
#1927
P:11/100%	D:12/66.6667%
P: CCCTAGCGTAACTCTCGAGGTAGTA
<- Aln:   0	0	10	14	24	0	11= ->
P:9/69.2308%	D:16/57.1429%
No hit
<- Aln:   14	1	13	11	23	4	11S4=1X2=2X1=1X2=1S ->
<- Aln:   16	24	51	0	23	12	2=1X1=1X2=1X1=4D2=1X1=1D2=1I4=2X2=1S ->
Pattern:	1-0
#1928
P:11/100%	D:8/66.6667%
P: CCCTAGCGTAACTCTCGAGGTAGTA
<- Aln:   0	0	10	14	24	0	11= ->
P:17/100%	D:23/100%
D: CCCTAGCGTAACTCTCGAGACGACG
<- Aln:   46	0	22	2	24	0	2S23= ->
Pattern:	1-2
#1929
P:14/60.8696%	D:11/100%
D: CCCTAGCGTAACTCTCGAGACGACG
<- Aln:   0	0	10	14	24	0	11= ->
P:11/100%	D:17/58.6207%
P: CCCTAGCGTAACTCTCGAGGTAGTA
<- Aln:   0	0	10	14	24	0	11= ->
Pattern:	2-1
#1930
P:10/58.8235%	D:11/100%
D: CCCTAGCGTAACTCTCGAGACGACG
<- Aln:   0	0	10	14	24	0	11= ->
P:11/100%	D:14/60.8696%
P: CCCTAGCGTAACTCTCGAGGTAGTA
<- Aln:   0	0	10	14	24	0	11= ->
Pattern:	2-1
#1931
P:13/59.0909%	D:11/100%
D: CCCTAGCGTAACTCTCGAGACGACG
<- Aln:   0	0	10	14	24	0	11= ->
P:11/100%	D:13/54.1667%
P: CCCTAGCGTAACTCTCGAGGTAGTA
<- Aln:   0	0	10	14	24	0	11= ->
Pattern:	2-1
#1932
P:11/100%	D:10/52.6316%
P: CCCTAGCGTAACTCTCGAGGTAGTA
<- Aln:   0	0	10	14	24	0	11= ->
P:12/57.1429%	D:11/100%
D: CCCTAGCGTAACTCTCGAGACGACG
<- Aln:   0	0	10	14	24	0	11= ->
Pattern:	1-2
#1933
P:11/100%	D:9/75%
P: CCCTAGCGTAACTCTCGAGGTAGTA
<- Aln:   0	0	10	14	24	0	11= ->
P:16/64%	D:11/100%
D: CCCTAGCGTAACTCTCGAGACGACG
<- Aln:   0	0	10	14	24	0	11= ->
Pattern:	1-2
#1934
P:9/64.2857%	D:10/100%
D: CCCTAGCGTAACTCTCGAGACGACG
<- Aln:   20	0	9	14	23	0	14S10=1S ->
P:11/100%	D:11/61.1111%
P: CCCTAGCGTAACTCTCGAGGTAGTA
<- Aln:   0	0	10	14	24	0	11= ->
Pattern:	2-1
#1935
P:11/100%	D:11/55%
P: CCCTAGCGTAACTCTCGAGGTAGTA
<- Aln:   0	0	10	14	24	0	11= ->
P:14/56%	D:11/100%
D: CCCTAGCGTAACTCTCGAGACGACG
<- Aln:   0	0	10	14	24	0	11= ->
Pattern:	1-2
#1936
P:10/66.6667%	D:11/100%
D: CCCTAGCGTAACTCTCGAGACGACG
<- Aln:   0	0	10	14	24	0	11= ->
P:11/100%	D:12/60%
P: CCCTAGCGTAACTCTCGAGGTAGTA
<- Aln:   0	0	10	14	24	0	11= ->
Pattern:	2-1
#1937
P:11/100%	D:10/52.6316%
P: CCCTAGCGTAACTCTCGAGGTAGTA
<- Aln:   0	0	10	14	24	0	11= ->
P:8/61.5385%	D:11/100%
D: CCCTAGCGTAACTCTCGAGACGACG
<- Aln:   0	0	10	14	24	0	11= ->
Pattern:	1-2
#1938
P:13/61.9048%	D:11/100%
D: CCCTAGCGTAACTCTCGAGACGACG
<- Aln:   0	0	10	14	24	0	11= ->
P:11/100%	D:12/66.6667%
P: CCCTAGCGTAACTCTCGAGGTAGTA
<- Aln:   0	0	10	14	24	0	11= ->
Pattern:	2-1
#1939
P:8/80%	D:11/100%
D: CCCTAGCGTAACTCTCGAGACGACG
<- Aln:   0	0	10	14	24	0	11= ->
P:11/100%	D:12/57.1429%
P: CCCTAGCGTAACTCTCGAGGTAGTA
<- Aln:   0	0	10	14	24	0	11= ->
Pattern:	2-1
#1940
P:14/63.6364%	D:11/100%
D: CCCTAGCGTAACTCTCGAGACGACG
<- Aln:   0	0	10	14	24	0	11= ->
P:11/100%	D:7/77.7778%
P: CCCTAGCGTAACTCTCGAGGTAGTA
<- Aln:   0	0	10	14	24	0	11= ->
Pattern:	2-1
#1941
P:17/60.7143%	D:11/100%
D: CCCTAGCGTAACTCTCGAGACGACG
<- Aln:   0	0	10	14	24	0	11= ->
P:11/100%	D:14/56%
P: CCCTAGCGTAACTCTCGAGGTAGTA
<- Aln:   0	0	10	14	24	0	11= ->
Pattern:	2-1
#1942
P:13/65%	D:11/100%
D: CCCTAGCGTAACTCTCGAGACGACG
<- Aln:   0	0	10	14	24	0	11= ->
P:11/100%	D:10/66.6667%
P: CCCTAGCGTAACTCTCGAGGTAGTA
<- Aln:   0	0	10	14	24	0	11= ->
Pattern:	2-1
#1943
P:15/93.75%	D:21/95.4545%
D: CCCTAGCGTAACTCTCGAGACGACG
<- Aln:   41	0	21	2	24	1	2S12=1I10= ->
P:10/100%	D:7/87.5%
P: CCCTAGCGTAACTCTCGAGGTAGTA
<- Aln:   20	0	9	15	24	0	15S10= ->
Pattern:	2-1
#1944
P:8/72.7273%	D:11/100%
D: CCCTAGCGTAACTCTCGAGACGACG
<- Aln:   0	0	10	14	24	0	11= ->
P:11/100%	D:9/75%
P: CCCTAGCGTAACTCTCGAGGTAGTA
<- Aln:   0	0	10	14	24	0	11= ->
Pattern:	2-1
#1945
P:17/100%	D:23/100%
D: CCCTAGCGTAACTCTCGAGACGACG
<- Aln:   46	0	22	2	24	0	2S23= ->
P:11/100%	D:6/85.7143%
P: CCCTAGCGTAACTCTCGAGGTAGTA
<- Aln:   0	0	10	14	24	0	11= ->
Pattern:	2-1
#1946
P:11/100%	D:11/57.8947%
P: CCCTAGCGTAACTCTCGAGGTAGTA
<- Aln:   0	0	10	14	24	0	11= ->
P:10/66.6667%	D:11/100%
D: CCCTAGCGTAACTCTCGAGACGACG
<- Aln:   0	0	10	14	24	0	11= ->
Pattern:	1-2
#1947
P:9/100%	D:13/56.5217%
No hit
<- Aln:   18	0	8	14	22	0	14S9=2S ->
<- Aln:   14	22	44	0	20	10	4=1I3=4D1=1X1=1X1=1X2=1I1=1X2=4S ->
P:9/60%	D:11/100%
D: CCCTAGCGTAACTCTCGAGACGACG
<- Aln:   0	0	10	14	24	0	11= ->
Pattern:	0-2
#1948
P:13/52%	D:11/100%
D: CCCTAGCGTAACTCTCGAGACGACG
<- Aln:   0	0	10	14	24	0	11= ->
P:11/100%	D:10/58.8235%
P: CCCTAGCGTAACTCTCGAGGTAGTA
<- Aln:   0	0	10	14	24	0	11= ->
Pattern:	2-1
#1949
P:9/69.2308%	D:11/100%
D: CCCTAGCGTAACTCTCGAGACGACG
<- Aln:   0	0	10	14	24	0	11= ->
P:11/100%	D:10/71.4286%
P: CCCTAGCGTAACTCTCGAGGTAGTA
<- Aln:   0	0	10	14	24	0	11= ->
Pattern:	2-1
#1950
P:15/71.4286%	D:11/100%
D: CCCTAGCGTAACTCTCGAGACGACG
<- Aln:   0	0	10	14	24	0	11= ->
P:7/77.7778%	D:11/100%
D: CCCTAGCGTAACTCTCGAGACGACG
<- Aln:   0	0	10	14	24	0	11= ->
Pattern:	2-2
#1951
P:10/66.6667%	D:11/100%
D: CCCTAGCGTAACTCTCGAGACGACG
<- Aln:   0	0	10	14	24	0	11= ->
P:8/100%	D:17/65.3846%
No hit
<- Aln:   16	0	7	14	21	0	14S8=3S ->
<- Aln:   21	8	33	1	23	9	1S3=2D2=1D1=1X2=1X4=1X1=2X2=1X2=1S ->
Pattern:	2-0
#1952
P:11/100%	D:11/52.381%
P: CCCTAGCGTAACTCTCGAGGTAGTA
<- Aln:   0	0	10	14	24	0	11= ->
P:11/50%	D:11/100%
D: CCCTAGCGTAACTCTCGAGACGACG
<- Aln:   0	0	10	14	24	0	11= ->
Pattern:	1-2
#1953
P:11/100%	D:14/70%
P: CCCTAGCGTAACTCTCGAGGTAGTA
<- Aln:   0	0	10	14	24	0	11= ->
P:12/66.6667%	D:11/100%
D: CCCTAGCGTAACTCTCGAGACGACG
<- Aln:   0	0	10	14	24	0	11= ->
Pattern:	1-2
#1954
P:12/75%	D:11/100%
D: CCCTAGCGTAACTCTCGAGACGACG
<- Aln:   0	0	10	14	24	0	11= ->
P:11/100%	D:16/64%
P: CCCTAGCGTAACTCTCGAGGTAGTA
<- Aln:   0	0	10	14	24	0	11= ->
Pattern:	2-1
#1955
P:11/61.1111%	D:11/100%
D: CCCTAGCGTAACTCTCGAGACGACG
<- Aln:   0	0	10	14	24	0	11= ->
P:11/100%	D:8/61.5385%
P: CCCTAGCGTAACTCTCGAGGTAGTA
<- Aln:   0	0	10	14	24	0	11= ->
Pattern:	2-1
#1956
P:9/69.2308%	D:11/100%
D: CCCTAGCGTAACTCTCGAGACGACG
<- Aln:   0	0	10	14	24	0	11= ->
P:10/100%	D:8/72.7273%
P: CCCTAGCGTAACTCTCGAGGTAGTA
<- Aln:   20	1	10	15	24	0	15S10= ->
Pattern:	2-1
#1957
P:9/90%	D:11/55%
P: CCCTAGCGTAACTCTCGAGGTAGTA
<- Aln:   17	0	9	14	23	1	14S8=1X1=1S ->
P:10/58.8235%	D:11/100%
D: CCCTAGCGTAACTCTCGAGACGACG
<- Aln:   0	0	10	14	24	0	11= ->
Pattern:	1-2
#1958
P:11/100%	D:11/64.7059%
P: CCCTAGCGTAACTCTCGAGGTAGTA
<- Aln:   0	0	10	14	24	0	11= ->
P:11/55%	D:11/100%
D: CCCTAGCGTAACTCTCGAGACGACG
<- Aln:   0	0	10	14	24	0	11= ->
Pattern:	1-2
#1959
P:10/83.3333%	D:12/57.1429%
No hit
<- Aln:   16	0	11	14	24	2	14S6=1D1=1X3= ->
<- Aln:   17	27	47	1	23	9	1S4=2X4=1X1=2X1=2I1X2=1X2=1S ->
P:11/100%	D:11/55%
P: CCCTAGCGTAACTCTCGAGGTAGTA
<- Aln:   0	0	10	14	24	0	11= ->
Pattern:	0-1
#1960
P:12/66.6667%	D:11/100%
D: CCCTAGCGTAACTCTCGAGACGACG
<- Aln:   0	0	10	14	24	0	11= ->
P:11/100%	D:12/66.6667%
P: CCCTAGCGTAACTCTCGAGGTAGTA
<- Aln:   0	0	10	14	24	0	11= ->
Pattern:	2-1
#1961
P:10/62.5%	D:11/100%
D: CCCTAGCGTAACTCTCGAGACGACG
<- Aln:   0	0	10	14	24	0	11= ->
P:9/100%	D:13/65%
No hit
<- Aln:   18	0	8	14	22	0	14S9=2S ->
<- Aln:   17	39	58	2	20	7	2S2=2X4=1X1=1D1=1X2=1X1=1X2=4S ->
Pattern:	2-0
#1962
P:12/57.1429%	D:11/100%
D: CCCTAGCGTAACTCTCGAGACGACG
<- Aln:   0	0	10	14	24	0	11= ->
P:12/54.5455%	D:10/52.6316%
No hit
<- Aln:   18	8	29	0	24	10	4=4I2=1D3=1X3=4X4= ->
<- Aln:   15	8	26	0	22	9	4=4I2=1D3=1X3=1I1=1X1=1X1=2S ->
Pattern:	2-0
#1963
P:11/100%	D:9/64.2857%
P: CCCTAGCGTAACTCTCGAGGTAGTA
<- Aln:   0	0	10	14	24	0	11= ->
P:13/61.9048%	D:11/100%
D: CCCTAGCGTAACTCTCGAGACGACG
<- Aln:   0	0	10	14	24	0	11= ->
Pattern:	1-2
#1964
P:11/100%	D:12/60%
P: CCCTAGCGTAACTCTCGAGGTAGTA
<- Aln:   0	0	10	14	24	0	11= ->
P:10/62.5%	D:11/100%
D: CCCTAGCGTAACTCTCGAGACGACG
<- Aln:   0	0	10	14	24	0	11= ->
Pattern:	1-2
#1965
P:11/100%	D:8/66.6667%
P: CCCTAGCGTAACTCTCGAGGTAGTA
<- Aln:   0	0	10	14	24	0	11= ->
P:13/65%	D:10/100%
D: CCCTAGCGTAACTCTCGAGACGACG
<- Aln:   20	0	9	14	23	0	14S10=1S ->
Pattern:	1-2
#1966
P:9/64.2857%	D:10/100%
D: CCCTAGCGTAACTCTCGAGACGACG
<- Aln:   20	0	9	14	23	0	14S10=1S ->
P:11/100%	D:12/70.5882%
P: CCCTAGCGTAACTCTCGAGGTAGTA
<- Aln:   0	0	10	14	24	0	11= ->
Pattern:	2-1
#1967
P:11/100%	D:14/66.6667%
P: CCCTAGCGTAACTCTCGAGGTAGTA
<- Aln:   0	0	10	14	24	0	11= ->
P:14/58.3333%	D:11/100%
D: CCCTAGCGTAACTCTCGAGACGACG
<- Aln:   0	0	10	14	24	0	11= ->
Pattern:	1-2
#1968
P:11/100%	D:13/61.9048%
P: CCCTAGCGTAACTCTCGAGGTAGTA
<- Aln:   0	0	10	14	24	0	11= ->
P:9/69.2308%	D:11/100%
D: CCCTAGCGTAACTCTCGAGACGACG
<- Aln:   0	0	10	14	24	0	11= ->
Pattern:	1-2
#1969
P:11/100%	D:12/66.6667%
P: CCCTAGCGTAACTCTCGAGGTAGTA
<- Aln:   0	0	10	14	24	0	11= ->
P:13/65%	D:11/100%
D: CCCTAGCGTAACTCTCGAGACGACG
<- Aln:   0	0	10	14	24	0	11= ->
Pattern:	1-2
#1970
P:17/62.963%	D:11/100%
D: CCCTAGCGTAACTCTCGAGACGACG
<- Aln:   0	0	10	14	24	0	11= ->
P:11/100%	D:11/61.1111%
P: CCCTAGCGTAACTCTCGAGGTAGTA
<- Aln:   0	0	10	14	24	0	11= ->
Pattern:	2-1
#1971
P:15/78.9474%	D:11/100%
D: CCCTAGCGTAACTCTCGAGACGACG
<- Aln:   0	0	10	14	24	0	11= ->
P:11/100%	D:11/61.1111%
P: CCCTAGCGTAACTCTCGAGGTAGTA
<- Aln:   0	0	10	14	24	0	11= ->
Pattern:	2-1
#1972
P:11/55%	D:11/100%
D: CCCTAGCGTAACTCTCGAGACGACG
<- Aln:   0	0	10	14	24	0	11= ->
P:11/100%	D:8/61.5385%
P: CCCTAGCGTAACTCTCGAGGTAGTA
<- Aln:   0	0	10	14	24	0	11= ->
Pattern:	2-1
#1973
P:13/59.0909%	D:11/100%
D: CCCTAGCGTAACTCTCGAGACGACG
<- Aln:   0	0	10	14	24	0	11= ->
P:11/100%	D:9/52.9412%
P: CCCTAGCGTAACTCTCGAGGTAGTA
<- Aln:   0	0	10	14	24	0	11= ->
Pattern:	2-1
#1974
P:12/63.1579%	D:11/100%
D: CCCTAGCGTAACTCTCGAGACGACG
<- Aln:   0	0	10	14	24	0	11= ->
P:11/100%	D:11/61.1111%
P: CCCTAGCGTAACTCTCGAGGTAGTA
<- Aln:   0	0	10	14	24	0	11= ->
Pattern:	2-1
#1975
P:18/52.9412%	D:11/100%
D: CCCTAGCGTAACTCTCGAGACGACG
<- Aln:   0	0	10	14	24	0	11= ->
P:11/100%	D:12/52.1739%
P: CCCTAGCGTAACTCTCGAGGTAGTA
<- Aln:   0	0	10	14	24	0	11= ->
Pattern:	2-1
#1976
P:11/55%	D:11/100%
D: CCCTAGCGTAACTCTCGAGACGACG
<- Aln:   0	0	10	14	24	0	11= ->
P:11/100%	D:10/83.3333%
P: CCCTAGCGTAACTCTCGAGGTAGTA
<- Aln:   0	0	10	14	24	0	11= ->
Pattern:	2-1
#1977
P:11/100%	D:15/57.6923%
P: CCCTAGCGTAACTCTCGAGGTAGTA
<- Aln:   0	0	10	14	24	0	11= ->
P:10/55.5556%	D:11/100%
D: CCCTAGCGTAACTCTCGAGACGACG
<- Aln:   0	0	10	14	24	0	11= ->
Pattern:	1-2
#1978
P:11/61.1111%	D:11/100%
D: CCCTAGCGTAACTCTCGAGACGACG
<- Aln:   0	0	10	14	24	0	11= ->
P:25/100%	D:19/100%
P: CCCTAGCGTAACTCTCGAGGTAGTA
<- Aln:   0	0	24	0	24	0	25= ->
Pattern:	2-1
#1979
P:9/90%	D:11/100%
D: CCCTAGCGTAACTCTCGAGACGACG
<- Aln:   0	0	10	14	24	0	11= ->
P:11/100%	D:11/68.75%
P: CCCTAGCGTAACTCTCGAGGTAGTA
<- Aln:   0	0	10	14	24	0	11= ->
Pattern:	2-1
#1980
P:12/66.6667%	D:11/100%
D: CCCTAGCGTAACTCTCGAGACGACG
<- Aln:   0	0	10	14	24	0	11= ->
P:11/100%	D:11/68.75%
P: CCCTAGCGTAACTCTCGAGGTAGTA
<- Aln:   0	0	10	14	24	0	11= ->
Pattern:	2-1
#1981
P:11/100%	D:14/58.3333%
P: CCCTAGCGTAACTCTCGAGGTAGTA
<- Aln:   0	0	10	14	24	0	11= ->
P:12/60%	D:11/100%
D: CCCTAGCGTAACTCTCGAGACGACG
<- Aln:   0	0	10	14	24	0	11= ->
Pattern:	1-2
#1982
P:14/63.6364%	D:11/100%
D: CCCTAGCGTAACTCTCGAGACGACG
<- Aln:   0	0	10	14	24	0	11= ->
P:11/100%	D:10/66.6667%
P: CCCTAGCGTAACTCTCGAGGTAGTA
<- Aln:   0	0	10	14	24	0	11= ->
Pattern:	2-1
#1983
P:7/77.7778%	D:11/100%
D: CCCTAGCGTAACTCTCGAGACGACG
<- Aln:   0	0	10	14	24	0	11= ->
P:11/100%	D:5/100%
P: CCCTAGCGTAACTCTCGAGGTAGTA
<- Aln:   0	0	10	14	24	0	11= ->
Pattern:	2-1
#1984
P:10/66.6667%	D:11/100%
D: CCCTAGCGTAACTCTCGAGACGACG
<- Aln:   0	0	10	14	24	0	11= ->
P:11/100%	D:6/100%
P: CCCTAGCGTAACTCTCGAGGTAGTA
<- Aln:   0	0	10	14	24	0	11= ->
Pattern:	2-1
#1985
P:19/100%	D:24/100%
D: CCCTAGCGTAACTCTCGAGACGACG
<- Aln:   48	0	23	0	23	0	24=1S ->
P:11/100%	D:10/58.8235%
P: CCCTAGCGTAACTCTCGAGGTAGTA
<- Aln:   0	0	10	14	24	0	11= ->
Pattern:	2-1
#1986
P:10/90.9091%	D:11/64.7059%
P: CCCTAGCGTAACTCTCGAGGTAGTA
<- Aln:   19	0	10	14	24	1	14S6=1X4= ->
P:12/54.5455%	D:11/100%
D: CCCTAGCGTAACTCTCGAGACGACG
<- Aln:   0	0	10	14	24	0	11= ->
Pattern:	1-2
#1987
P:12/63.1579%	D:11/100%
D: CCCTAGCGTAACTCTCGAGACGACG
<- Aln:   0	0	10	14	24	0	11= ->
P:11/100%	D:10/58.8235%
P: CCCTAGCGTAACTCTCGAGGTAGTA
<- Aln:   0	0	10	14	24	0	11= ->
Pattern:	2-1
#1988
P:12/54.5455%	D:11/100%
D: CCCTAGCGTAACTCTCGAGACGACG
<- Aln:   0	0	10	14	24	0	11= ->
P:11/100%	D:10/62.5%
P: CCCTAGCGTAACTCTCGAGGTAGTA
<- Aln:   0	0	10	14	24	0	11= ->
Pattern:	2-1
#1989
P:11/100%	D:11/64.7059%
P: CCCTAGCGTAACTCTCGAGGTAGTA
<- Aln:   0	0	10	14	24	0	11= ->
P:13/59.0909%	D:11/100%
D: CCCTAGCGTAACTCTCGAGACGACG
<- Aln:   0	0	10	14	24	0	11= ->
Pattern:	1-2
#1990
P:11/100%	D:13/65%
P: CCCTAGCGTAACTCTCGAGGTAGTA
<- Aln:   0	0	10	14	24	0	11= ->
P:12/63.1579%	D:11/100%
D: CCCTAGCGTAACTCTCGAGACGACG
<- Aln:   0	0	10	14	24	0	11= ->
Pattern:	1-2
#1991
P:10/100%	D:11/61.1111%
P: CCCTAGCGTAACTCTCGAGGTAGTA
<- Aln:   20	0	9	14	23	0	14S10=1S ->
P:13/59.0909%	D:11/100%
D: CCCTAGCGTAACTCTCGAGACGACG
<- Aln:   0	0	10	14	24	0	11= ->
Pattern:	1-2
#1992
P:11/100%	D:11/57.8947%
P: CCCTAGCGTAACTCTCGAGGTAGTA
<- Aln:   0	0	10	14	24	0	11= ->
P:8/72.7273%	D:11/100%
D: CCCTAGCGTAACTCTCGAGACGACG
<- Aln:   0	0	10	14	24	0	11= ->
Pattern:	1-2
#1993
P:10/66.6667%	D:11/100%
D: CCCTAGCGTAACTCTCGAGACGACG
<- Aln:   0	0	10	14	24	0	11= ->
P:11/100%	D:14/60.8696%
P: CCCTAGCGTAACTCTCGAGGTAGTA
<- Aln:   0	0	10	14	24	0	11= ->
Pattern:	2-1
#1994
P:11/100%	D:14/82.3529%
P: CCCTAGCGTAACTCTCGAGGTAGTA
<- Aln:   0	0	10	14	24	0	11= ->
P:10/71.4286%	D:11/100%
D: CCCTAGCGTAACTCTCGAGACGACG
<- Aln:   0	0	10	14	24	0	11= ->
Pattern:	1-2
#1995
P:11/100%	D:10/66.6667%
P: CCCTAGCGTAACTCTCGAGGTAGTA
<- Aln:   0	0	10	14	24	0	11= ->
P:12/57.1429%	D:11/100%
D: CCCTAGCGTAACTCTCGAGACGACG
<- Aln:   0	0	10	14	24	0	11= ->
Pattern:	1-2
#1996
P:8/57.1429%	D:11/100%
D: CCCTAGCGTAACTCTCGAGACGACG
<- Aln:   0	0	10	14	24	0	11= ->
P:11/100%	D:11/61.1111%
P: CCCTAGCGTAACTCTCGAGGTAGTA
<- Aln:   0	0	10	14	24	0	11= ->
Pattern:	2-1
#1997
P:11/100%	D:8/80%
P: CCCTAGCGTAACTCTCGAGGTAGTA
<- Aln:   0	0	10	14	24	0	11= ->
P:14/73.6842%	D:11/100%
D: CCCTAGCGTAACTCTCGAGACGACG
<- Aln:   0	0	10	14	24	0	11= ->
Pattern:	1-2
#1998
P:11/100%	D:15/62.5%
P: CCCTAGCGTAACTCTCGAGGTAGTA
<- Aln:   0	0	10	14	24	0	11= ->
P:9/64.2857%	D:11/100%
D: CCCTAGCGTAACTCTCGAGACGACG
<- Aln:   0	0	10	14	24	0	11= ->
Pattern:	1-2
#1999
P:17/62.963%	D:11/100%
D: CCCTAGCGTAACTCTCGAGACGACG
<- Aln:   0	0	10	14	24	0	11= ->
P:11/100%	D:10/52.6316%
P: CCCTAGCGTAACTCTCGAGGTAGTA
<- Aln:   0	0	10	14	24	0	11= ->
Pattern:	2-1
#2000
P:11/57.8947%	D:11/100%
D: CCCTAGCGTAACTCTCGAGACGACG
<- Aln:   0	0	10	14	24	0	11= ->
P:11/100%	D:7/53.8462%
P: CCCTAGCGTAACTCTCGAGGTAGTA
<- Aln:   0	0	10	14	24	0	11= ->
Pattern:	2-1
#2001
P:12/52.1739%	D:11/100%
D: CCCTAGCGTAACTCTCGAGACGACG
<- Aln:   0	0	10	14	24	0	11= ->
P:9/90%	D:10/50%
P: CCCTAGCGTAACTCTCGAGGTAGTA
<- Aln:   17	0	9	14	23	1	14S8=1X1=1S ->
Pattern:	2-1
#2002
P:11/100%	D:9/64.2857%
P: CCCTAGCGTAACTCTCGAGGTAGTA
<- Aln:   0	0	10	14	24	0	11= ->
P:8/80%	D:11/100%
D: CCCTAGCGTAACTCTCGAGACGACG
<- Aln:   0	0	10	14	24	0	11= ->
Pattern:	1-2
#2003
P:11/57.8947%	D:11/100%
D: CCCTAGCGTAACTCTCGAGACGACG
<- Aln:   0	0	10	14	24	0	11= ->
P:11/100%	D:15/57.6923%
P: CCCTAGCGTAACTCTCGAGGTAGTA
<- Aln:   0	0	10	14	24	0	11= ->
Pattern:	2-1
#2004
P:12/60%	D:11/100%
D: CCCTAGCGTAACTCTCGAGACGACG
<- Aln:   0	0	10	14	24	0	11= ->
P:11/100%	D:13/59.0909%
P: CCCTAGCGTAACTCTCGAGGTAGTA
<- Aln:   0	0	10	14	24	0	11= ->
Pattern:	2-1
#2005
P:11/100%	D:14/53.8462%
P: CCCTAGCGTAACTCTCGAGGTAGTA
<- Aln:   0	0	10	14	24	0	11= ->
P:11/64.7059%	D:10/90.9091%
D: CCCTAGCGTAACTCTCGAGACGACG
<- Aln:   19	0	10	14	24	1	14S9=1X1= ->
Pattern:	1-2
#2006
P:11/50%	D:11/100%
D: CCCTAGCGTAACTCTCGAGACGACG
<- Aln:   0	0	10	14	24	0	11= ->
P:11/100%	D:9/75%
P: CCCTAGCGTAACTCTCGAGGTAGTA
<- Aln:   0	0	10	14	24	0	11= ->
Pattern:	2-1
#2007
P:16/69.5652%	D:11/100%
D: CCCTAGCGTAACTCTCGAGACGACG
<- Aln:   0	0	10	14	24	0	11= ->
P:9/100%	D:13/56.5217%
No hit
<- Aln:   18	0	8	14	22	0	14S9=2S ->
<- Aln:   12	1	23	2	23	10	2S1=1X2=1I3=1D2=1D1X1=2X1=1X2=2X2=1S ->
Pattern:	2-0
#2008
P:11/100%	D:6/85.7143%
P: CCCTAGCGTAACTCTCGAGGTAGTA
<- Aln:   0	0	10	14	24	0	11= ->
P:13/61.9048%	D:11/100%
D: CCCTAGCGTAACTCTCGAGACGACG
<- Aln:   0	0	10	14	24	0	11= ->
Pattern:	1-2
#2009
P:13/61.9048%	D:11/100%
D: CCCTAGCGTAACTCTCGAGACGACG
<- Aln:   0	0	10	14	24	0	11= ->
P:11/100%	D:11/73.3333%
P: CCCTAGCGTAACTCTCGAGGTAGTA
<- Aln:   0	0	10	14	24	0	11= ->
Pattern:	2-1
#2010
P:10/55.5556%	D:11/100%
D: CCCTAGCGTAACTCTCGAGACGACG
<- Aln:   0	0	10	14	24	0	11= ->
P:11/100%	D:12/60%
P: CCCTAGCGTAACTCTCGAGGTAGTA
<- Aln:   0	0	10	14	24	0	11= ->
Pattern:	2-1
#2011
P:11/55%	D:11/100%
D: CCCTAGCGTAACTCTCGAGACGACG
<- Aln:   0	0	10	14	24	0	11= ->
P:11/100%	D:12/60%
P: CCCTAGCGTAACTCTCGAGGTAGTA
<- Aln:   0	0	10	14	24	0	11= ->
Pattern:	2-1
#2012
P:11/100%	D:5/100%
P: CCCTAGCGTAACTCTCGAGGTAGTA
<- Aln:   0	0	10	14	24	0	11= ->
P:12/54.5455%	D:11/100%
D: CCCTAGCGTAACTCTCGAGACGACG
<- Aln:   0	0	10	14	24	0	11= ->
Pattern:	1-2
#2013
P:11/100%	D:9/75%
P: CCCTAGCGTAACTCTCGAGGTAGTA
<- Aln:   0	0	10	14	24	0	11= ->
P:14/63.6364%	D:11/100%
D: CCCTAGCGTAACTCTCGAGACGACG
<- Aln:   0	0	10	14	24	0	11= ->
Pattern:	1-2
#2014
P:11/100%	D:11/52.381%
P: CCCTAGCGTAACTCTCGAGGTAGTA
<- Aln:   0	0	10	14	24	0	11= ->
P:11/64.7059%	D:11/100%
D: CCCTAGCGTAACTCTCGAGACGACG
<- Aln:   0	0	10	14	24	0	11= ->
Pattern:	1-2
#2015
P:14/66.6667%	D:11/100%
D: CCCTAGCGTAACTCTCGAGACGACG
<- Aln:   0	0	10	14	24	0	11= ->
P:11/100%	D:14/56%
P: CCCTAGCGTAACTCTCGAGGTAGTA
<- Aln:   0	0	10	14	24	0	11= ->
Pattern:	2-1
#2016
P:11/61.1111%	D:11/100%
D: CCCTAGCGTAACTCTCGAGACGACG
<- Aln:   0	0	10	14	24	0	11= ->
P:11/100%	D:14/58.3333%
P: CCCTAGCGTAACTCTCGAGGTAGTA
<- Aln:   0	0	10	14	24	0	11= ->
Pattern:	2-1
#2017
P:12/54.5455%	D:11/100%
D: CCCTAGCGTAACTCTCGAGACGACG
<- Aln:   0	0	10	14	24	0	11= ->
P:11/100%	D:11/64.7059%
P: CCCTAGCGTAACTCTCGAGGTAGTA
<- Aln:   0	0	10	14	24	0	11= ->
Pattern:	2-1
#2018
P:7/63.6364%	D:11/100%
D: CCCTAGCGTAACTCTCGAGACGACG
<- Aln:   0	0	10	14	24	0	11= ->
P:11/100%	D:9/64.2857%
P: CCCTAGCGTAACTCTCGAGGTAGTA
<- Aln:   0	0	10	14	24	0	11= ->
Pattern:	2-1
#2019
P:11/64.7059%	D:14/63.6364%
No hit
<- Aln:   16	20	36	5	23	6	5S2=2X2=2X3=1I3=1I3=1S ->
<- Aln:   18	20	41	5	24	8	5S2=2X2=2D3=2X3=1X3=1X1= ->
P:10/55.5556%	D:11/100%
D: CCCTAGCGTAACTCTCGAGACGACG
<- Aln:   0	0	10	14	24	0	11= ->
Pattern:	0-2
#2020
P:11/100%	D:10/76.9231%
P: CCCTAGCGTAACTCTCGAGGTAGTA
<- Aln:   0	0	10	14	24	0	11= ->
P:11/100%	D:10/58.8235%
P: CCCTAGCGTAACTCTCGAGGTAGTA
<- Aln:   0	0	10	14	24	0	11= ->
Pattern:	1-1
#2021
P:10/62.5%	D:11/100%
D: CCCTAGCGTAACTCTCGAGACGACG
<- Aln:   0	0	10	14	24	0	11= ->
P:9/100%	D:11/57.8947%
P: CCCTAGCGTAACTCTCGAGGTAGTA
<- Aln:   18	0	8	16	24	0	16S9= ->
Pattern:	2-1
#2022
P:17/100%	D:23/100%
D: CCCTAGCGTAACTCTCGAGACGACG
<- Aln:   46	0	22	2	24	0	2S23= ->
P:11/100%	D:13/59.0909%
P: CCCTAGCGTAACTCTCGAGGTAGTA
<- Aln:   0	0	10	14	24	0	11= ->
Pattern:	2-1
#2023
P:11/100%	D:13/68.4211%
P: CCCTAGCGTAACTCTCGAGGTAGTA
<- Aln:   0	0	10	14	24	0	11= ->
P:12/54.5455%	D:11/100%
D: CCCTAGCGTAACTCTCGAGACGACG
<- Aln:   0	0	10	14	24	0	11= ->
Pattern:	1-2
#2024
P:14/60.8696%	D:11/100%
D: CCCTAGCGTAACTCTCGAGACGACG
<- Aln:   0	0	10	14	24	0	11= ->
P:11/100%	D:13/65%
P: CCCTAGCGTAACTCTCGAGGTAGTA
<- Aln:   0	0	10	14	24	0	11= ->
Pattern:	2-1
#2025
P:11/100%	D:13/61.9048%
P: CCCTAGCGTAACTCTCGAGGTAGTA
<- Aln:   0	0	10	14	24	0	11= ->
P:10/50%	D:11/100%
D: CCCTAGCGTAACTCTCGAGACGACG
<- Aln:   0	0	10	14	24	0	11= ->
Pattern:	1-2
#2026
P:11/57.8947%	D:11/100%
D: CCCTAGCGTAACTCTCGAGACGACG
<- Aln:   0	0	10	14	24	0	11= ->
P:11/100%	D:8/66.6667%
P: CCCTAGCGTAACTCTCGAGGTAGTA
<- Aln:   0	0	10	14	24	0	11= ->
Pattern:	2-1
#2027
P:7/36.8421%	D:11/100%
D: CCCTAGCGTAACTCTCGAGACGACG
<- Aln:   0	0	10	14	24	0	11= ->
P:11/100%	D:14/70%
P: CCCTAGCGTAACTCTCGAGGTAGTA
<- Aln:   0	0	10	14	24	0	11= ->
Pattern:	2-1
#2028
P:14/60.8696%	D:11/100%
D: CCCTAGCGTAACTCTCGAGACGACG
<- Aln:   0	0	10	14	24	0	11= ->
P:11/100%	D:11/61.1111%
P: CCCTAGCGTAACTCTCGAGGTAGTA
<- Aln:   0	0	10	14	24	0	11= ->
Pattern:	2-1
#2029
P:11/100%	D:12/57.1429%
P: CCCTAGCGTAACTCTCGAGGTAGTA
<- Aln:   0	0	10	14	24	0	11= ->
P:12/60%	D:11/100%
D: CCCTAGCGTAACTCTCGAGACGACG
<- Aln:   0	0	10	14	24	0	11= ->
Pattern:	1-2
#2030
P:13/59.0909%	D:11/100%
D: CCCTAGCGTAACTCTCGAGACGACG
<- Aln:   0	0	10	14	24	0	11= ->
P:11/100%	D:14/63.6364%
P: CCCTAGCGTAACTCTCGAGGTAGTA
<- Aln:   0	0	10	14	24	0	11= ->
Pattern:	2-1
#2031
P:11/100%	D:14/63.6364%
P: CCCTAGCGTAACTCTCGAGGTAGTA
<- Aln:   0	0	10	14	24	0	11= ->
P:17/100%	D:23/100%
D: CCCTAGCGTAACTCTCGAGACGACG
<- Aln:   46	0	22	2	24	0	2S23= ->
Pattern:	1-2
#2032
P:15/60%	D:11/100%
D: CCCTAGCGTAACTCTCGAGACGACG
<- Aln:   0	0	10	14	24	0	11= ->
P:11/100%	D:14/63.6364%
P: CCCTAGCGTAACTCTCGAGGTAGTA
<- Aln:   0	0	10	14	24	0	11= ->
Pattern:	2-1
#2033
P:8/72.7273%	D:11/100%
D: CCCTAGCGTAACTCTCGAGACGACG
<- Aln:   0	0	10	14	24	0	11= ->
P:11/100%	D:10/66.6667%
P: CCCTAGCGTAACTCTCGAGGTAGTA
<- Aln:   0	0	10	14	24	0	11= ->
Pattern:	2-1
#2034
P:11/100%	D:14/60.8696%
P: CCCTAGCGTAACTCTCGAGGTAGTA
<- Aln:   0	0	10	14	24	0	11= ->
P:17/56.6667%	D:11/100%
D: CCCTAGCGTAACTCTCGAGACGACG
<- Aln:   0	0	10	14	24	0	11= ->
Pattern:	1-2
#2035
P:11/100%	D:12/54.5455%
P: CCCTAGCGTAACTCTCGAGGTAGTA
<- Aln:   0	0	10	14	24	0	11= ->
P:9/64.2857%	D:11/100%
D: CCCTAGCGTAACTCTCGAGACGACG
<- Aln:   0	0	10	14	24	0	11= ->
Pattern:	1-2
#2036
P:11/100%	D:11/55%
P: CCCTAGCGTAACTCTCGAGGTAGTA
<- Aln:   0	0	10	14	24	0	11= ->
P:11/100%	D:11/57.8947%
P: CCCTAGCGTAACTCTCGAGGTAGTA
<- Aln:   0	0	10	14	24	0	11= ->
Pattern:	1-1
#2037
P:11/100%	D:12/60%
P: CCCTAGCGTAACTCTCGAGGTAGTA
<- Aln:   0	0	10	14	24	0	11= ->
P:14/60.8696%	D:11/100%
D: CCCTAGCGTAACTCTCGAGACGACG
<- Aln:   0	0	10	14	24	0	11= ->
Pattern:	1-2
#2038
P:14/56%	D:11/100%
D: CCCTAGCGTAACTCTCGAGACGACG
<- Aln:   0	0	10	14	24	0	11= ->
P:11/100%	D:11/55%
P: CCCTAGCGTAACTCTCGAGGTAGTA
<- Aln:   0	0	10	14	24	0	11= ->
Pattern:	2-1
#2039
P:11/100%	D:10/52.6316%
P: CCCTAGCGTAACTCTCGAGGTAGTA
<- Aln:   0	0	10	14	24	0	11= ->
P:13/61.9048%	D:11/100%
D: CCCTAGCGTAACTCTCGAGACGACG
<- Aln:   0	0	10	14	24	0	11= ->
Pattern:	1-2
#2040
P:12/66.6667%	D:11/100%
D: CCCTAGCGTAACTCTCGAGACGACG
<- Aln:   0	0	10	14	24	0	11= ->
P:11/100%	D:17/62.963%
P: CCCTAGCGTAACTCTCGAGGTAGTA
<- Aln:   0	0	10	14	24	0	11= ->
Pattern:	2-1
#2041
P:12/66.6667%	D:11/100%
D: CCCTAGCGTAACTCTCGAGACGACG
<- Aln:   0	0	10	14	24	0	11= ->
P:10/100%	D:12/52.1739%
P: CCCTAGCGTAACTCTCGAGGTAGTA
<- Aln:   20	0	9	14	23	0	14S10=1S ->
Pattern:	2-1
#2042
P:12/60%	D:11/100%
D: CCCTAGCGTAACTCTCGAGACGACG
<- Aln:   0	0	10	14	24	0	11= ->
P:10/100%	D:9/69.2308%
P: CCCTAGCGTAACTCTCGAGGTAGTA
<- Aln:   20	0	9	14	23	0	14S10=1S ->
Pattern:	2-1
#2043
P:11/100%	D:5/100%
P: CCCTAGCGTAACTCTCGAGGTAGTA
<- Aln:   0	0	10	14	24	0	11= ->
P:14/60.8696%	D:11/100%
D: CCCTAGCGTAACTCTCGAGACGACG
<- Aln:   0	0	10	14	24	0	11= ->
Pattern:	1-2
#2044
P:7/70%	D:11/100%
D: CCCTAGCGTAACTCTCGAGACGACG
<- Aln:   0	0	10	14	24	0	11= ->
P:11/55%	D:11/100%
D: CCCTAGCGTAACTCTCGAGACGACG
<- Aln:   0	0	10	14	24	0	11= ->
Pattern:	2-2
#2045
P:10/71.4286%	D:14/66.6667%
No hit
<- Aln:   16	17	30	4	18	4	4S2=1X2=2X5=1I2=6S ->
<- Aln:   19	17	37	4	24	7	4S2=1X2=2X5=1I2=1D2=1X1=1X1= ->
P:11/100%	D:13/65%
P: CCCTAGCGTAACTCTCGAGGTAGTA
<- Aln:   0	0	10	14	24	0	11= ->
Pattern:	0-1
#2046
P:11/100%	D:11/68.75%
P: CCCTAGCGTAACTCTCGAGGTAGTA
<- Aln:   0	0	10	14	24	0	11= ->
P:9/69.2308%	D:11/100%
D: CCCTAGCGTAACTCTCGAGACGACG
<- Aln:   0	0	10	14	24	0	11= ->
Pattern:	1-2
#2047
P:11/100%	D:9/69.2308%
P: CCCTAGCGTAACTCTCGAGGTAGTA
<- Aln:   0	0	10	14	24	0	11= ->
P:12/57.1429%	D:11/100%
D: CCCTAGCGTAACTCTCGAGACGACG
<- Aln:   0	0	10	14	24	0	11= ->
Pattern:	1-2
#2048
P:11/68.75%	D:11/100%
D: CCCTAGCGTAACTCTCGAGACGACG
<- Aln:   0	0	10	14	24	0	11= ->
P:11/100%	D:14/53.8462%
P: CCCTAGCGTAACTCTCGAGGTAGTA
<- Aln:   0	0	10	14	24	0	11= ->
Pattern:	2-1
#2049
P:11/100%	D:12/66.6667%
P: CCCTAGCGTAACTCTCGAGGTAGTA
<- Aln:   0	0	10	14	24	0	11= ->
P:11/64.7059%	D:11/100%
D: CCCTAGCGTAACTCTCGAGACGACG
<- Aln:   0	0	10	14	24	0	11= ->
Pattern:	1-2
#2050
P:17/56.6667%	D:11/100%
D: CCCTAGCGTAACTCTCGAGACGACG
<- Aln:   0	0	10	14	24	0	11= ->
P:11/100%	D:11/68.75%
P: CCCTAGCGTAACTCTCGAGGTAGTA
<- Aln:   0	0	10	14	24	0	11= ->
Pattern:	2-1
#2051
P:13/56.5217%	D:11/100%
D: CCCTAGCGTAACTCTCGAGACGACG
<- Aln:   0	0	10	14	24	0	11= ->
P:11/100%	D:10/66.6667%
P: CCCTAGCGTAACTCTCGAGGTAGTA
<- Aln:   0	0	10	14	24	0	11= ->
Pattern:	2-1
#2052
P:11/100%	D:18/62.069%
P: CCCTAGCGTAACTCTCGAGGTAGTA
<- Aln:   0	0	10	14	24	0	11= ->
P:13/61.9048%	D:11/100%
D: CCCTAGCGTAACTCTCGAGACGACG
<- Aln:   0	0	10	14	24	0	11= ->
Pattern:	1-2
#2053
P:11/100%	D:12/57.1429%
P: CCCTAGCGTAACTCTCGAGGTAGTA
<- Aln:   0	0	10	14	24	0	11= ->
P:11/52.381%	D:11/100%
D: CCCTAGCGTAACTCTCGAGACGACG
<- Aln:   0	0	10	14	24	0	11= ->
Pattern:	1-2
#2054
P:12/66.6667%	D:11/100%
D: CCCTAGCGTAACTCTCGAGACGACG
<- Aln:   0	0	10	14	24	0	11= ->
P:9/100%	D:9/69.2308%
No hit
<- Aln:   18	0	8	14	22	0	14S9=2S ->
<- Aln:   14	44	56	9	21	4	9S2=1X3=1X2=1X1=1X1=3S ->
Pattern:	2-0
#2055
P:11/64.7059%	D:11/100%
D: CCCTAGCGTAACTCTCGAGACGACG
<- Aln:   0	0	10	14	24	0	11= ->
P:11/100%	D:13/59.0909%
P: CCCTAGCGTAACTCTCGAGGTAGTA
<- Aln:   0	0	10	14	24	0	11= ->
Pattern:	2-1
#2056
P:13/54.1667%	D:11/100%
D: CCCTAGCGTAACTCTCGAGACGACG
<- Aln:   0	0	10	14	24	0	11= ->
P:25/100%	D:19/100%
P: CCCTAGCGTAACTCTCGAGGTAGTA
<- Aln:   0	0	24	0	24	0	25= ->
Pattern:	2-1
#2057
P:11/52.381%	D:11/100%
D: CCCTAGCGTAACTCTCGAGACGACG
<- Aln:   0	0	10	14	24	0	11= ->
P:11/100%	D:14/60.8696%
P: CCCTAGCGTAACTCTCGAGGTAGTA
<- Aln:   0	0	10	14	24	0	11= ->
Pattern:	2-1
#2058
P:11/64.7059%	D:11/100%
D: CCCTAGCGTAACTCTCGAGACGACG
<- Aln:   0	0	10	14	24	0	11= ->
P:11/100%	D:17/58.6207%
P: CCCTAGCGTAACTCTCGAGGTAGTA
<- Aln:   0	0	10	14	24	0	11= ->
Pattern:	2-1
#2059
P:13/56.5217%	D:11/100%
D: CCCTAGCGTAACTCTCGAGACGACG
<- Aln:   0	0	10	14	24	0	11= ->
P:11/55%	D:10/100%
D: CCCTAGCGTAACTCTCGAGACGACG
<- Aln:   20	0	9	14	23	0	14S10=1S ->
Pattern:	2-2
#2060
P:11/100%	D:11/68.75%
P: CCCTAGCGTAACTCTCGAGGTAGTA
<- Aln:   0	0	10	14	24	0	11= ->
P:12/57.1429%	D:11/100%
D: CCCTAGCGTAACTCTCGAGACGACG
<- Aln:   0	0	10	14	24	0	11= ->
Pattern:	1-2
#2061
P:11/100%	D:9/69.2308%
P: CCCTAGCGTAACTCTCGAGGTAGTA
<- Aln:   0	0	10	14	24	0	11= ->
P:9/60%	D:9/60%
No hit
<- Aln:   16	31	45	0	17	6	3=1X3=1X1=3I3=1X2=7S ->
<- Aln:   16	31	45	0	17	6	3=1X3=1X1=3I3=1X2=7S ->
Pattern:	1-0
#2062
P:11/100%	D:9/69.2308%
P: CCCTAGCGTAACTCTCGAGGTAGTA
<- Aln:   0	0	10	14	24	0	11= ->
P:16/57.1429%	D:11/100%
D: CCCTAGCGTAACTCTCGAGACGACG
<- Aln:   0	0	10	14	24	0	11= ->
Pattern:	1-2
#2063
P:11/100%	D:10/62.5%
P: CCCTAGCGTAACTCTCGAGGTAGTA
<- Aln:   0	0	10	14	24	0	11= ->
P:10/71.4286%	D:10/71.4286%
No hit
<- Aln:   16	1	14	2	15	4	2S1=1X4=1X1=1X1=1X3=9S ->
<- Aln:   16	1	14	2	15	4	2S1=1X4=1X1=1X1=1X3=9S ->
Pattern:	1-0
#2064
P:10/62.5%	D:11/100%
D: CCCTAGCGTAACTCTCGAGACGACG
<- Aln:   0	0	10	14	24	0	11= ->
P:11/100%	D:14/56%
P: CCCTAGCGTAACTCTCGAGGTAGTA
<- Aln:   0	0	10	14	24	0	11= ->
Pattern:	2-1
#2065
P:13/59.0909%	D:11/100%
D: CCCTAGCGTAACTCTCGAGACGACG
<- Aln:   0	0	10	14	24	0	11= ->
P:10/100%	D:12/63.1579%
P: CCCTAGCGTAACTCTCGAGGTAGTA
<- Aln:   20	0	9	14	23	0	14S10=1S ->
Pattern:	2-1
#2066
P:11/100%	D:10/55.5556%
P: CCCTAGCGTAACTCTCGAGGTAGTA
<- Aln:   0	0	10	14	24	0	11= ->
P:13/61.9048%	D:11/100%
D: CCCTAGCGTAACTCTCGAGACGACG
<- Aln:   0	0	10	14	24	0	11= ->
Pattern:	1-2
#2067
P:9/56.25%	D:11/100%
D: CCCTAGCGTAACTCTCGAGACGACG
<- Aln:   0	0	10	14	24	0	11= ->
P:13/59.0909%	D:11/100%
D: CCCTAGCGTAACTCTCGAGACGACG
<- Aln:   0	0	10	14	24	0	11= ->
Pattern:	2-2
#2068
P:5/100%	D:11/100%
D: CCCTAGCGTAACTCTCGAGACGACG
<- Aln:   0	0	10	14	24	0	11= ->
P:11/100%	D:11/57.8947%
P: CCCTAGCGTAACTCTCGAGGTAGTA
<- Aln:   0	0	10	14	24	0	11= ->
Pattern:	2-1
#2069
P:11/100%	D:15/60%
P: CCCTAGCGTAACTCTCGAGGTAGTA
<- Aln:   0	0	10	14	24	0	11= ->
P:7/70%	D:11/100%
D: CCCTAGCGTAACTCTCGAGACGACG
<- Aln:   0	0	10	14	24	0	11= ->
Pattern:	1-2
#2070
P:8/72.7273%	D:11/100%
D: CCCTAGCGTAACTCTCGAGACGACG
<- Aln:   0	0	10	14	24	0	11= ->
P:11/100%	D:12/75%
P: CCCTAGCGTAACTCTCGAGGTAGTA
<- Aln:   0	0	10	14	24	0	11= ->
Pattern:	2-1
#2071
P:12/54.5455%	D:11/100%
D: CCCTAGCGTAACTCTCGAGACGACG
<- Aln:   0	0	10	14	24	0	11= ->
P:11/100%	D:7/87.5%
P: CCCTAGCGTAACTCTCGAGGTAGTA
<- Aln:   0	0	10	14	24	0	11= ->
Pattern:	2-1
#2072
P:11/100%	D:10/58.8235%
P: CCCTAGCGTAACTCTCGAGGTAGTA
<- Aln:   0	0	10	14	24	0	11= ->
P:12/60%	D:11/100%
D: CCCTAGCGTAACTCTCGAGACGACG
<- Aln:   0	0	10	14	24	0	11= ->
Pattern:	1-2
#2073
P:11/100%	D:12/66.6667%
P: CCCTAGCGTAACTCTCGAGGTAGTA
<- Aln:   0	0	10	14	24	0	11= ->
P:12/57.1429%	D:11/100%
D: CCCTAGCGTAACTCTCGAGACGACG
<- Aln:   0	0	10	14	24	0	11= ->
Pattern:	1-2
#2074
P:11/100%	D:11/52.381%
P: CCCTAGCGTAACTCTCGAGGTAGTA
<- Aln:   0	0	10	14	24	0	11= ->
P:14/66.6667%	D:11/100%
D: CCCTAGCGTAACTCTCGAGACGACG
<- Aln:   0	0	10	14	24	0	11= ->
Pattern:	1-2
#2075
P:11/57.8947%	D:11/100%
D: CCCTAGCGTAACTCTCGAGACGACG
<- Aln:   0	0	10	14	24	0	11= ->
P:11/100%	D:11/57.8947%
P: CCCTAGCGTAACTCTCGAGGTAGTA
<- Aln:   0	0	10	14	24	0	11= ->
Pattern:	2-1
#2076
P:11/100%	D:15/62.5%
P: CCCTAGCGTAACTCTCGAGGTAGTA
<- Aln:   0	0	10	14	24	0	11= ->
P:10/55.5556%	D:11/100%
D: CCCTAGCGTAACTCTCGAGACGACG
<- Aln:   0	0	10	14	24	0	11= ->
Pattern:	1-2
#2077
P:11/100%	D:11/55%
P: CCCTAGCGTAACTCTCGAGGTAGTA
<- Aln:   0	0	10	14	24	0	11= ->
P:9/56.25%	D:11/100%
D: CCCTAGCGTAACTCTCGAGACGACG
<- Aln:   0	0	10	14	24	0	11= ->
Pattern:	1-2
#2078
P:11/100%	D:5/100%
P: CCCTAGCGTAACTCTCGAGGTAGTA
<- Aln:   0	0	10	14	24	0	11= ->
P:11/100%	D:10/58.8235%
P: CCCTAGCGTAACTCTCGAGGTAGTA
<- Aln:   0	0	10	14	24	0	11= ->
Pattern:	1-1
#2079
P:12/60%	D:11/100%
D: CCCTAGCGTAACTCTCGAGACGACG
<- Aln:   0	0	10	14	24	0	11= ->
P:11/100%	D:13/59.0909%
P: CCCTAGCGTAACTCTCGAGGTAGTA
<- Aln:   0	0	10	14	24	0	11= ->
Pattern:	2-1
#2080
P:11/100%	D:9/64.2857%
P: CCCTAGCGTAACTCTCGAGGTAGTA
<- Aln:   0	0	10	14	24	0	11= ->
P:10/62.5%	D:11/100%
D: CCCTAGCGTAACTCTCGAGACGACG
<- Aln:   0	0	10	14	24	0	11= ->
Pattern:	1-2
#2081
P:11/100%	D:10/66.6667%
P: CCCTAGCGTAACTCTCGAGGTAGTA
<- Aln:   0	0	10	14	24	0	11= ->
P:7/70%	D:11/100%
D: CCCTAGCGTAACTCTCGAGACGACG
<- Aln:   0	0	10	14	24	0	11= ->
Pattern:	1-2
#2082
P:11/100%	D:8/66.6667%
P: CCCTAGCGTAACTCTCGAGGTAGTA
<- Aln:   0	0	10	14	24	0	11= ->
P:10/50%	D:11/100%
D: CCCTAGCGTAACTCTCGAGACGACG
<- Aln:   0	0	10	14	24	0	11= ->
Pattern:	1-2
#2083
P:11/100%	D:12/60%
P: CCCTAGCGTAACTCTCGAGGTAGTA
<- Aln:   0	0	10	14	24	0	11= ->
P:12/66.6667%	D:11/100%
D: CCCTAGCGTAACTCTCGAGACGACG
<- Aln:   0	0	10	14	24	0	11= ->
Pattern:	1-2
#2084
P:11/100%	D:8/66.6667%
P: CCCTAGCGTAACTCTCGAGGTAGTA
<- Aln:   0	0	10	14	24	0	11= ->
P:15/62.5%	D:10/100%
D: CCCTAGCGTAACTCTCGAGACGACG
<- Aln:   20	0	9	14	23	0	14S10=1S ->
Pattern:	1-2
#2085
P:25/100%	D:19/100%
P: CCCTAGCGTAACTCTCGAGGTAGTA
<- Aln:   0	0	24	0	24	0	25= ->
P:17/62.963%	D:11/100%
D: CCCTAGCGTAACTCTCGAGACGACG
<- Aln:   0	0	10	14	24	0	11= ->
Pattern:	1-2
#2086
P:14/60.8696%	D:11/100%
D: CCCTAGCGTAACTCTCGAGACGACG
<- Aln:   0	0	10	14	24	0	11= ->
P:11/100%	D:10/58.8235%
P: CCCTAGCGTAACTCTCGAGGTAGTA
<- Aln:   0	0	10	14	24	0	11= ->
Pattern:	2-1
#2087
P:11/100%	D:14/58.3333%
P: CCCTAGCGTAACTCTCGAGGTAGTA
<- Aln:   0	0	10	14	24	0	11= ->
P:7/87.5%	D:11/100%
D: CCCTAGCGTAACTCTCGAGACGACG
<- Aln:   0	0	10	14	24	0	11= ->
Pattern:	1-2
#2088
P:11/100%	D:14/58.3333%
P: CCCTAGCGTAACTCTCGAGGTAGTA
<- Aln:   0	0	10	14	24	0	11= ->
P:12/66.6667%	D:11/100%
D: CCCTAGCGTAACTCTCGAGACGACG
<- Aln:   0	0	10	14	24	0	11= ->
Pattern:	1-2
#2089
P:14/56%	D:11/100%
D: CCCTAGCGTAACTCTCGAGACGACG
<- Aln:   0	0	10	14	24	0	11= ->
P:11/100%	D:7/70%
P: CCCTAGCGTAACTCTCGAGGTAGTA
<- Aln:   0	0	10	14	24	0	11= ->
Pattern:	2-1
#2090
P:7/100%	D:9/56.25%
No hit
<- Aln:   14	0	6	14	20	0	14S7=4S ->
<- Aln:   11	1	16	6	23	7	6S2=1I1=2X3=2X2=1I2=1X1=1S ->
P:14/66.6667%	D:11/100%
D: CCCTAGCGTAACTCTCGAGACGACG
<- Aln:   0	0	10	14	24	0	11= ->
Pattern:	0-2
#2091
P:11/100%	D:7/87.5%
P: CCCTAGCGTAACTCTCGAGGTAGTA
<- Aln:   0	0	10	14	24	0	11= ->
P:14/51.8519%	D:11/100%
D: CCCTAGCGTAACTCTCGAGACGACG
<- Aln:   0	0	10	14	24	0	11= ->
Pattern:	1-2
#2092
P:11/100%	D:12/54.5455%
P: CCCTAGCGTAACTCTCGAGGTAGTA
<- Aln:   0	0	10	14	24	0	11= ->
P:17/62.963%	D:11/100%
D: CCCTAGCGTAACTCTCGAGACGACG
<- Aln:   0	0	10	14	24	0	11= ->
Pattern:	1-2
#2093
P:12/60%	D:14/56%
No hit
<- Aln:   16	0	19	3	22	8	3S1=1X1=1X1=1X2=1X1=1X2=1X1=1X1=1X2=2S ->
<- Aln:   15	0	24	3	24	11	3S1=1X1=1X1=1X2=1X1=1X2=4D4=1I2=1X1= ->
P:12/54.5455%	D:11/100%
D: CCCTAGCGTAACTCTCGAGACGACG
<- Aln:   0	0	10	14	24	0	11= ->
Pattern:	0-2
#2094
P:11/100%	D:13/56.5217%
P: CCCTAGCGTAACTCTCGAGGTAGTA
<- Aln:   0	0	10	14	24	0	11= ->
P:12/63.1579%	D:11/100%
D: CCCTAGCGTAACTCTCGAGACGACG
<- Aln:   0	0	10	14	24	0	11= ->
Pattern:	1-2
#2095
P:10/55.5556%	D:11/100%
D: CCCTAGCGTAACTCTCGAGACGACG
<- Aln:   0	0	10	14	24	0	11= ->
P:11/100%	D:12/63.1579%
P: CCCTAGCGTAACTCTCGAGGTAGTA
<- Aln:   0	0	10	14	24	0	11= ->
Pattern:	2-1
#2096
P:11/100%	D:11/61.1111%
P: CCCTAGCGTAACTCTCGAGGTAGTA
<- Aln:   0	0	10	14	24	0	11= ->
P:15/60%	D:11/100%
D: CCCTAGCGTAACTCTCGAGACGACG
<- Aln:   0	0	10	14	24	0	11= ->
Pattern:	1-2
#2097
P:12/70.5882%	D:11/100%
D: CCCTAGCGTAACTCTCGAGACGACG
<- Aln:   0	0	10	14	24	0	11= ->
P:11/100%	D:14/60.8696%
P: CCCTAGCGTAACTCTCGAGGTAGTA
<- Aln:   0	0	10	14	24	0	11= ->
Pattern:	2-1
#2098
P:11/100%	D:11/57.8947%
P: CCCTAGCGTAACTCTCGAGGTAGTA
<- Aln:   0	0	10	14	24	0	11= ->
P:7/77.7778%	D:11/100%
D: CCCTAGCGTAACTCTCGAGACGACG
<- Aln:   0	0	10	14	24	0	11= ->
Pattern:	1-2
#2099
P:12/54.5455%	D:11/100%
D: CCCTAGCGTAACTCTCGAGACGACG
<- Aln:   0	0	10	14	24	0	11= ->
P:11/100%	D:12/60%
P: CCCTAGCGTAACTCTCGAGGTAGTA
<- Aln:   0	0	10	14	24	0	11= ->
Pattern:	2-1
#2100
P:11/100%	D:11/61.1111%
P: CCCTAGCGTAACTCTCGAGGTAGTA
<- Aln:   0	0	10	14	24	0	11= ->
P:9/64.2857%	D:11/100%
D: CCCTAGCGTAACTCTCGAGACGACG
<- Aln:   0	0	10	14	24	0	11= ->
Pattern:	1-2
#2101
P:11/55%	D:11/100%
D: CCCTAGCGTAACTCTCGAGACGACG
<- Aln:   0	0	10	14	24	0	11= ->
P:11/100%	D:5/100%
P: CCCTAGCGTAACTCTCGAGGTAGTA
<- Aln:   0	0	10	14	24	0	11= ->
Pattern:	2-1
#2102
P:10/100%	D:7/70%
P: CCCTAGCGTAACTCTCGAGGTAGTA
<- Aln:   20	0	9	14	23	0	14S10=1S ->
P:11/57.8947%	D:10/100%
D: CCCTAGCGTAACTCTCGAGACGACG
<- Aln:   20	0	9	15	24	0	15S10= ->
Pattern:	1-2
#2103
P:11/100%	D:8/57.1429%
P: CCCTAGCGTAACTCTCGAGGTAGTA
<- Aln:   0	0	10	14	24	0	11= ->
P:12/63.1579%	D:11/100%
D: CCCTAGCGTAACTCTCGAGACGACG
<- Aln:   0	0	10	14	24	0	11= ->
Pattern:	1-2
#2104
P:11/100%	D:13/81.25%
P: CCCTAGCGTAACTCTCGAGGTAGTA
<- Aln:   0	0	10	14	24	0	11= ->
P:18/66.6667%	D:11/100%
D: CCCTAGCGTAACTCTCGAGACGACG
<- Aln:   0	0	10	14	24	0	11= ->
Pattern:	1-2
#2105
P:10/58.8235%	D:11/100%
D: CCCTAGCGTAACTCTCGAGACGACG
<- Aln:   0	0	10	14	24	0	11= ->
P:11/100%	D:14/60.8696%
P: CCCTAGCGTAACTCTCGAGGTAGTA
<- Aln:   0	0	10	14	24	0	11= ->
Pattern:	2-1
#2106
P:11/100%	D:13/59.0909%
P: CCCTAGCGTAACTCTCGAGGTAGTA
<- Aln:   0	0	10	14	24	0	11= ->
P:9/81.8182%	D:11/100%
D: CCCTAGCGTAACTCTCGAGACGACG
<- Aln:   0	0	10	14	24	0	11= ->
Pattern:	1-2
#2107
P:11/100%	D:12/57.1429%
P: CCCTAGCGTAACTCTCGAGGTAGTA
<- Aln:   0	0	10	14	24	0	11= ->
P:11/57.8947%	D:11/100%
D: CCCTAGCGTAACTCTCGAGACGACG
<- Aln:   0	0	10	14	24	0	11= ->
Pattern:	1-2
#2108
P:11/100%	D:13/61.9048%
P: CCCTAGCGTAACTCTCGAGGTAGTA
<- Aln:   0	0	10	14	24	0	11= ->
P:11/100%	D:12/70.5882%
P: CCCTAGCGTAACTCTCGAGGTAGTA
<- Aln:   0	0	10	14	24	0	11= ->
Pattern:	1-1
#2109
P:10/90.9091%	D:5/100%
P: CCCTAGCGTAACTCTCGAGGTAGTA
<- Aln:   19	0	10	14	24	1	14S9=1X1= ->
P:25/100%	D:19/100%
P: CCCTAGCGTAACTCTCGAGGTAGTA
<- Aln:   0	0	24	0	24	0	25= ->
Pattern:	1-1
#2110
P:11/100%	D:12/52.1739%
P: CCCTAGCGTAACTCTCGAGGTAGTA
<- Aln:   0	0	10	14	24	0	11= ->
P:18/64.2857%	D:11/73.3333%
No hit
<- Aln:   18	31	58	2	24	10	2S3=1X1=1D3=1D2=2D1=1X2=1D2X5=1X1= ->
<- Aln:   14	31	45	2	14	4	2S3=1X1=1D3=1D3=1X1=10S ->
Pattern:	1-0
#2111
P:14/58.3333%	D:11/100%
D: CCCTAGCGTAACTCTCGAGACGACG
<- Aln:   0	0	10	14	24	0	11= ->
P:11/100%	D:11/57.8947%
P: CCCTAGCGTAACTCTCGAGGTAGTA
<- Aln:   0	0	10	14	24	0	11= ->
Pattern:	2-1
#2112
P:11/50%	D:11/100%
D: CCCTAGCGTAACTCTCGAGACGACG
<- Aln:   0	0	10	14	24	0	11= ->
P:11/100%	D:11/61.1111%
P: CCCTAGCGTAACTCTCGAGGTAGTA
<- Aln:   0	0	10	14	24	0	11= ->
Pattern:	2-1
#2113
P:10/100%	D:12/60%
P: CCCTAGCGTAACTCTCGAGGTAGTA
<- Aln:   20	0	9	14	23	0	14S10=1S ->
P:10/50%	D:11/100%
D: CCCTAGCGTAACTCTCGAGACGACG
<- Aln:   0	0	10	14	24	0	11= ->
Pattern:	1-2
#2114
P:8/72.7273%	D:11/100%
D: CCCTAGCGTAACTCTCGAGACGACG
<- Aln:   0	0	10	14	24	0	11= ->
P:11/100%	D:11/64.7059%
P: CCCTAGCGTAACTCTCGAGGTAGTA
<- Aln:   0	0	10	14	24	0	11= ->
Pattern:	2-1
#2115
P:14/63.6364%	D:15/62.5%
No hit
<- Aln:   16	26	47	4	23	8	4S2=1D3=2D2=1X1=1X1=1I3=1X1=1X2=1S ->
<- Aln:   15	7	30	2	21	9	2S1=1X2=1D1X2=2D2=1X2=1D1=1X3=1X2=3S ->
P:18/60%	D:11/100%
D: CCCTAGCGTAACTCTCGAGACGACG
<- Aln:   0	0	10	14	24	0	11= ->
Pattern:	0-2
#2116
P:10/66.6667%	D:11/100%
D: CCCTAGCGTAACTCTCGAGACGACG
<- Aln:   0	0	10	14	24	0	11= ->
P:11/100%	D:11/52.381%
P: CCCTAGCGTAACTCTCGAGGTAGTA
<- Aln:   0	0	10	14	24	0	11= ->
Pattern:	2-1
#2117
P:10/100%	D:9/64.2857%
P: CCCTAGCGTAACTCTCGAGGTAGTA
<- Aln:   20	0	9	14	23	0	14S10=1S ->
P:13/56.5217%	D:11/100%
D: CCCTAGCGTAACTCTCGAGACGACG
<- Aln:   0	0	10	14	24	0	11= ->
Pattern:	1-2
#2118
P:11/100%	D:10/58.8235%
P: CCCTAGCGTAACTCTCGAGGTAGTA
<- Aln:   0	0	10	14	24	0	11= ->
P:11/100%	D:11/50%
P: CCCTAGCGTAACTCTCGAGGTAGTA
<- Aln:   0	0	10	14	24	0	11= ->
Pattern:	1-1
#2119
P:8/66.6667%	D:11/100%
D: CCCTAGCGTAACTCTCGAGACGACG
<- Aln:   0	0	10	14	24	0	11= ->
P:11/100%	D:8/88.8889%
P: CCCTAGCGTAACTCTCGAGGTAGTA
<- Aln:   0	0	10	14	24	0	11= ->
Pattern:	2-1
#2120
P:10/100%	D:12/60%
P: CCCTAGCGTAACTCTCGAGGTAGTA
<- Aln:   20	0	9	14	23	0	14S10=1S ->
P:12/54.5455%	D:11/100%
D: CCCTAGCGTAACTCTCGAGACGACG
<- Aln:   0	0	10	14	24	0	11= ->
Pattern:	1-2
#2121
P:11/100%	D:12/60%
P: CCCTAGCGTAACTCTCGAGGTAGTA
<- Aln:   0	0	10	14	24	0	11= ->
P:25/100%	D:19/100%
P: CCCTAGCGTAACTCTCGAGGTAGTA
<- Aln:   0	0	24	0	24	0	25= ->
Pattern:	1-1
#2122
P:9/60%	D:11/100%
D: CCCTAGCGTAACTCTCGAGACGACG
<- Aln:   0	0	10	14	24	0	11= ->
P:11/100%	D:17/65.3846%
P: CCCTAGCGTAACTCTCGAGGTAGTA
<- Aln:   0	0	10	14	24	0	11= ->
Pattern:	2-1
#2123
P:11/100%	D:11/52.381%
P: CCCTAGCGTAACTCTCGAGGTAGTA
<- Aln:   0	0	10	14	24	0	11= ->
P:11/84.6154%	D:11/100%
D: CCCTAGCGTAACTCTCGAGACGACG
<- Aln:   0	0	10	14	24	0	11= ->
Pattern:	1-2
#2124
P:11/100%	D:9/75%
P: CCCTAGCGTAACTCTCGAGGTAGTA
<- Aln:   0	0	10	14	24	0	11= ->
P:11/61.1111%	D:11/100%
D: CCCTAGCGTAACTCTCGAGACGACG
<- Aln:   0	0	10	14	24	0	11= ->
Pattern:	1-2
#2125
P:11/100%	D:12/75%
P: CCCTAGCGTAACTCTCGAGGTAGTA
<- Aln:   0	0	10	14	24	0	11= ->
P:13/61.9048%	D:11/100%
D: CCCTAGCGTAACTCTCGAGACGACG
<- Aln:   0	0	10	14	24	0	11= ->
Pattern:	1-2
#2126
P:11/61.1111%	D:11/100%
D: CCCTAGCGTAACTCTCGAGACGACG
<- Aln:   0	0	10	14	24	0	11= ->
P:11/100%	D:10/55.5556%
P: CCCTAGCGTAACTCTCGAGGTAGTA
<- Aln:   0	0	10	14	24	0	11= ->
Pattern:	2-1
#2127
P:11/100%	D:13/56.5217%
P: CCCTAGCGTAACTCTCGAGGTAGTA
<- Aln:   0	0	10	14	24	0	11= ->
P:10/66.6667%	D:11/100%
D: CCCTAGCGTAACTCTCGAGACGACG
<- Aln:   0	0	10	14	24	0	11= ->
Pattern:	1-2
#2128
P:11/100%	D:16/61.5385%
P: CCCTAGCGTAACTCTCGAGGTAGTA
<- Aln:   0	0	10	14	24	0	11= ->
P:12/66.6667%	D:11/100%
D: CCCTAGCGTAACTCTCGAGACGACG
<- Aln:   0	0	10	14	24	0	11= ->
Pattern:	1-2
#2129
P:11/100%	D:8/61.5385%
P: CCCTAGCGTAACTCTCGAGGTAGTA
<- Aln:   0	0	10	14	24	0	11= ->
P:14/60.8696%	D:11/100%
D: CCCTAGCGTAACTCTCGAGACGACG
<- Aln:   0	0	10	14	24	0	11= ->
Pattern:	1-2
#2130
P:11/100%	D:9/50%
P: CCCTAGCGTAACTCTCGAGGTAGTA
<- Aln:   0	0	10	14	24	0	11= ->
P:12/70.5882%	D:11/100%
D: CCCTAGCGTAACTCTCGAGACGACG
<- Aln:   0	0	10	14	24	0	11= ->
Pattern:	1-2
#2131
P:11/100%	D:8/61.5385%
P: CCCTAGCGTAACTCTCGAGGTAGTA
<- Aln:   0	0	10	14	24	0	11= ->
P:11/100%	D:11/64.7059%
P: CCCTAGCGTAACTCTCGAGGTAGTA
<- Aln:   0	0	10	14	24	0	11= ->
Pattern:	1-1
#2132
P:11/100%	D:11/68.75%
P: CCCTAGCGTAACTCTCGAGGTAGTA
<- Aln:   0	0	10	14	24	0	11= ->
P:12/63.1579%	D:11/100%
D: CCCTAGCGTAACTCTCGAGACGACG
<- Aln:   0	0	10	14	24	0	11= ->
Pattern:	1-2
#2133
P:25/100%	D:19/100%
P: CCCTAGCGTAACTCTCGAGGTAGTA
<- Aln:   0	0	24	0	24	0	25= ->
P:13/59.0909%	D:11/100%
D: CCCTAGCGTAACTCTCGAGACGACG
<- Aln:   0	0	10	14	24	0	11= ->
Pattern:	1-2
#2134
P:11/100%	D:12/54.5455%
P: CCCTAGCGTAACTCTCGAGGTAGTA
<- Aln:   0	0	10	14	24	0	11= ->
P:5/100%	D:8/88.8889%
No hit
<- Aln:   10	0	4	14	18	0	14S5=6S ->
<- Aln:   15	0	8	14	22	1	14S7=1X1=2S ->
Pattern:	1-0
#2135
P:25/100%	D:19/100%
P: CCCTAGCGTAACTCTCGAGGTAGTA
<- Aln:   0	0	24	0	24	0	25= ->
P:11/100%	D:10/66.6667%
P: CCCTAGCGTAACTCTCGAGGTAGTA
<- Aln:   0	0	10	14	24	0	11= ->
Pattern:	1-1
#2136
P:11/100%	D:12/54.5455%
P: CCCTAGCGTAACTCTCGAGGTAGTA
<- Aln:   0	0	10	14	24	0	11= ->
P:9/60%	D:11/100%
D: CCCTAGCGTAACTCTCGAGACGACG
<- Aln:   0	0	10	14	24	0	11= ->
Pattern:	1-2
#2137
P:11/100%	D:9/69.2308%
P: CCCTAGCGTAACTCTCGAGGTAGTA
<- Aln:   0	0	10	14	24	0	11= ->
P:12/54.5455%	D:11/100%
D: CCCTAGCGTAACTCTCGAGACGACG
<- Aln:   0	0	10	14	24	0	11= ->
Pattern:	1-2
#2138
P:12/52.1739%	D:11/100%
D: CCCTAGCGTAACTCTCGAGACGACG
<- Aln:   0	0	10	14	24	0	11= ->
P:11/100%	D:13/56.5217%
P: CCCTAGCGTAACTCTCGAGGTAGTA
<- Aln:   0	0	10	14	24	0	11= ->
Pattern:	2-1
#2139
P:11/100%	D:10/71.4286%
P: CCCTAGCGTAACTCTCGAGGTAGTA
<- Aln:   0	0	10	14	24	0	11= ->
P:13/59.0909%	D:11/100%
D: CCCTAGCGTAACTCTCGAGACGACG
<- Aln:   0	0	10	14	24	0	11= ->
Pattern:	1-2
#2140
P:10/100%	D:12/57.1429%
P: CCCTAGCGTAACTCTCGAGGTAGTA
<- Aln:   20	0	9	14	23	0	14S10=1S ->
P:12/57.1429%	D:11/100%
D: CCCTAGCGTAACTCTCGAGACGACG
<- Aln:   0	0	10	14	24	0	11= ->
Pattern:	1-2
#2141
P:11/100%	D:11/73.3333%
P: CCCTAGCGTAACTCTCGAGGTAGTA
<- Aln:   0	0	10	14	24	0	11= ->
P:14/56%	D:11/100%
D: CCCTAGCGTAACTCTCGAGACGACG
<- Aln:   0	0	10	14	24	0	11= ->
Pattern:	1-2
#2142
P:11/100%	D:13/59.0909%
P: CCCTAGCGTAACTCTCGAGGTAGTA
<- Aln:   0	0	10	14	24	0	11= ->
P:5/100%	D:11/100%
D: CCCTAGCGTAACTCTCGAGACGACG
<- Aln:   0	0	10	14	24	0	11= ->
Pattern:	1-2
#2143
P:7/70%	D:11/61.1111%
No hit
<- Aln:   11	0	9	14	23	3	14S5=2X1=1X1=1S ->
<- Aln:   13	29	46	6	22	7	6S1=1X3=2X1=1X2=1D1=1X2=1X1=2S ->
P:11/100%	D:12/52.1739%
P: CCCTAGCGTAACTCTCGAGGTAGTA
<- Aln:   0	0	10	14	24	0	11= ->
Pattern:	0-1
#2144
P:9/90%	D:7/58.3333%
P: CCCTAGCGTAACTCTCGAGGTAGTA
<- Aln:   17	0	9	14	23	1	14S8=1X1=1S ->
P:11/61.1111%	D:11/100%
D: CCCTAGCGTAACTCTCGAGACGACG
<- Aln:   0	0	10	14	24	0	11= ->
Pattern:	1-2
#2145
P:9/64.2857%	D:11/100%
D: CCCTAGCGTAACTCTCGAGACGACG
<- Aln:   0	0	10	14	24	0	11= ->
P:11/100%	D:14/58.3333%
P: CCCTAGCGTAACTCTCGAGGTAGTA
<- Aln:   0	0	10	14	24	0	11= ->
Pattern:	2-1
#2146
P:13/65%	D:11/100%
D: CCCTAGCGTAACTCTCGAGACGACG
<- Aln:   0	0	10	14	24	0	11= ->
P:11/100%	D:13/72.2222%
P: CCCTAGCGTAACTCTCGAGGTAGTA
<- Aln:   0	0	10	14	24	0	11= ->
Pattern:	2-1
#2147
P:12/52.1739%	D:11/100%
D: CCCTAGCGTAACTCTCGAGACGACG
<- Aln:   0	0	10	14	24	0	11= ->
P:11/100%	D:11/55%
P: CCCTAGCGTAACTCTCGAGGTAGTA
<- Aln:   0	0	10	14	24	0	11= ->
Pattern:	2-1
#2148
P:11/100%	D:10/71.4286%
P: CCCTAGCGTAACTCTCGAGGTAGTA
<- Aln:   0	0	10	14	24	0	11= ->
P:17/100%	D:23/100%
D: CCCTAGCGTAACTCTCGAGACGACG
<- Aln:   46	0	22	2	24	0	2S23= ->
Pattern:	1-2
#2149
P:16/61.5385%	D:11/100%
D: CCCTAGCGTAACTCTCGAGACGACG
<- Aln:   0	0	10	14	24	0	11= ->
P:11/100%	D:12/63.1579%
P: CCCTAGCGTAACTCTCGAGGTAGTA
<- Aln:   0	0	10	14	24	0	11= ->
Pattern:	2-1
#2150
P:11/100%	D:14/66.6667%
P: CCCTAGCGTAACTCTCGAGGTAGTA
<- Aln:   0	0	10	14	24	0	11= ->
P:15/62.5%	D:11/100%
D: CCCTAGCGTAACTCTCGAGACGACG
<- Aln:   0	0	10	14	24	0	11= ->
Pattern:	1-2
#2151
P:10/58.8235%	D:11/100%
D: CCCTAGCGTAACTCTCGAGACGACG
<- Aln:   0	0	10	14	24	0	11= ->
P:11/100%	D:13/65%
P: CCCTAGCGTAACTCTCGAGGTAGTA
<- Aln:   0	0	10	14	24	0	11= ->
Pattern:	2-1
#2152
P:9/56.25%	D:11/100%
D: CCCTAGCGTAACTCTCGAGACGACG
<- Aln:   0	0	10	14	24	0	11= ->
P:11/100%	D:9/69.2308%
P: CCCTAGCGTAACTCTCGAGGTAGTA
<- Aln:   0	0	10	14	24	0	11= ->
Pattern:	2-1
#2153
P:14/58.3333%	D:11/100%
D: CCCTAGCGTAACTCTCGAGACGACG
<- Aln:   0	0	10	14	24	0	11= ->
P:11/100%	D:9/75%
P: CCCTAGCGTAACTCTCGAGGTAGTA
<- Aln:   0	0	10	14	24	0	11= ->
Pattern:	2-1
#2154
P:12/63.1579%	D:11/100%
D: CCCTAGCGTAACTCTCGAGACGACG
<- Aln:   0	0	10	14	24	0	11= ->
P:11/100%	D:15/60%
P: CCCTAGCGTAACTCTCGAGGTAGTA
<- Aln:   0	0	10	14	24	0	11= ->
Pattern:	2-1
#2155
P:11/100%	D:17/70.8333%
P: CCCTAGCGTAACTCTCGAGGTAGTA
<- Aln:   0	0	10	14	24	0	11= ->
P:17/73.913%	D:11/100%
D: CCCTAGCGTAACTCTCGAGACGACG
<- Aln:   0	0	10	14	24	0	11= ->
Pattern:	1-2
#2156
P:12/66.6667%	D:11/100%
D: CCCTAGCGTAACTCTCGAGACGACG
<- Aln:   0	0	10	14	24	0	11= ->
P:11/100%	D:8/100%
P: CCCTAGCGTAACTCTCGAGGTAGTA
<- Aln:   0	0	10	14	24	0	11= ->
Pattern:	2-1
#2157
P:13/54.1667%	D:9/64.2857%
No hit
<- Aln:   13	1	24	2	24	11	2S1=1X2=1X2=2X1=1D1=2X1=1X1=3X4= ->
<- Aln:   13	15	28	0	14	5	2=2X1=2X4=1I3=10S ->
P:11/100%	D:12/60%
P: CCCTAGCGTAACTCTCGAGGTAGTA
<- Aln:   0	0	10	14	24	0	11= ->
Pattern:	0-1
#2158
P:10/100%	D:11/57.8947%
P: CCCTAGCGTAACTCTCGAGGTAGTA
<- Aln:   20	0	9	14	23	0	14S10=1S ->
P:15/60%	D:11/100%
D: CCCTAGCGTAACTCTCGAGACGACG
<- Aln:   0	0	10	14	24	0	11= ->
Pattern:	1-2
#2159
P:16/64%	D:11/100%
D: CCCTAGCGTAACTCTCGAGACGACG
<- Aln:   0	0	10	14	24	0	11= ->
P:11/100%	D:10/62.5%
P: CCCTAGCGTAACTCTCGAGGTAGTA
<- Aln:   0	0	10	14	24	0	11= ->
Pattern:	2-1
#2160
P:12/66.6667%	D:11/100%
D: CCCTAGCGTAACTCTCGAGACGACG
<- Aln:   0	0	10	14	24	0	11= ->
P:11/100%	D:13/59.0909%
P: CCCTAGCGTAACTCTCGAGGTAGTA
<- Aln:   0	0	10	14	24	0	11= ->
Pattern:	2-1
#2161
P:11/100%	D:11/55%
P: CCCTAGCGTAACTCTCGAGGTAGTA
<- Aln:   0	0	10	14	24	0	11= ->
P:5/100%	D:11/100%
D: CCCTAGCGTAACTCTCGAGACGACG
<- Aln:   0	0	10	14	24	0	11= ->
Pattern:	1-2
#2162
P:11/57.8947%	D:11/100%
D: CCCTAGCGTAACTCTCGAGACGACG
<- Aln:   0	0	10	14	24	0	11= ->
P:11/100%	D:11/57.8947%
P: CCCTAGCGTAACTCTCGAGGTAGTA
<- Aln:   0	0	10	14	24	0	11= ->
Pattern:	2-1
#2163
P:14/63.6364%	D:11/100%
D: CCCTAGCGTAACTCTCGAGACGACG
<- Aln:   0	0	10	14	24	0	11= ->
P:11/100%	D:13/76.4706%
P: CCCTAGCGTAACTCTCGAGGTAGTA
<- Aln:   0	0	10	14	24	0	11= ->
Pattern:	2-1
#2164
P:12/54.5455%	D:11/100%
D: CCCTAGCGTAACTCTCGAGACGACG
<- Aln:   0	0	10	14	24	0	11= ->
P:11/100%	D:8/61.5385%
P: CCCTAGCGTAACTCTCGAGGTAGTA
<- Aln:   0	0	10	14	24	0	11= ->
Pattern:	2-1
#2165
P:14/53.8462%	D:11/100%
D: CCCTAGCGTAACTCTCGAGACGACG
<- Aln:   0	0	10	14	24	0	11= ->
P:13/61.9048%	D:11/100%
D: CCCTAGCGTAACTCTCGAGACGACG
<- Aln:   0	0	10	14	24	0	11= ->
Pattern:	2-2
#2166
P:11/100%	D:15/71.4286%
P: CCCTAGCGTAACTCTCGAGGTAGTA
<- Aln:   0	0	10	14	24	0	11= ->
P:12/54.5455%	D:11/100%
D: CCCTAGCGTAACTCTCGAGACGACG
<- Aln:   0	0	10	14	24	0	11= ->
Pattern:	1-2
#2167
P:11/100%	D:9/56.25%
P: CCCTAGCGTAACTCTCGAGGTAGTA
<- Aln:   0	0	10	14	24	0	11= ->
P:10/58.8235%	D:11/100%
D: CCCTAGCGTAACTCTCGAGACGACG
<- Aln:   0	0	10	14	24	0	11= ->
Pattern:	1-2
#2168
P:11/68.75%	D:11/100%
D: CCCTAGCGTAACTCTCGAGACGACG
<- Aln:   0	0	10	14	24	0	11= ->
P:11/100%	D:14/60.8696%
P: CCCTAGCGTAACTCTCGAGGTAGTA
<- Aln:   0	0	10	14	24	0	11= ->
Pattern:	2-1
#2169
P:8/80%	D:9/52.9412%
No hit
<- Aln:   14	0	9	14	24	2	14S6=1I2=1X1= ->
<- Aln:   12	12	28	3	21	8	3S4=2I1=1X1=1X2=1X1=2X1=1X1=3S ->
P:13/61.9048%	D:11/100%
D: CCCTAGCGTAACTCTCGAGACGACG
<- Aln:   0	0	10	14	24	0	11= ->
Pattern:	0-2
#2170
P:11/100%	D:11/64.7059%
P: CCCTAGCGTAACTCTCGAGGTAGTA
<- Aln:   0	0	10	14	24	0	11= ->
P:17/100%	D:23/100%
D: CCCTAGCGTAACTCTCGAGACGACG
<- Aln:   46	0	22	2	24	0	2S23= ->
Pattern:	1-2
#2171
P:12/54.5455%	D:11/100%
D: CCCTAGCGTAACTCTCGAGACGACG
<- Aln:   0	0	10	14	24	0	11= ->
P:11/100%	D:11/64.7059%
P: CCCTAGCGTAACTCTCGAGGTAGTA
<- Aln:   0	0	10	14	24	0	11= ->
Pattern:	2-1
#2172
P:14/70%	D:15/65.2174%
No hit
<- Aln:   18	8	27	1	20	6	1S3=1I3=1I1=1X2=1D2=1D1=1X4=4S ->
<- Aln:   18	8	30	1	23	8	1S3=1I3=1I1=1X2=1D2=1D1=1X2=2X3=1S ->
P:16/59.2593%	D:17/58.6207%
No hit
<- Aln:   17	27	53	0	24	11	2=2X4=1D1X2=1X1=2X1=1D3=2X2=1X1= ->
<- Aln:   16	27	55	0	24	12	2=2X4=1D1X2=1X1=2X1=1D3=2D1=1X2=1X1= ->
Pattern:	0-0
#2173
P:11/100%	D:11/61.1111%
P: CCCTAGCGTAACTCTCGAGGTAGTA
<- Aln:   0	0	10	14	24	0	11= ->
P:9/64.2857%	D:11/100%
D: CCCTAGCGTAACTCTCGAGACGACG
<- Aln:   0	0	10	14	24	0	11= ->
Pattern:	1-2
#2174
P:10/58.8235%	D:11/100%
D: CCCTAGCGTAACTCTCGAGACGACG
<- Aln:   0	0	10	14	24	0	11= ->
P:11/100%	D:10/71.4286%
P: CCCTAGCGTAACTCTCGAGGTAGTA
<- Aln:   0	0	10	14	24	0	11= ->
Pattern:	2-1
#2175
P:11/100%	D:11/61.1111%
P: CCCTAGCGTAACTCTCGAGGTAGTA
<- Aln:   0	0	10	14	24	0	11= ->
P:8/80%	D:11/100%
D: CCCTAGCGTAACTCTCGAGACGACG
<- Aln:   0	0	10	14	24	0	11= ->
Pattern:	1-2
#2176
P:11/100%	D:11/57.8947%
P: CCCTAGCGTAACTCTCGAGGTAGTA
<- Aln:   0	0	10	14	24	0	11= ->
P:8/80%	D:11/100%
D: CCCTAGCGTAACTCTCGAGACGACG
<- Aln:   0	0	10	14	24	0	11= ->
Pattern:	1-2
#2177
P:6/85.7143%	D:11/100%
D: CCCTAGCGTAACTCTCGAGACGACG
<- Aln:   0	0	10	14	24	0	11= ->
P:10/100%	D:11/61.1111%
P: CCCTAGCGTAACTCTCGAGGTAGTA
<- Aln:   20	0	9	14	23	0	14S10=1S ->
Pattern:	2-1
#2178
P:9/75%	D:11/100%
D: CCCTAGCGTAACTCTCGAGACGACG
<- Aln:   0	0	10	14	24	0	11= ->
P:11/100%	D:8/44.4444%
P: CCCTAGCGTAACTCTCGAGGTAGTA
<- Aln:   0	0	10	14	24	0	11= ->
Pattern:	2-1
#2179
P:11/100%	D:8/72.7273%
P: CCCTAGCGTAACTCTCGAGGTAGTA
<- Aln:   0	0	10	14	24	0	11= ->
P:8/66.6667%	D:11/100%
D: CCCTAGCGTAACTCTCGAGACGACG
<- Aln:   0	0	10	14	24	0	11= ->
Pattern:	1-2
#2180
P:9/100%	D:12/63.1579%
No hit
<- Aln:   18	0	8	14	22	0	14S9=2S ->
<- Aln:   15	35	53	2	19	7	2S1=1X3=1D3=1X1=1X2=3X2=5S ->
P:11/100%	D:15/65.2174%
P: CCCTAGCGTAACTCTCGAGGTAGTA
<- Aln:   0	0	10	14	24	0	11= ->
Pattern:	0-1
#2181
P:12/57.1429%	D:11/100%
D: CCCTAGCGTAACTCTCGAGACGACG
<- Aln:   0	0	10	14	24	0	11= ->
P:8/88.8889%	D:9/81.8182%
No hit
<- Aln:   15	0	8	14	22	1	14S6=1X2=2S ->
<- Aln:   14	0	10	14	23	2	14S4=1D2=1X3=1S ->
Pattern:	2-0
#2182
P:14/70%	D:11/100%
D: CCCTAGCGTAACTCTCGAGACGACG
<- Aln:   0	0	10	14	24	0	11= ->
P:11/100%	D:9/64.2857%
P: CCCTAGCGTAACTCTCGAGGTAGTA
<- Aln:   0	0	10	14	24	0	11= ->
Pattern:	2-1
#2183
P:11/100%	D:12/57.1429%
P: CCCTAGCGTAACTCTCGAGGTAGTA
<- Aln:   0	0	10	14	24	0	11= ->
P:9/56.25%	D:11/100%
D: CCCTAGCGTAACTCTCGAGACGACG
<- Aln:   0	0	10	14	24	0	11= ->
Pattern:	1-2
#2184
P:11/100%	D:11/64.7059%
P: CCCTAGCGTAACTCTCGAGGTAGTA
<- Aln:   0	0	10	14	24	0	11= ->
P:11/100%	D:13/68.4211%
P: CCCTAGCGTAACTCTCGAGGTAGTA
<- Aln:   0	0	10	14	24	0	11= ->
Pattern:	1-1
#2185
P:25/100%	D:19/100%
P: CCCTAGCGTAACTCTCGAGGTAGTA
<- Aln:   0	0	24	0	24	0	25= ->
P:17/100%	D:23/100%
D: CCCTAGCGTAACTCTCGAGACGACG
<- Aln:   46	0	22	2	24	0	2S23= ->
Pattern:	1-2
#2186
P:11/100%	D:13/61.9048%
P: CCCTAGCGTAACTCTCGAGGTAGTA
<- Aln:   0	0	10	14	24	0	11= ->
P:12/57.1429%	D:11/100%
D: CCCTAGCGTAACTCTCGAGACGACG
<- Aln:   0	0	10	14	24	0	11= ->
Pattern:	1-2
#2187
P:10/58.8235%	D:11/100%
D: CCCTAGCGTAACTCTCGAGACGACG
<- Aln:   0	0	10	14	24	0	11= ->
P:11/100%	D:12/66.6667%
P: CCCTAGCGTAACTCTCGAGGTAGTA
<- Aln:   0	0	10	14	24	0	11= ->
Pattern:	2-1
#2188
P:16/61.5385%	D:11/100%
D: CCCTAGCGTAACTCTCGAGACGACG
<- Aln:   0	0	10	14	24	0	11= ->
P:11/100%	D:11/73.3333%
P: CCCTAGCGTAACTCTCGAGGTAGTA
<- Aln:   0	0	10	14	24	0	11= ->
Pattern:	2-1
#2189
P:9/64.2857%	D:11/100%
D: CCCTAGCGTAACTCTCGAGACGACG
<- Aln:   0	0	10	14	24	0	11= ->
P:11/100%	D:9/90%
P: CCCTAGCGTAACTCTCGAGGTAGTA
<- Aln:   0	0	10	14	24	0	11= ->
Pattern:	2-1
#2190
P:11/100%	D:12/60%
P: CCCTAGCGTAACTCTCGAGGTAGTA
<- Aln:   0	0	10	14	24	0	11= ->
P:11/73.3333%	D:10/100%
D: CCCTAGCGTAACTCTCGAGACGACG
<- Aln:   20	0	9	15	24	0	15S10= ->
Pattern:	1-2
#2191
P:14/60.8696%	D:11/100%
D: CCCTAGCGTAACTCTCGAGACGACG
<- Aln:   0	0	10	14	24	0	11= ->
P:11/100%	D:11/84.6154%
P: CCCTAGCGTAACTCTCGAGGTAGTA
<- Aln:   0	0	10	14	24	0	11= ->
Pattern:	2-1
#2192
P:11/55%	D:11/100%
D: CCCTAGCGTAACTCTCGAGACGACG
<- Aln:   0	0	10	14	24	0	11= ->
P:11/100%	D:13/61.9048%
P: CCCTAGCGTAACTCTCGAGGTAGTA
<- Aln:   0	0	10	14	24	0	11= ->
Pattern:	2-1
#2193
P:8/53.3333%	D:11/100%
D: CCCTAGCGTAACTCTCGAGACGACG
<- Aln:   0	0	10	14	24	0	11= ->
P:11/100%	D:11/78.5714%
P: CCCTAGCGTAACTCTCGAGGTAGTA
<- Aln:   0	0	10	14	24	0	11= ->
Pattern:	2-1
#2194
P:10/62.5%	D:11/100%
D: CCCTAGCGTAACTCTCGAGACGACG
<- Aln:   0	0	10	14	24	0	11= ->
P:11/100%	D:10/62.5%
P: CCCTAGCGTAACTCTCGAGGTAGTA
<- Aln:   0	0	10	14	24	0	11= ->
Pattern:	2-1
#2195
P:16/66.6667%	D:11/100%
D: CCCTAGCGTAACTCTCGAGACGACG
<- Aln:   0	0	10	14	24	0	11= ->
P:11/100%	D:13/61.9048%
P: CCCTAGCGTAACTCTCGAGGTAGTA
<- Aln:   0	0	10	14	24	0	11= ->
Pattern:	2-1
#2196
P:11/100%	D:9/75%
P: CCCTAGCGTAACTCTCGAGGTAGTA
<- Aln:   0	0	10	14	24	0	11= ->
P:15/57.6923%	D:12/60%
No hit
<- Aln:   17	9	34	0	23	11	3=1X2=3D3=3X1=1X1=1X1=1X3=1I2=1S ->
<- Aln:   14	9	28	0	18	8	3=1X2=1X1=4X3=1X1=1D2=6S ->
Pattern:	1-0
#2197
P:11/100%	D:8/100%
P: CCCTAGCGTAACTCTCGAGGTAGTA
<- Aln:   0	0	10	14	24	0	11= ->
P:9/64.2857%	D:11/100%
D: CCCTAGCGTAACTCTCGAGACGACG
<- Aln:   0	0	10	14	24	0	11= ->
Pattern:	1-2
#2198
P:10/58.8235%	D:11/100%
D: CCCTAGCGTAACTCTCGAGACGACG
<- Aln:   0	0	10	14	24	0	11= ->
P:11/100%	D:11/61.1111%
P: CCCTAGCGTAACTCTCGAGGTAGTA
<- Aln:   0	0	10	14	24	0	11= ->
Pattern:	2-1
#2199
P:11/100%	D:10/55.5556%
P: CCCTAGCGTAACTCTCGAGGTAGTA
<- Aln:   0	0	10	14	24	0	11= ->
P:12/54.5455%	D:11/100%
D: CCCTAGCGTAACTCTCGAGACGACG
<- Aln:   0	0	10	14	24	0	11= ->
Pattern:	1-2
#2200
P:14/63.6364%	D:11/100%
D: CCCTAGCGTAACTCTCGAGACGACG
<- Aln:   0	0	10	14	24	0	11= ->
P:11/57.8947%	D:11/100%
D: CCCTAGCGTAACTCTCGAGACGACG
<- Aln:   0	0	10	14	24	0	11= ->
Pattern:	2-2
#2201
P:9/64.2857%	D:11/100%
D: CCCTAGCGTAACTCTCGAGACGACG
<- Aln:   0	0	10	14	24	0	11= ->
P:11/100%	D:11/61.1111%
P: CCCTAGCGTAACTCTCGAGGTAGTA
<- Aln:   0	0	10	14	24	0	11= ->
Pattern:	2-1
#2202
P:9/69.2308%	D:11/100%
D: CCCTAGCGTAACTCTCGAGACGACG
<- Aln:   0	0	10	14	24	0	11= ->
P:11/100%	D:13/68.4211%
P: CCCTAGCGTAACTCTCGAGGTAGTA
<- Aln:   0	0	10	14	24	0	11= ->
Pattern:	2-1
#2203
P:11/100%	D:17/70.8333%
P: CCCTAGCGTAACTCTCGAGGTAGTA
<- Aln:   0	0	10	14	24	0	11= ->
P:11/52.381%	D:11/100%
D: CCCTAGCGTAACTCTCGAGACGACG
<- Aln:   0	0	10	14	24	0	11= ->
Pattern:	1-2
#2204
P:12/57.1429%	D:11/100%
D: CCCTAGCGTAACTCTCGAGACGACG
<- Aln:   0	0	10	14	24	0	11= ->
P:10/90.9091%	D:14/63.6364%
P: CCCTAGCGTAACTCTCGAGGTAGTA
<- Aln:   19	0	10	14	24	1	14S9=1X1= ->
Pattern:	2-1
#2205
P:11/100%	D:12/66.6667%
P: CCCTAGCGTAACTCTCGAGGTAGTA
<- Aln:   0	0	10	14	24	0	11= ->
P:9/45%	D:11/100%
D: CCCTAGCGTAACTCTCGAGACGACG
<- Aln:   0	0	10	14	24	0	11= ->
Pattern:	1-2
#2206
P:15/62.5%	D:11/100%
D: CCCTAGCGTAACTCTCGAGACGACG
<- Aln:   0	0	10	14	24	0	11= ->
P:11/100%	D:9/75%
P: CCCTAGCGTAACTCTCGAGGTAGTA
<- Aln:   0	0	10	14	24	0	11= ->
Pattern:	2-1
#2207
P:14/60.8696%	D:11/100%
D: CCCTAGCGTAACTCTCGAGACGACG
<- Aln:   0	0	10	14	24	0	11= ->
P:11/100%	D:12/60%
P: CCCTAGCGTAACTCTCGAGGTAGTA
<- Aln:   0	0	10	14	24	0	11= ->
Pattern:	2-1
#2208
P:11/100%	D:6/42.8571%
P: CCCTAGCGTAACTCTCGAGGTAGTA
<- Aln:   0	0	10	14	24	0	11= ->
P:11/68.75%	D:11/100%
D: CCCTAGCGTAACTCTCGAGACGACG
<- Aln:   0	0	10	14	24	0	11= ->
Pattern:	1-2
#2209
P:11/100%	D:11/57.8947%
P: CCCTAGCGTAACTCTCGAGGTAGTA
<- Aln:   0	0	10	14	24	0	11= ->
P:12/54.5455%	D:11/100%
D: CCCTAGCGTAACTCTCGAGACGACG
<- Aln:   0	0	10	14	24	0	11= ->
Pattern:	1-2
#2210
P:8/61.5385%	D:11/100%
D: CCCTAGCGTAACTCTCGAGACGACG
<- Aln:   0	0	10	14	24	0	11= ->
P:11/100%	D:12/66.6667%
P: CCCTAGCGTAACTCTCGAGGTAGTA
<- Aln:   0	0	10	14	24	0	11= ->
Pattern:	2-1
#2211
P:11/100%	D:16/66.6667%
P: CCCTAGCGTAACTCTCGAGGTAGTA
<- Aln:   0	0	10	14	24	0	11= ->
P:10/76.9231%	D:10/100%
D: CCCTAGCGTAACTCTCGAGACGACG
<- Aln:   20	0	9	15	24	0	15S10= ->
Pattern:	1-2
#2212
P:11/73.3333%	D:11/100%
D: CCCTAGCGTAACTCTCGAGACGACG
<- Aln:   0	0	10	14	24	0	11= ->
P:11/100%	D:12/60%
P: CCCTAGCGTAACTCTCGAGGTAGTA
<- Aln:   0	0	10	14	24	0	11= ->
Pattern:	2-1
#2213
P:13/56.5217%	D:11/100%
D: CCCTAGCGTAACTCTCGAGACGACG
<- Aln:   0	0	10	14	24	0	11= ->
P:9/100%	D:10/62.5%
No hit
<- Aln:   18	0	8	14	22	0	14S9=2S ->
<- Aln:   12	1	16	2	18	6	2S1=1X2=1I3=1D1=1X1=1X2=1I2=6S ->
Pattern:	2-0
#2214
P:11/100%	D:10/52.6316%
P: CCCTAGCGTAACTCTCGAGGTAGTA
<- Aln:   0	0	10	14	24	0	11= ->
P:11/100%	D:5/100%
P: CCCTAGCGTAACTCTCGAGGTAGTA
<- Aln:   0	0	10	14	24	0	11= ->
Pattern:	1-1
#2215
P:12/66.6667%	D:11/100%
D: CCCTAGCGTAACTCTCGAGACGACG
<- Aln:   0	0	10	14	24	0	11= ->
P:11/100%	D:11/68.75%
P: CCCTAGCGTAACTCTCGAGGTAGTA
<- Aln:   0	0	10	14	24	0	11= ->
Pattern:	2-1
#2216
P:11/100%	D:5/45.4545%
P: CCCTAGCGTAACTCTCGAGGTAGTA
<- Aln:   0	0	10	14	24	0	11= ->
P:14/53.8462%	D:11/100%
D: CCCTAGCGTAACTCTCGAGACGACG
<- Aln:   0	0	10	14	24	0	11= ->
Pattern:	1-2
#2217
P:14/60.8696%	D:11/100%
D: CCCTAGCGTAACTCTCGAGACGACG
<- Aln:   0	0	10	14	24	0	11= ->
P:10/100%	D:12/70.5882%
P: CCCTAGCGTAACTCTCGAGGTAGTA
<- Aln:   20	0	9	14	23	0	14S10=1S ->
Pattern:	2-1
#2218
P:11/100%	D:9/56.25%
P: CCCTAGCGTAACTCTCGAGGTAGTA
<- Aln:   0	0	10	14	24	0	11= ->
P:17/100%	D:23/100%
D: CCCTAGCGTAACTCTCGAGACGACG
<- Aln:   46	0	22	2	24	0	2S23= ->
Pattern:	1-2
#2219
P:11/100%	D:11/57.8947%
P: CCCTAGCGTAACTCTCGAGGTAGTA
<- Aln:   0	0	10	14	24	0	11= ->
P:17/100%	D:23/100%
D: CCCTAGCGTAACTCTCGAGACGACG
<- Aln:   46	0	22	2	24	0	2S23= ->
Pattern:	1-2
#2220
P:12/63.1579%	D:11/100%
D: CCCTAGCGTAACTCTCGAGACGACG
<- Aln:   0	0	10	14	24	0	11= ->
P:10/58.8235%	D:12/60%
No hit
<- Aln:   15	8	24	1	19	7	1S2=1X3=2I1=2X3=2X3=5S ->
<- Aln:   14	6	25	4	22	8	4S3=2X1=1X1=1X1=1D2=1X1=1X1=1X2=2S ->
Pattern:	2-0
#2221
P:10/100%	D:10/58.8235%
P: CCCTAGCGTAACTCTCGAGGTAGTA
<- Aln:   20	0	9	14	23	0	14S10=1S ->
P:16/61.5385%	D:9/81.8182%
No hit
<- Aln:   16	5	30	1	24	10	1S2=1X1=1I2=1X2=1X1=1D2=1D2X3=1D1X4= ->
<- Aln:   16	0	10	14	24	2	14S3=1X1=1X5= ->
Pattern:	1-0
#2222
P:9/56.25%	D:11/100%
D: CCCTAGCGTAACTCTCGAGACGACG
<- Aln:   0	0	10	14	24	0	11= ->
P:11/100%	D:14/60.8696%
P: CCCTAGCGTAACTCTCGAGGTAGTA
<- Aln:   0	0	10	14	24	0	11= ->
Pattern:	2-1
#2223
P:10/52.6316%	D:11/100%
D: CCCTAGCGTAACTCTCGAGACGACG
<- Aln:   0	0	10	14	24	0	11= ->
P:11/100%	D:13/56.5217%
P: CCCTAGCGTAACTCTCGAGGTAGTA
<- Aln:   0	0	10	14	24	0	11= ->
Pattern:	2-1
#2224
P:11/100%	D:9/69.2308%
P: CCCTAGCGTAACTCTCGAGGTAGTA
<- Aln:   0	0	10	14	24	0	11= ->
P:7/87.5%	D:15/57.6923%
No hit
<- Aln:   13	0	7	14	21	1	14S6=1X1=3S ->
<- Aln:   17	21	46	0	23	11	5=2D2=2X1=1X1=3X2=1X1=1X1=1X2=1S ->
Pattern:	1-0
#2225
P:11/100%	D:10/52.6316%
P: CCCTAGCGTAACTCTCGAGGTAGTA
<- Aln:   0	0	10	14	24	0	11= ->
P:11/68.75%	D:11/100%
D: CCCTAGCGTAACTCTCGAGACGACG
<- Aln:   0	0	10	14	24	0	11= ->
Pattern:	1-2
#2226
P:11/100%	D:12/60%
P: CCCTAGCGTAACTCTCGAGGTAGTA
<- Aln:   0	0	10	14	24	0	11= ->
P:7/53.8462%	D:11/100%
D: CCCTAGCGTAACTCTCGAGACGACG
<- Aln:   0	0	10	14	24	0	11= ->
Pattern:	1-2
#2227
P:11/100%	D:10/71.4286%
P: CCCTAGCGTAACTCTCGAGGTAGTA
<- Aln:   0	0	10	14	24	0	11= ->
P:15/65.2174%	D:11/100%
D: CCCTAGCGTAACTCTCGAGACGACG
<- Aln:   0	0	10	14	24	0	11= ->
Pattern:	1-2
#2228
P:16/61.5385%	D:11/100%
D: CCCTAGCGTAACTCTCGAGACGACG
<- Aln:   0	0	10	14	24	0	11= ->
P:11/100%	D:12/66.6667%
P: CCCTAGCGTAACTCTCGAGGTAGTA
<- Aln:   0	0	10	14	24	0	11= ->
Pattern:	2-1
#2229
P:7/50%	D:11/100%
D: CCCTAGCGTAACTCTCGAGACGACG
<- Aln:   0	0	10	14	24	0	11= ->
P:11/100%	D:10/71.4286%
P: CCCTAGCGTAACTCTCGAGGTAGTA
<- Aln:   0	0	10	14	24	0	11= ->
Pattern:	2-1
#2230
P:10/55.5556%	D:11/100%
D: CCCTAGCGTAACTCTCGAGACGACG
<- Aln:   0	0	10	14	24	0	11= ->
P:16/69.5652%	D:13/59.0909%
No hit
<- Aln:   21	5	27	5	24	7	5S1=1X4=1D5=2X3=2D1=1X2= ->
<- Aln:   17	14	35	0	22	9	1=1X1=2X1=2X3=2I2=1X5=1D2=2S ->
Pattern:	2-0
#2231
P:14/58.3333%	D:11/100%
D: CCCTAGCGTAACTCTCGAGACGACG
<- Aln:   0	0	10	14	24	0	11= ->
P:11/100%	D:5/100%
P: CCCTAGCGTAACTCTCGAGGTAGTA
<- Aln:   0	0	10	14	24	0	11= ->
Pattern:	2-1
#2232
P:10/52.6316%	D:11/100%
D: CCCTAGCGTAACTCTCGAGACGACG
<- Aln:   0	0	10	14	24	0	11= ->
P:11/100%	D:13/56.5217%
P: CCCTAGCGTAACTCTCGAGGTAGTA
<- Aln:   0	0	10	14	24	0	11= ->
Pattern:	2-1
#2233
P:11/55%	D:11/100%
D: CCCTAGCGTAACTCTCGAGACGACG
<- Aln:   0	0	10	14	24	0	11= ->
P:11/100%	D:11/57.8947%
P: CCCTAGCGTAACTCTCGAGGTAGTA
<- Aln:   0	0	10	14	24	0	11= ->
Pattern:	2-1
#2234
P:10/45.4545%	D:11/100%
D: CCCTAGCGTAACTCTCGAGACGACG
<- Aln:   0	0	10	14	24	0	11= ->
P:11/100%	D:11/68.75%
P: CCCTAGCGTAACTCTCGAGGTAGTA
<- Aln:   0	0	10	14	24	0	11= ->
Pattern:	2-1
#2235
P:11/55%	D:10/100%
D: CCCTAGCGTAACTCTCGAGACGACG
<- Aln:   20	0	9	14	23	0	14S10=1S ->
P:11/100%	D:11/55%
P: CCCTAGCGTAACTCTCGAGGTAGTA
<- Aln:   0	0	10	14	24	0	11= ->
Pattern:	2-1
#2236
P:25/100%	D:19/100%
P: CCCTAGCGTAACTCTCGAGGTAGTA
<- Aln:   0	0	24	0	24	0	25= ->
P:17/100%	D:23/100%
D: CCCTAGCGTAACTCTCGAGACGACG
<- Aln:   46	0	22	2	24	0	2S23= ->
Pattern:	1-2
#2237
P:13/56.5217%	D:11/100%
D: CCCTAGCGTAACTCTCGAGACGACG
<- Aln:   0	0	10	14	24	0	11= ->
P:11/100%	D:13/59.0909%
P: CCCTAGCGTAACTCTCGAGGTAGTA
<- Aln:   0	0	10	14	24	0	11= ->
Pattern:	2-1
#2238
P:11/100%	D:11/68.75%
P: CCCTAGCGTAACTCTCGAGGTAGTA
<- Aln:   0	0	10	14	24	0	11= ->
P:10/58.8235%	D:11/100%
D: CCCTAGCGTAACTCTCGAGACGACG
<- Aln:   0	0	10	14	24	0	11= ->
Pattern:	1-2
#2239
P:25/100%	D:19/100%
P: CCCTAGCGTAACTCTCGAGGTAGTA
<- Aln:   0	0	24	0	24	0	25= ->
P:12/63.1579%	D:11/100%
D: CCCTAGCGTAACTCTCGAGACGACG
<- Aln:   0	0	10	14	24	0	11= ->
Pattern:	1-2
#2240
P:11/61.1111%	D:11/100%
D: CCCTAGCGTAACTCTCGAGACGACG
<- Aln:   0	0	10	14	24	0	11= ->
P:11/100%	D:14/66.6667%
P: CCCTAGCGTAACTCTCGAGGTAGTA
<- Aln:   0	0	10	14	24	0	11= ->
Pattern:	2-1
#2241
P:10/66.6667%	D:11/100%
D: CCCTAGCGTAACTCTCGAGACGACG
<- Aln:   0	0	10	14	24	0	11= ->
P:11/100%	D:10/66.6667%
P: CCCTAGCGTAACTCTCGAGGTAGTA
<- Aln:   0	0	10	14	24	0	11= ->
Pattern:	2-1
#2242
P:14/56%	D:11/100%
D: CCCTAGCGTAACTCTCGAGACGACG
<- Aln:   0	0	10	14	24	0	11= ->
P:9/90%	D:11/57.8947%
P: CCCTAGCGTAACTCTCGAGGTAGTA
<- Aln:   17	0	9	14	24	1	14S4=1I6= ->
Pattern:	2-1
#2243
P:16/57.1429%	D:11/100%
D: CCCTAGCGTAACTCTCGAGACGACG
<- Aln:   0	0	10	14	24	0	11= ->
P:11/100%	D:7/87.5%
P: CCCTAGCGTAACTCTCGAGGTAGTA
<- Aln:   0	0	10	14	24	0	11= ->
Pattern:	2-1
#2244
P:10/90.9091%	D:12/70.5882%
P: CCCTAGCGTAACTCTCGAGGTAGTA
<- Aln:   19	0	10	14	24	1	14S2=1X8= ->
P:17/100%	D:23/100%
D: CCCTAGCGTAACTCTCGAGACGACG
<- Aln:   46	0	22	2	24	0	2S23= ->
Pattern:	1-2
#2245
P:11/68.75%	D:11/68.75%
No hit
<- Aln:   19	38	53	0	17	5	7=2I2X5=1X1=7S ->
<- Aln:   19	38	53	0	17	5	7=2I2X5=1X1=7S ->
P:11/100%	D:9/81.8182%
P: CCCTAGCGTAACTCTCGAGGTAGTA
<- Aln:   0	0	10	14	24	0	11= ->
Pattern:	0-1
#2246
P:6/75%	D:10/71.4286%
No hit
<- Aln:   12	0	7	14	23	2	14S5=2I3=1S ->
<- Aln:   14	0	13	14	24	4	14S6=3D3=1X1= ->
P:11/61.1111%	D:11/100%
D: CCCTAGCGTAACTCTCGAGACGACG
<- Aln:   0	0	10	14	24	0	11= ->
Pattern:	0-2
#2247
P:11/100%	D:14/73.6842%
P: CCCTAGCGTAACTCTCGAGGTAGTA
<- Aln:   0	0	10	14	24	0	11= ->
P:11/61.1111%	D:11/100%
D: CCCTAGCGTAACTCTCGAGACGACG
<- Aln:   0	0	10	14	24	0	11= ->
Pattern:	1-2
#2248
P:12/57.1429%	D:11/100%
D: CCCTAGCGTAACTCTCGAGACGACG
<- Aln:   0	0	10	14	24	0	11= ->
P:11/100%	D:12/60%
P: CCCTAGCGTAACTCTCGAGGTAGTA
<- Aln:   0	0	10	14	24	0	11= ->
Pattern:	2-1
#2249
P:13/54.1667%	D:11/100%
D: CCCTAGCGTAACTCTCGAGACGACG
<- Aln:   0	0	10	14	24	0	11= ->
P:11/100%	D:15/62.5%
P: CCCTAGCGTAACTCTCGAGGTAGTA
<- Aln:   0	0	10	14	24	0	11= ->
Pattern:	2-1
#2250
P:11/100%	D:9/60%
P: CCCTAGCGTAACTCTCGAGGTAGTA
<- Aln:   0	0	10	14	24	0	11= ->
P:12/60%	D:11/100%
D: CCCTAGCGTAACTCTCGAGACGACG
<- Aln:   0	0	10	14	24	0	11= ->
Pattern:	1-2
#2251
P:5/100%	D:11/100%
D: CCCTAGCGTAACTCTCGAGACGACG
<- Aln:   0	0	10	14	24	0	11= ->
P:11/100%	D:9/64.2857%
P: CCCTAGCGTAACTCTCGAGGTAGTA
<- Aln:   0	0	10	14	24	0	11= ->
Pattern:	2-1
#2252
P:12/57.1429%	D:11/100%
D: CCCTAGCGTAACTCTCGAGACGACG
<- Aln:   0	0	10	14	24	0	11= ->
P:11/100%	D:9/69.2308%
P: CCCTAGCGTAACTCTCGAGGTAGTA
<- Aln:   0	0	10	14	24	0	11= ->
Pattern:	2-1
#2253
P:13/72.2222%	D:11/100%
D: CCCTAGCGTAACTCTCGAGACGACG
<- Aln:   0	0	10	14	24	0	11= ->
P:11/100%	D:14/58.3333%
P: CCCTAGCGTAACTCTCGAGGTAGTA
<- Aln:   0	0	10	14	24	0	11= ->
Pattern:	2-1
#2254
P:10/55.5556%	D:11/100%
D: CCCTAGCGTAACTCTCGAGACGACG
<- Aln:   0	0	10	14	24	0	11= ->
P:11/100%	D:14/58.3333%
P: CCCTAGCGTAACTCTCGAGGTAGTA
<- Aln:   0	0	10	14	24	0	11= ->
Pattern:	2-1
#2255
P:17/100%	D:23/100%
D: CCCTAGCGTAACTCTCGAGACGACG
<- Aln:   46	0	22	2	24	0	2S23= ->
P:11/100%	D:16/59.2593%
P: CCCTAGCGTAACTCTCGAGGTAGTA
<- Aln:   0	0	10	14	24	0	11= ->
Pattern:	2-1
#2256
P:14/58.3333%	D:11/55%
No hit
<- Aln:   16	21	44	1	24	10	1S3=1D3=1X1=4X1=1X1=1I4=2X2= ->
<- Aln:   11	17	36	2	20	9	2S3=1X1=1X1=1D1=1X1=2X1=1X1=2X2=4S ->
P:12/60%	D:11/100%
D: CCCTAGCGTAACTCTCGAGACGACG
<- Aln:   0	0	10	14	24	0	11= ->
Pattern:	0-2
#2257
P:11/100%	D:12/60%
P: CCCTAGCGTAACTCTCGAGGTAGTA
<- Aln:   0	0	10	14	24	0	11= ->
P:13/59.0909%	D:11/100%
D: CCCTAGCGTAACTCTCGAGACGACG
<- Aln:   0	0	10	14	24	0	11= ->
Pattern:	1-2
#2258
P:11/100%	D:11/61.1111%
P: CCCTAGCGTAACTCTCGAGGTAGTA
<- Aln:   0	0	10	14	24	0	11= ->
P:13/54.1667%	D:11/100%
D: CCCTAGCGTAACTCTCGAGACGACG
<- Aln:   0	0	10	14	24	0	11= ->
Pattern:	1-2
#2259
P:14/53.8462%	D:11/100%
D: CCCTAGCGTAACTCTCGAGACGACG
<- Aln:   0	0	10	14	24	0	11= ->
P:10/100%	D:8/61.5385%
P: CCCTAGCGTAACTCTCGAGGTAGTA
<- Aln:   20	0	9	15	24	0	15S10= ->
Pattern:	2-1
#2260
P:11/100%	D:9/69.2308%
P: CCCTAGCGTAACTCTCGAGGTAGTA
<- Aln:   0	0	10	14	24	0	11= ->
P:5/100%	D:11/100%
D: CCCTAGCGTAACTCTCGAGACGACG
<- Aln:   0	0	10	14	24	0	11= ->
Pattern:	1-2
#2261
P:11/100%	D:10/55.5556%
P: CCCTAGCGTAACTCTCGAGGTAGTA
<- Aln:   0	0	10	14	24	0	11= ->
P:10/66.6667%	D:11/100%
D: CCCTAGCGTAACTCTCGAGACGACG
<- Aln:   0	0	10	14	24	0	11= ->
Pattern:	1-2
#2262
P:11/100%	D:12/60%
P: CCCTAGCGTAACTCTCGAGGTAGTA
<- Aln:   0	0	10	14	24	0	11= ->
P:7/58.3333%	D:11/100%
D: CCCTAGCGTAACTCTCGAGACGACG
<- Aln:   0	0	10	14	24	0	11= ->
Pattern:	1-2
#2263
P:11/100%	D:9/75%
P: CCCTAGCGTAACTCTCGAGGTAGTA
<- Aln:   0	0	10	14	24	0	11= ->
P:11/55%	D:11/100%
D: CCCTAGCGTAACTCTCGAGACGACG
<- Aln:   0	0	10	14	24	0	11= ->
Pattern:	1-2
#2264
P:9/75%	D:11/55%
No hit
<- Aln:   13	0	11	14	24	3	14S4=1D3=1X1=1X1= ->
<- Aln:   11	18	37	5	24	9	5S3=1X1=1D1=2X2=1I2=1X1=2X1=1X1= ->
P:17/54.8387%	D:11/100%
D: CCCTAGCGTAACTCTCGAGACGACG
<- Aln:   0	0	10	14	24	0	11= ->
Pattern:	0-2
#2265
P:17/100%	D:23/100%
D: CCCTAGCGTAACTCTCGAGACGACG
<- Aln:   46	0	22	2	24	0	2S23= ->
P:13/54.1667%	D:11/100%
D: CCCTAGCGTAACTCTCGAGACGACG
<- Aln:   0	0	10	14	24	0	11= ->
Pattern:	2-2
#2266
P:11/100%	D:9/69.2308%
P: CCCTAGCGTAACTCTCGAGGTAGTA
<- Aln:   0	0	10	14	24	0	11= ->
P:5/100%	D:11/100%
D: CCCTAGCGTAACTCTCGAGACGACG
<- Aln:   0	0	10	14	24	0	11= ->
Pattern:	1-2
#2267
P:12/63.1579%	D:11/100%
D: CCCTAGCGTAACTCTCGAGACGACG
<- Aln:   0	0	10	14	24	0	11= ->
P:11/100%	D:13/61.9048%
P: CCCTAGCGTAACTCTCGAGGTAGTA
<- Aln:   0	0	10	14	24	0	11= ->
Pattern:	2-1
#2268
P:17/100%	D:23/100%
D: CCCTAGCGTAACTCTCGAGACGACG
<- Aln:   46	0	22	2	24	0	2S23= ->
P:11/100%	D:8/66.6667%
P: CCCTAGCGTAACTCTCGAGGTAGTA
<- Aln:   0	0	10	14	24	0	11= ->
Pattern:	2-1
#2269
P:11/100%	D:12/60%
P: CCCTAGCGTAACTCTCGAGGTAGTA
<- Aln:   0	0	10	14	24	0	11= ->
P:14/58.3333%	D:11/100%
D: CCCTAGCGTAACTCTCGAGACGACG
<- Aln:   0	0	10	14	24	0	11= ->
Pattern:	1-2
#2270
P:11/100%	D:14/58.3333%
P: CCCTAGCGTAACTCTCGAGGTAGTA
<- Aln:   0	0	10	14	24	0	11= ->
P:9/64.2857%	D:11/100%
D: CCCTAGCGTAACTCTCGAGACGACG
<- Aln:   0	0	10	14	24	0	11= ->
Pattern:	1-2
#2271
P:7/100%	D:11/100%
D: CCCTAGCGTAACTCTCGAGACGACG
<- Aln:   0	0	10	14	24	0	11= ->
P:11/100%	D:11/57.8947%
P: CCCTAGCGTAACTCTCGAGGTAGTA
<- Aln:   0	0	10	14	24	0	11= ->
Pattern:	2-1
#2272
P:9/90%	D:7/70%
P: CCCTAGCGTAACTCTCGAGGTAGTA
<- Aln:   17	0	9	14	23	1	14S7=1X2=1S ->
P:10/71.4286%	D:10/90.9091%
D: CCCTAGCGTAACTCTCGAGACGACG
<- Aln:   19	0	10	14	24	1	14S9=1X1= ->
Pattern:	1-2
#2273
P:8/72.7273%	D:11/100%
D: CCCTAGCGTAACTCTCGAGACGACG
<- Aln:   0	0	10	14	24	0	11= ->
P:11/100%	D:13/59.0909%
P: CCCTAGCGTAACTCTCGAGGTAGTA
<- Aln:   0	0	10	14	24	0	11= ->
Pattern:	2-1
#2274
P:11/100%	D:17/68%
P: CCCTAGCGTAACTCTCGAGGTAGTA
<- Aln:   0	0	10	14	24	0	11= ->
P:13/61.9048%	D:10/66.6667%
No hit
<- Aln:   20	32	52	1	24	8	1S1=1X2=2I6=2X1=1I3=1X1=1X2= ->
<- Aln:   15	1	15	2	16	5	2S1=1X2=2X3=1X3=1X1=8S ->
Pattern:	1-0
#2275
P:11/100%	D:10/62.5%
P: CCCTAGCGTAACTCTCGAGGTAGTA
<- Aln:   0	0	10	14	24	0	11= ->
P:15/60%	D:11/100%
D: CCCTAGCGTAACTCTCGAGACGACG
<- Aln:   0	0	10	14	24	0	11= ->
Pattern:	1-2
#2276
P:9/81.8182%	D:11/100%
D: CCCTAGCGTAACTCTCGAGACGACG
<- Aln:   0	0	10	14	24	0	11= ->
P:10/90.9091%	D:12/57.1429%
P: CCCTAGCGTAACTCTCGAGGTAGTA
<- Aln:   19	0	10	14	24	1	14S9=1X1= ->
Pattern:	2-1
#2277
P:12/57.1429%	D:11/100%
D: CCCTAGCGTAACTCTCGAGACGACG
<- Aln:   0	0	10	14	24	0	11= ->
P:10/76.9231%	D:11/100%
D: CCCTAGCGTAACTCTCGAGACGACG
<- Aln:   0	0	10	14	24	0	11= ->
Pattern:	2-2
#2278
P:9/56.25%	D:11/100%
D: CCCTAGCGTAACTCTCGAGACGACG
<- Aln:   0	0	10	14	24	0	11= ->
P:10/100%	D:13/59.0909%
P: CCCTAGCGTAACTCTCGAGGTAGTA
<- Aln:   20	0	9	14	23	0	14S10=1S ->
Pattern:	2-1
#2279
P:11/100%	D:17/58.6207%
P: CCCTAGCGTAACTCTCGAGGTAGTA
<- Aln:   0	0	10	14	24	0	11= ->
P:12/54.5455%	D:11/100%
D: CCCTAGCGTAACTCTCGAGACGACG
<- Aln:   0	0	10	14	24	0	11= ->
Pattern:	1-2
#2280
P:9/90%	D:11/100%
D: CCCTAGCGTAACTCTCGAGACGACG
<- Aln:   0	0	10	14	24	0	11= ->
P:11/100%	D:12/57.1429%
P: CCCTAGCGTAACTCTCGAGGTAGTA
<- Aln:   0	0	10	14	24	0	11= ->
Pattern:	2-1
#2281
P:11/52.381%	D:7/87.5%
No hit
<- Aln:   14	27	47	1	22	10	1S2=1X2=3D1X5=1I1=3I3=1X2=2S ->
<- Aln:   13	0	7	14	21	1	14S6=1X1=3S ->
P:11/100%	D:13/56.5217%
P: CCCTAGCGTAACTCTCGAGGTAGTA
<- Aln:   0	0	10	14	24	0	11= ->
Pattern:	0-1
#2282
P:25/100%	D:19/100%
P: CCCTAGCGTAACTCTCGAGGTAGTA
<- Aln:   0	0	24	0	24	0	25= ->
P:17/100%	D:23/100%
D: CCCTAGCGTAACTCTCGAGACGACG
<- Aln:   46	0	22	2	24	0	2S23= ->
Pattern:	1-2
#2283
P:12/60%	D:11/100%
D: CCCTAGCGTAACTCTCGAGACGACG
<- Aln:   0	0	10	14	24	0	11= ->
P:11/100%	D:8/66.6667%
P: CCCTAGCGTAACTCTCGAGGTAGTA
<- Aln:   0	0	10	14	24	0	11= ->
Pattern:	2-1
#2284
P:11/100%	D:10/55.5556%
P: CCCTAGCGTAACTCTCGAGGTAGTA
<- Aln:   0	0	10	14	24	0	11= ->
P:13/50%	D:11/100%
D: CCCTAGCGTAACTCTCGAGACGACG
<- Aln:   0	0	10	14	24	0	11= ->
Pattern:	1-2
#2285
P:15/62.5%	D:11/100%
D: CCCTAGCGTAACTCTCGAGACGACG
<- Aln:   0	0	10	14	24	0	11= ->
P:11/100%	D:13/59.0909%
P: CCCTAGCGTAACTCTCGAGGTAGTA
<- Aln:   0	0	10	14	24	0	11= ->
Pattern:	2-1
#2286
P:17/100%	D:23/100%
D: CCCTAGCGTAACTCTCGAGACGACG
<- Aln:   46	0	22	2	24	0	2S23= ->
P:11/100%	D:12/54.5455%
P: CCCTAGCGTAACTCTCGAGGTAGTA
<- Aln:   0	0	10	14	24	0	11= ->
Pattern:	2-1
#2287
P:11/50%	D:11/100%
D: CCCTAGCGTAACTCTCGAGACGACG
<- Aln:   0	0	10	14	24	0	11= ->
P:11/100%	D:14/66.6667%
P: CCCTAGCGTAACTCTCGAGGTAGTA
<- Aln:   0	0	10	14	24	0	11= ->
Pattern:	2-1
#2288
P:12/70.5882%	D:11/100%
D: CCCTAGCGTAACTCTCGAGACGACG
<- Aln:   0	0	10	14	24	0	11= ->
P:11/100%	D:12/66.6667%
P: CCCTAGCGTAACTCTCGAGGTAGTA
<- Aln:   0	0	10	14	24	0	11= ->
Pattern:	2-1
#2289
P:15/62.5%	D:11/100%
D: CCCTAGCGTAACTCTCGAGACGACG
<- Aln:   0	0	10	14	24	0	11= ->
P:11/100%	D:10/62.5%
P: CCCTAGCGTAACTCTCGAGGTAGTA
<- Aln:   0	0	10	14	24	0	11= ->
Pattern:	2-1
#2290
P:8/80%	D:11/100%
D: CCCTAGCGTAACTCTCGAGACGACG
<- Aln:   0	0	10	14	24	0	11= ->
P:11/100%	D:13/59.0909%
P: CCCTAGCGTAACTCTCGAGGTAGTA
<- Aln:   0	0	10	14	24	0	11= ->
Pattern:	2-1
#2291
P:11/100%	D:5/100%
P: CCCTAGCGTAACTCTCGAGGTAGTA
<- Aln:   0	0	10	14	24	0	11= ->
P:15/62.5%	D:11/100%
D: CCCTAGCGTAACTCTCGAGACGACG
<- Aln:   0	0	10	14	24	0	11= ->
Pattern:	1-2
#2292
P:11/100%	D:11/57.8947%
P: CCCTAGCGTAACTCTCGAGGTAGTA
<- Aln:   0	0	10	14	24	0	11= ->
P:17/60.7143%	D:11/100%
D: CCCTAGCGTAACTCTCGAGACGACG
<- Aln:   0	0	10	14	24	0	11= ->
Pattern:	1-2
#2293
P:7/70%	D:11/100%
D: CCCTAGCGTAACTCTCGAGACGACG
<- Aln:   0	0	10	14	24	0	11= ->
P:11/100%	D:13/61.9048%
P: CCCTAGCGTAACTCTCGAGGTAGTA
<- Aln:   0	0	10	14	24	0	11= ->
Pattern:	2-1
#2294
P:11/100%	D:7/70%
P: CCCTAGCGTAACTCTCGAGGTAGTA
<- Aln:   0	0	10	14	24	0	11= ->
P:11/100%	D:14/60.8696%
P: CCCTAGCGTAACTCTCGAGGTAGTA
<- Aln:   0	0	10	14	24	0	11= ->
Pattern:	1-1
#2295
P:11/100%	D:10/66.6667%
P: CCCTAGCGTAACTCTCGAGGTAGTA
<- Aln:   0	0	10	14	24	0	11= ->
P:12/54.5455%	D:11/100%
D: CCCTAGCGTAACTCTCGAGACGACG
<- Aln:   0	0	10	14	24	0	11= ->
Pattern:	1-2
#2296
P:14/56%	D:11/100%
D: CCCTAGCGTAACTCTCGAGACGACG
<- Aln:   0	0	10	14	24	0	11= ->
P:11/100%	D:14/63.6364%
P: CCCTAGCGTAACTCTCGAGGTAGTA
<- Aln:   0	0	10	14	24	0	11= ->
Pattern:	2-1
#2297
P:11/100%	D:9/69.2308%
P: CCCTAGCGTAACTCTCGAGGTAGTA
<- Aln:   0	0	10	14	24	0	11= ->
P:12/63.1579%	D:11/100%
D: CCCTAGCGTAACTCTCGAGACGACG
<- Aln:   0	0	10	14	24	0	11= ->
Pattern:	1-2
#2298
P:17/100%	D:23/100%
D: CCCTAGCGTAACTCTCGAGACGACG
<- Aln:   46	0	22	2	24	0	2S23= ->
P:11/100%	D:13/61.9048%
P: CCCTAGCGTAACTCTCGAGGTAGTA
<- Aln:   0	0	10	14	24	0	11= ->
Pattern:	2-1
#2299
P:16/59.2593%	D:11/100%
D: CCCTAGCGTAACTCTCGAGACGACG
<- Aln:   0	0	10	14	24	0	11= ->
P:11/100%	D:10/62.5%
P: CCCTAGCGTAACTCTCGAGGTAGTA
<- Aln:   0	0	10	14	24	0	11= ->
Pattern:	2-1
#2300
P:11/100%	D:11/64.7059%
P: CCCTAGCGTAACTCTCGAGGTAGTA
<- Aln:   0	0	10	14	24	0	11= ->
P:12/63.1579%	D:11/100%
D: CCCTAGCGTAACTCTCGAGACGACG
<- Aln:   0	0	10	14	24	0	11= ->
Pattern:	1-2
#2301
P:10/52.6316%	D:10/90.9091%
D: CCCTAGCGTAACTCTCGAGACGACG
<- Aln:   19	0	10	14	24	1	14S2=1X8= ->
P:11/100%	D:5/100%
P: CCCTAGCGTAACTCTCGAGGTAGTA
<- Aln:   0	0	10	14	24	0	11= ->
Pattern:	2-1
#2302
P:12/54.5455%	D:10/100%
D: CCCTAGCGTAACTCTCGAGACGACG
<- Aln:   20	0	9	14	23	0	14S10=1S ->
P:11/100%	D:13/68.4211%
P: CCCTAGCGTAACTCTCGAGGTAGTA
<- Aln:   0	0	10	14	24	0	11= ->
Pattern:	2-1
#2303
P:13/59.0909%	D:11/100%
D: CCCTAGCGTAACTCTCGAGACGACG
<- Aln:   0	0	10	14	24	0	11= ->
P:11/100%	D:12/66.6667%
P: CCCTAGCGTAACTCTCGAGGTAGTA
<- Aln:   0	0	10	14	24	0	11= ->
Pattern:	2-1
#2304
P:17/100%	D:23/100%
D: CCCTAGCGTAACTCTCGAGACGACG
<- Aln:   46	0	22	2	24	0	2S23= ->
P:25/100%	D:19/100%
P: CCCTAGCGTAACTCTCGAGGTAGTA
<- Aln:   0	0	24	0	24	0	25= ->
Pattern:	2-1
#2305
P:8/57.1429%	D:11/100%
D: CCCTAGCGTAACTCTCGAGACGACG
<- Aln:   0	0	10	14	24	0	11= ->
P:11/100%	D:13/68.4211%
P: CCCTAGCGTAACTCTCGAGGTAGTA
<- Aln:   0	0	10	14	24	0	11= ->
Pattern:	2-1
#2306
P:13/61.9048%	D:11/100%
D: CCCTAGCGTAACTCTCGAGACGACG
<- Aln:   0	0	10	14	24	0	11= ->
P:11/100%	D:10/58.8235%
P: CCCTAGCGTAACTCTCGAGGTAGTA
<- Aln:   0	0	10	14	24	0	11= ->
Pattern:	2-1
#2307
P:13/54.1667%	D:11/100%
D: CCCTAGCGTAACTCTCGAGACGACG
<- Aln:   0	0	10	14	24	0	11= ->
P:10/90.9091%	D:12/66.6667%
P: CCCTAGCGTAACTCTCGAGGTAGTA
<- Aln:   19	0	10	14	24	1	14S1=1X9= ->
Pattern:	2-1
#2308
P:11/100%	D:12/70.5882%
P: CCCTAGCGTAACTCTCGAGGTAGTA
<- Aln:   0	0	10	14	24	0	11= ->
P:12/54.5455%	D:11/57.8947%
No hit
<- Aln:   12	0	21	4	24	10	4S3=1X1=1D1X1=1X1=1X1=2X2=1X1=2X2= ->
<- Aln:   12	0	18	4	21	8	4S3=1X1=1D1X1=1X1=1X1=2X3=1X1=3S ->
Pattern:	1-0
#2309
P:11/100%	D:12/66.6667%
P: CCCTAGCGTAACTCTCGAGGTAGTA
<- Aln:   0	0	10	14	24	0	11= ->
P:11/50%	D:11/100%
D: CCCTAGCGTAACTCTCGAGACGACG
<- Aln:   0	0	10	14	24	0	11= ->
Pattern:	1-2
#2310
P:12/70.5882%	D:11/100%
D: CCCTAGCGTAACTCTCGAGACGACG
<- Aln:   0	0	10	14	24	0	11= ->
P:11/100%	D:12/57.1429%
P: CCCTAGCGTAACTCTCGAGGTAGTA
<- Aln:   0	0	10	14	24	0	11= ->
Pattern:	2-1
#2311
P:10/58.8235%	D:11/100%
D: CCCTAGCGTAACTCTCGAGACGACG
<- Aln:   0	0	10	14	24	0	11= ->
P:25/100%	D:19/100%
P: CCCTAGCGTAACTCTCGAGGTAGTA
<- Aln:   0	0	24	0	24	0	25= ->
Pattern:	2-1
#2312
P:10/66.6667%	D:10/100%
D: CCCTAGCGTAACTCTCGAGACGACG
<- Aln:   20	0	9	14	23	0	14S10=1S ->
P:11/100%	D:14/66.6667%
P: CCCTAGCGTAACTCTCGAGGTAGTA
<- Aln:   0	0	10	14	24	0	11= ->
Pattern:	2-1
#2313
P:11/100%	D:9/64.2857%
P: CCCTAGCGTAACTCTCGAGGTAGTA
<- Aln:   0	0	10	14	24	0	11= ->
P:9/60%	D:11/100%
D: CCCTAGCGTAACTCTCGAGACGACG
<- Aln:   0	0	10	14	24	0	11= ->
Pattern:	1-2
#2314
P:17/100%	D:23/100%
D: CCCTAGCGTAACTCTCGAGACGACG
<- Aln:   46	0	22	2	24	0	2S23= ->
P:10/66.6667%	D:11/100%
D: CCCTAGCGTAACTCTCGAGACGACG
<- Aln:   0	0	10	14	24	0	11= ->
Pattern:	2-2
#2315
P:11/55%	D:11/100%
D: CCCTAGCGTAACTCTCGAGACGACG
<- Aln:   0	0	10	14	24	0	11= ->
P:11/100%	D:11/61.1111%
P: CCCTAGCGTAACTCTCGAGGTAGTA
<- Aln:   0	0	10	14	24	0	11= ->
Pattern:	2-1
#2316
P:8/61.5385%	D:11/100%
D: CCCTAGCGTAACTCTCGAGACGACG
<- Aln:   0	0	10	14	24	0	11= ->
P:11/100%	D:10/62.5%
P: CCCTAGCGTAACTCTCGAGGTAGTA
<- Aln:   0	0	10	14	24	0	11= ->
Pattern:	2-1
#2317
P:11/100%	D:13/61.9048%
P: CCCTAGCGTAACTCTCGAGGTAGTA
<- Aln:   0	0	10	14	24	0	11= ->
P:10/58.8235%	D:12/54.5455%
No hit
<- Aln:   15	1	17	2	21	7	2S1=1X5=2I2=1I1X1=1X3=1X1=3S ->
<- Aln:   14	1	22	2	24	10	2S1=1X5=2I2=1D1=2X1=2X1=1X2=1X1= ->
Pattern:	1-0
#2318
P:11/100%	D:13/59.0909%
P: CCCTAGCGTAACTCTCGAGGTAGTA
<- Aln:   0	0	10	14	24	0	11= ->
P:5/100%	D:11/100%
D: CCCTAGCGTAACTCTCGAGACGACG
<- Aln:   0	0	10	14	24	0	11= ->
Pattern:	1-2
#2319
P:12/57.1429%	D:11/100%
D: CCCTAGCGTAACTCTCGAGACGACG
<- Aln:   0	0	10	14	24	0	11= ->
P:11/100%	D:11/64.7059%
P: CCCTAGCGTAACTCTCGAGGTAGTA
<- Aln:   0	0	10	14	24	0	11= ->
Pattern:	2-1
#2320
P:11/100%	D:10/58.8235%
P: CCCTAGCGTAACTCTCGAGGTAGTA
<- Aln:   0	0	10	14	24	0	11= ->
P:17/100%	D:23/100%
D: CCCTAGCGTAACTCTCGAGACGACG
<- Aln:   46	0	22	2	24	0	2S23= ->
Pattern:	1-2
#2321
P:9/69.2308%	D:11/100%
D: CCCTAGCGTAACTCTCGAGACGACG
<- Aln:   0	0	10	14	24	0	11= ->
P:11/100%	D:14/53.8462%
P: CCCTAGCGTAACTCTCGAGGTAGTA
<- Aln:   0	0	10	14	24	0	11= ->
Pattern:	2-1
#2322
P:11/100%	D:16/66.6667%
P: CCCTAGCGTAACTCTCGAGGTAGTA
<- Aln:   0	0	10	14	24	0	11= ->
P:11/61.1111%	D:11/100%
D: CCCTAGCGTAACTCTCGAGACGACG
<- Aln:   0	0	10	14	24	0	11= ->
Pattern:	1-2
#2323
P:9/60%	D:11/100%
D: CCCTAGCGTAACTCTCGAGACGACG
<- Aln:   0	0	10	14	24	0	11= ->
P:11/100%	D:13/72.2222%
P: CCCTAGCGTAACTCTCGAGGTAGTA
<- Aln:   0	0	10	14	24	0	11= ->
Pattern:	2-1
#2324
P:11/100%	D:9/56.25%
P: CCCTAGCGTAACTCTCGAGGTAGTA
<- Aln:   0	0	10	14	24	0	11= ->
P:13/59.0909%	D:11/100%
D: CCCTAGCGTAACTCTCGAGACGACG
<- Aln:   0	0	10	14	24	0	11= ->
Pattern:	1-2
#2325
P:11/100%	D:13/61.9048%
P: CCCTAGCGTAACTCTCGAGGTAGTA
<- Aln:   0	0	10	14	24	0	11= ->
P:11/100%	D:12/66.6667%
P: CCCTAGCGTAACTCTCGAGGTAGTA
<- Aln:   0	0	10	14	24	0	11= ->
Pattern:	1-1
#2326
P:11/61.1111%	D:11/100%
D: CCCTAGCGTAACTCTCGAGACGACG
<- Aln:   0	0	10	14	24	0	11= ->
P:11/100%	D:14/60.8696%
P: CCCTAGCGTAACTCTCGAGGTAGTA
<- Aln:   0	0	10	14	24	0	11= ->
Pattern:	2-1
#2327
P:21/84%	D:23/100%
D: CCCTAGCGTAACTCTCGAGACGACG
<- Aln:   46	0	22	2	24	0	2S23= ->
P:21/95.4545%	D:20/86.9565%
No hit
<- Aln:   41	0	21	0	22	1	20=1I2=2S ->
<- Aln:   39	0	22	0	24	3	19=2I2=1X1= ->
Pattern:	2-0
#2328
P:11/55%	D:11/100%
D: CCCTAGCGTAACTCTCGAGACGACG
<- Aln:   0	0	10	14	24	0	11= ->
P:11/100%	D:12/60%
P: CCCTAGCGTAACTCTCGAGGTAGTA
<- Aln:   0	0	10	14	24	0	11= ->
Pattern:	2-1
#2329
P:11/100%	D:13/59.0909%
P: CCCTAGCGTAACTCTCGAGGTAGTA
<- Aln:   0	0	10	14	24	0	11= ->
P:10/76.9231%	D:11/100%
D: CCCTAGCGTAACTCTCGAGACGACG
<- Aln:   0	0	10	14	24	0	11= ->
Pattern:	1-2
#2330
P:8/61.5385%	D:11/100%
D: CCCTAGCGTAACTCTCGAGACGACG
<- Aln:   0	0	10	14	24	0	11= ->
P:11/100%	D:12/57.1429%
P: CCCTAGCGTAACTCTCGAGGTAGTA
<- Aln:   0	0	10	14	24	0	11= ->
Pattern:	2-1
#2331
P:11/100%	D:11/52.381%
P: CCCTAGCGTAACTCTCGAGGTAGTA
<- Aln:   0	0	10	14	24	0	11= ->
P:15/62.5%	D:11/100%
D: CCCTAGCGTAACTCTCGAGACGACG
<- Aln:   0	0	10	14	24	0	11= ->
Pattern:	1-2
#2332
P:13/56.5217%	D:11/100%
D: CCCTAGCGTAACTCTCGAGACGACG
<- Aln:   0	0	10	14	24	0	11= ->
P:11/100%	D:12/60%
P: CCCTAGCGTAACTCTCGAGGTAGTA
<- Aln:   0	0	10	14	24	0	11= ->
Pattern:	2-1
#2333
P:11/100%	D:12/60%
P: CCCTAGCGTAACTCTCGAGGTAGTA
<- Aln:   0	0	10	14	24	0	11= ->
P:11/57.8947%	D:11/100%
D: CCCTAGCGTAACTCTCGAGACGACG
<- Aln:   0	0	10	14	24	0	11= ->
Pattern:	1-2
#2334
P:11/100%	D:12/54.5455%
P: CCCTAGCGTAACTCTCGAGGTAGTA
<- Aln:   0	0	10	14	24	0	11= ->
P:11/100%	D:11/57.8947%
P: CCCTAGCGTAACTCTCGAGGTAGTA
<- Aln:   0	0	10	14	24	0	11= ->
Pattern:	1-1
#2335
P:12/60%	D:11/100%
D: CCCTAGCGTAACTCTCGAGACGACG
<- Aln:   0	0	10	14	24	0	11= ->
P:11/100%	D:10/62.5%
P: CCCTAGCGTAACTCTCGAGGTAGTA
<- Aln:   0	0	10	14	24	0	11= ->
Pattern:	2-1
#2336
P:11/100%	D:11/52.381%
P: CCCTAGCGTAACTCTCGAGGTAGTA
<- Aln:   0	0	10	14	24	0	11= ->
P:13/61.9048%	D:11/100%
D: CCCTAGCGTAACTCTCGAGACGACG
<- Aln:   0	0	10	14	24	0	11= ->
Pattern:	1-2
#2337
P:11/100%	D:13/56.5217%
P: CCCTAGCGTAACTCTCGAGGTAGTA
<- Aln:   0	0	10	14	24	0	11= ->
P:11/55%	D:11/100%
D: CCCTAGCGTAACTCTCGAGACGACG
<- Aln:   0	0	10	14	24	0	11= ->
Pattern:	1-2
#2338
P:9/81.8182%	D:11/100%
D: CCCTAGCGTAACTCTCGAGACGACG
<- Aln:   0	0	10	14	24	0	11= ->
P:11/100%	D:10/52.6316%
P: CCCTAGCGTAACTCTCGAGGTAGTA
<- Aln:   0	0	10	14	24	0	11= ->
Pattern:	2-1
#2339
P:5/100%	D:11/100%
D: CCCTAGCGTAACTCTCGAGACGACG
<- Aln:   0	0	10	14	24	0	11= ->
P:11/100%	D:11/61.1111%
P: CCCTAGCGTAACTCTCGAGGTAGTA
<- Aln:   0	0	10	14	24	0	11= ->
Pattern:	2-1
#2340
P:9/100%	D:11/68.75%
No hit
<- Aln:   18	0	8	14	22	0	14S9=2S ->
<- Aln:   15	9	24	0	13	5	2=1X4=2D2=1X1=1X2=11S ->
P:13/59.0909%	D:9/90%
D: CCCTAGCGTAACTCTCGAGACGACG
<- Aln:   18	1	10	15	24	1	15S7=1X2= ->
Pattern:	0-2
#2341
P:9/64.2857%	D:11/100%
D: CCCTAGCGTAACTCTCGAGACGACG
<- Aln:   0	0	10	14	24	0	11= ->
P:11/100%	D:14/56%
P: CCCTAGCGTAACTCTCGAGGTAGTA
<- Aln:   0	0	10	14	24	0	11= ->
Pattern:	2-1
#2342
P:11/100%	D:12/70.5882%
P: CCCTAGCGTAACTCTCGAGGTAGTA
<- Aln:   0	0	10	14	24	0	11= ->
P:17/100%	D:23/100%
D: CCCTAGCGTAACTCTCGAGACGACG
<- Aln:   46	0	22	2	24	0	2S23= ->
Pattern:	1-2
#2343
P:11/100%	D:11/68.75%
P: CCCTAGCGTAACTCTCGAGGTAGTA
<- Aln:   0	0	10	14	24	0	11= ->
P:13/52%	D:11/100%
D: CCCTAGCGTAACTCTCGAGACGACG
<- Aln:   0	0	10	14	24	0	11= ->
Pattern:	1-2
#2344
P:9/69.2308%	D:11/100%
D: CCCTAGCGTAACTCTCGAGACGACG
<- Aln:   0	0	10	14	24	0	11= ->
P:11/100%	D:5/100%
P: CCCTAGCGTAACTCTCGAGGTAGTA
<- Aln:   0	0	10	14	24	0	11= ->
Pattern:	2-1
#2345
P:14/63.6364%	D:11/100%
D: CCCTAGCGTAACTCTCGAGACGACG
<- Aln:   0	0	10	14	24	0	11= ->
P:11/100%	D:10/71.4286%
P: CCCTAGCGTAACTCTCGAGGTAGTA
<- Aln:   0	0	10	14	24	0	11= ->
Pattern:	2-1
#2346
P:11/100%	D:8/80%
P: CCCTAGCGTAACTCTCGAGGTAGTA
<- Aln:   0	0	10	14	24	0	11= ->
P:12/52.1739%	D:9/90%
D: CCCTAGCGTAACTCTCGAGACGACG
<- Aln:   18	1	10	15	24	1	15S7=1X2= ->
Pattern:	1-2
#2347
P:11/57.8947%	D:11/100%
D: CCCTAGCGTAACTCTCGAGACGACG
<- Aln:   0	0	10	14	24	0	11= ->
P:11/100%	D:17/62.963%
P: CCCTAGCGTAACTCTCGAGGTAGTA
<- Aln:   0	0	10	14	24	0	11= ->
Pattern:	2-1
#2348
P:11/100%	D:12/60%
P: CCCTAGCGTAACTCTCGAGGTAGTA
<- Aln:   0	0	10	14	24	0	11= ->
P:12/57.1429%	D:9/52.9412%
No hit
<- Aln:   16	37	57	4	24	9	4S2=2X1=1X1=1X1=1D1=1X1=1I3=1X2=1X1= ->
<- Aln:   13	10	26	5	22	8	5S2=1X1=3X1=1I1=2X3=1X2=2S ->
Pattern:	1-0
#2349
P:10/55.5556%	D:11/100%
D: CCCTAGCGTAACTCTCGAGACGACG
<- Aln:   0	0	10	14	24	0	11= ->
P:10/47.619%	D:13/50%
No hit
<- Aln:   17	21	41	0	23	11	3=1X2=3I2=1X1=3X2=2X1=1X2=1S ->
<- Aln:   14	21	46	0	22	13	3=1X2=1D2X2=3D3=1I1=1X1=1X1=3X1=2S ->
Pattern:	2-0
#2350
P:11/100%	D:9/64.2857%
P: CCCTAGCGTAACTCTCGAGGTAGTA
<- Aln:   0	0	10	14	24	0	11= ->
P:17/100%	D:23/100%
D: CCCTAGCGTAACTCTCGAGACGACG
<- Aln:   46	0	22	2	24	0	2S23= ->
Pattern:	1-2
#2351
P:11/100%	D:9/64.2857%
P: CCCTAGCGTAACTCTCGAGGTAGTA
<- Aln:   0	0	10	14	24	0	11= ->
P:9/75%	D:11/100%
D: CCCTAGCGTAACTCTCGAGACGACG
<- Aln:   0	0	10	14	24	0	11= ->
Pattern:	1-2
#2352
P:10/50%	D:11/100%
D: CCCTAGCGTAACTCTCGAGACGACG
<- Aln:   0	0	10	14	24	0	11= ->
P:11/100%	D:5/100%
P: CCCTAGCGTAACTCTCGAGGTAGTA
<- Aln:   0	0	10	14	24	0	11= ->
Pattern:	2-1
#2353
P:7/77.7778%	D:11/100%
D: CCCTAGCGTAACTCTCGAGACGACG
<- Aln:   0	0	10	14	24	0	11= ->
P:11/100%	D:10/58.8235%
P: CCCTAGCGTAACTCTCGAGGTAGTA
<- Aln:   0	0	10	14	24	0	11= ->
Pattern:	2-1
#2354
P:15/93.75%	D:21/95.4545%
D: CCCTAGCGTAACTCTCGAGACGACG
<- Aln:   41	0	21	2	24	1	2S12=1I10= ->
P:11/100%	D:13/54.1667%
P: CCCTAGCGTAACTCTCGAGGTAGTA
<- Aln:   0	0	10	14	24	0	11= ->
Pattern:	2-1
#2355
P:13/61.9048%	D:11/100%
D: CCCTAGCGTAACTCTCGAGACGACG
<- Aln:   0	0	10	14	24	0	11= ->
P:11/100%	D:9/50%
P: CCCTAGCGTAACTCTCGAGGTAGTA
<- Aln:   0	0	10	14	24	0	11= ->
Pattern:	2-1
#2356
P:11/100%	D:15/60%
P: CCCTAGCGTAACTCTCGAGGTAGTA
<- Aln:   0	0	10	14	24	0	11= ->
P:11/64.7059%	D:11/100%
D: CCCTAGCGTAACTCTCGAGACGACG
<- Aln:   0	0	10	14	24	0	11= ->
Pattern:	1-2
#2357
P:11/100%	D:9/64.2857%
P: CCCTAGCGTAACTCTCGAGGTAGTA
<- Aln:   0	0	10	14	24	0	11= ->
P:10/62.5%	D:11/100%
D: CCCTAGCGTAACTCTCGAGACGACG
<- Aln:   0	0	10	14	24	0	11= ->
Pattern:	1-2
#2358
P:12/63.1579%	D:11/100%
D: CCCTAGCGTAACTCTCGAGACGACG
<- Aln:   0	0	10	14	24	0	11= ->
P:11/100%	D:16/64%
P: CCCTAGCGTAACTCTCGAGGTAGTA
<- Aln:   0	0	10	14	24	0	11= ->
Pattern:	2-1
#2359
P:11/100%	D:12/57.1429%
P: CCCTAGCGTAACTCTCGAGGTAGTA
<- Aln:   0	0	10	14	24	0	11= ->
P:11/55%	D:11/100%
D: CCCTAGCGTAACTCTCGAGACGACG
<- Aln:   0	0	10	14	24	0	11= ->
Pattern:	1-2
#2360
P:13/56.5217%	D:11/100%
D: CCCTAGCGTAACTCTCGAGACGACG
<- Aln:   0	0	10	14	24	0	11= ->
P:11/100%	D:13/65%
P: CCCTAGCGTAACTCTCGAGGTAGTA
<- Aln:   0	0	10	14	24	0	11= ->
Pattern:	2-1
#2361
P:11/52.381%	D:11/100%
D: CCCTAGCGTAACTCTCGAGACGACG
<- Aln:   0	0	10	14	24	0	11= ->
P:11/100%	D:10/62.5%
P: CCCTAGCGTAACTCTCGAGGTAGTA
<- Aln:   0	0	10	14	24	0	11= ->
Pattern:	2-1
#2362
P:11/100%	D:8/61.5385%
P: CCCTAGCGTAACTCTCGAGGTAGTA
<- Aln:   0	0	10	14	24	0	11= ->
P:8/80%	D:11/100%
D: CCCTAGCGTAACTCTCGAGACGACG
<- Aln:   0	0	10	14	24	0	11= ->
Pattern:	1-2
#2363
P:11/100%	D:15/55.5556%
P: CCCTAGCGTAACTCTCGAGGTAGTA
<- Aln:   0	0	10	14	24	0	11= ->
P:11/47.8261%	D:11/100%
D: CCCTAGCGTAACTCTCGAGACGACG
<- Aln:   0	0	10	14	24	0	11= ->
Pattern:	1-2
#2364
P:18/60%	D:11/100%
D: CCCTAGCGTAACTCTCGAGACGACG
<- Aln:   0	0	10	14	24	0	11= ->
P:25/100%	D:19/100%
P: CCCTAGCGTAACTCTCGAGGTAGTA
<- Aln:   0	0	24	0	24	0	25= ->
Pattern:	2-1
#2365
P:11/100%	D:13/65%
P: CCCTAGCGTAACTCTCGAGGTAGTA
<- Aln:   0	0	10	14	24	0	11= ->
P:15/60%	D:11/100%
D: CCCTAGCGTAACTCTCGAGACGACG
<- Aln:   0	0	10	14	24	0	11= ->
Pattern:	1-2
#2366
P:13/59.0909%	D:11/100%
D: CCCTAGCGTAACTCTCGAGACGACG
<- Aln:   0	0	10	14	24	0	11= ->
P:11/100%	D:10/52.6316%
P: CCCTAGCGTAACTCTCGAGGTAGTA
<- Aln:   0	0	10	14	24	0	11= ->
Pattern:	2-1
#2367
P:14/60.8696%	D:11/100%
D: CCCTAGCGTAACTCTCGAGACGACG
<- Aln:   0	0	10	14	24	0	11= ->
P:11/100%	D:10/52.6316%
P: CCCTAGCGTAACTCTCGAGGTAGTA
<- Aln:   0	0	10	14	24	0	11= ->
Pattern:	2-1
#2368
P:8/80%	D:11/100%
D: CCCTAGCGTAACTCTCGAGACGACG
<- Aln:   0	0	10	14	24	0	11= ->
P:11/100%	D:9/75%
P: CCCTAGCGTAACTCTCGAGGTAGTA
<- Aln:   0	0	10	14	24	0	11= ->
Pattern:	2-1
#2369
P:17/100%	D:23/100%
D: CCCTAGCGTAACTCTCGAGACGACG
<- Aln:   46	0	22	2	24	0	2S23= ->
P:11/100%	D:9/75%
P: CCCTAGCGTAACTCTCGAGGTAGTA
<- Aln:   0	0	10	14	24	0	11= ->
Pattern:	2-1
#2370
P:10/62.5%	D:11/100%
D: CCCTAGCGTAACTCTCGAGACGACG
<- Aln:   0	0	10	14	24	0	11= ->
P:24/96%	D:18/94.7368%
P: CCCTAGCGTAACTCTCGAGGTAGTA
<- Aln:   47	0	24	0	24	1	16=1X8= ->
Pattern:	2-1
#2371
P:11/100%	D:13/56.5217%
P: CCCTAGCGTAACTCTCGAGGTAGTA
<- Aln:   0	0	10	14	24	0	11= ->
P:11/100%	D:14/60.8696%
P: CCCTAGCGTAACTCTCGAGGTAGTA
<- Aln:   0	0	10	14	24	0	11= ->
Pattern:	1-1
#2372
P:11/100%	D:13/65%
P: CCCTAGCGTAACTCTCGAGGTAGTA
<- Aln:   0	0	10	14	24	0	11= ->
P:11/57.8947%	D:11/100%
D: CCCTAGCGTAACTCTCGAGACGACG
<- Aln:   0	0	10	14	24	0	11= ->
Pattern:	1-2
#2373
P:12/52.1739%	D:11/100%
D: CCCTAGCGTAACTCTCGAGACGACG
<- Aln:   0	0	10	14	24	0	11= ->
P:11/100%	D:13/59.0909%
P: CCCTAGCGTAACTCTCGAGGTAGTA
<- Aln:   0	0	10	14	24	0	11= ->
Pattern:	2-1
#2374
P:11/100%	D:5/100%
P: CCCTAGCGTAACTCTCGAGGTAGTA
<- Aln:   0	0	10	14	24	0	11= ->
P:14/58.3333%	D:11/100%
D: CCCTAGCGTAACTCTCGAGACGACG
<- Aln:   0	0	10	14	24	0	11= ->
Pattern:	1-2
#2375
P:12/66.6667%	D:11/100%
D: CCCTAGCGTAACTCTCGAGACGACG
<- Aln:   0	0	10	14	24	0	11= ->
P:11/100%	D:11/57.8947%
P: CCCTAGCGTAACTCTCGAGGTAGTA
<- Aln:   0	0	10	14	24	0	11= ->
Pattern:	2-1
#2376
P:17/58.6207%	D:11/100%
D: CCCTAGCGTAACTCTCGAGACGACG
<- Aln:   0	0	10	14	24	0	11= ->
P:11/100%	D:12/66.6667%
P: CCCTAGCGTAACTCTCGAGGTAGTA
<- Aln:   0	0	10	14	24	0	11= ->
Pattern:	2-1
#2377
P:11/100%	D:8/66.6667%
P: CCCTAGCGTAACTCTCGAGGTAGTA
<- Aln:   0	0	10	14	24	0	11= ->
P:13/61.9048%	D:11/100%
D: CCCTAGCGTAACTCTCGAGACGACG
<- Aln:   0	0	10	14	24	0	11= ->
Pattern:	1-2
#2378
P:11/100%	D:15/65.2174%
P: CCCTAGCGTAACTCTCGAGGTAGTA
<- Aln:   0	0	10	14	24	0	11= ->
P:12/60%	D:11/100%
D: CCCTAGCGTAACTCTCGAGACGACG
<- Aln:   0	0	10	14	24	0	11= ->
Pattern:	1-2
#2379
P:11/100%	D:9/69.2308%
P: CCCTAGCGTAACTCTCGAGGTAGTA
<- Aln:   0	0	10	14	24	0	11= ->
P:11/68.75%	D:11/100%
D: CCCTAGCGTAACTCTCGAGACGACG
<- Aln:   0	0	10	14	24	0	11= ->
Pattern:	1-2
#2380
P:10/58.8235%	D:11/100%
D: CCCTAGCGTAACTCTCGAGACGACG
<- Aln:   0	0	10	14	24	0	11= ->
P:11/100%	D:10/47.619%
P: CCCTAGCGTAACTCTCGAGGTAGTA
<- Aln:   0	0	10	14	24	0	11= ->
Pattern:	2-1
#2381
P:15/62.5%	D:11/100%
D: CCCTAGCGTAACTCTCGAGACGACG
<- Aln:   0	0	10	14	24	0	11= ->
P:11/100%	D:11/68.75%
P: CCCTAGCGTAACTCTCGAGGTAGTA
<- Aln:   0	0	10	14	24	0	11= ->
Pattern:	2-1
#2382
P:15/65.2174%	D:11/100%
D: CCCTAGCGTAACTCTCGAGACGACG
<- Aln:   0	0	10	14	24	0	11= ->
P:11/100%	D:11/68.75%
P: CCCTAGCGTAACTCTCGAGGTAGTA
<- Aln:   0	0	10	14	24	0	11= ->
Pattern:	2-1
#2383
P:11/100%	D:13/59.0909%
P: CCCTAGCGTAACTCTCGAGGTAGTA
<- Aln:   0	0	10	14	24	0	11= ->
P:12/54.5455%	D:9/56.25%
No hit
<- Aln:   16	10	31	0	24	10	1=1X3=2X2=2I1X3=1X2=1I1X2=1X2= ->
<- Aln:   13	10	25	0	17	7	1=1X3=2X2=2I1X3=1X2=7S ->
Pattern:	1-0
#2384
P:11/100%	D:14/60.8696%
P: CCCTAGCGTAACTCTCGAGGTAGTA
<- Aln:   0	0	10	14	24	0	11= ->
P:9/69.2308%	D:11/100%
D: CCCTAGCGTAACTCTCGAGACGACG
<- Aln:   0	0	10	14	24	0	11= ->
Pattern:	1-2
#2385
P:11/100%	D:12/60%
P: CCCTAGCGTAACTCTCGAGGTAGTA
<- Aln:   0	0	10	14	24	0	11= ->
P:14/60.8696%	D:11/100%
D: CCCTAGCGTAACTCTCGAGACGACG
<- Aln:   0	0	10	14	24	0	11= ->
Pattern:	1-2
#2386
P:11/100%	D:16/59.2593%
P: CCCTAGCGTAACTCTCGAGGTAGTA
<- Aln:   0	0	10	14	24	0	11= ->
P:11/100%	D:11/55%
P: CCCTAGCGTAACTCTCGAGGTAGTA
<- Aln:   0	0	10	14	24	0	11= ->
Pattern:	1-1
#2387
P:7/70%	D:11/100%
D: CCCTAGCGTAACTCTCGAGACGACG
<- Aln:   0	0	10	14	24	0	11= ->
P:11/100%	D:15/65.2174%
P: CCCTAGCGTAACTCTCGAGGTAGTA
<- Aln:   0	0	10	14	24	0	11= ->
Pattern:	2-1
#2388
P:11/100%	D:13/61.9048%
P: CCCTAGCGTAACTCTCGAGGTAGTA
<- Aln:   0	0	10	14	24	0	11= ->
P:12/57.1429%	D:11/100%
D: CCCTAGCGTAACTCTCGAGACGACG
<- Aln:   0	0	10	14	24	0	11= ->
Pattern:	1-2
#2389
P:11/100%	D:13/59.0909%
P: CCCTAGCGTAACTCTCGAGGTAGTA
<- Aln:   0	0	10	14	24	0	11= ->
P:11/61.1111%	D:11/100%
D: CCCTAGCGTAACTCTCGAGACGACG
<- Aln:   0	0	10	14	24	0	11= ->
Pattern:	1-2
#2390
P:11/64.7059%	D:6/100%
No hit
<- Aln:   16	15	31	4	22	6	4S2=1I2=1I1X3=2X5=1X1=2S ->
<- Aln:   12	0	5	14	19	0	14S6=5S ->
P:11/100%	D:10/66.6667%
P: CCCTAGCGTAACTCTCGAGGTAGTA
<- Aln:   0	0	10	14	24	0	11= ->
Pattern:	0-1
#2391
P:11/100%	D:11/68.75%
P: CCCTAGCGTAACTCTCGAGGTAGTA
<- Aln:   0	0	10	14	24	0	11= ->
P:11/55%	D:11/100%
D: CCCTAGCGTAACTCTCGAGACGACG
<- Aln:   0	0	10	14	24	0	11= ->
Pattern:	1-2
#2392
P:11/61.1111%	D:11/100%
D: CCCTAGCGTAACTCTCGAGACGACG
<- Aln:   0	0	10	14	24	0	11= ->
P:11/100%	D:10/58.8235%
P: CCCTAGCGTAACTCTCGAGGTAGTA
<- Aln:   0	0	10	14	24	0	11= ->
Pattern:	2-1
#2393
P:11/68.75%	D:11/100%
D: CCCTAGCGTAACTCTCGAGACGACG
<- Aln:   0	0	10	14	24	0	11= ->
P:10/100%	D:14/56%
P: CCCTAGCGTAACTCTCGAGGTAGTA
<- Aln:   20	0	9	15	24	0	15S10= ->
Pattern:	2-1
#2394
P:13/54.1667%	D:11/100%
D: CCCTAGCGTAACTCTCGAGACGACG
<- Aln:   0	0	10	14	24	0	11= ->
P:9/100%	D:13/68.4211%
No hit
<- Aln:   18	0	8	14	22	0	14S9=2S ->
<- Aln:   18	25	43	1	19	6	1S3=1X2=1I1=2X1=1D4=1X3=5S ->
Pattern:	2-0
#2395
P:11/100%	D:11/57.8947%
P: CCCTAGCGTAACTCTCGAGGTAGTA
<- Aln:   0	0	10	14	24	0	11= ->
P:15/57.6923%	D:11/100%
D: CCCTAGCGTAACTCTCGAGACGACG
<- Aln:   0	0	10	14	24	0	11= ->
Pattern:	1-2
#2396
P:12/52.1739%	D:11/100%
D: CCCTAGCGTAACTCTCGAGACGACG
<- Aln:   0	0	10	14	24	0	11= ->
P:11/100%	D:13/59.0909%
P: CCCTAGCGTAACTCTCGAGGTAGTA
<- Aln:   0	0	10	14	24	0	11= ->
Pattern:	2-1
#2397
P:11/100%	D:16/57.1429%
P: CCCTAGCGTAACTCTCGAGGTAGTA
<- Aln:   0	0	10	14	24	0	11= ->
P:18/54.5455%	D:11/100%
D: CCCTAGCGTAACTCTCGAGACGACG
<- Aln:   0	0	10	14	24	0	11= ->
Pattern:	1-2
#2398
P:11/100%	D:15/62.5%
P: CCCTAGCGTAACTCTCGAGGTAGTA
<- Aln:   0	0	10	14	24	0	11= ->
P:15/62.5%	D:11/100%
D: CCCTAGCGTAACTCTCGAGACGACG
<- Aln:   0	0	10	14	24	0	11= ->
Pattern:	1-2
#2399
P:10/62.5%	D:11/100%
D: CCCTAGCGTAACTCTCGAGACGACG
<- Aln:   0	0	10	14	24	0	11= ->
P:11/100%	D:11/64.7059%
P: CCCTAGCGTAACTCTCGAGGTAGTA
<- Aln:   0	0	10	14	24	0	11= ->
Pattern:	2-1
#2400
P:14/60.8696%	D:11/100%
D: CCCTAGCGTAACTCTCGAGACGACG
<- Aln:   0	0	10	14	24	0	11= ->
P:11/100%	D:14/56%
P: CCCTAGCGTAACTCTCGAGGTAGTA
<- Aln:   0	0	10	14	24	0	11= ->
Pattern:	2-1
#2401
P:10/90.9091%	D:11/57.8947%
P: CCCTAGCGTAACTCTCGAGGTAGTA
<- Aln:   19	0	10	14	24	1	14S9=1X1= ->
P:11/57.8947%	D:11/100%
D: CCCTAGCGTAACTCTCGAGACGACG
<- Aln:   0	0	10	14	24	0	11= ->
Pattern:	1-2
#2402
P:13/59.0909%	D:11/100%
D: CCCTAGCGTAACTCTCGAGACGACG
<- Aln:   0	0	10	14	24	0	11= ->
P:11/100%	D:9/64.2857%
P: CCCTAGCGTAACTCTCGAGGTAGTA
<- Aln:   0	0	10	14	24	0	11= ->
Pattern:	2-1
#2403
P:10/55.5556%	D:11/100%
D: CCCTAGCGTAACTCTCGAGACGACG
<- Aln:   0	0	10	14	24	0	11= ->
P:11/100%	D:8/66.6667%
P: CCCTAGCGTAACTCTCGAGGTAGTA
<- Aln:   0	0	10	14	24	0	11= ->
Pattern:	2-1
#2404
P:10/55.5556%	D:12/57.1429%
No hit
<- Aln:   14	36	53	2	23	8	2S2=1I1=1X1=1X1=2I2=1X2=1I2=1X3=1S ->
<- Aln:   15	27	47	4	24	9	4S2=2X1=1X1=1X3=1X1=1X2=3X2= ->
P:11/100%	D:17/53.125%
P: CCCTAGCGTAACTCTCGAGGTAGTA
<- Aln:   0	0	10	14	24	0	11= ->
Pattern:	0-1
#2405
P:9/100%	D:8/66.6667%
No hit
<- Aln:   18	0	8	14	22	0	14S9=2S ->
<- Aln:   12	1	12	2	14	4	2S1=1X2=1I3=1X2=1X1=10S ->
P:17/58.6207%	D:11/100%
D: CCCTAGCGTAACTCTCGAGACGACG
<- Aln:   0	0	10	14	24	0	11= ->
Pattern:	0-2
#2406
P:13/65%	D:11/100%
D: CCCTAGCGTAACTCTCGAGACGACG
<- Aln:   0	0	10	14	24	0	11= ->
P:11/100%	D:11/57.8947%
P: CCCTAGCGTAACTCTCGAGGTAGTA
<- Aln:   0	0	10	14	24	0	11= ->
Pattern:	2-1
#2407
P:11/100%	D:10/66.6667%
P: CCCTAGCGTAACTCTCGAGGTAGTA
<- Aln:   0	0	10	14	24	0	11= ->
P:11/61.1111%	D:11/100%
D: CCCTAGCGTAACTCTCGAGACGACG
<- Aln:   0	0	10	14	24	0	11= ->
Pattern:	1-2
#2408
P:17/100%	D:23/100%
D: CCCTAGCGTAACTCTCGAGACGACG
<- Aln:   46	0	22	2	24	0	2S23= ->
P:11/100%	D:13/61.9048%
P: CCCTAGCGTAACTCTCGAGGTAGTA
<- Aln:   0	0	10	14	24	0	11= ->
Pattern:	2-1
#2409
P:9/60%	D:11/100%
D: CCCTAGCGTAACTCTCGAGACGACG
<- Aln:   0	0	10	14	24	0	11= ->
P:11/100%	D:13/68.4211%
P: CCCTAGCGTAACTCTCGAGGTAGTA
<- Aln:   0	0	10	14	24	0	11= ->
Pattern:	2-1
#2410
P:11/100%	D:13/59.0909%
P: CCCTAGCGTAACTCTCGAGGTAGTA
<- Aln:   0	0	10	14	24	0	11= ->
P:13/65%	D:11/100%
D: CCCTAGCGTAACTCTCGAGACGACG
<- Aln:   0	0	10	14	24	0	11= ->
Pattern:	1-2
#2411
P:10/66.6667%	D:11/100%
D: CCCTAGCGTAACTCTCGAGACGACG
<- Aln:   0	0	10	14	24	0	11= ->
P:10/100%	D:11/64.7059%
P: CCCTAGCGTAACTCTCGAGGTAGTA
<- Aln:   20	0	9	14	23	0	14S10=1S ->
Pattern:	2-1
#2412
P:11/57.8947%	D:11/100%
D: CCCTAGCGTAACTCTCGAGACGACG
<- Aln:   0	0	10	14	24	0	11= ->
P:10/100%	D:12/66.6667%
P: CCCTAGCGTAACTCTCGAGGTAGTA
<- Aln:   20	0	9	14	23	0	14S10=1S ->
Pattern:	2-1
#2413
P:11/100%	D:9/64.2857%
P: CCCTAGCGTAACTCTCGAGGTAGTA
<- Aln:   0	0	10	14	24	0	11= ->
P:10/52.6316%	D:11/100%
D: CCCTAGCGTAACTCTCGAGACGACG
<- Aln:   0	0	10	14	24	0	11= ->
Pattern:	1-2
#2414
P:11/100%	D:8/72.7273%
P: CCCTAGCGTAACTCTCGAGGTAGTA
<- Aln:   0	0	10	14	24	0	11= ->
P:10/71.4286%	D:11/100%
D: CCCTAGCGTAACTCTCGAGACGACG
<- Aln:   0	0	10	14	24	0	11= ->
Pattern:	1-2
#2415
P:11/100%	D:16/61.5385%
P: CCCTAGCGTAACTCTCGAGGTAGTA
<- Aln:   0	0	10	14	24	0	11= ->
P:9/69.2308%	D:11/100%
D: CCCTAGCGTAACTCTCGAGACGACG
<- Aln:   0	0	10	14	24	0	11= ->
Pattern:	1-2
#2416
P:11/100%	D:8/80%
P: CCCTAGCGTAACTCTCGAGGTAGTA
<- Aln:   0	0	10	14	24	0	11= ->
P:14/60.8696%	D:11/100%
D: CCCTAGCGTAACTCTCGAGACGACG
<- Aln:   0	0	10	14	24	0	11= ->
Pattern:	1-2
#2417
P:11/100%	D:11/57.8947%
P: CCCTAGCGTAACTCTCGAGGTAGTA
<- Aln:   0	0	10	14	24	0	11= ->
P:5/100%	D:11/100%
D: CCCTAGCGTAACTCTCGAGACGACG
<- Aln:   0	0	10	14	24	0	11= ->
Pattern:	1-2
#2418
P:5/100%	D:11/100%
D: CCCTAGCGTAACTCTCGAGACGACG
<- Aln:   0	0	10	14	24	0	11= ->
P:11/100%	D:9/60%
P: CCCTAGCGTAACTCTCGAGGTAGTA
<- Aln:   0	0	10	14	24	0	11= ->
Pattern:	2-1
#2419
P:11/100%	D:10/62.5%
P: CCCTAGCGTAACTCTCGAGGTAGTA
<- Aln:   0	0	10	14	24	0	11= ->
P:17/100%	D:23/100%
D: CCCTAGCGTAACTCTCGAGACGACG
<- Aln:   46	0	22	2	24	0	2S23= ->
Pattern:	1-2
#2420
P:11/100%	D:11/64.7059%
P: CCCTAGCGTAACTCTCGAGGTAGTA
<- Aln:   0	0	10	14	24	0	11= ->
P:5/100%	D:11/100%
D: CCCTAGCGTAACTCTCGAGACGACG
<- Aln:   0	0	10	14	24	0	11= ->
Pattern:	1-2
#2421
P:25/100%	D:19/100%
P: CCCTAGCGTAACTCTCGAGGTAGTA
<- Aln:   0	0	24	0	24	0	25= ->
P:11/64.7059%	D:11/100%
D: CCCTAGCGTAACTCTCGAGACGACG
<- Aln:   0	0	10	14	24	0	11= ->
Pattern:	1-2
#2422
P:11/61.1111%	D:11/100%
D: CCCTAGCGTAACTCTCGAGACGACG
<- Aln:   0	0	10	14	24	0	11= ->
P:11/100%	D:14/70%
P: CCCTAGCGTAACTCTCGAGGTAGTA
<- Aln:   0	0	10	14	24	0	11= ->
Pattern:	2-1
#2423
P:8/50%	D:11/100%
D: CCCTAGCGTAACTCTCGAGACGACG
<- Aln:   0	0	10	14	24	0	11= ->
P:13/65%	D:11/100%
D: CCCTAGCGTAACTCTCGAGACGACG
<- Aln:   0	0	10	14	24	0	11= ->
Pattern:	2-2
#2424
P:14/60.8696%	D:11/100%
D: CCCTAGCGTAACTCTCGAGACGACG
<- Aln:   0	0	10	14	24	0	11= ->
P:11/91.6667%	D:12/63.1579%
P: CCCTAGCGTAACTCTCGAGGTAGTA
<- Aln:   19	0	11	14	24	1	14S9=1D2= ->
Pattern:	2-1
#2425
P:11/100%	D:13/56.5217%
P: CCCTAGCGTAACTCTCGAGGTAGTA
<- Aln:   0	0	10	14	24	0	11= ->
P:12/54.5455%	D:11/100%
D: CCCTAGCGTAACTCTCGAGACGACG
<- Aln:   0	0	10	14	24	0	11= ->
Pattern:	1-2
#2426
P:11/100%	D:10/58.8235%
P: CCCTAGCGTAACTCTCGAGGTAGTA
<- Aln:   0	0	10	14	24	0	11= ->
P:11/61.1111%	D:11/100%
D: CCCTAGCGTAACTCTCGAGACGACG
<- Aln:   0	0	10	14	24	0	11= ->
Pattern:	1-2
#2427
P:11/100%	D:11/61.1111%
P: CCCTAGCGTAACTCTCGAGGTAGTA
<- Aln:   0	0	10	14	24	0	11= ->
P:12/70.5882%	D:11/100%
D: CCCTAGCGTAACTCTCGAGACGACG
<- Aln:   0	0	10	14	24	0	11= ->
Pattern:	1-2
#2428
P:11/100%	D:12/63.1579%
P: CCCTAGCGTAACTCTCGAGGTAGTA
<- Aln:   0	0	10	14	24	0	11= ->
P:8/66.6667%	D:11/100%
D: CCCTAGCGTAACTCTCGAGACGACG
<- Aln:   0	0	10	14	24	0	11= ->
Pattern:	1-2
#2429
P:9/60%	D:11/100%
D: CCCTAGCGTAACTCTCGAGACGACG
<- Aln:   0	0	10	14	24	0	11= ->
P:11/100%	D:11/57.8947%
P: CCCTAGCGTAACTCTCGAGGTAGTA
<- Aln:   0	0	10	14	24	0	11= ->
Pattern:	2-1
#2430
P:14/73.6842%	D:11/100%
D: CCCTAGCGTAACTCTCGAGACGACG
<- Aln:   0	0	10	14	24	0	11= ->
P:11/100%	D:12/60%
P: CCCTAGCGTAACTCTCGAGGTAGTA
<- Aln:   0	0	10	14	24	0	11= ->
Pattern:	2-1
#2431
P:10/71.4286%	D:11/100%
D: CCCTAGCGTAACTCTCGAGACGACG
<- Aln:   0	0	10	14	24	0	11= ->
P:11/100%	D:13/65%
P: CCCTAGCGTAACTCTCGAGGTAGTA
<- Aln:   0	0	10	14	24	0	11= ->
Pattern:	2-1
#2432
P:11/100%	D:9/60%
P: CCCTAGCGTAACTCTCGAGGTAGTA
<- Aln:   0	0	10	14	24	0	11= ->
P:12/70.5882%	D:11/100%
D: CCCTAGCGTAACTCTCGAGACGACG
<- Aln:   0	0	10	14	24	0	11= ->
Pattern:	1-2
#2433
P:11/100%	D:13/56.5217%
P: CCCTAGCGTAACTCTCGAGGTAGTA
<- Aln:   0	0	10	14	24	0	11= ->
P:12/60%	D:11/100%
D: CCCTAGCGTAACTCTCGAGACGACG
<- Aln:   0	0	10	14	24	0	11= ->
Pattern:	1-2
#2434
P:11/100%	D:10/66.6667%
P: CCCTAGCGTAACTCTCGAGGTAGTA
<- Aln:   0	0	10	14	24	0	11= ->
P:10/66.6667%	D:11/100%
D: CCCTAGCGTAACTCTCGAGACGACG
<- Aln:   0	0	10	14	24	0	11= ->
Pattern:	1-2
#2435
P:11/100%	D:12/57.1429%
P: CCCTAGCGTAACTCTCGAGGTAGTA
<- Aln:   0	0	10	14	24	0	11= ->
P:10/71.4286%	D:11/100%
D: CCCTAGCGTAACTCTCGAGACGACG
<- Aln:   0	0	10	14	24	0	11= ->
Pattern:	1-2
#2436
P:7/70%	D:11/100%
D: CCCTAGCGTAACTCTCGAGACGACG
<- Aln:   0	0	10	14	24	0	11= ->
P:11/100%	D:14/60.8696%
P: CCCTAGCGTAACTCTCGAGGTAGTA
<- Aln:   0	0	10	14	24	0	11= ->
Pattern:	2-1
#2437
P:11/100%	D:13/61.9048%
P: CCCTAGCGTAACTCTCGAGGTAGTA
<- Aln:   0	0	10	14	24	0	11= ->
P:11/55%	D:11/100%
D: CCCTAGCGTAACTCTCGAGACGACG
<- Aln:   0	0	10	14	24	0	11= ->
Pattern:	1-2
#2438
P:11/100%	D:15/62.5%
P: CCCTAGCGTAACTCTCGAGGTAGTA
<- Aln:   0	0	10	14	24	0	11= ->
P:11/100%	D:11/57.8947%
P: CCCTAGCGTAACTCTCGAGGTAGTA
<- Aln:   0	0	10	14	24	0	11= ->
Pattern:	1-1
#2439
P:9/64.2857%	D:10/62.5%
No hit
<- Aln:   13	33	46	4	19	5	4S2=1I2=1X1=2X3=1I3=5S ->
<- Aln:   14	33	48	4	21	6	4S2=1I2=1X1=2X3=1I2=1X2=3S ->
P:10/58.8235%	D:11/100%
D: CCCTAGCGTAACTCTCGAGACGACG
<- Aln:   0	0	10	14	24	0	11= ->
Pattern:	0-2
#2440
P:11/100%	D:11/68.75%
P: CCCTAGCGTAACTCTCGAGGTAGTA
<- Aln:   0	0	10	14	24	0	11= ->
P:11/55%	D:11/100%
D: CCCTAGCGTAACTCTCGAGACGACG
<- Aln:   0	0	10	14	24	0	11= ->
Pattern:	1-2
#2441
P:10/58.8235%	D:11/100%
D: CCCTAGCGTAACTCTCGAGACGACG
<- Aln:   0	0	10	14	24	0	11= ->
P:11/100%	D:13/65%
P: CCCTAGCGTAACTCTCGAGGTAGTA
<- Aln:   0	0	10	14	24	0	11= ->
Pattern:	2-1
#2442
P:11/100%	D:11/57.8947%
P: CCCTAGCGTAACTCTCGAGGTAGTA
<- Aln:   0	0	10	14	24	0	11= ->
P:14/63.6364%	D:11/100%
D: CCCTAGCGTAACTCTCGAGACGACG
<- Aln:   0	0	10	14	24	0	11= ->
Pattern:	1-2
#2443
P:12/60%	D:11/100%
D: CCCTAGCGTAACTCTCGAGACGACG
<- Aln:   0	0	10	14	24	0	11= ->
P:11/100%	D:13/76.4706%
P: CCCTAGCGTAACTCTCGAGGTAGTA
<- Aln:   0	0	10	14	24	0	11= ->
Pattern:	2-1
#2444
P:11/100%	D:14/56%
P: CCCTAGCGTAACTCTCGAGGTAGTA
<- Aln:   0	0	10	14	24	0	11= ->
P:12/60%	D:9/100%
No hit
<- Aln:   12	1	20	2	20	8	2S1=1X2=1D2=1I3=2X1=1D1=2X3=4S ->
<- Aln:   18	0	8	14	22	0	14S9=2S ->
Pattern:	1-0
#2445
P:11/100%	D:13/56.5217%
P: CCCTAGCGTAACTCTCGAGGTAGTA
<- Aln:   0	0	10	14	24	0	11= ->
P:11/78.5714%	D:11/100%
D: CCCTAGCGTAACTCTCGAGACGACG
<- Aln:   0	0	10	14	24	0	11= ->
Pattern:	1-2
#2446
P:17/100%	D:23/100%
D: CCCTAGCGTAACTCTCGAGACGACG
<- Aln:   46	0	22	2	24	0	2S23= ->
P:11/100%	D:10/66.6667%
P: CCCTAGCGTAACTCTCGAGGTAGTA
<- Aln:   0	0	10	14	24	0	11= ->
Pattern:	2-1
#2447
P:11/47.8261%	D:11/100%
D: CCCTAGCGTAACTCTCGAGACGACG
<- Aln:   0	0	10	14	24	0	11= ->
P:11/100%	D:10/58.8235%
P: CCCTAGCGTAACTCTCGAGGTAGTA
<- Aln:   0	0	10	14	24	0	11= ->
Pattern:	2-1
#2448
P:11/100%	D:14/58.3333%
P: CCCTAGCGTAACTCTCGAGGTAGTA
<- Aln:   0	0	10	14	24	0	11= ->
P:9/60%	D:11/100%
D: CCCTAGCGTAACTCTCGAGACGACG
<- Aln:   0	0	10	14	24	0	11= ->
Pattern:	1-2
#2449
P:10/100%	D:14/60.8696%
P: CCCTAGCGTAACTCTCGAGGTAGTA
<- Aln:   20	0	9	14	23	0	14S10=1S ->
P:7/77.7778%	D:11/100%
D: CCCTAGCGTAACTCTCGAGACGACG
<- Aln:   0	0	10	14	24	0	11= ->
Pattern:	1-2
#2450
P:10/100%	D:9/64.2857%
P: CCCTAGCGTAACTCTCGAGGTAGTA
<- Aln:   20	0	9	14	23	0	14S10=1S ->
P:11/100%	D:13/65%
P: CCCTAGCGTAACTCTCGAGGTAGTA
<- Aln:   0	0	10	14	24	0	11= ->
Pattern:	1-1
#2451
P:9/90%	D:15/60%
P: CCCTAGCGTAACTCTCGAGGTAGTA
<- Aln:   17	0	9	14	24	1	14S7=1I3= ->
P:17/100%	D:23/100%
D: CCCTAGCGTAACTCTCGAGACGACG
<- Aln:   46	0	22	2	24	0	2S23= ->
Pattern:	1-2
#2452
P:5/100%	D:11/100%
D: CCCTAGCGTAACTCTCGAGACGACG
<- Aln:   0	0	10	14	24	0	11= ->
P:11/100%	D:8/72.7273%
P: CCCTAGCGTAACTCTCGAGGTAGTA
<- Aln:   0	0	10	14	24	0	11= ->
Pattern:	2-1
#2453
P:11/100%	D:13/59.0909%
P: CCCTAGCGTAACTCTCGAGGTAGTA
<- Aln:   0	0	10	14	24	0	11= ->
P:7/53.8462%	D:11/100%
D: CCCTAGCGTAACTCTCGAGACGACG
<- Aln:   0	0	10	14	24	0	11= ->
Pattern:	1-2
#2454
P:11/100%	D:18/60%
P: CCCTAGCGTAACTCTCGAGGTAGTA
<- Aln:   0	0	10	14	24	0	11= ->
P:12/66.6667%	D:11/100%
D: CCCTAGCGTAACTCTCGAGACGACG
<- Aln:   0	0	10	14	24	0	11= ->
Pattern:	1-2
#2455
P:11/100%	D:8/72.7273%
P: CCCTAGCGTAACTCTCGAGGTAGTA
<- Aln:   0	0	10	14	24	0	11= ->
P:7/77.7778%	D:11/100%
D: CCCTAGCGTAACTCTCGAGACGACG
<- Aln:   0	0	10	14	24	0	11= ->
Pattern:	1-2
#2456
P:25/100%	D:19/100%
P: CCCTAGCGTAACTCTCGAGGTAGTA
<- Aln:   0	0	24	0	24	0	25= ->
P:17/100%	D:23/100%
D: CCCTAGCGTAACTCTCGAGACGACG
<- Aln:   46	0	22	2	24	0	2S23= ->
Pattern:	1-2
#2457
P:9/69.2308%	D:11/100%
D: CCCTAGCGTAACTCTCGAGACGACG
<- Aln:   0	0	10	14	24	0	11= ->
P:10/100%	D:14/60.8696%
P: CCCTAGCGTAACTCTCGAGGTAGTA
<- Aln:   20	0	9	14	23	0	14S10=1S ->
Pattern:	2-1
#2458
P:10/66.6667%	D:11/100%
D: CCCTAGCGTAACTCTCGAGACGACG
<- Aln:   0	0	10	14	24	0	11= ->
P:11/100%	D:10/50%
P: CCCTAGCGTAACTCTCGAGGTAGTA
<- Aln:   0	0	10	14	24	0	11= ->
Pattern:	2-1
#2459
P:7/58.3333%	D:11/100%
D: CCCTAGCGTAACTCTCGAGACGACG
<- Aln:   0	0	10	14	24	0	11= ->
P:25/100%	D:19/100%
P: CCCTAGCGTAACTCTCGAGGTAGTA
<- Aln:   0	0	24	0	24	0	25= ->
Pattern:	2-1
#2460
P:11/100%	D:8/61.5385%
P: CCCTAGCGTAACTCTCGAGGTAGTA
<- Aln:   0	0	10	14	24	0	11= ->
P:14/63.6364%	D:11/100%
D: CCCTAGCGTAACTCTCGAGACGACG
<- Aln:   0	0	10	14	24	0	11= ->
Pattern:	1-2
#2461
P:12/60%	D:11/100%
D: CCCTAGCGTAACTCTCGAGACGACG
<- Aln:   0	0	10	14	24	0	11= ->
P:11/100%	D:8/50%
P: CCCTAGCGTAACTCTCGAGGTAGTA
<- Aln:   0	0	10	14	24	0	11= ->
Pattern:	2-1
#2462
P:11/57.8947%	D:11/100%
D: CCCTAGCGTAACTCTCGAGACGACG
<- Aln:   0	0	10	14	24	0	11= ->
P:11/100%	D:9/64.2857%
P: CCCTAGCGTAACTCTCGAGGTAGTA
<- Aln:   0	0	10	14	24	0	11= ->
Pattern:	2-1
#2463
P:11/100%	D:12/54.5455%
P: CCCTAGCGTAACTCTCGAGGTAGTA
<- Aln:   0	0	10	14	24	0	11= ->
P:11/64.7059%	D:11/100%
D: CCCTAGCGTAACTCTCGAGACGACG
<- Aln:   0	0	10	14	24	0	11= ->
Pattern:	1-2
#2464
P:9/90%	D:7/63.6364%
P: CCCTAGCGTAACTCTCGAGGTAGTA
<- Aln:   17	0	9	14	24	1	14S4=1I6= ->
P:11/100%	D:11/68.75%
P: CCCTAGCGTAACTCTCGAGGTAGTA
<- Aln:   0	0	10	14	24	0	11= ->
Pattern:	1-1
#2465
P:14/58.3333%	D:11/100%
D: CCCTAGCGTAACTCTCGAGACGACG
<- Aln:   0	0	10	14	24	0	11= ->
P:10/58.8235%	D:11/100%
D: CCCTAGCGTAACTCTCGAGACGACG
<- Aln:   0	0	10	14	24	0	11= ->
Pattern:	2-2
#2466
P:11/100%	D:6/85.7143%
P: CCCTAGCGTAACTCTCGAGGTAGTA
<- Aln:   0	0	10	14	24	0	11= ->
P:25/100%	D:19/100%
P: CCCTAGCGTAACTCTCGAGGTAGTA
<- Aln:   0	0	24	0	24	0	25= ->
Pattern:	1-1
#2467
P:11/100%	D:11/55%
P: CCCTAGCGTAACTCTCGAGGTAGTA
<- Aln:   0	0	10	14	24	0	11= ->
P:15/93.75%	D:21/95.4545%
D: CCCTAGCGTAACTCTCGAGACGACG
<- Aln:   41	0	21	2	24	1	2S12=1I10= ->
Pattern:	1-2
#2468
P:12/57.1429%	D:11/100%
D: CCCTAGCGTAACTCTCGAGACGACG
<- Aln:   0	0	10	14	24	0	11= ->
P:11/100%	D:10/62.5%
P: CCCTAGCGTAACTCTCGAGGTAGTA
<- Aln:   0	0	10	14	24	0	11= ->
Pattern:	2-1
#2469
P:11/100%	D:11/64.7059%
P: CCCTAGCGTAACTCTCGAGGTAGTA
<- Aln:   0	0	10	14	24	0	11= ->
P:13/56.5217%	D:11/100%
D: CCCTAGCGTAACTCTCGAGACGACG
<- Aln:   0	0	10	14	24	0	11= ->
Pattern:	1-2
#2470
P:10/100%	D:12/57.1429%
P: CCCTAGCGTAACTCTCGAGGTAGTA
<- Aln:   20	0	9	14	23	0	14S10=1S ->
P:13/65%	D:11/100%
D: CCCTAGCGTAACTCTCGAGACGACG
<- Aln:   0	0	10	14	24	0	11= ->
Pattern:	1-2
#2471
P:11/100%	D:9/81.8182%
P: CCCTAGCGTAACTCTCGAGGTAGTA
<- Aln:   0	0	10	14	24	0	11= ->
P:14/58.3333%	D:10/100%
D: CCCTAGCGTAACTCTCGAGACGACG
<- Aln:   20	0	9	14	23	0	14S10=1S ->
Pattern:	1-2
#2472
P:10/58.8235%	D:11/100%
D: CCCTAGCGTAACTCTCGAGACGACG
<- Aln:   0	0	10	14	24	0	11= ->
P:11/100%	D:7/77.7778%
P: CCCTAGCGTAACTCTCGAGGTAGTA
<- Aln:   0	0	10	14	24	0	11= ->
Pattern:	2-1
#2473
P:11/64.7059%	D:11/100%
D: CCCTAGCGTAACTCTCGAGACGACG
<- Aln:   0	0	10	14	24	0	11= ->
P:11/100%	D:14/56%
P: CCCTAGCGTAACTCTCGAGGTAGTA
<- Aln:   0	0	10	14	24	0	11= ->
Pattern:	2-1
#2474
P:11/100%	D:14/66.6667%
P: CCCTAGCGTAACTCTCGAGGTAGTA
<- Aln:   0	0	10	14	24	0	11= ->
P:8/61.5385%	D:11/100%
D: CCCTAGCGTAACTCTCGAGACGACG
<- Aln:   0	0	10	14	24	0	11= ->
Pattern:	1-2
#2475
P:15/71.4286%	D:11/100%
D: CCCTAGCGTAACTCTCGAGACGACG
<- Aln:   0	0	10	14	24	0	11= ->
P:11/100%	D:14/58.3333%
P: CCCTAGCGTAACTCTCGAGGTAGTA
<- Aln:   0	0	10	14	24	0	11= ->
Pattern:	2-1
#2476
P:13/54.1667%	D:11/100%
D: CCCTAGCGTAACTCTCGAGACGACG
<- Aln:   0	0	10	14	24	0	11= ->
P:11/100%	D:9/69.2308%
P: CCCTAGCGTAACTCTCGAGGTAGTA
<- Aln:   0	0	10	14	24	0	11= ->
Pattern:	2-1
#2477
P:12/66.6667%	D:11/100%
D: CCCTAGCGTAACTCTCGAGACGACG
<- Aln:   0	0	10	14	24	0	11= ->
P:11/100%	D:16/55.1724%
P: CCCTAGCGTAACTCTCGAGGTAGTA
<- Aln:   0	0	10	14	24	0	11= ->
Pattern:	2-1
#2478
P:17/100%	D:23/100%
D: CCCTAGCGTAACTCTCGAGACGACG
<- Aln:   46	0	22	2	24	0	2S23= ->
P:11/100%	D:12/60%
P: CCCTAGCGTAACTCTCGAGGTAGTA
<- Aln:   0	0	10	14	24	0	11= ->
Pattern:	2-1
#2479
P:8/66.6667%	D:11/100%
D: CCCTAGCGTAACTCTCGAGACGACG
<- Aln:   0	0	10	14	24	0	11= ->
P:11/100%	D:11/73.3333%
P: CCCTAGCGTAACTCTCGAGGTAGTA
<- Aln:   0	0	10	14	24	0	11= ->
Pattern:	2-1
#2480
P:13/56.5217%	D:11/100%
D: CCCTAGCGTAACTCTCGAGACGACG
<- Aln:   0	0	10	14	24	0	11= ->
P:10/100%	D:14/70%
P: CCCTAGCGTAACTCTCGAGGTAGTA
<- Aln:   20	0	9	14	23	0	14S10=1S ->
Pattern:	2-1
#2481
P:11/100%	D:17/62.963%
P: CCCTAGCGTAACTCTCGAGGTAGTA
<- Aln:   0	0	10	14	24	0	11= ->
P:11/55%	D:11/100%
D: CCCTAGCGTAACTCTCGAGACGACG
<- Aln:   0	0	10	14	24	0	11= ->
Pattern:	1-2
#2482
P:11/100%	D:10/66.6667%
P: CCCTAGCGTAACTCTCGAGGTAGTA
<- Aln:   0	0	10	14	24	0	11= ->
P:15/68.1818%	D:11/100%
D: CCCTAGCGTAACTCTCGAGACGACG
<- Aln:   0	0	10	14	24	0	11= ->
Pattern:	1-2
#2483
P:13/59.0909%	D:11/100%
D: CCCTAGCGTAACTCTCGAGACGACG
<- Aln:   0	0	10	14	24	0	11= ->
P:11/100%	D:15/60%
P: CCCTAGCGTAACTCTCGAGGTAGTA
<- Aln:   0	0	10	14	24	0	11= ->
Pattern:	2-1
#2484
P:10/100%	D:14/63.6364%
P: CCCTAGCGTAACTCTCGAGGTAGTA
<- Aln:   20	0	9	14	23	0	14S10=1S ->
P:17/100%	D:23/100%
D: CCCTAGCGTAACTCTCGAGACGACG
<- Aln:   46	0	22	2	24	0	2S23= ->
Pattern:	1-2
#2485
P:11/100%	D:8/66.6667%
P: CCCTAGCGTAACTCTCGAGGTAGTA
<- Aln:   0	0	10	14	24	0	11= ->
P:16/53.3333%	D:11/100%
D: CCCTAGCGTAACTCTCGAGACGACG
<- Aln:   0	0	10	14	24	0	11= ->
Pattern:	1-2
#2486
P:11/100%	D:11/57.8947%
P: CCCTAGCGTAACTCTCGAGGTAGTA
<- Aln:   0	0	10	14	24	0	11= ->
P:10/71.4286%	D:11/100%
D: CCCTAGCGTAACTCTCGAGACGACG
<- Aln:   0	0	10	14	24	0	11= ->
Pattern:	1-2
#2487
P:11/100%	D:10/62.5%
P: CCCTAGCGTAACTCTCGAGGTAGTA
<- Aln:   0	0	10	14	24	0	11= ->
P:12/57.1429%	D:11/100%
D: CCCTAGCGTAACTCTCGAGACGACG
<- Aln:   0	0	10	14	24	0	11= ->
Pattern:	1-2
#2488
P:10/100%	D:10/58.8235%
P: CCCTAGCGTAACTCTCGAGGTAGTA
<- Aln:   20	0	9	14	23	0	14S10=1S ->
P:12/54.5455%	D:11/100%
D: CCCTAGCGTAACTCTCGAGACGACG
<- Aln:   0	0	10	14	24	0	11= ->
Pattern:	1-2
#2489
P:16/57.1429%	D:11/100%
D: CCCTAGCGTAACTCTCGAGACGACG
<- Aln:   0	0	10	14	24	0	11= ->
P:10/100%	D:12/63.1579%
P: CCCTAGCGTAACTCTCGAGGTAGTA
<- Aln:   20	0	9	14	23	0	14S10=1S ->
Pattern:	2-1
#2490
P:13/56.5217%	D:11/100%
D: CCCTAGCGTAACTCTCGAGACGACG
<- Aln:   0	0	10	14	24	0	11= ->
P:10/52.6316%	D:12/63.1579%
No hit
<- Aln:   15	8	26	1	24	9	1S3=3I2=1I1X2=1X2=1X3=1I1X3= ->
<- Aln:   13	18	36	1	15	7	1S2=2X1=1X3=3D2=1D4=9S ->
Pattern:	2-0
#2491
P:10/100%	D:9/52.9412%
P: CCCTAGCGTAACTCTCGAGGTAGTA
<- Aln:   20	0	9	14	23	0	14S10=1S ->
P:5/100%	D:11/100%
D: CCCTAGCGTAACTCTCGAGACGACG
<- Aln:   0	0	10	14	24	0	11= ->
Pattern:	1-2
#2492
P:11/100%	D:12/63.1579%
P: CCCTAGCGTAACTCTCGAGGTAGTA
<- Aln:   0	0	10	14	24	0	11= ->
P:10/52.6316%	D:11/100%
D: CCCTAGCGTAACTCTCGAGACGACG
<- Aln:   0	0	10	14	24	0	11= ->
Pattern:	1-2
#2493
P:11/100%	D:13/56.5217%
P: CCCTAGCGTAACTCTCGAGGTAGTA
<- Aln:   0	0	10	14	24	0	11= ->
P:10/55.5556%	D:11/100%
D: CCCTAGCGTAACTCTCGAGACGACG
<- Aln:   0	0	10	14	24	0	11= ->
Pattern:	1-2
#2494
P:12/57.1429%	D:9/100%
No hit
<- Aln:   13	23	43	0	19	9	1=1X2=1X2=1I2X3=2D2=2X3=5S ->
<- Aln:   18	0	8	14	22	0	14S9=2S ->
P:11/100%	D:16/57.1429%
P: CCCTAGCGTAACTCTCGAGGTAGTA
<- Aln:   0	0	10	14	24	0	11= ->
Pattern:	0-1
#2495
P:12/57.1429%	D:11/61.1111%
No hit
<- Aln:   15	13	33	2	24	9	2S4=1I1=1I1=1X2=1X1=2X2=2X2=1X1= ->
<- Aln:   15	13	30	2	22	7	2S4=1I1=1I1=1X2=1X1=2X3=1I2=2S ->
P:10/52.6316%	D:11/100%
D: CCCTAGCGTAACTCTCGAGACGACG
<- Aln:   0	0	10	14	24	0	11= ->
Pattern:	0-2
#2496
P:11/57.8947%	D:11/100%
D: CCCTAGCGTAACTCTCGAGACGACG
<- Aln:   0	0	10	14	24	0	11= ->
P:11/100%	D:10/58.8235%
P: CCCTAGCGTAACTCTCGAGGTAGTA
<- Aln:   0	0	10	14	24	0	11= ->
Pattern:	2-1
#2497
P:12/60%	D:11/100%
D: CCCTAGCGTAACTCTCGAGACGACG
<- Aln:   0	0	10	14	24	0	11= ->
P:11/100%	D:12/70.5882%
P: CCCTAGCGTAACTCTCGAGGTAGTA
<- Aln:   0	0	10	14	24	0	11= ->
Pattern:	2-1
#2498
P:11/100%	D:9/50%
P: CCCTAGCGTAACTCTCGAGGTAGTA
<- Aln:   0	0	10	14	24	0	11= ->
P:13/59.0909%	D:11/100%
D: CCCTAGCGTAACTCTCGAGACGACG
<- Aln:   0	0	10	14	24	0	11= ->
Pattern:	1-2
#2499
P:11/100%	D:16/66.6667%
P: CCCTAGCGTAACTCTCGAGGTAGTA
<- Aln:   0	0	10	14	24	0	11= ->
P:10/66.6667%	D:11/100%
D: CCCTAGCGTAACTCTCGAGACGACG
<- Aln:   0	0	10	14	24	0	11= ->
Pattern:	1-2
#2500
P:11/100%	D:11/68.75%
P: CCCTAGCGTAACTCTCGAGGTAGTA
<- Aln:   0	0	10	14	24	0	11= ->
P:13/59.0909%	D:11/100%
D: CCCTAGCGTAACTCTCGAGACGACG
<- Aln:   0	0	10	14	24	0	11= ->
Pattern:	1-2
#2501
P:11/100%	D:11/68.75%
P: CCCTAGCGTAACTCTCGAGGTAGTA
<- Aln:   0	0	10	14	24	0	11= ->
P:13/59.0909%	D:11/100%
D: CCCTAGCGTAACTCTCGAGACGACG
<- Aln:   0	0	10	14	24	0	11= ->
Pattern:	1-2
#2502
P:11/100%	D:11/68.75%
P: CCCTAGCGTAACTCTCGAGGTAGTA
<- Aln:   0	0	10	14	24	0	11= ->
P:13/59.0909%	D:11/100%
D: CCCTAGCGTAACTCTCGAGACGACG
<- Aln:   0	0	10	14	24	0	11= ->
Pattern:	1-2
